<html>
<body>
<pre>
<h1>µVision Build Log</h1>
<h2>Tool Versions:</h2>
IDE-Version: µVision V5.12.0.5
Copyright (C) 2014 ARM Ltd and ARM Germany GmbH. All rights reserved.
License Information: Mridul pandey, Jellyfish Tech, LIC=R4HWF-68ZQU-D32M3-AZVMI-FA8NR-AADXC
 
Tool Versions:
Toolchain:       MDK-ARM Professional  Version: 5.10.0.0
Toolchain Path:  C:\Keil_v5\ARM\ARMCC\Bin
C Compiler:      Armcc.exe V5.04 update 1 (build 49)
Assembler:       Armasm.exe V5.04 update 1 (build 49)
Linker/Locator:  ArmLink.exe V5.04 update 1 (build 49)
Library Manager: ArmAr.exe V5.04 update 1 (build 49)
Hex Converter:   FromElf.exe V5.04 update 1 (build 49)
CPU DLL:         SARMCM3.DLL V5.10.0.0
Dialog DLL:      DARMCM1.DLL V1.11.00.0
Target DLL:      PEMicro\Pemicro_ArmCortexInterface.dll V1.11
Dialog DLL:      TARMCM1.DLL V1.08.00.0
 
<h2>Project:</h2>
C:\Freescale\KL25 Sample Code\kl25_sc_rev10\klxx-sc-baremetal\build\keil\vts_ver3\vts_ver3.uvproj
Project File Date:  04/17/2015

<h2>Output:</h2>
Build target 'KL25Z128 - Flash'
compiling sysinit.c...
linking...
Program Size: Code=7316 RO-data=1844 RW-data=40 ZI-data=0  
After Build - User command #1: C:\Keil_v5\\ARM\ARMCC\bin\fromelf.exe --m32combined --output=.\UV4Build\vts_ver3_Flash.srec .\UV4Build\vts_ver3_Flash.axf
After Build - User command #2: C:\Keil_v5\\ARM\ARMCC\bin\fromelf.exe --bincombined --output=.\UV4Build\vts_ver3_Flash.bin .\UV4Build\vts_ver3_Flash.axf
".\UV4Build\vts_ver3_Flash.axf" - 0 Error(s), 0 Warning(s).
</pre>
</body>
</html>
