<html>
<body>
<pre>
<h1>µVision Build Log</h1>
<h2>Tool Versions:</h2>
IDE-Version: µVision V5.18a
Copyright (C) 2016 ARM Ltd and ARM Germany GmbH. All rights reserved.
License Information: mridul pandey, jft, LIC=----
 
Tool Versions:
Toolchain:       MDK-Lite  Version: 5.18a
Toolchain Path:  C:\Keil_v5\ARM\ARMCC\Bin
C Compiler:      Armcc.exe V5.06 update 1 (build 61)
Assembler:       Armasm.exe V5.06 update 1 (build 61)
Linker/Locator:  ArmLink.exe V5.06 update 1 (build 61)
Library Manager: ArmAr.exe V5.06 update 1 (build 61)
Hex Converter:   FromElf.exe V5.06 update 1 (build 61)
CPU DLL:         SARMCM3.DLL V5.18a
Dialog DLL:      DARMCM1.DLL V1.12.0.0
Target DLL:      NULink\Nu_Link.dll V1.31
Dialog DLL:      TARMCM1.DLL V1.9.0.0
 
<h2>Project:</h2>
C:\Users\Mridul\Desktop\NUC230_240 Series BSP CMSIS V3.01.001\SampleCode\RegBased\CAN_Test_MaskFilter\KEIL\CAN_Test_MaskFilter.uvproj
Project File Date:  07/14/2017

<h2>Output:</h2>
*** Using Compiler 'V5.06 update 1 (build 61)', folder: 'C:\Keil_v5\ARM\ARMCC\Bin'
Build target 'CAN_Test_MaskFilter'
creating preprocessor file for system_NUC230_240.c...
creating preprocessor file for main.c...
creating preprocessor file for retarget.c...
linking...
Program Size: Code=3960 RO-data=2444 RW-data=60 ZI-data=1084  
After Build - User command #1: fromelf --bin ".\obj\CAN_Test_MaskFilter.axf" --output ".\obj\CAN_Test_MaskFilter.bin"
After Build - User command #2: fromelf --text -c ".\obj\CAN_Test_MaskFilter.axf" --output ".\obj\CAN_Test_MaskFilter.txt"
".\obj\CAN_Test_MaskFilter.axf" - 0 Error(s), 0 Warning(s).
Build Time Elapsed:  00:00:01
</pre>
</body>
</html>
