<html>
<body>
<pre>
<h1>µVision Build Log</h1>
<h2>Tool Versions:</h2>
IDE-Version: µVision V5.18a
Copyright (C) 2016 ARM Ltd and ARM Germany GmbH. All rights reserved.
License Information: mridul pandey, jft, LIC=W96WF-63AUC-EXNUX-H8FAP-A3NT4-94MS0
 
Tool Versions:
Toolchain:       MDK-ARM Professional  Version: 5.18a
Toolchain Path:  C:\Keil_v5\ARM\ARMCC\Bin
C Compiler:      Armcc.exe V5.06 update 1 (build 61)
Assembler:       Armasm.exe V5.06 update 1 (build 61)
Linker/Locator:  ArmLink.exe V5.06 update 1 (build 61)
Library Manager: ArmAr.exe V5.06 update 1 (build 61)
Hex Converter:   FromElf.exe V5.06 update 1 (build 61)
CPU DLL:         SARMCM3.DLL V5.18a
Dialog DLL:      DARMCM1.DLL V1.12.0.0
Target DLL:      Segger\JL2CM3.dll V2.99.19.0
Dialog DLL:      TARMCM1.DLL V1.9.0.0
 
<h2>Project:</h2>
E:\BITBUCK_EECS\gps-trackr\Software\Nano100B_Series_BSP_CMSIS_v3.02.002\SampleCode\StdDriver\UART_TxRx_Function\KEIL\UART_TxRx_Function.uvprojx
Project File Date:  08/17/2017

<h2>Output:</h2>
*** Using Compiler 'V5.06 update 1 (build 61)', folder: 'C:\Keil_v5\ARM\ARMCC\Bin'
Rebuild target 'UART_TxRx_Function'
Clean started - Project: 'UART_TxRx_Function'
   deleting intermediate output files for target 'UART_TxRx_Function'
creating preprocessor file for system_Nano100Series.c...
compiling system_Nano100Series.c...
assembling startup_Nano100Series.s...
creating preprocessor file for main1.c...
compiling main1.c...
main1.c(36): warning:  #1295-D: Deprecated declaration clear - give arg types
  void clear();
main1.c(41): warning:  #1295-D: Deprecated declaration Save_FS - give arg types
  __inline void Save_FS();
main1.c(43): warning:  #1295-D: Deprecated declaration Send_FS - give arg types
  __inline void Send_FS();
main1.c(87): warning:  #1295-D: Deprecated declaration SavePinSetting - give arg types
  void SavePinSetting();
main1.c(88): warning:  #1295-D: Deprecated declaration RestorePinSetting - give arg types
  void RestorePinSetting();
main1.c(89): warning:  #1295-D: Deprecated declaration Enter_PowerDown - give arg types
  void Enter_PowerDown();
main1.c(90): warning:  #1295-D: Deprecated declaration Leave_PowerDown - give arg types
  void Leave_PowerDown();
main1.c(117): warning:  #177-D: variable "delayus" was declared but never referenced
        int delayus=0;
main1.c(618): warning:  #223-D: function "SendChar" declared implicitly
                                                SendChar(tcpdata[tcpdataptr]);
main1.c: 9 warnings, 0 errors
creating preprocessor file for Thread.c...
compiling Thread.c...
Thread.c(31): warning:  #1295-D: Deprecated declaration Save_FS - give arg types
  extern __inline void Save_FS();
Thread.c(33): warning:  #1295-D: Deprecated declaration Send_FS - give arg types
  extern __inline void Send_FS();
Thread.c(65): warning:  #223-D: function "strstr" declared implicitly
  if(strstr(g_u8RecData,"CME ERROR"))
Thread.c(82): warning:  #223-D: function "parse_g" declared implicitly
        parse_g(g_u8RecData, 1, 2, ' ', '\n' , fileinstance);
Thread.c(105): warning:  #223-D: function "memset" declared implicitly
        memset(temp_fs,0,100);
Thread.c(106): warning:  #223-D: function "sprintf" declared implicitly
        sprintf(temp_fs,"\r\nAT+QFCLOSE=%s\r\n",fileinstance);
Thread.c(119): warning:  #223-D: function "strstr" declared implicitly
        if(strstr(g_u8RecData,"CME ERROR"))
Thread.c(126): warning:  #223-D: function "parse_g" declared implicitly
        parse_g(g_u8RecData, 1, 2, ' ', '\n' , fileinstance);
Thread.c(128): warning:  #223-D: function "memset" declared implicitly
        memset(temp,0,100);
Thread.c(129): warning:  #223-D: function "sprintf" declared implicitly
        sprintf(temp,"\r\nAT+QFWRITE=%s\r\n",fileinstance);
Thread.c(232): warning:  #223-D: function "strlen" declared implicitly
        for(ass=0;ass<strlen(string);ass++)
Thread.c(248): warning:  #177-D: variable "delayus" was declared but never referenced
        int delayus=0;
Thread.c: 12 warnings, 0 errors
creating preprocessor file for Timer.c...
compiling Timer.c...
creating preprocessor file for sys.c...
compiling sys.c...
creating preprocessor file for clk.c...
compiling clk.c...
creating preprocessor file for uart.c...
compiling uart.c...
creating preprocessor file for retarget.c...
compiling retarget.c...
creating preprocessor file for gpio.c...
compiling gpio.c...
creating preprocessor file for RTX_Conf_CM.c...
compiling RTX_Conf_CM.c...
RTE\CMSIS\RTX_Conf_CM.c(282): warning:  #223-D: function "printf" declared implicitly
        printf("\r\n%d%s\r\n",error_code,svcThreadGetId());
RTE\CMSIS\RTX_Conf_CM.c: 1 warning, 0 errors
linking...
Program Size: Code=13592 RO-data=452 RW-data=176 ZI-data=15904  
".\obj\UART.axf" - 0 Error(s), 22 Warning(s).

*** Performing Cross-Module-Optimization:
compiling system_Nano100Series.c...
compiling main1.c...
main1.c(36): warning:  #1295-D: Deprecated declaration clear - give arg types
  void clear();
main1.c(41): warning:  #1295-D: Deprecated declaration Save_FS - give arg types
  __inline void Save_FS();
main1.c(43): warning:  #1295-D: Deprecated declaration Send_FS - give arg types
  __inline void Send_FS();
main1.c(87): warning:  #1295-D: Deprecated declaration SavePinSetting - give arg types
  void SavePinSetting();
main1.c(88): warning:  #1295-D: Deprecated declaration RestorePinSetting - give arg types
  void RestorePinSetting();
main1.c(89): warning:  #1295-D: Deprecated declaration Enter_PowerDown - give arg types
  void Enter_PowerDown();
main1.c(90): warning:  #1295-D: Deprecated declaration Leave_PowerDown - give arg types
  void Leave_PowerDown();
main1.c(117): warning:  #177-D: variable "delayus" was declared but never referenced
        int delayus=0;
main1.c(618): warning:  #223-D: function "SendChar" declared implicitly
                                                SendChar(tcpdata[tcpdataptr]);
main1.c: 9 warnings, 0 errors
compiling sys.c...
compiling clk.c...
compiling uart.c...
compiling retarget.c...
compiling gpio.c...
compiling RTX_Conf_CM.c...
RTE\CMSIS\RTX_Conf_CM.c(282): warning:  #223-D: function "printf" declared implicitly
        printf("\r\n%d%s\r\n",error_code,svcThreadGetId());
RTE\CMSIS\RTX_Conf_CM.c: 1 warning, 0 errors
linking...
Program Size: Code=10816 RO-data=436 RW-data=176 ZI-data=15904  
compiling system_Nano100Series.c...
compiling main1.c...
main1.c(36): warning:  #1295-D: Deprecated declaration clear - give arg types
  void clear();
main1.c(41): warning:  #1295-D: Deprecated declaration Save_FS - give arg types
  __inline void Save_FS();
main1.c(43): warning:  #1295-D: Deprecated declaration Send_FS - give arg types
  __inline void Send_FS();
main1.c(87): warning:  #1295-D: Deprecated declaration SavePinSetting - give arg types
  void SavePinSetting();
main1.c(88): warning:  #1295-D: Deprecated declaration RestorePinSetting - give arg types
  void RestorePinSetting();
main1.c(89): warning:  #1295-D: Deprecated declaration Enter_PowerDown - give arg types
  void Enter_PowerDown();
main1.c(90): warning:  #1295-D: Deprecated declaration Leave_PowerDown - give arg types
  void Leave_PowerDown();
main1.c(117): warning:  #177-D: variable "delayus" was declared but never referenced
        int delayus=0;
main1.c(618): warning:  #223-D: function "SendChar" declared implicitly
                                                SendChar(tcpdata[tcpdataptr]);
main1.c: 9 warnings, 0 errors
compiling sys.c...
compiling clk.c...
compiling uart.c...
compiling retarget.c...
compiling gpio.c...
compiling RTX_Conf_CM.c...
RTE\CMSIS\RTX_Conf_CM.c(282): warning:  #223-D: function "printf" declared implicitly
        printf("\r\n%d%s\r\n",error_code,svcThreadGetId());
RTE\CMSIS\RTX_Conf_CM.c: 1 warning, 0 errors
linking...
Program Size: Code=10816 RO-data=436 RW-data=176 ZI-data=15904  
After Build - User command #1: fromelf --bin ".\obj\UART.axf" --output ".\obj\UART.bin"
After Build - User command #2: fromelf --text -c ".\obj\UART.axf" --output ".\obj\UART.txt"
".\obj\UART.axf" - 0 Error(s), 10 Warning(s).
*** Completed Cross-Module-Optimization after 3 iteration(s).

<h2>Software Packages used:</h2>

Package Vendor: ARM
                http://www.keil.com/pack/ARM.CMSIS.5.0.1.pack
                ::CMSIS:RTOS:1.0.0 (API)
                CMSIS (Cortex Microcontroller Software Interface Standard)
   * Component: RTOS Version: 1.0.0
   * Component: Keil RTX Version: 4.81.0
   * Component: CORE Version: 5.0.1

<h2>Collection of Component include folders:</h2>
  E:\BITBUCK_EECS\gps-trackr\Software\Nano100B_Series_BSP_CMSIS_v3.02.002\SampleCode\StdDriver\UART_TxRx_Function\KEIL\RTE
  C:\Keil_v5\ARM\PACK\ARM\CMSIS\5.0.1\CMSIS\Include
  C:\Keil_v5\ARM\PACK\ARM\CMSIS\5.0.1\CMSIS\RTOS\RTX\INC
  C:\Keil_v5\ARM\PACK\Nuvoton\NuMicro_DFP\1.1.0\Device\NANO100BN\Include

<h2>Collection of Component Files used:</h2>

   * Component: ::CMSIS:RTOS:1.0.0 (API)

   * Component: ARM::CMSIS:RTOS:Keil RTX:4.81.0
      Source file:   CMSIS\RTOS\RTX\UserCodeTemplates\MsgQueue.c
      Source file:   CMSIS\RTOS\RTX\UserCodeTemplates\MemPool.c
      Source file:   CMSIS\RTOS\RTX\UserCodeTemplates\Mutex.c
      Include file:  CMSIS\RTOS\RTX\INC\cmsis_os.h
      Source file:   CMSIS\RTOS\RTX\UserCodeTemplates\MailQueue.c
      Source file:   CMSIS\RTOS\RTX\UserCodeTemplates\Thread.c
      Source file:   CMSIS\RTOS\RTX\UserCodeTemplates\Timer.c
      Source file:   CMSIS\RTOS\RTX\Templates\RTX_Conf_CM.c
      Source file:   CMSIS\RTOS\RTX\UserCodeTemplates\Semaphore.c
      Source file:   CMSIS\RTOS\RTX\SRC\ARM\SVC_Table.s
      Source file:   CMSIS\RTOS\RTX\UserCodeTemplates\main.c
      Library file:  CMSIS\RTOS\RTX\LIB\ARM\RTX_CM0.lib
      Include file:  CMSIS\RTOS\RTX\UserCodeTemplates\osObjects.h

   * Component: ARM::CMSIS:CORE:5.0.1
Build Time Elapsed:  00:00:11
</pre>
</body>
</html>
