<html>
<body>
<pre>
<h1>µVision Build Log</h1>
<h2>Tool Versions:</h2>
IDE-Version: µVision V5.24.2.0
Copyright (C) 2017 ARM Ltd and ARM Germany GmbH. All rights reserved.
License Information: mridul pandey, jft, LIC=W96WF-63AUC-EXNUX-H8FAP-A3NT4-94MS0
 
Tool Versions:
Toolchain:       MDK-ARM Professional  Version: 5.24.1
Toolchain Path:  C:\Keil_v5\ARM\ARMCC\Bin
C Compiler:      Armcc.exe V5.06 update 5 (build 528)
Assembler:       Armasm.exe V5.06 update 5 (build 528)
Linker/Locator:  ArmLink.exe V5.06 update 5 (build 528)
Library Manager: ArmAr.exe V5.06 update 5 (build 528)
Hex Converter:   FromElf.exe V5.06 update 5 (build 528)
CPU DLL:         SARMCM3.DLL V5.24.1
Dialog DLL:      DARMCM1.DLL V1.18.0.0
Target DLL:      Segger\JL2CM3.dll V2.99.26.0
Dialog DLL:      TARMCM1.DLL V1.13.0.0
 
<h2>Project:</h2>
E:\BITBUCK_JFT\gpstrackr\vts2-ver1_flash\KEIL\vts2.uvprojx
Project File Date:  12/26/2017

<h2>Output:</h2>
*** Using Compiler 'V5.06 update 5 (build 528)', folder: 'C:\Keil_v5\ARM\ARMCC\Bin'
Build target 'Target 1'
compiling Thread.c...
Thread.c(87): warning:  #223-D: function "clear" declared implicitly
        clear();
Thread.c(75): warning:  #177-D: variable "sn"  was declared but never referenced
    char *sn = sender_num+3;
Thread.c(317): warning:  #223-D: function "SendAT_FS" declared implicitly
    SendAT_FS(g_u8SendData, "QWRITE", "OK" , "ERROR",20);	
Thread.c(347): warning:  #223-D: function "clear" declared implicitly
    clear();
Thread.c(392): warning:  #223-D: function "clear" declared implicitly
  	clear();
Thread.c(490): warning:  #223-D: function "SendAT_FS" declared implicitly
    SendAT_FS(g_u8SendData, "QWRITE", "OK" , "ERROR",20);	
Thread.c(528): warning:  #223-D: function "SpiFlash_WaitReady" declared implicitly
      SpiFlash_WaitReady();
Thread.c(531): warning:  #223-D: function "SpiFlash_PageProgram" declared implicitly
      SpiFlash_PageProgram(SrcArray, pt, 256);
Thread.c(535): warning:  #223-D: function "SpiFlash_ReadData" declared implicitly
      SpiFlash_ReadData(DestArray, pt, 256);
Thread.c(716): warning:  #1-D: last line of file ends without a newline
   
Thread.c: 10 warnings, 0 errors
linking...
.\Objects\vts2.axf: Warning: L6305W: Image does not have an entry point. (Not specified or not set due to multiple choices.)
Program Size: Code=31092 RO-data=1300 RW-data=348 ZI-data=14180  
Finished: 0 information, 1 warning and 0 error messages.
FromELF: creating hex file...
".\Objects\vts2.axf" - 0 Error(s), 11 Warning(s).

<h2>Software Packages used:</h2>

Package Vendor: ARM
                http://www.keil.com/pack/ARM.CMSIS.5.2.0.pack
                ARM.CMSIS.5.2.0
                CMSIS (Cortex Microcontroller Software Interface Standard)
   * Component: Keil RTX Version: 4.81.1
   * Component: CORE Version: 5.0.2
   * Component: RTOS Version: 1.0.0

Package Vendor: Nuvoton
                http://www.nuvoton.com/hq/enu/Documents/KEILSoftwarePack/Nuvoton.NuMicro_DFP.1.1.0.pack
                Nuvoton.NuMicro_DFP.1.1.0
                Nuvoton ARM Cortex-M NuMicro Family Device Support
   * Component: Startup Version: 3.00.002
   * Component: WWDT Version: 3.00.002
   * Component: UART Version: 3.00.002
   * Component: Timer Version: 3.00.002
   * Component: SYS Version: 3.00.002
   * Component: SPI Version: 3.00.002
   * Component: I2C Version: 3.00.002
   * Component: GPIO Version: 3.00.002
   * Component: CLK Version: 3.00.002
   * Component: ADC Version: 3.00.002

<h2>Collection of Component include folders:</h2>
  .\RTE\_Target_1
  C:\Keil_v5\ARM\PACK\ARM\CMSIS\5.2.0\CMSIS\Include
  C:\Keil_v5\ARM\PACK\ARM\CMSIS\5.2.0\CMSIS\RTOS\RTX\INC
  C:\Keil_v5\ARM\PACK\Nuvoton\NuMicro_DFP\1.1.0\Device\NUC200\Driver
  C:\Keil_v5\ARM\PACK\Nuvoton\NuMicro_DFP\1.1.0\Device\NUC200\Include

<h2>Collection of Component Files used:</h2>

   * Component: Nuvoton::Device:Startup:3.00.002
      Include file:  Device\NUC200\Include\NUC200Series.h
      Source file:   Device\NUC200\Source\ARM\startup_NUC200Series.s
      Source file:   Device\NUC200\Source\system_NUC200Series.c
      Source file:   Device\NUC200\Driver\retarget.c

   * Component: Nuvoton::Device:Driver:WWDT:3.00.002
      Source file:   Device\NUC200\Driver\wwdt.c
      Include file:  Device\NUC200\Driver\wwdt.h

   * Component: Nuvoton::Device:Driver:UART:3.00.002
      Source file:   Device\NUC200\Driver\uart.c
      Include file:  Device\NUC200\Driver\uart.h

   * Component: Nuvoton::Device:Driver:Timer:3.00.002
      Source file:   Device\NUC200\Driver\timer.c
      Include file:  Device\NUC200\Driver\timer.h

   * Component: Nuvoton::Device:Driver:SYS:3.00.002
      Include file:  Device\NUC200\Driver\sys.h
      Source file:   Device\NUC200\Driver\sys.c

   * Component: Nuvoton::Device:Driver:SPI:3.00.002
      Include file:  Device\NUC200\Driver\spi.h
      Source file:   Device\NUC200\Driver\spi.c

   * Component: Nuvoton::Device:Driver:I2C:3.00.002
      Source file:   Device\NUC200\Driver\i2c.c
      Include file:  Device\NUC200\Driver\i2c.h

   * Component: Nuvoton::Device:Driver:GPIO:3.00.002
      Include file:  Device\NUC200\Driver\gpio.h
      Source file:   Device\NUC200\Driver\gpio.c

   * Component: Nuvoton::Device:Driver:CLK:3.00.002
      Source file:   Device\NUC200\Driver\clk.c
      Include file:  Device\NUC200\Driver\clk.h

   * Component: Nuvoton::Device:Driver:ADC:3.00.002
      Include file:  Device\NUC200\Driver\adc.h
      Source file:   Device\NUC200\Driver\adc.c

   * Component: ARM::CMSIS:RTOS:Keil RTX:4.81.1
      Source file:   CMSIS\RTOS\RTX\UserCodeTemplates\MailQueue.c
      Source file:   CMSIS\RTOS\RTX\UserCodeTemplates\Semaphore.c
      Source file:   CMSIS\RTOS\RTX\SRC\ARM\SVC_Table.s
      Source file:   CMSIS\RTOS\RTX\UserCodeTemplates\MsgQueue.c
      Source file:   CMSIS\RTOS\RTX\UserCodeTemplates\MemPool.c
      Library file:  CMSIS\RTOS\RTX\LIB\ARM\RTX_CM0.lib
      Source file:   CMSIS\RTOS\RTX\UserCodeTemplates\Mutex.c
      Source file:   CMSIS\RTOS\RTX\UserCodeTemplates\Thread.c
      Source file:   CMSIS\RTOS\RTX\UserCodeTemplates\Timer.c
      Source file:   CMSIS\RTOS\RTX\Templates\RTX_Conf_CM.c
      Include file:  CMSIS\RTOS\RTX\UserCodeTemplates\osObjects.h
      Source file:   CMSIS\RTOS\RTX\UserCodeTemplates\main.c
      Include file:  CMSIS\RTOS\RTX\INC\cmsis_os.h

   * Component: ARM::CMSIS:CORE:5.0.2

   * Component: ::CMSIS:RTOS:1.0.0 (API)
Build Time Elapsed:  00:00:02
</pre>
</body>
</html>
