<html>
<body>
<pre>
<h1>µVision Build Log</h1>
<h2>Tool Versions:</h2>
IDE-Version: µVision V5.18a
Copyright (C) 2016 ARM Ltd and ARM Germany GmbH. All rights reserved.
License Information: hONEY CH, JFT, LIC=Z3CWF-6GXAM-KS4YM-X1WTG-N80HB-Y0FE9
 
Tool Versions:
Toolchain:       MDK-ARM Professional  Version: 5.18a
Toolchain Path:  C:\Keil_v5\ARM\ARMCC\Bin
C Compiler:      Armcc.exe V5.06 update 1 (build 61)
Assembler:       Armasm.exe V5.06 update 1 (build 61)
Linker/Locator:  ArmLink.exe V5.06 update 1 (build 61)
Library Manager: ArmAr.exe V5.06 update 1 (build 61)
Hex Converter:   FromElf.exe V5.06 update 1 (build 61)
CPU DLL:         SARMCM3.DLL V5.18a
Dialog DLL:      DARMCM1.DLL V1.12.0.0
Target DLL:      Segger\JL2CM3.dll V2.99.19.0
Dialog DLL:      TARMCM1.DLL V1.9.0.0
 
<h2>Project:</h2>
F:\vts-ver19\build\keil\vts_ver3_rev1\KEIL_MAG.uvprojx
Project File Date:  07/14/2017

<h2>Output:</h2>
*** Using Compiler 'V5.06 update 1 (build 61)', folder: 'C:\Keil_v5\ARM\ARMCC\Bin'
Rebuild Project 'KEIL_MAG' - Target 'KL26Z128 - Flash'
compiling asin.c...
compiling median.c...
compiling sqrt16.c...
compiling uif.c...
compiling alloc.c...
compiling io.c...
compiling assert.c...
compiling memtest.c...
compiling queue.c...
compiling vts_ver2.c...
F:\vts-ver19\src\projects\KEIL_MAG\vts_ver2.c(65): warning:  #520-D: initialization with "{...}" expected for aggregate object
  char ipadd[16] = 0;
F:\vts-ver19\src\projects\KEIL_MAG\vts_ver2.c(124): warning:  #1295-D: Deprecated declaration reset_func - give arg types
  __inline void reset_func();
..\..\..\src\projects\KEIL_MAG\vts_ver2.c: 2 warnings, 0 errors
compiling stdlib.c...
compiling nmi_isr_handler.c...
compiling start.c...
compiling sysinit.c...
assembling startup_MKL26Z4.s...
compiling cmp.c...
compiling system_MKL26Z4.c...
compiling llwu.c...
compiling lptmr.c...
compiling mcg.c...
compiling pmc.c...
compiling rcm.c...
compiling rtc.c...
compiling smc.c...
compiling Retarget.c...
compiling uart.c...
compiling Serial.c...
linking...
Program Size: Code=63536 RO-data=3884 RW-data=644 ZI-data=14596  
FromELF: creating hex file...
After Build - User command #1: C:\Keil_v5\\ARM\ARMCC\bin\fromelf.exe --m32combined --output=.\UV4Build\KEIL_MAG_Flash.srec .\UV4Build\KEIL_MAG_Flash.axf
After Build - User command #2: C:\Keil_v5\\ARM\ARMCC\bin\fromelf.exe --m32combined --output=.\UV4Build\KEIL_MAG_Flash.bin .\UV4Build\KEIL_MAG_Flash.axf
".\UV4Build\KEIL_MAG_Flash.axf" - 0 Error(s), 2 Warning(s).

<h2>Software Packages used:</h2>

Package Vendor: ARM
                http://www.keil.com/pack/ARM.CMSIS.4.5.0.pack
                ARM::CMSIS:CORE:4.3.0
                CMSIS (Cortex Microcontroller Software Interface Standard)
   * Component: CORE Version: 4.3.0

<h2>Collection of Component include folders:</h2>
  F:\vts-ver19\build\keil\vts_ver3_rev1\RTE
  C:\Keil_v5\ARM\PACK\ARM\CMSIS\4.5.0\CMSIS\Include
  C:\Keil_v5\ARM\PACK\Keil\Kinetis_KLxx_DFP\1.12.0\Device\Include

<h2>Collection of Component Files used:</h2>

   * Component: ARM::CMSIS:CORE:4.3.0
Build Time Elapsed:  00:00:18
</pre>
</body>
</html>
