Component: ARM Compiler 5.06 update 1 (build 61) Tool: armlink [4d35a8]

==============================================================================

Small function inlining results

Inlined total of 0 calls.

==============================================================================

Section Cross References

    system_nano100series.o(.text) refers to uidiv.o(.text) for __aeabi_uidivmod
    system_nano100series.o(.text) refers to system_nano100series.o(.data) for SystemCoreClock
    startup_nano100series.o(RESET) refers to startup_nano100series.o(STACK) for __initial_sp
    startup_nano100series.o(RESET) refers to startup_nano100series.o(.text) for Reset_Handler
    startup_nano100series.o(RESET) refers to retarget.o(.emb_text) for HardFault_Handler
    startup_nano100series.o(RESET) refers to hal_cm0.o(.emb_text) for SVC_Handler
    startup_nano100series.o(RESET) refers to main.o(.text) for WDT_IRQHandler
    startup_nano100series.o(.text) refers to entry.o(.ARM.Collect$$$$00000000) for __main
    thread.o(.text) refers to memseta.o(.text) for __aeabi_memclr
    thread.o(.text) refers to printfa.o(i.__0sprintf) for __2sprintf
    thread.o(.text) refers to main.o(.text) for SendAT
    thread.o(.text) refers to rt_cmsis.o(i.osMutexWait) for osMutexWait
    thread.o(.text) refers to thread.o(i.fileopen) for fileopen
    thread.o(.text) refers to strlen.o(.text) for strlen
    thread.o(.text) refers to strcat.o(.text) for strcat
    thread.o(.text) refers to strstr.o(.text) for strstr
    thread.o(.text) refers to rt_cmsis.o(i.osMutexRelease) for osMutexRelease
    thread.o(.text) refers to rt_cmsis.o(i.osThreadCreate) for osThreadCreate
    thread.o(.text) refers to rt_cmsis.o(i.osDelay) for osDelay
    thread.o(.text) refers to thread.o(i.manualdelay) for manualdelay
    thread.o(.text) refers to main.o(.bss) for temp
    thread.o(.text) refers to thread.o(.bss) for fileinstance
    thread.o(.text) refers to main.o(.data) for uart_mutex_id
    thread.o(.text) refers to thread.o(.constdata) for os_thread_def_Thread
    thread.o(.text) refers to thread.o(.data) for tid_Thread
    thread.o(.constdata) refers to thread.o(.text) for Thread
    timer.o(.text) refers to timer.o(i.batteryind) for batteryind
    timer.o(.text) refers to rt_cmsis.o(i.osTimerCreate) for osTimerCreate
    timer.o(.text) refers to rt_cmsis.o(i.osTimerStart) for osTimerStart
    timer.o(.text) refers to main.o(.data) for tmr0sec
    timer.o(.text) refers to timer.o(.data) for exec1
    timer.o(.text) refers to timer.o(.constdata) for os_timer_def_Timer1
    timer.o(.constdata) refers to timer.o(.text) for Timer1_Callback
    timer.o(.constdata) refers to timer.o(.bss) for os_timer_cb_Timer1
    main.o(.text) refers to retarget.o(.text) for send_string_to_uart1
    main.o(.text) refers to rt_cmsis.o(i.osMutexWait) for osMutexWait
    main.o(.text) refers to rt_cmsis.o(i.osDelay) for osDelay
    main.o(.text) refers to memseta.o(.text) for __aeabi_memclr4
    main.o(.text) refers to printfa.o(i.__0printf) for __2printf
    main.o(.text) refers to strstr.o(.text) for strstr
    main.o(.text) refers to rt_cmsis.o(i.osMutexRelease) for osMutexRelease
    main.o(.text) refers to main.o(i.SYS_Init) for SYS_Init
    main.o(.text) refers to gpio.o(.text) for GPIO_SetMode
    main.o(.text) refers to uart.o(.text) for UART_Open
    main.o(.text) refers to i2c.o(.text) for I2C_Open
    main.o(.text) refers to printfa.o(i.__0sprintf) for __2sprintf
    main.o(.text) refers to timer.o(.text) for Init_Timers
    main.o(.text) refers to rt_cmsis.o(i.osKernelInitialize) for osKernelInitialize
    main.o(.text) refers to adc.o(.text) for ADC_Open
    main.o(.text) refers to wwdt.o(.text) for WWDT_Open
    main.o(.text) refers to rt_cmsis.o(i.osMutexCreate) for osMutexCreate
    main.o(.text) refers to thread.o(.text) for Init_Thread
    main.o(.text) refers to rt_cmsis.o(i.osKernelStart) for osKernelStart
    main.o(.text) refers to thread.o(i.fileopen) for fileopen
    main.o(.text) refers to main.o(.bss) for g_u8RecData
    main.o(.text) refers to main.o(.data) for g_u8RecDataptr
    main.o(.text) refers to main.o(.constdata) for os_mutex_def_uart_mutex
    main.o(.text) refers to clk.o(.text) for CLK_PowerDown
    main.o(.text) refers to main.o(i.parse_g) for parse_g
    main.o(.text) refers to main.o(i.checkallnumsinstring) for checkallnumsinstring
    main.o(.text) refers to strlen.o(.text) for strlen
    main.o(.text) refers to ffltui.o(.text) for __aeabi_ui2f
    main.o(.text) refers to f2d.o(.text) for __aeabi_f2d
    main.o(.text) refers to dmul.o(.text) for __aeabi_dmul
    main.o(.text) refers to ddiv.o(.text) for __aeabi_ddiv
    main.o(.text) refers to d2f.o(.text) for __aeabi_d2f
    main.o(.text) refers to strcat.o(.text) for strcat
    main.o(.text) refers to atoi.o(.text) for atoi
    main.o(.text) refers to idiv.o(.text) for __aeabi_idivmod
    main.o(.text) refers to thread.o(.bss) for fileinstance
[...]
    ..\rt_Time.c                             0x00000000   Number         0  rt_time.o ABSOLUTE
    HAL_CM0.c                                0x00000000   Number         0  hal_cm0.o ABSOLUTE
    HAL_CM0.c                                0x00000000   Number         0  hal_cm0.o ABSOLUTE
    RTE\CMSIS\RTX_Conf_CM.c                  0x00000000   Number         0  rtx_conf_cm.o ABSOLUTE
    RTE\\CMSIS\\RTX_Conf_CM.c                0x00000000   Number         0  rtx_conf_cm.o ABSOLUTE
    SVC_Table.s                              0x00000000   Number         0  svc_table.o ABSOLUTE
    Thread.c                                 0x00000000   Number         0  thread.o ABSOLUTE
    Timer.c                                  0x00000000   Number         0  timer.o ABSOLUTE
    Timer.c                                  0x00000000   Number         0  timer.o ABSOLUTE
    cdcmple.s                                0x00000000   Number         0  cdcmple.o ABSOLUTE
    cdrcmple.s                               0x00000000   Number         0  cdrcmple.o ABSOLUTE
    handlers.s                               0x00000000   Number         0  handlers.o ABSOLUTE
    init.s                                   0x00000000   Number         0  init.o ABSOLUTE
    main.c                                   0x00000000   Number         0  main.o ABSOLUTE
    main.c                                   0x00000000   Number         0  main.o ABSOLUTE
    .ARM.Collect$$$$00000000                 0x000000c0   Section        0  entry.o(.ARM.Collect$$$$00000000)
    .ARM.Collect$$$$00000001                 0x000000c0   Section        4  entry2.o(.ARM.Collect$$$$00000001)
    .ARM.Collect$$$$00000004                 0x000000c4   Section        4  entry5.o(.ARM.Collect$$$$00000004)
    .ARM.Collect$$$$00000008                 0x000000c8   Section        0  entry7b.o(.ARM.Collect$$$$00000008)
    .ARM.Collect$$$$0000000A                 0x000000c8   Section        0  entry8b.o(.ARM.Collect$$$$0000000A)
    .ARM.Collect$$$$0000000D                 0x000000c8   Section        0  entry10a.o(.ARM.Collect$$$$0000000D)
    .ARM.Collect$$$$0000000F                 0x000000c8   Section        0  entry11a.o(.ARM.Collect$$$$0000000F)
    .ARM.Collect$$$$000000FF                 0x000000c8   Section        0  rtx_conf_cm.o(.ARM.Collect$$$$000000FF)
    .ARM.Collect$$$$00002712                 0x000000e0   Section        4  entry2.o(.ARM.Collect$$$$00002712)
    __lit__00000000                          0x000000e0   Data           4  entry2.o(.ARM.Collect$$$$00002712)
    .emb_text                                0x000000e4   Section       28  retarget.o(.emb_text)
    .emb_text                                0x00000100   Section      356  hal_cm0.o(.emb_text)
    .text                                    0x00000264   Section        0  system_nano100series.o(.text)
    .text                                    0x00000358   Section       68  startup_nano100series.o(.text)
    .text                                    0x0000039c   Section        0  thread.o(.text)
    .text                                    0x00000948   Section        0  timer.o(.text)
    Timer1_Callback                          0x00000949   Thumb Code     2  timer.o(.text)
    Timer2_Callback                          0x0000094b   Thumb Code    20  timer.o(.text)
    .text                                    0x000009d4   Section        0  main.o(.text)
    SYS_UnlockReg                            0x000009d5   Thumb Code    26  main.o(.text)
    NVIC_EnableIRQ                           0x0000233f   Thumb Code    14  main.o(.text)
    .text                                    0x00002368   Section        0  clk.o(.text)
    .text                                    0x000027ec   Section        0  gpio.o(.text)
    .text                                    0x00002850   Section        0  uart.o(.text)
    .text                                    0x00002b80   Section        0  retarget.o(.text)
    __tagsym$$used                           0x00002c0f   Number         0  retarget.o(.text)
    .text                                    0x00002d64   Section        0  adc.o(.text)
    .text                                    0x00002f14   Section        0  wwdt.o(.text)
    .text                                    0x00002f2c   Section        0  i2c.o(.text)
    .text                                    0x00003100   Section        0  rtx_conf_cm.o(.text)
    .text                                    0x0000312c   Section        0  uidiv.o(.text)
    .text                                    0x00003158   Section        0  idiv.o(.text)
    .text                                    0x00003180   Section        0  uldiv.o(.text)
    .text                                    0x000031e0   Section        0  memseta.o(.text)
    .text                                    0x00003204   Section        0  strcat.o(.text)
    .text                                    0x0000321c   Section        0  strstr.o(.text)
    .text                                    0x00003244   Section        0  strlen.o(.text)
    .text                                    0x00003252   Section        0  atoi.o(.text)
    .text                                    0x0000326c   Section        0  dmul.o(.text)
    .text                                    0x0000333c   Section        0  ddiv.o(.text)
    .text                                    0x0000342c   Section        0  ffltui.o(.text)
    .text                                    0x0000343a   Section        0  f2d.o(.text)
    .text                                    0x00003464   Section       40  cdcmple.o(.text)
    .text                                    0x0000348c   Section       40  cdrcmple.o(.text)
    .text                                    0x000034b4   Section        0  d2f.o(.text)
    .text                                    0x000034ec   Section        0  llshl.o(.text)
    .text                                    0x0000350c   Section        0  llushr.o(.text)
    .text                                    0x00003530   Section        0  strtol.o(.text)
    .text                                    0x000035a0   Section        0  iusefp.o(.text)
    .text                                    0x000035a0   Section        0  fepilogue.o(.text)
    .text                                    0x00003622   Section        0  depilogue.o(.text)
    .text                                    0x000036e0   Section        0  dadd.o(.text)
    .text                                    0x00003844   Section        0  dfixul.o(.text)
    .text                                    0x00003884   Section       36  init.o(.text)
    .text                                    0x000038a8   Section        0  llsshr.o(.text)
    .text                                    0x000038d0   Section        0  ctype_o.o(.text)
    .text                                    0x000038d8   Section        0  _strtoul.o(.text)
    .text                                    0x0000397e   Section        0  _chval.o(.text)
    SVC_TABLE                                0x0000399c   Section        4  svc_table.o(SVC_TABLE)
    i.SYS_Init                               0x000039a0   Section        0  main.o(i.SYS_Init)
    i.__0printf                              0x00003ae4   Section        0  printfa.o(i.__0printf)
    i.__0sprintf                             0x00003b04   Section        0  printfa.o(i.__0sprintf)
    i.__ARM_clz                              0x00003b2c   Section        0  depilogue.o(i.__ARM_clz)
    i.__ARM_common_ll_muluu                  0x00003b5a   Section        0  rt_cmsis.o(i.__ARM_common_ll_muluu)
    i.__aeabi_errno_addr                     0x00003b8c   Section        0  errno.o(i.__aeabi_errno_addr)
    i.__scatterload_copy                     0x00003b94   Section       14  handlers.o(i.__scatterload_copy)
    i.__scatterload_null                     0x00003ba2   Section        2  handlers.o(i.__scatterload_null)
    i.__scatterload_zeroinit                 0x00003ba4   Section       14  handlers.o(i.__scatterload_zeroinit)
    i._fp_digits                             0x00003bb4   Section        0  printfa.o(i._fp_digits)
    _fp_digits                               0x00003bb5   Thumb Code   316  printfa.o(i._fp_digits)
    i._init_box                              0x00003d0c   Section        0  rt_membox.o(i._init_box)
    i._printf_core                           0x00003d54   Section        0  printfa.o(i._printf_core)
    _printf_core                             0x00003d55   Thumb Code  1754  printfa.o(i._printf_core)
    i._printf_post_padding                   0x00004440   Section        0  printfa.o(i._printf_post_padding)
    _printf_post_padding                     0x00004441   Thumb Code    32  printfa.o(i._printf_post_padding)
    i._printf_pre_padding                    0x00004460   Section        0  printfa.o(i._printf_pre_padding)
    _printf_pre_padding                      0x00004461   Thumb Code    44  printfa.o(i._printf_pre_padding)
    i._sputc                                 0x0000448c   Section        0  printfa.o(i._sputc)
    _sputc                                   0x0000448d   Thumb Code    10  printfa.o(i._sputc)
    i.batteryind                             0x00004498   Section        0  timer.o(i.batteryind)
    i.checkallnumsinstring                   0x000045e4   Section        0  main.o(i.checkallnumsinstring)
    i.fileopen                               0x00004618   Section        0  thread.o(i.fileopen)
    i.isrMessageGet                          0x000046bc   Section        0  rt_cmsis.o(i.isrMessageGet)
    i.isrMessagePut                          0x000046ea   Section        0  rt_cmsis.o(i.isrMessagePut)
    i.isr_mbx_receive                        0x0000471a   Section        0  rt_mailbox.o(i.isr_mbx_receive)
    i.isr_mbx_send                           0x00004766   Section        0  rt_mailbox.o(i.isr_mbx_send)
    i.manualdelay                            0x00004774   Section        0  thread.o(i.manualdelay)
    i.osDelay                                0x00004790   Section        0  rt_cmsis.o(i.osDelay)
    i.osKernelInitialize                     0x000047ac   Section        0  rt_cmsis.o(i.osKernelInitialize)
    i.osKernelStart                          0x000047d4   Section        0  rt_cmsis.o(i.osKernelStart)
    i.osMessageGet                           0x00004840   Section        0  rt_cmsis.o(i.osMessageGet)
    i.osMutexCreate                          0x0000485c   Section        0  rt_cmsis.o(i.osMutexCreate)
    i.osMutexRelease                         0x00004890   Section        0  rt_cmsis.o(i.osMutexRelease)
    i.osMutexWait                            0x000048ac   Section        0  rt_cmsis.o(i.osMutexWait)
    i.osThreadCreate                         0x000048c8   Section        0  rt_cmsis.o(i.osThreadCreate)
    i.osThreadExit                           0x000048fc   Section        0  rt_cmsis.o(i.osThreadExit)
    i.osTimerCall                            0x00004914   Section        0  rt_cmsis.o(i.osTimerCall)
    i.osTimerCreate                          0x00004924   Section        0  rt_cmsis.o(i.osTimerCreate)
    i.osTimerStart                           0x00004958   Section        0  rt_cmsis.o(i.osTimerStart)
    i.osTimerThread                          0x00004974   Section        0  rt_cmsis.o(i.osTimerThread)
    i.os_tick_init                           0x000049a0   Section        0  rt_system.o(i.os_tick_init)
    i.os_tick_irqack                         0x000049cc   Section        0  rt_system.o(i.os_tick_irqack)
    i.parse_g                                0x000049d0   Section        0  main.o(i.parse_g)
    i.rt_alloc_box                           0x00004a54   Section        0  rt_membox.o(i.rt_alloc_box)
    i.rt_alloc_mem                           0x00004a72   Section        0  rt_memory.o(i.rt_alloc_mem)
    i.rt_block                               0x00004ab4   Section        0  rt_task.o(i.rt_block)
    i.rt_chk_robin                           0x00004aec   Section        0  rt_robin.o(i.rt_chk_robin)
    i.rt_dec_dly                             0x00004b30   Section        0  rt_list.o(i.rt_dec_dly)
    i.rt_dispatch                            0x00004ba4   Section        0  rt_task.o(i.rt_dispatch)
    i.rt_dly_wait                            0x00004be4   Section        0  rt_time.o(i.rt_dly_wait)
    i.rt_evt_psh                             0x00004bf0   Section        0  rt_event.o(i.rt_evt_psh)
    i.rt_free_box                            0x00004c40   Section        0  rt_membox.o(i.rt_free_box)
    i.rt_free_mem                            0x00004c66   Section        0  rt_memory.o(i.rt_free_mem)
    i.rt_get_first                           0x00004c96   Section        0  rt_list.o(i.rt_get_first)
    i.rt_id2obj                              0x00004cc0   Section        0  rt_cmsis.o(i.rt_id2obj)
    rt_id2obj                                0x00004cc1   Thumb Code     8  rt_cmsis.o(i.rt_id2obj)
    i.rt_init_context                        0x00004cc8   Section        0  rt_task.o(i.rt_init_context)
    rt_init_context                          0x00004cc9   Thumb Code    66  rt_task.o(i.rt_init_context)
    i.rt_init_mem                            0x00004d10   Section        0  rt_memory.o(i.rt_init_mem)
    i.rt_init_robin                          0x00004d2c   Section        0  rt_robin.o(i.rt_init_robin)
    i.rt_init_stack                          0x00004d44   Section        0  hal_cm.o(i.rt_init_stack)
    i.rt_mbx_check                           0x00004dbc   Section        0  rt_mailbox.o(i.rt_mbx_check)
    i.rt_mbx_init                            0x00004dc4   Section        0  rt_mailbox.o(i.rt_mbx_init)
    i.rt_mbx_psh                             0x00004de8   Section        0  rt_mailbox.o(i.rt_mbx_psh)
    i.rt_mbx_wait                            0x00004eb8   Section        0  rt_mailbox.o(i.rt_mbx_wait)
    i.rt_ms2tick                             0x00004f68   Section        0  rt_cmsis.o(i.rt_ms2tick)
    rt_ms2tick                               0x00004f69   Thumb Code    56  rt_cmsis.o(i.rt_ms2tick)
    i.rt_mut_init                            0x00004fac   Section        0  rt_mutex.o(i.rt_mut_init)
    i.rt_mut_release                         0x00004fbc   Section        0  rt_mutex.o(i.rt_mut_release)
    i.rt_mut_wait                            0x00005094   Section        0  rt_mutex.o(i.rt_mut_wait)
    i.rt_pop_req                             0x00005114   Section        0  rt_system.o(i.rt_pop_req)
    i.rt_psh_req                             0x00005184   Section        0  rt_system.o(i.rt_psh_req)
    i.rt_psq_enq                             0x000051a4   Section        0  rt_list.o(i.rt_psq_enq)
    i.rt_put_dly                             0x000051e4   Section        0  rt_list.o(i.rt_put_dly)
    i.rt_put_prio                            0x00005234   Section        0  rt_list.o(i.rt_put_prio)
    i.rt_put_rdy_first                       0x00005270   Section        0  rt_list.o(i.rt_put_rdy_first)
    i.rt_resort_prio                         0x00005284   Section        0  rt_list.o(i.rt_resort_prio)
    i.rt_ret_val                             0x000052b4   Section        0  hal_cm.o(i.rt_ret_val)
    i.rt_ret_val2                            0x000052ba   Section        0  hal_cm.o(i.rt_ret_val2)
    i.rt_rmv_dly                             0x000052c2   Section        0  rt_list.o(i.rt_rmv_dly)
    i.rt_rmv_list                            0x000052ec   Section        0  rt_list.o(i.rt_rmv_list)
    i.rt_sem_psh                             0x00005320   Section        0  rt_semaphore.o(i.rt_sem_psh)
    i.rt_stk_check                           0x00005354   Section        0  rt_system.o(i.rt_stk_check)
    i.rt_switch_req                          0x0000537c   Section        0  rt_task.o(i.rt_switch_req)
    i.rt_sys_init                            0x0000538c   Section        0  rt_task.o(i.rt_sys_init)
    i.rt_sys_start                           0x00005454   Section        0  rt_task.o(i.rt_sys_start)
    i.rt_systick                             0x000054b8   Section        0  rt_system.o(i.rt_systick)
    i.rt_tid2ptcb                            0x000054f4   Section        0  rt_cmsis.o(i.rt_tid2ptcb)
    rt_tid2ptcb                              0x000054f5   Thumb Code    18  rt_cmsis.o(i.rt_tid2ptcb)
    i.rt_timer_insert                        0x00005508   Section        0  rt_cmsis.o(i.rt_timer_insert)
    rt_timer_insert                          0x00005509   Thumb Code    52  rt_cmsis.o(i.rt_timer_insert)
    i.rt_timer_remove                        0x00005540   Section        0  rt_cmsis.o(i.rt_timer_remove)
    rt_timer_remove                          0x00005541   Thumb Code    62  rt_cmsis.o(i.rt_timer_remove)
    i.rt_tsk_create                          0x00005584   Section        0  rt_task.o(i.rt_tsk_create)
    i.rt_tsk_delete                          0x000055fc   Section        0  rt_task.o(i.rt_tsk_delete)
    i.rt_tsk_prio                            0x00005754   Section        0  rt_task.o(i.rt_tsk_prio)
    i.rt_tsk_self                            0x000057d4   Section        0  rt_task.o(i.rt_tsk_self)
    i.svcDelay                               0x000057e4   Section        0  rt_cmsis.o(i.svcDelay)
    i.svcKernelInitialize                    0x000057f8   Section        0  rt_cmsis.o(i.svcKernelInitialize)
    i.svcKernelStart                         0x00005870   Section        0  rt_cmsis.o(i.svcKernelStart)
    i.svcMessageCreate                       0x000058bc   Section        0  rt_cmsis.o(i.svcMessageCreate)
    i.svcMessageGet                          0x000058e6   Section        0  rt_cmsis.o(i.svcMessageGet)
    i.svcMutexCreate                         0x00005922   Section        0  rt_cmsis.o(i.svcMutexCreate)
    i.svcMutexRelease                        0x00005942   Section        0  rt_cmsis.o(i.svcMutexRelease)
    i.svcMutexWait                           0x00005966   Section        0  rt_cmsis.o(i.svcMutexWait)
    i.svcThreadCreate                        0x000059a4   Section        0  rt_cmsis.o(i.svcThreadCreate)
    i.svcThreadGetId                         0x00005a18   Section        0  rt_cmsis.o(i.svcThreadGetId)
    i.svcThreadTerminate                     0x00005a34   Section        0  rt_cmsis.o(i.svcThreadTerminate)
    i.svcTimerCall                           0x00005a70   Section        0  rt_cmsis.o(i.svcTimerCall)
    i.svcTimerCreate                         0x00005a8c   Section        0  rt_cmsis.o(i.svcTimerCreate)
    i.svcTimerStart                          0x00005acc   Section        0  rt_cmsis.o(i.svcTimerStart)
    i.sysTimerTick                           0x00005b38   Section        0  rt_cmsis.o(i.sysTimerTick)
    .constdata                               0x00005b90   Section       32  thread.o(.constdata)
    .constdata                               0x00005bb0   Section       16  timer.o(.constdata)
    .constdata                               0x00005bc0   Section       12  main.o(.constdata)
    .constdata                               0x00005bcc   Section       16  clk.o(.constdata)
    .constdata                               0x00005bdc   Section       48  uart.o(.constdata)
    .constdata                               0x00005c0c   Section      104  rtx_conf_cm.o(.constdata)
    __tagsym$$used                           0x00005c28   Number         0  rtx_conf_cm.o(.constdata)
    __tagsym$$used                           0x00005c2c   Number         0  rtx_conf_cm.o(.constdata)
    __tagsym$$used                           0x00005c30   Number         0  rtx_conf_cm.o(.constdata)
    __tagsym$$used                           0x00005c34   Number         0  rtx_conf_cm.o(.constdata)
    .constdata                               0x00005c74   Section      129  ctype_o.o(.constdata)
    .constdata                               0x00005cf8   Section        4  ctype_o.o(.constdata)
    table                                    0x00005cf8   Data           4  ctype_o.o(.constdata)
    .conststring                             0x00005cfc   Section       90  thread.o(.conststring)
    .conststring                             0x00005d58   Section       28  main.o(.conststring)
    .data                                    0x20000000   Section        8  system_nano100series.o(.data)
    .data                                    0x20000008   Section        8  thread.o(.data)
    .data                                    0x20000010   Section       20  timer.o(.data)
    id1                                      0x20000014   Data           4  timer.o(.data)
    exec1                                    0x20000018   Data           4  timer.o(.data)
    id2                                      0x2000001c   Data           4  timer.o(.data)
    exec2                                    0x20000020   Data           4  timer.o(.data)
    .data                                    0x20000024   Section      128  main.o(.data)
    s_I2CHandlerFn                           0x2000003c   Data           4  main.o(.data)
    .data                                    0x200000a4   Section        8  retarget.o(.data)
    .data                                    0x200000ac   Section       16  rtx_conf_cm.o(.data)
    .data                                    0x200000bc   Section        8  rt_cmsis.o(.data)
    .data                                    0x200000c4   Section        8  rt_task.o(.data)
    .data                                    0x200000cc   Section        8  rt_system.o(.data)
    os_lock                                  0x200000cc   Data           1  rt_system.o(.data)
    os_psh_flag                              0x200000cd   Data           1  rt_system.o(.data)
    pend_flags                               0x200000ce   Data           1  rt_system.o(.data)
    .data                                    0x200000d4   Section        4  rt_time.o(.data)
    .data                                    0x200000d8   Section        8  rt_robin.o(.data)
    .data                                    0x200000e0   Section        4  errno.o(.data)
    _errno                                   0x200000e0   Data           4  errno.o(.data)
    .bss                                     0x200000e4   Section      120  thread.o(.bss)
    .bss                                     0x2000015c   Section       48  timer.o(.bss)
    os_timer_cb_Timer1                       0x2000015c   Data          24  timer.o(.bss)
    os_timer_cb_Timer2                       0x20000174   Data          24  timer.o(.bss)
    .bss                                     0x2000018c   Section     4291  main.o(.bss)
    .bss                                     0x20001250   Section     9364  rtx_conf_cm.o(.bss)
    .bss                                     0x200036e4   Section       52  rt_task.o(.bss)
    .bss                                     0x20003718   Section       48  rt_list.o(.bss)
    STACK                                    0x20003748   Section     1280  startup_nano100series.o(STACK)

    Global Symbols

    Symbol Name                              Value     Ov Type        Size  Object(Section)

    BuildAttributes$$THM_ISAv3M$S$PE$A:L22$X:L11$S22$IEEE1$IW$USESV6$~STKCKD$USESV7$~SHL$OTIME$ROPI$EBA8$MICROLIB$REQ8$PRES8$EABIv2 0x00000000   Number         0  anon$$obj.o ABSOLUTE
    __ARM_use_no_argv                        0x00000000   Number         0  main.o ABSOLUTE
    __Vectors                                0x00000000   Data           4  startup_nano100series.o(RESET)
    _printf_a                                0x00000000   Number         0  stubs.o ABSOLUTE
    _printf_c                                0x00000000   Number         0  stubs.o ABSOLUTE
    _printf_charcount                        0x00000000   Number         0  stubs.o ABSOLUTE
    _printf_d                                0x00000000   Number         0  stubs.o ABSOLUTE
    _printf_e                                0x00000000   Number         0  stubs.o ABSOLUTE
    _printf_f                                0x00000000   Number         0  stubs.o ABSOLUTE
    _printf_flags                            0x00000000   Number         0  stubs.o ABSOLUTE
    _printf_fp_dec                           0x00000000   Number         0  stubs.o ABSOLUTE
    _printf_fp_hex                           0x00000000   Number         0  stubs.o ABSOLUTE
    _printf_g                                0x00000000   Number         0  stubs.o ABSOLUTE
    _printf_i                                0x00000000   Number         0  stubs.o ABSOLUTE
    _printf_int_dec                          0x00000000   Number         0  stubs.o ABSOLUTE
    _printf_l                                0x00000000   Number         0  stubs.o ABSOLUTE
    _printf_lc                               0x00000000   Number         0  stubs.o ABSOLUTE
    _printf_ll                               0x00000000   Number         0  stubs.o ABSOLUTE
    _printf_lld                              0x00000000   Number         0  stubs.o ABSOLUTE
    _printf_lli                              0x00000000   Number         0  stubs.o ABSOLUTE
    _printf_llo                              0x00000000   Number         0  stubs.o ABSOLUTE
    _printf_llu                              0x00000000   Number         0  stubs.o ABSOLUTE
    _printf_llx                              0x00000000   Number         0  stubs.o ABSOLUTE
    _printf_longlong_dec                     0x00000000   Number         0  stubs.o ABSOLUTE
    _printf_longlong_hex                     0x00000000   Number         0  stubs.o ABSOLUTE
    _printf_longlong_oct                     0x00000000   Number         0  stubs.o ABSOLUTE
    _printf_ls                               0x00000000   Number         0  stubs.o ABSOLUTE
    _printf_mbtowc                           0x00000000   Number         0  stubs.o ABSOLUTE
    _printf_n                                0x00000000   Number         0  stubs.o ABSOLUTE
    _printf_o                                0x00000000   Number         0  stubs.o ABSOLUTE
    _printf_p                                0x00000000   Number         0  stubs.o ABSOLUTE
    _printf_percent                          0x00000000   Number         0  stubs.o ABSOLUTE
    _printf_pre_padding                      0x00000000   Number         0  stubs.o ABSOLUTE
    _printf_return_value                     0x00000000   Number         0  stubs.o ABSOLUTE
    _printf_s                                0x00000000   Number         0  stubs.o ABSOLUTE
    _printf_sizespec                         0x00000000   Number         0  stubs.o ABSOLUTE
    _printf_str                              0x00000000   Number         0  stubs.o ABSOLUTE
    _printf_truncate_signed                  0x00000000   Number         0  stubs.o ABSOLUTE
    _printf_truncate_unsigned                0x00000000   Number         0  stubs.o ABSOLUTE
    _printf_u                                0x00000000   Number         0  stubs.o ABSOLUTE
    _printf_wc                               0x00000000   Number         0  stubs.o ABSOLUTE
    _printf_wctomb                           0x00000000   Number         0  stubs.o ABSOLUTE
    _printf_widthprec                        0x00000000   Number         0  stubs.o ABSOLUTE
    _printf_x                                0x00000000   Number         0  stubs.o ABSOLUTE
    __cpp_initialize__aeabi_                  - Undefined Weak Reference
    __cxa_finalize                            - Undefined Weak Reference
    __decompress                              - Undefined Weak Reference
    _clock_init                               - Undefined Weak Reference
    _microlib_exit                            - Undefined Weak Reference
    __main                                   0x000000c1   Thumb Code     0  entry.o(.ARM.Collect$$$$00000000)
    _main_stk                                0x000000c1   Thumb Code     0  entry2.o(.ARM.Collect$$$$00000001)
    _main_scatterload                        0x000000c5   Thumb Code     0  entry5.o(.ARM.Collect$$$$00000004)
    __main_after_scatterload                 0x000000c9   Thumb Code     0  entry5.o(.ARM.Collect$$$$00000004)
    __rt_final_cpp                           0x000000c9   Thumb Code     0  entry10a.o(.ARM.Collect$$$$0000000D)
    __rt_final_exit                          0x000000c9   Thumb Code     0  entry11a.o(.ARM.Collect$$$$0000000F)
    _main_clock                              0x000000c9   Thumb Code     0  entry7b.o(.ARM.Collect$$$$00000008)
    _main_cpp_init                           0x000000c9   Thumb Code     0  entry8b.o(.ARM.Collect$$$$0000000A)
    _main_init                               0x000000c9   Thumb Code    18  rtx_conf_cm.o(.ARM.Collect$$$$000000FF)
    HardFault_Handler                        0x000000e5   Thumb Code    24  retarget.o(.emb_text)
    rt_set_PSP                               0x00000101   Thumb Code     6  hal_cm0.o(.emb_text)
    rt_get_PSP                               0x00000107   Thumb Code     6  hal_cm0.o(.emb_text)
    os_set_env                               0x0000010d   Thumb Code    32  hal_cm0.o(.emb_text)
    _alloc_box                               0x00000131   Thumb Code    28  hal_cm0.o(.emb_text)
    _free_box                                0x00000151   Thumb Code    28  hal_cm0.o(.emb_text)
    SVC_Handler                              0x00000171   Thumb Code   136  hal_cm0.o(.emb_text)
    PendSV_Handler                           0x00000205   Thumb Code    72  hal_cm0.o(.emb_text)
    SysTick_Handler                          0x00000251   Thumb Code     8  hal_cm0.o(.emb_text)
    OS_Tick_Handler                          0x00000259   Thumb Code    12  hal_cm0.o(.emb_text)
    SysGet_PLLClockFreq                      0x00000265   Thumb Code   120  system_nano100series.o(.text)
    SysGet_HCLKFreq                          0x000002dd   Thumb Code    68  system_nano100series.o(.text)
    SystemCoreClockUpdate                    0x00000321   Thumb Code    30  system_nano100series.o(.text)
    Reset_Handler                            0x00000359   Thumb Code    28  startup_nano100series.o(.text)
    NMI_Handler                              0x00000375   Thumb Code     2  startup_nano100series.o(.text)
    ADC_IRQHandler                           0x0000037f   Thumb Code     0  startup_nano100series.o(.text)
    BOD_IRQHandler                           0x0000037f   Thumb Code     0  startup_nano100series.o(.text)
    DAC_IRQHandler                           0x0000037f   Thumb Code     0  startup_nano100series.o(.text)
    EINT0_IRQHandler                         0x0000037f   Thumb Code     0  startup_nano100series.o(.text)
    EINT1_IRQHandler                         0x0000037f   Thumb Code     0  startup_nano100series.o(.text)
    GPABC_IRQHandler                         0x0000037f   Thumb Code     0  startup_nano100series.o(.text)
    GPDEF_IRQHandler                         0x0000037f   Thumb Code     0  startup_nano100series.o(.text)
    HIRC_IRQHandler                          0x0000037f   Thumb Code     0  startup_nano100series.o(.text)
    I2C0_IRQHandler                          0x0000037f   Thumb Code     0  startup_nano100series.o(.text)
    I2S_IRQHandler                           0x0000037f   Thumb Code     0  startup_nano100series.o(.text)
    LCD_IRQHandler                           0x0000037f   Thumb Code     0  startup_nano100series.o(.text)
    PDMA_IRQHandler                          0x0000037f   Thumb Code     0  startup_nano100series.o(.text)
    PDWU_IRQHandler                          0x0000037f   Thumb Code     0  startup_nano100series.o(.text)
    PWM0_IRQHandler                          0x0000037f   Thumb Code     0  startup_nano100series.o(.text)
    PWM1_IRQHandler                          0x0000037f   Thumb Code     0  startup_nano100series.o(.text)
    RTC_IRQHandler                           0x0000037f   Thumb Code     0  startup_nano100series.o(.text)
    SC0_IRQHandler                           0x0000037f   Thumb Code     0  startup_nano100series.o(.text)
    SC1_IRQHandler                           0x0000037f   Thumb Code     0  startup_nano100series.o(.text)
    SC2_IRQHandler                           0x0000037f   Thumb Code     0  startup_nano100series.o(.text)
    SPI0_IRQHandler                          0x0000037f   Thumb Code     0  startup_nano100series.o(.text)
    SPI1_IRQHandler                          0x0000037f   Thumb Code     0  startup_nano100series.o(.text)
    SPI2_IRQHandler                          0x0000037f   Thumb Code     0  startup_nano100series.o(.text)
    TMR0_IRQHandler                          0x0000037f   Thumb Code     0  startup_nano100series.o(.text)
    TMR1_IRQHandler                          0x0000037f   Thumb Code     0  startup_nano100series.o(.text)
    TMR2_IRQHandler                          0x0000037f   Thumb Code     0  startup_nano100series.o(.text)
    TMR3_IRQHandler                          0x0000037f   Thumb Code     0  startup_nano100series.o(.text)
    USBD_IRQHandler                          0x0000037f   Thumb Code     0  startup_nano100series.o(.text)
    fileclose                                0x0000039d   Thumb Code    38  thread.o(.text)
    remove_all_chars                         0x000003c3   Thumb Code    66  thread.o(.text)
    Save_FS                                  0x00000405   Thumb Code   224  thread.o(.text)
    __RL_RTX_VER                             0x00000482   Number         0  rt_system.o ABSOLUTE
    Init_Thread                              0x000004e5   Thumb Code    54  thread.o(.text)
    Thread                                   0x0000051b   Thumb Code    62  thread.o(.text)
    Thread1                                  0x00000559   Thumb Code   304  thread.o(.text)
    actgprs                                  0x00000689   Thumb Code   108  thread.o(.text)
    Init_Timers                              0x0000095f   Thumb Code    90  timer.o(.text)
    WDT_IRQHandler                           0x000009ef   Thumb Code    20  main.o(.text)
    clear                                    0x00000a03   Thumb Code    36  main.o(.text)
    SendAT                                   0x00000a27   Thumb Code   188  main.o(.text)
    main                                     0x00000ae3   Thumb Code   464  main.o(.text)
    UART1_IRQHandler                         0x00000cb3   Thumb Code     2  main.o(.text)
    UART0_IRQHandler                         0x00000cb5   Thumb Code    38  main.o(.text)
    SavePinSetting                           0x00000cdb   Thumb Code   140  main.o(.text)
    RestorePinSetting                        0x00000d67   Thumb Code   382  main.o(.text)
    Enter_PowerDown                          0x00000ee5   Thumb Code   108  main.o(.text)
    Leave_PowerDown                          0x00000f51   Thumb Code    44  main.o(.text)
    SendAT1                                  0x00000f7d   Thumb Code   162  main.o(.text)
    cpinquerry                               0x0000101f   Thumb Code   192  main.o(.text)
    cregquerry                               0x000010df   Thumb Code   240  main.o(.text)
    SendAT_FS                                0x000011cf   Thumb Code   188  main.o(.text)
    SendAT_GPS_WO_MUTEX                      0x0000128b   Thumb Code   766  main.o(.text)
    TCP_Send_ch                              0x00001589   Thumb Code  1248  main.o(.text)
    TCP_Send                                 0x00001a69   Thumb Code   528  main.o(.text)
    SendAT_GPS                               0x00001c79   Thumb Code   760  main.o(.text)
    I2C1_IRQHandler                          0x00001f71   Thumb Code    16  main.o(.text)
    I2C_MasterRx                             0x00001f81   Thumb Code   266  main.o(.text)
    I2C_MasterTx                             0x0000208b   Thumb Code   350  main.o(.text)
    I2C_Write                                0x000021e9   Thumb Code   136  main.o(.text)
    I2C_Read                                 0x00002271   Thumb Code   206  main.o(.text)
    CLK_DisableCKO                           0x00002369   Thumb Code    14  clk.o(.text)
    CLK_EnableCKO                            0x00002377   Thumb Code    36  clk.o(.text)
    CLK_PowerDown                            0x0000239b   Thumb Code    22  clk.o(.text)
    CLK_Idle                                 0x000023b1   Thumb Code    16  clk.o(.text)
    CLK_GetHXTFreq                           0x000023c1   Thumb Code    20  clk.o(.text)
    CLK_GetLXTFreq                           0x000023d5   Thumb Code    20  clk.o(.text)
    CLK_GetHCLKFreq                          0x000023e9   Thumb Code    12  clk.o(.text)
    CLK_GetCPUFreq                           0x000023f5   Thumb Code    12  clk.o(.text)
    CLK_GetPLLClockFreq                      0x00002401   Thumb Code   120  clk.o(.text)
    CLK_WaitClockReady                       0x00002479   Thumb Code    32  clk.o(.text)
    CLK_SetHCLK                              0x00002499   Thumb Code    94  clk.o(.text)
    CLK_EnablePLL                            0x000024f7   Thumb Code   200  clk.o(.text)
    CLK_EnableXtalRC                         0x000025bf   Thumb Code    72  clk.o(.text)
    CLK_SetCoreClock                         0x00002607   Thumb Code   128  clk.o(.text)
    CLK_SetModuleClock                       0x00002687   Thumb Code    96  clk.o(.text)
    CLK_DisableXtalRC                        0x000026e7   Thumb Code    12  clk.o(.text)
    CLK_EnableModuleClock                    0x000026f3   Thumb Code    32  clk.o(.text)
    CLK_DisableModuleClock                   0x00002713   Thumb Code    32  clk.o(.text)
    CLK_DisablePLL                           0x00002733   Thumb Code    16  clk.o(.text)
    CLK_SysTickDelay                         0x00002743   Thumb Code    96  clk.o(.text)
    CLK_EnableSysTick                        0x000027a3   Thumb Code    60  clk.o(.text)
    CLK_DisableSysTick                       0x000027df   Thumb Code     8  clk.o(.text)
    GPIO_SetMode                             0x000027ed   Thumb Code    46  gpio.o(.text)
    GPIO_EnableInt                           0x0000281b   Thumb Code    26  gpio.o(.text)
    GPIO_DisableInt                          0x00002835   Thumb Code    22  gpio.o(.text)
    UART_ClearIntFlag                        0x00002851   Thumb Code   112  uart.o(.text)
    UART_Close                               0x000028c1   Thumb Code     6  uart.o(.text)
    UART_DisableFlowCtrl                     0x000028c7   Thumb Code    10  uart.o(.text)
    UART_DisableInt                          0x000028d1   Thumb Code     8  uart.o(.text)
    UART_EnableFlowCtrl                      0x000028d9   Thumb Code    18  uart.o(.text)
    UART_EnableInt                           0x000028eb   Thumb Code     8  uart.o(.text)
    UART_Open                                0x000028f3   Thumb Code   148  uart.o(.text)
    UART_Read                                0x00002987   Thumb Code    52  uart.o(.text)
    UART_SetLine_Config                      0x000029bb   Thumb Code   156  uart.o(.text)
    UART_SetTimeoutCnt                       0x00002a57   Thumb Code    20  uart.o(.text)
    UART_SelectIrDAMode                      0x00002a6b   Thumb Code   156  uart.o(.text)
    UART_SelectRS485Mode                     0x00002b07   Thumb Code    22  uart.o(.text)
    UART_SelectLINMode                       0x00002b1d   Thumb Code    34  uart.o(.text)
    UART_Write                               0x00002b3f   Thumb Code    54  uart.o(.text)
    stackDump                                0x00002b81   Thumb Code    70  retarget.o(.text)
    SendChar_To_UART1                        0x00002bc7   Thumb Code    48  retarget.o(.text)
    send_string_to_uart1                     0x00002bf7   Thumb Code    24  retarget.o(.text)
    Hard_Fault_Handler                       0x00002c0f   Thumb Code    54  retarget.o(.text)
    SendChar_ToUART                          0x00002c45   Thumb Code    48  retarget.o(.text)
    SendChar                                 0x00002c75   Thumb Code    12  retarget.o(.text)
    GetChar                                  0x00002c81   Thumb Code    24  retarget.o(.text)
    kbhit                                    0x00002c99   Thumb Code    12  retarget.o(.text)
    IsDebugFifoEmpty                         0x00002ca5   Thumb Code    14  retarget.o(.text)
    _ttywrch                                 0x00002cb3   Thumb Code    12  retarget.o(.text)
    fputc                                    0x00002cbf   Thumb Code    16  retarget.o(.text)
    fgetc                                    0x00002ccf   Thumb Code    10  retarget.o(.text)
    ferror                                   0x00002cd9   Thumb Code     8  retarget.o(.text)
    ADC_Open                                 0x00002d65   Thumb Code    58  adc.o(.text)
    ADC_Close                                0x00002d9f   Thumb Code    36  adc.o(.text)
    ADC_EnableHWTrigger                      0x00002dc3   Thumb Code    40  adc.o(.text)
    ADC_DisableHWTrigger                     0x00002deb   Thumb Code    16  adc.o(.text)
    ADC_EnableTimerTrigger                   0x00002dfb   Thumb Code    40  adc.o(.text)
    ADC_DisableTimerTrigger                  0x00002e23   Thumb Code    16  adc.o(.text)
    ADC_SetExtraSampleTime                   0x00002e33   Thumb Code    92  adc.o(.text)
    ADC_EnableInt                            0x00002e8f   Thumb Code    62  adc.o(.text)
    ADC_DisableInt                           0x00002ecd   Thumb Code    62  adc.o(.text)
    WWDT_Open                                0x00002f15   Thumb Code    20  wwdt.o(.text)
    I2C_Open                                 0x00002f2d   Thumb Code    58  i2c.o(.text)
    I2C_Close                                0x00002f67   Thumb Code    82  i2c.o(.text)
    I2C_ClearTimeoutFlag                     0x00002fb9   Thumb Code    10  i2c.o(.text)
    I2C_Trigger                              0x00002fc3   Thumb Code    56  i2c.o(.text)
    I2C_DisableInt                           0x00002ffb   Thumb Code    10  i2c.o(.text)
    I2C_EnableInt                            0x00003005   Thumb Code    10  i2c.o(.text)
    I2C_GetBusClockFreq                      0x0000300f   Thumb Code    20  i2c.o(.text)
    I2C_SetBusClockFreq                      0x00003023   Thumb Code    50  i2c.o(.text)
    I2C_GetIntFlag                           0x00003055   Thumb Code    16  i2c.o(.text)
    I2C_ClearIntFlag                         0x00003065   Thumb Code    10  i2c.o(.text)
    I2C_GetStatus                            0x0000306f   Thumb Code     6  i2c.o(.text)
    I2C_GetData                              0x00003075   Thumb Code     6  i2c.o(.text)
    I2C_SetData                              0x0000307b   Thumb Code     4  i2c.o(.text)
    I2C_SetSlaveAddr                         0x0000307f   Thumb Code    32  i2c.o(.text)
    I2C_SetSlaveAddrMask                     0x0000309f   Thumb Code    26  i2c.o(.text)
    I2C_EnableTimeout                        0x000030b9   Thumb Code    32  i2c.o(.text)
    I2C_DisableTimeout                       0x000030d9   Thumb Code    10  i2c.o(.text)
    I2C_EnableWakeup                         0x000030e3   Thumb Code    10  i2c.o(.text)
    I2C_DisableWakeup                        0x000030ed   Thumb Code    10  i2c.o(.text)
    os_idle_demon                            0x00003101   Thumb Code     4  rtx_conf_cm.o(.text)
    os_error                                 0x00003105   Thumb Code    40  rtx_conf_cm.o(.text)
    __aeabi_uidiv                            0x0000312d   Thumb Code     0  uidiv.o(.text)
    __aeabi_uidivmod                         0x0000312d   Thumb Code    44  uidiv.o(.text)
    __aeabi_idiv                             0x00003159   Thumb Code     0  idiv.o(.text)
    __aeabi_idivmod                          0x00003159   Thumb Code    40  idiv.o(.text)
    __aeabi_uldivmod                         0x00003181   Thumb Code    96  uldiv.o(.text)
    __aeabi_memset                           0x000031e1   Thumb Code    14  memseta.o(.text)
    __aeabi_memset4                          0x000031e1   Thumb Code     0  memseta.o(.text)
    __aeabi_memset8                          0x000031e1   Thumb Code     0  memseta.o(.text)
    __aeabi_memclr                           0x000031ef   Thumb Code     4  memseta.o(.text)
    __aeabi_memclr4                          0x000031ef   Thumb Code     0  memseta.o(.text)
    __aeabi_memclr8                          0x000031ef   Thumb Code     0  memseta.o(.text)
    _memset$wrapper                          0x000031f3   Thumb Code    18  memseta.o(.text)
    strcat                                   0x00003205   Thumb Code    24  strcat.o(.text)
    strstr                                   0x0000321d   Thumb Code    40  strstr.o(.text)
    strlen                                   0x00003245   Thumb Code    14  strlen.o(.text)
    atoi                                     0x00003253   Thumb Code    26  atoi.o(.text)
    __aeabi_dmul                             0x0000326d   Thumb Code   202  dmul.o(.text)
    __aeabi_ddiv                             0x0000333d   Thumb Code   234  ddiv.o(.text)
    __aeabi_ui2f                             0x0000342d   Thumb Code    14  ffltui.o(.text)
    __aeabi_f2d                              0x0000343b   Thumb Code    40  f2d.o(.text)
    __aeabi_cdcmpeq                          0x00003465   Thumb Code     0  cdcmple.o(.text)
    __aeabi_cdcmple                          0x00003465   Thumb Code    38  cdcmple.o(.text)
    __aeabi_cdrcmple                         0x0000348d   Thumb Code    38  cdrcmple.o(.text)
    __aeabi_d2f                              0x000034b5   Thumb Code    56  d2f.o(.text)
    __aeabi_llsl                             0x000034ed   Thumb Code    32  llshl.o(.text)
    _ll_shift_l                              0x000034ed   Thumb Code     0  llshl.o(.text)
    __aeabi_llsr                             0x0000350d   Thumb Code    34  llushr.o(.text)
    _ll_ushift_r                             0x0000350d   Thumb Code     0  llushr.o(.text)
    strtol                                   0x00003531   Thumb Code   108  strtol.o(.text)
    __I$use$fp                               0x000035a1   Thumb Code     0  iusefp.o(.text)
    _float_round                             0x000035a1   Thumb Code    16  fepilogue.o(.text)
    _float_epilogue                          0x000035b1   Thumb Code   114  fepilogue.o(.text)
    _double_round                            0x00003623   Thumb Code    26  depilogue.o(.text)
    _double_epilogue                         0x0000363d   Thumb Code   164  depilogue.o(.text)
    __aeabi_dadd                             0x000036e1   Thumb Code   328  dadd.o(.text)
    __aeabi_dsub                             0x00003829   Thumb Code    12  dadd.o(.text)
    __aeabi_drsub                            0x00003835   Thumb Code    12  dadd.o(.text)
    __aeabi_d2ulz                            0x00003845   Thumb Code    54  dfixul.o(.text)
    __scatterload                            0x00003885   Thumb Code    28  init.o(.text)
    __scatterload_rt2                        0x00003885   Thumb Code     0  init.o(.text)
    __aeabi_lasr                             0x000038a9   Thumb Code    38  llsshr.o(.text)
    _ll_sshift_r                             0x000038a9   Thumb Code     0  llsshr.o(.text)
    __rt_ctype_table                         0x000038d1   Thumb Code     4  ctype_o.o(.text)
    _strtoul                                 0x000038d9   Thumb Code   166  _strtoul.o(.text)
    _chval                                   0x0000397f   Thumb Code    30  _chval.o(.text)
    SVC_Count                                0x0000399c   Data           4  svc_table.o(SVC_TABLE)
    SVC_Table                                0x000039a0   Data           0  svc_table.o(SVC_TABLE)
    SYS_Init                                 0x000039a1   Thumb Code   300  main.o(i.SYS_Init)
    __0printf                                0x00003ae5   Thumb Code    24  printfa.o(i.__0printf)
    __1printf                                0x00003ae5   Thumb Code     0  printfa.o(i.__0printf)
    __2printf                                0x00003ae5   Thumb Code     0  printfa.o(i.__0printf)
    __c89printf                              0x00003ae5   Thumb Code     0  printfa.o(i.__0printf)
    printf                                   0x00003ae5   Thumb Code     0  printfa.o(i.__0printf)
    __0sprintf                               0x00003b05   Thumb Code    36  printfa.o(i.__0sprintf)
    __1sprintf                               0x00003b05   Thumb Code     0  printfa.o(i.__0sprintf)
    __2sprintf                               0x00003b05   Thumb Code     0  printfa.o(i.__0sprintf)
    __c89sprintf                             0x00003b05   Thumb Code     0  printfa.o(i.__0sprintf)
    sprintf                                  0x00003b05   Thumb Code     0  printfa.o(i.__0sprintf)
    __ARM_clz                                0x00003b2d   Thumb Code    46  depilogue.o(i.__ARM_clz)
    __ARM_common_ll_muluu                    0x00003b5b   Thumb Code    48  rt_cmsis.o(i.__ARM_common_ll_muluu)
    __aeabi_errno_addr                       0x00003b8d   Thumb Code     4  errno.o(i.__aeabi_errno_addr)
    __rt_errno_addr                          0x00003b8d   Thumb Code     0  errno.o(i.__aeabi_errno_addr)
    __scatterload_copy                       0x00003b95   Thumb Code    14  handlers.o(i.__scatterload_copy)
    __scatterload_null                       0x00003ba3   Thumb Code     2  handlers.o(i.__scatterload_null)
    __scatterload_zeroinit                   0x00003ba5   Thumb Code    14  handlers.o(i.__scatterload_zeroinit)
    _init_box                                0x00003d0d   Thumb Code    72  rt_membox.o(i._init_box)
    batteryind                               0x00004499   Thumb Code   294  timer.o(i.batteryind)
    checkallnumsinstring                     0x000045e5   Thumb Code    50  main.o(i.checkallnumsinstring)
    fileopen                                 0x00004619   Thumb Code   124  thread.o(i.fileopen)
    isrMessageGet                            0x000046bd   Thumb Code    46  rt_cmsis.o(i.isrMessageGet)
    isrMessagePut                            0x000046eb   Thumb Code    48  rt_cmsis.o(i.isrMessagePut)
    isr_mbx_receive                          0x0000471b   Thumb Code    76  rt_mailbox.o(i.isr_mbx_receive)
    isr_mbx_send                             0x00004767   Thumb Code    12  rt_mailbox.o(i.isr_mbx_send)
    manualdelay                              0x00004775   Thumb Code    24  thread.o(i.manualdelay)
    osDelay                                  0x00004791   Thumb Code    22  rt_cmsis.o(i.osDelay)
    osKernelInitialize                       0x000047ad   Thumb Code    36  rt_cmsis.o(i.osKernelInitialize)
    osKernelStart                            0x000047d5   Thumb Code   100  rt_cmsis.o(i.osKernelStart)
    osMessageGet                             0x00004841   Thumb Code    24  rt_cmsis.o(i.osMessageGet)
    osMutexCreate                            0x0000485d   Thumb Code    44  rt_cmsis.o(i.osMutexCreate)
    osMutexRelease                           0x00004891   Thumb Code    22  rt_cmsis.o(i.osMutexRelease)
    osMutexWait                              0x000048ad   Thumb Code    22  rt_cmsis.o(i.osMutexWait)
    osThreadCreate                           0x000048c9   Thumb Code    44  rt_cmsis.o(i.osThreadCreate)
    osThreadExit                             0x000048fd   Thumb Code    14  rt_cmsis.o(i.osThreadExit)
    osTimerCall                              0x00004915   Thumb Code    10  rt_cmsis.o(i.osTimerCall)
    osTimerCreate                            0x00004925   Thumb Code    44  rt_cmsis.o(i.osTimerCreate)
    osTimerStart                             0x00004959   Thumb Code    22  rt_cmsis.o(i.osTimerStart)
    osTimerThread                            0x00004975   Thumb Code    38  rt_cmsis.o(i.osTimerThread)
    os_tick_init                             0x000049a1   Thumb Code    32  rt_system.o(i.os_tick_init)
    os_tick_irqack                           0x000049cd   Thumb Code     2  rt_system.o(i.os_tick_irqack)
    parse_g                                  0x000049d1   Thumb Code   128  main.o(i.parse_g)
    rt_alloc_box                             0x00004a55   Thumb Code    30  rt_membox.o(i.rt_alloc_box)
    rt_alloc_mem                             0x00004a73   Thumb Code    66  rt_memory.o(i.rt_alloc_mem)
    rt_block                                 0x00004ab5   Thumb Code    42  rt_task.o(i.rt_block)
    rt_chk_robin                             0x00004aed   Thumb Code    56  rt_robin.o(i.rt_chk_robin)
    rt_dec_dly                               0x00004b31   Thumb Code   108  rt_list.o(i.rt_dec_dly)
    rt_dispatch                              0x00004ba5   Thumb Code    56  rt_task.o(i.rt_dispatch)
    rt_dly_wait                              0x00004be5   Thumb Code    10  rt_time.o(i.rt_dly_wait)
    rt_evt_psh                               0x00004bf1   Thumb Code    74  rt_event.o(i.rt_evt_psh)
    rt_free_box                              0x00004c41   Thumb Code    38  rt_membox.o(i.rt_free_box)
    rt_free_mem                              0x00004c67   Thumb Code    48  rt_memory.o(i.rt_free_mem)
    rt_get_first                             0x00004c97   Thumb Code    42  rt_list.o(i.rt_get_first)
    rt_init_mem                              0x00004d11   Thumb Code    28  rt_memory.o(i.rt_init_mem)
    rt_init_robin                            0x00004d2d   Thumb Code    14  rt_robin.o(i.rt_init_robin)
    rt_init_stack                            0x00004d45   Thumb Code   106  hal_cm.o(i.rt_init_stack)
    rt_mbx_check                             0x00004dbd   Thumb Code     8  rt_mailbox.o(i.rt_mbx_check)
    rt_mbx_init                              0x00004dc5   Thumb Code    30  rt_mailbox.o(i.rt_mbx_init)
    rt_mbx_psh                               0x00004de9   Thumb Code   204  rt_mailbox.o(i.rt_mbx_psh)
    rt_mbx_wait                              0x00004eb9   Thumb Code   170  rt_mailbox.o(i.rt_mbx_wait)
    rt_mut_init                              0x00004fad   Thumb Code    16  rt_mutex.o(i.rt_mut_init)
    rt_mut_release                           0x00004fbd   Thumb Code   206  rt_mutex.o(i.rt_mut_release)
    rt_mut_wait                              0x00005095   Thumb Code   118  rt_mutex.o(i.rt_mut_wait)
    rt_pop_req                               0x00005115   Thumb Code   100  rt_system.o(i.rt_pop_req)
    rt_psh_req                               0x00005185   Thumb Code    24  rt_system.o(i.rt_psh_req)
    rt_psq_enq                               0x000051a5   Thumb Code    60  rt_list.o(i.rt_psq_enq)
    rt_put_dly                               0x000051e5   Thumb Code    74  rt_list.o(i.rt_put_dly)
    rt_put_prio                              0x00005235   Thumb Code    60  rt_list.o(i.rt_put_prio)
    rt_put_rdy_first                         0x00005271   Thumb Code    14  rt_list.o(i.rt_put_rdy_first)
    rt_resort_prio                           0x00005285   Thumb Code    44  rt_list.o(i.rt_resort_prio)
    rt_ret_val                               0x000052b5   Thumb Code     6  hal_cm.o(i.rt_ret_val)
    rt_ret_val2                              0x000052bb   Thumb Code     8  hal_cm.o(i.rt_ret_val2)
    rt_rmv_dly                               0x000052c3   Thumb Code    42  rt_list.o(i.rt_rmv_dly)
    rt_rmv_list                              0x000052ed   Thumb Code    46  rt_list.o(i.rt_rmv_list)
    rt_sem_psh                               0x00005321   Thumb Code    48  rt_semaphore.o(i.rt_sem_psh)
    rt_stk_check                             0x00005355   Thumb Code    30  rt_system.o(i.rt_stk_check)
    rt_switch_req                            0x0000537d   Thumb Code    10  rt_task.o(i.rt_switch_req)
    rt_sys_init                              0x0000538d   Thumb Code   134  rt_task.o(i.rt_sys_init)
    rt_sys_start                             0x00005455   Thumb Code    82  rt_task.o(i.rt_sys_start)
    rt_systick                               0x000054b9   Thumb Code    48  rt_system.o(i.rt_systick)
    rt_tsk_create                            0x00005585   Thumb Code   106  rt_task.o(i.rt_tsk_create)
    rt_tsk_delete                            0x000055fd   Thumb Code   318  rt_task.o(i.rt_tsk_delete)
    rt_tsk_prio                              0x00005755   Thumb Code   112  rt_task.o(i.rt_tsk_prio)
    rt_tsk_self                              0x000057d5   Thumb Code    12  rt_task.o(i.rt_tsk_self)
    svcDelay                                 0x000057e5   Thumb Code    18  rt_cmsis.o(i.svcDelay)
    svcKernelInitialize                      0x000057f9   Thumb Code    86  rt_cmsis.o(i.svcKernelInitialize)
    svcKernelStart                           0x00005871   Thumb Code    66  rt_cmsis.o(i.svcKernelStart)
    svcMessageCreate                         0x000058bd   Thumb Code    42  rt_cmsis.o(i.svcMessageCreate)
    svcMessageGet                            0x000058e7   Thumb Code    60  rt_cmsis.o(i.svcMessageGet)
    svcMutexCreate                           0x00005923   Thumb Code    32  rt_cmsis.o(i.svcMutexCreate)
    svcMutexRelease                          0x00005943   Thumb Code    36  rt_cmsis.o(i.svcMutexRelease)
    svcMutexWait                             0x00005967   Thumb Code    60  rt_cmsis.o(i.svcMutexWait)
    svcThreadCreate                          0x000059a5   Thumb Code   102  rt_cmsis.o(i.svcThreadCreate)
    svcThreadGetId                           0x00005a19   Thumb Code    22  rt_cmsis.o(i.svcThreadGetId)
    svcThreadTerminate                       0x00005a35   Thumb Code    56  rt_cmsis.o(i.svcThreadTerminate)
    svcTimerCall                             0x00005a71   Thumb Code    28  rt_cmsis.o(i.svcTimerCall)
    svcTimerCreate                           0x00005a8d   Thumb Code    60  rt_cmsis.o(i.svcTimerCreate)
    svcTimerStart                            0x00005acd   Thumb Code   104  rt_cmsis.o(i.svcTimerStart)
    sysTimerTick                             0x00005b39   Thumb Code    78  rt_cmsis.o(i.sysTimerTick)
    os_thread_def_Thread                     0x00005b90   Data          16  thread.o(.constdata)
    os_thread_def_Thread1                    0x00005ba0   Data          16  thread.o(.constdata)
    os_timer_def_Timer1                      0x00005bb0   Data           8  timer.o(.constdata)
    os_timer_def_Timer2                      0x00005bb8   Data           8  timer.o(.constdata)
    os_mutex_def_uart_mutex                  0x00005bc0   Data           4  main.o(.constdata)
    os_mutex_def_tcp_mutex                   0x00005bc4   Data           4  main.o(.constdata)
    os_mutex_def_fs_mutex                    0x00005bc8   Data           4  main.o(.constdata)
    os_maxtaskrun                            0x00005c0c   Data           2  rtx_conf_cm.o(.constdata)
    os_stackinfo                             0x00005c10   Data           4  rtx_conf_cm.o(.constdata)
    os_rrobin                                0x00005c14   Data           4  rtx_conf_cm.o(.constdata)
    os_tickfreq                              0x00005c18   Data           4  rtx_conf_cm.o(.constdata)
    os_tickus_i                              0x00005c1c   Data           2  rtx_conf_cm.o(.constdata)
    os_tickus_f                              0x00005c1e   Data           2  rtx_conf_cm.o(.constdata)
    os_trv                                   0x00005c20   Data           4  rtx_conf_cm.o(.constdata)
    os_flags                                 0x00005c24   Data           1  rtx_conf_cm.o(.constdata)
    CMSIS_RTOS_API_Version                   0x00005c28   Data           4  rtx_conf_cm.o(.constdata)
    CMSIS_RTOS_RTX_Version                   0x00005c2c   Data           4  rtx_conf_cm.o(.constdata)
    os_clockrate                             0x00005c30   Data           4  rtx_conf_cm.o(.constdata)
    os_timernum                              0x00005c34   Data           4  rtx_conf_cm.o(.constdata)
    mp_tcb_size                              0x00005c38   Data           2  rtx_conf_cm.o(.constdata)
    mp_stk_size                              0x00005c3c   Data           4  rtx_conf_cm.o(.constdata)
    os_stack_sz                              0x00005c40   Data           4  rtx_conf_cm.o(.constdata)
    os_fifo_size                             0x00005c44   Data           1  rtx_conf_cm.o(.constdata)
    os_thread_def_osTimerThread              0x00005c48   Data          16  rtx_conf_cm.o(.constdata)
    os_messageQ_def_osTimerMessageQ          0x00005c58   Data           8  rtx_conf_cm.o(.constdata)
    mp_tmr_size                              0x00005c60   Data           2  rtx_conf_cm.o(.constdata)
    os_thread_def_main                       0x00005c64   Data          16  rtx_conf_cm.o(.constdata)
    __ctype_table                            0x00005c74   Data         129  ctype_o.o(.constdata)
    Region$$Table$$Base                      0x00005d74   Number         0  anon$$obj.o(Region$$Table)
    Region$$Table$$Limit                     0x00005d94   Number         0  anon$$obj.o(Region$$Table)
    SystemCoreClock                          0x20000000   Data           4  system_nano100series.o(.data)
    CyclesPerUs                              0x20000004   Data           4  system_nano100series.o(.data)
    tid_Thread                               0x20000008   Data           4  thread.o(.data)
    tid_Thread1                              0x2000000c   Data           4  thread.o(.data)
    time                                     0x20000010   Data           1  timer.o(.data)
    uart_mutex_id                            0x20000024   Data           4  main.o(.data)
    tcp_mutex_id                             0x20000028   Data           4  main.o(.data)
    fs_mutex_id                              0x2000002c   Data           4  main.o(.data)
    g_u8DeviceAddr                           0x20000030   Data           1  main.o(.data)
    u32Status                                0x20000034   Data           4  main.o(.data)
    g_au8TxData                              0x20000038   Data           1  main.o(.data)
    g_u8RxData                               0x20000039   Data           1  main.o(.data)
    g_u8DataLen                              0x2000003a   Data           1  main.o(.data)
    g_u8EndFlag                              0x2000003b   Data           1  main.o(.data)
    inc                                      0x20000040   Data           4  main.o(.data)
    u8InChar                                 0x20000044   Data           1  main.o(.data)
    g_u8RecDataptr                           0x20000048   Data           4  main.o(.data)
    timer0ticks                              0x2000004c   Data           4  main.o(.data)
    tmr0sec                                  0x20000050   Data           4  main.o(.data)
    u32ADC0Result                            0x20000054   Data           4  main.o(.data)
    u32ADC0Result1                           0x20000058   Data           4  main.o(.data)
    charging                                 0x2000005c   Data           1  main.o(.data)
    cpinready                                0x2000005d   Data           1  main.o(.data)
    cregready                                0x2000005e   Data           1  main.o(.data)
    seeker                                   0x20000060   Data           4  main.o(.data)
    breaker                                  0x20000064   Data           4  main.o(.data)
    _Wakeup_Flag                             0x20000068   Data           4  main.o(.data)
    r1                                       0x2000006c   Data           4  main.o(.data)
    r2                                       0x20000070   Data           4  main.o(.data)
    r3                                       0x20000074   Data           4  main.o(.data)
    g_u32comRbytes                           0x20000078   Data           4  main.o(.data)
    g_u32comRhead                            0x2000007c   Data           4  main.o(.data)
    g_u32comRtail                            0x20000080   Data           4  main.o(.data)
    g_bWait                                  0x20000084   Data           4  main.o(.data)
    u8ADF                                    0x20000088   Data           1  main.o(.data)
    mainla                                   0x20000089   Data           1  main.o(.data)
    th1la                                    0x2000008a   Data           1  main.o(.data)
    th2la                                    0x2000008b   Data           1  main.o(.data)
    OUT_P                                    0x2000008c   Data           2  main.o(.data)
    OUT_N                                    0x2000008e   Data           2  main.o(.data)
    motion                                   0x20000090   Data           4  main.o(.data)
    g_i32pointer                             0x20000094   Data           4  main.o(.data)
    network                                  0x20000098   Data           4  main.o(.data)
    imeiptr0                                 0x2000009c   Data           4  main.o(.data)
    imeiptr                                  0x200000a0   Data           4  main.o(.data)
    __stdout                                 0x200000a4   Data           4  retarget.o(.data)
    __stdin                                  0x200000a8   Data           4  retarget.o(.data)
    osThreadId_osTimerThread                 0x200000ac   Data           4  rtx_conf_cm.o(.data)
    osMessageQId_osTimerMessageQ             0x200000b0   Data           4  rtx_conf_cm.o(.data)
    os_tmr                                   0x200000b4   Data           4  rtx_conf_cm.o(.data)
    m_tmr                                    0x200000b8   Data           4  rtx_conf_cm.o(.data)
    os_initialized                           0x200000bc   Data           1  rt_cmsis.o(.data)
    os_running                               0x200000bd   Data           1  rt_cmsis.o(.data)
    os_timer_head                            0x200000c0   Data           4  rt_cmsis.o(.data)
    os_tsk                                   0x200000c4   Data           8  rt_task.o(.data)
    os_tick_irqn                             0x200000d0   Data           4  rt_system.o(.data)
    os_time                                  0x200000d4   Data           4  rt_time.o(.data)
    os_robin                                 0x200000d8   Data           8  rt_robin.o(.data)
    temp_fs                                  0x200000e4   Data         100  thread.o(.bss)
    fileinstance                             0x20000148   Data          20  thread.o(.bss)
    os_mutex_cb_uart_mutex                   0x2000018c   Data          16  main.o(.bss)
    os_mutex_cb_tcp_mutex                    0x2000019c   Data          16  main.o(.bss)
    os_mutex_cb_fs_mutex                     0x200001ac   Data          16  main.o(.bss)
    g_u8SendData                             0x200001bc   Data        3500  main.o(.bss)
    g_u8RecData                              0x20000f68   Data         500  main.o(.bss)
    _Pin_Setting                             0x2000115c   Data          44  main.o(.bss)
    _PullUp_Setting                          0x20001188   Data          24  main.o(.bss)
    temp                                     0x200011a0   Data         100  main.o(.bss)
    imei                                     0x20001204   Data          25  main.o(.bss)
    dmsg                                     0x2000121d   Data          50  main.o(.bss)
    mp_tcb                                   0x20001250   Data         220  rtx_conf_cm.o(.bss)
    mp_stk                                   0x20001330   Data         416  rtx_conf_cm.o(.bss)
    os_stack_mem                             0x200014d0   Data        8544  rtx_conf_cm.o(.bss)
    os_fifo                                  0x20003630   Data         132  rtx_conf_cm.o(.bss)
    os_active_TCB                            0x200036b4   Data          16  rtx_conf_cm.o(.bss)
    os_messageQ_q_osTimerMessageQ            0x200036c4   Data          32  rtx_conf_cm.o(.bss)
    os_idle_TCB                              0x200036e4   Data          52  rt_task.o(.bss)
    os_rdy                                   0x20003718   Data          24  rt_list.o(.bss)
    os_dly                                   0x20003730   Data          24  rt_list.o(.bss)
    __initial_sp                             0x20003c48   Data           0  startup_nano100series.o(STACK)



==============================================================================

Memory Map of the image

  Image Entry point : 0x00000359

  Load Region LR_1 (Base: 0x00000000, Size: 0x00005e78, Max: 0xffffffff, ABSOLUTE)

    Execution Region ER_RO (Base: 0x00000000, Size: 0x00005d94, Max: 0xffffffff, ABSOLUTE)

    Base Addr    Size         Type   Attr      Idx    E Section Name        Object

    0x00000000   0x000000c0   Data   RO          118    RESET               startup_nano100series.o
    0x000000c0   0x00000000   Code   RO         1765  * .ARM.Collect$$$$00000000  mc_p.l(entry.o)
    0x000000c0   0x00000004   Code   RO         2057    .ARM.Collect$$$$00000001  mc_p.l(entry2.o)
    0x000000c4   0x00000004   Code   RO         2060    .ARM.Collect$$$$00000004  mc_p.l(entry5.o)
    0x000000c8   0x00000000   Code   RO         2062    .ARM.Collect$$$$00000008  mc_p.l(entry7b.o)
    0x000000c8   0x00000000   Code   RO         2064    .ARM.Collect$$$$0000000A  mc_p.l(entry8b.o)
    0x000000c8   0x00000000   Code   RO         2065    .ARM.Collect$$$$0000000D  mc_p.l(entry10a.o)
    0x000000c8   0x00000000   Code   RO         2067    .ARM.Collect$$$$0000000F  mc_p.l(entry11a.o)
    0x000000c8   0x00000018   Code   RO          548    .ARM.Collect$$$$000000FF  rtx_conf_cm.o
    0x000000e0   0x00000004   Code   RO         2058    .ARM.Collect$$$$00002712  mc_p.l(entry2.o)
    0x000000e4   0x0000001c   Code   RO          409    .emb_text           retarget.o
    0x00000100   0x00000164   Code   RO         1752    .emb_text           RTX_CM0.lib(hal_cm0.o)
    0x00000264   0x000000f4   Code   RO            3    .text               system_nano100series.o
    0x00000358   0x00000044   Code   RO          119  * .text               startup_nano100series.o
    0x0000039c   0x000005ac   Code   RO          123    .text               thread.o
    0x00000948   0x0000008c   Code   RO          173    .text               timer.o
    0x000009d4   0x00001994   Code   RO          234    .text               main.o
    0x00002368   0x00000484   Code   RO          343    .text               clk.o
    0x000027ec   0x00000064   Code   RO          364    .text               gpio.o
    0x00002850   0x00000330   Code   RO          384    .text               uart.o
    0x00002b80   0x000001e4   Code   RO          410    .text               retarget.o
    0x00002d64   0x000001b0   Code   RO          443    .text               adc.o
    0x00002f14   0x00000018   Code   RO          483    .text               wwdt.o
    0x00002f2c   0x000001d4   Code   RO          503    .text               i2c.o
    0x00003100   0x0000002c   Code   RO          549    .text               rtx_conf_cm.o
    0x0000312c   0x0000002c   Code   RO         1766    .text               mc_p.l(uidiv.o)
    0x00003158   0x00000028   Code   RO         1768    .text               mc_p.l(idiv.o)
    0x00003180   0x00000060   Code   RO         1770    .text               mc_p.l(uldiv.o)
    0x000031e0   0x00000024   Code   RO         1772    .text               mc_p.l(memseta.o)
    0x00003204   0x00000018   Code   RO         1774    .text               mc_p.l(strcat.o)
    0x0000321c   0x00000028   Code   RO         1776    .text               mc_p.l(strstr.o)
    0x00003244   0x0000000e   Code   RO         1778    .text               mc_p.l(strlen.o)
    0x00003252   0x0000001a   Code   RO         2041    .text               mc_p.l(atoi.o)
    0x0000326c   0x000000d0   Code   RO         2043    .text               mf_p.l(dmul.o)
    0x0000333c   0x000000f0   Code   RO         2045    .text               mf_p.l(ddiv.o)
    0x0000342c   0x0000000e   Code   RO         2047    .text               mf_p.l(ffltui.o)
    0x0000343a   0x00000028   Code   RO         2049    .text               mf_p.l(f2d.o)
    0x00003462   0x00000002   PAD
    0x00003464   0x00000028   Code   RO         2051    .text               mf_p.l(cdcmple.o)
    0x0000348c   0x00000028   Code   RO         2053    .text               mf_p.l(cdrcmple.o)
    0x000034b4   0x00000038   Code   RO         2055    .text               mf_p.l(d2f.o)
    0x000034ec   0x00000020   Code   RO         2069    .text               mc_p.l(llshl.o)
    0x0000350c   0x00000022   Code   RO         2071    .text               mc_p.l(llushr.o)
    0x0000352e   0x00000002   PAD
    0x00003530   0x00000070   Code   RO         2080    .text               mc_p.l(strtol.o)
    0x000035a0   0x00000000   Code   RO         2082    .text               mc_p.l(iusefp.o)
    0x000035a0   0x00000082   Code   RO         2083    .text               mf_p.l(fepilogue.o)
    0x00003622   0x000000be   Code   RO         2085    .text               mf_p.l(depilogue.o)
    0x000036e0   0x00000164   Code   RO         2089    .text               mf_p.l(dadd.o)
    0x00003844   0x00000040   Code   RO         2091    .text               mf_p.l(dfixul.o)
    0x00003884   0x00000024   Code   RO         2093    .text               mc_p.l(init.o)
    0x000038a8   0x00000026   Code   RO         2095    .text               mc_p.l(llsshr.o)
    0x000038ce   0x00000002   PAD
    0x000038d0   0x00000008   Code   RO         2097    .text               mc_p.l(ctype_o.o)
    0x000038d8   0x000000a6   Code   RO         2125    .text               mc_p.l(_strtoul.o)
    0x0000397e   0x0000001e   Code   RO         2127    .text               mc_p.l(_chval.o)
    0x0000399c   0x00000004   Code   RO         1762    SVC_TABLE           RTX_CM0.lib(svc_table.o)
    0x000039a0   0x00000144   Code   RO          255    i.SYS_Init          main.o
    0x00003ae4   0x00000020   Code   RO         2013    i.__0printf         mc_p.l(printfa.o)
    0x00003b04   0x00000028   Code   RO         2015    i.__0sprintf        mc_p.l(printfa.o)
    0x00003b2c   0x0000002e   Code   RO         2087    i.__ARM_clz         mf_p.l(depilogue.o)
    0x00003b5a   0x00000030   Code   RO         1148    i.__ARM_common_ll_muluu  RTX_CM0.lib(rt_cmsis.o)
    0x00003b8a   0x00000002   PAD
    0x00003b8c   0x00000008   Code   RO         2073    i.__aeabi_errno_addr  mc_p.l(errno.o)
    0x00003b94   0x0000000e   Code   RO         2131    i.__scatterload_copy  mc_p.l(handlers.o)
    0x00003ba2   0x00000002   Code   RO         2132    i.__scatterload_null  mc_p.l(handlers.o)
    0x00003ba4   0x0000000e   Code   RO         2133    i.__scatterload_zeroinit  mc_p.l(handlers.o)
    0x00003bb2   0x00000002   PAD
    0x00003bb4   0x00000158   Code   RO         2020    i._fp_digits        mc_p.l(printfa.o)
    0x00003d0c   0x00000048   Code   RO         1654    i._init_box         RTX_CM0.lib(rt_membox.o)
    0x00003d54   0x000006ec   Code   RO         2021    i._printf_core      mc_p.l(printfa.o)
    0x00004440   0x00000020   Code   RO         2022    i._printf_post_padding  mc_p.l(printfa.o)
    0x00004460   0x0000002c   Code   RO         2023    i._printf_pre_padding  mc_p.l(printfa.o)
    0x0000448c   0x0000000a   Code   RO         2025    i._sputc            mc_p.l(printfa.o)
    0x00004496   0x00000002   PAD
    0x00004498   0x0000014c   Code   RO          193    i.batteryind        timer.o
    0x000045e4   0x00000032   Code   RO          267    i.checkallnumsinstring  main.o
    0x00004616   0x00000002   PAD
    0x00004618   0x000000a4   Code   RO          144    i.fileopen          thread.o
    0x000046bc   0x0000002e   Code   RO          585    i.isrMessageGet     RTX_CM0.lib(rt_cmsis.o)
    0x000046ea   0x00000030   Code   RO          586    i.isrMessagePut     RTX_CM0.lib(rt_cmsis.o)
    0x0000471a   0x0000004c   Code   RO         1500    i.isr_mbx_receive   RTX_CM0.lib(rt_mailbox.o)
    0x00004766   0x0000000c   Code   RO         1501    i.isr_mbx_send      RTX_CM0.lib(rt_mailbox.o)
    0x00004772   0x00000002   PAD
    0x00004774   0x0000001c   Code   RO          138    i.manualdelay       thread.o
    0x00004790   0x0000001c   Code   RO          589    i.osDelay           RTX_CM0.lib(rt_cmsis.o)
    0x000047ac   0x00000028   Code   RO          590    i.osKernelInitialize  RTX_CM0.lib(rt_cmsis.o)
    0x000047d4   0x0000006c   Code   RO          592    i.osKernelStart     RTX_CM0.lib(rt_cmsis.o)
    0x00004840   0x0000001c   Code   RO          601    i.osMessageGet      RTX_CM0.lib(rt_cmsis.o)
    0x0000485c   0x00000034   Code   RO          603    i.osMutexCreate     RTX_CM0.lib(rt_cmsis.o)
    0x00004890   0x0000001c   Code   RO          605    i.osMutexRelease    RTX_CM0.lib(rt_cmsis.o)
    0x000048ac   0x0000001c   Code   RO          606    i.osMutexWait       RTX_CM0.lib(rt_cmsis.o)
    0x000048c8   0x00000034   Code   RO          618    i.osThreadCreate    RTX_CM0.lib(rt_cmsis.o)
    0x000048fc   0x00000018   Code   RO          619    i.osThreadExit      RTX_CM0.lib(rt_cmsis.o)
    0x00004914   0x00000010   Code   RO          625    i.osTimerCall       RTX_CM0.lib(rt_cmsis.o)
    0x00004924   0x00000034   Code   RO          626    i.osTimerCreate     RTX_CM0.lib(rt_cmsis.o)
    0x00004958   0x0000001c   Code   RO          628    i.osTimerStart      RTX_CM0.lib(rt_cmsis.o)
    0x00004974   0x0000002c   Code   RO          630    i.osTimerThread     RTX_CM0.lib(rt_cmsis.o)
    0x000049a0   0x0000002c   Code   RO         1288    i.os_tick_init      RTX_CM0.lib(rt_system.o)
    0x000049cc   0x00000002   Code   RO         1289    i.os_tick_irqack    RTX_CM0.lib(rt_system.o)
    0x000049ce   0x00000002   PAD
    0x000049d0   0x00000084   Code   RO          261    i.parse_g           main.o
    0x00004a54   0x0000001e   Code   RO         1655    i.rt_alloc_box      RTX_CM0.lib(rt_membox.o)
    0x00004a72   0x00000042   Code   RO         1683    i.rt_alloc_mem      RTX_CM0.lib(rt_memory.o)
    0x00004ab4   0x00000038   Code   RO         1203    i.rt_block          RTX_CM0.lib(rt_task.o)
    0x00004aec   0x00000044   Code   RO         1731    i.rt_chk_robin      RTX_CM0.lib(rt_robin.o)
    0x00004b30   0x00000074   Code   RO         1424    i.rt_dec_dly        RTX_CM0.lib(rt_list.o)
    0x00004ba4   0x00000040   Code   RO         1204    i.rt_dispatch       RTX_CM0.lib(rt_task.o)
    0x00004be4   0x0000000a   Code   RO         1590    i.rt_dly_wait       RTX_CM0.lib(rt_time.o)
    0x00004bee   0x00000002   PAD
    0x00004bf0   0x00000050   Code   RO         1381    i.rt_evt_psh        RTX_CM0.lib(rt_event.o)
    0x00004c40   0x00000026   Code   RO         1656    i.rt_free_box       RTX_CM0.lib(rt_membox.o)
    0x00004c66   0x00000030   Code   RO         1684    i.rt_free_mem       RTX_CM0.lib(rt_memory.o)
    0x00004c96   0x0000002a   Code   RO         1425    i.rt_get_first      RTX_CM0.lib(rt_list.o)
    0x00004cc0   0x00000008   Code   RO          635    i.rt_id2obj         RTX_CM0.lib(rt_cmsis.o)
    0x00004cc8   0x00000048   Code   RO         1205    i.rt_init_context   RTX_CM0.lib(rt_task.o)
    0x00004d10   0x0000001c   Code   RO         1685    i.rt_init_mem       RTX_CM0.lib(rt_memory.o)
    0x00004d2c   0x00000018   Code   RO         1732    i.rt_init_robin     RTX_CM0.lib(rt_robin.o)
    0x00004d44   0x00000078   Code   RO         1707    i.rt_init_stack     RTX_CM0.lib(hal_cm.o)
    0x00004dbc   0x00000008   Code   RO         1502    i.rt_mbx_check      RTX_CM0.lib(rt_mailbox.o)
    0x00004dc4   0x00000024   Code   RO         1503    i.rt_mbx_init       RTX_CM0.lib(rt_mailbox.o)
    0x00004de8   0x000000d0   Code   RO         1504    i.rt_mbx_psh        RTX_CM0.lib(rt_mailbox.o)
    0x00004eb8   0x000000b0   Code   RO         1506    i.rt_mbx_wait       RTX_CM0.lib(rt_mailbox.o)
    0x00004f68   0x00000044   Code   RO          636    i.rt_ms2tick        RTX_CM0.lib(rt_cmsis.o)
    0x00004fac   0x00000010   Code   RO         1624    i.rt_mut_init       RTX_CM0.lib(rt_mutex.o)
    0x00004fbc   0x000000d8   Code   RO         1625    i.rt_mut_release    RTX_CM0.lib(rt_mutex.o)
    0x00005094   0x00000080   Code   RO         1626    i.rt_mut_wait       RTX_CM0.lib(rt_mutex.o)
    0x00005114   0x00000070   Code   RO         1292    i.rt_pop_req        RTX_CM0.lib(rt_system.o)
    0x00005184   0x00000020   Code   RO         1293    i.rt_psh_req        RTX_CM0.lib(rt_system.o)
    0x000051a4   0x00000040   Code   RO         1427    i.rt_psq_enq        RTX_CM0.lib(rt_list.o)
    0x000051e4   0x00000050   Code   RO         1428    i.rt_put_dly        RTX_CM0.lib(rt_list.o)
    0x00005234   0x0000003c   Code   RO         1429    i.rt_put_prio       RTX_CM0.lib(rt_list.o)
    0x00005270   0x00000014   Code   RO         1430    i.rt_put_rdy_first  RTX_CM0.lib(rt_list.o)
    0x00005284   0x00000030   Code   RO         1431    i.rt_resort_prio    RTX_CM0.lib(rt_list.o)
    0x000052b4   0x00000006   Code   RO         1708    i.rt_ret_val        RTX_CM0.lib(hal_cm.o)
    0x000052ba   0x00000008   Code   RO         1709    i.rt_ret_val2       RTX_CM0.lib(hal_cm.o)
    0x000052c2   0x0000002a   Code   RO         1432    i.rt_rmv_dly        RTX_CM0.lib(rt_list.o)
    0x000052ec   0x00000034   Code   RO         1433    i.rt_rmv_list       RTX_CM0.lib(rt_list.o)
    0x00005320   0x00000034   Code   RO         1551    i.rt_sem_psh        RTX_CM0.lib(rt_semaphore.o)
    0x00005354   0x00000028   Code   RO         1295    i.rt_stk_check      RTX_CM0.lib(rt_system.o)
    0x0000537c   0x00000010   Code   RO         1206    i.rt_switch_req     RTX_CM0.lib(rt_task.o)
    0x0000538c   0x000000c8   Code   RO         1207    i.rt_sys_init       RTX_CM0.lib(rt_task.o)
    0x00005454   0x00000064   Code   RO         1208    i.rt_sys_start      RTX_CM0.lib(rt_task.o)
    0x000054b8   0x0000003c   Code   RO         1297    i.rt_systick        RTX_CM0.lib(rt_system.o)
    0x000054f4   0x00000012   Code   RO          637    i.rt_tid2ptcb       RTX_CM0.lib(rt_cmsis.o)
    0x00005506   0x00000002   PAD
    0x00005508   0x00000038   Code   RO          638    i.rt_timer_insert   RTX_CM0.lib(rt_cmsis.o)
    0x00005540   0x00000044   Code   RO          639    i.rt_timer_remove   RTX_CM0.lib(rt_cmsis.o)
    0x00005584   0x00000078   Code   RO         1209    i.rt_tsk_create     RTX_CM0.lib(rt_task.o)
    0x000055fc   0x00000158   Code   RO         1210    i.rt_tsk_delete     RTX_CM0.lib(rt_task.o)
    0x00005754   0x00000080   Code   RO         1212    i.rt_tsk_prio       RTX_CM0.lib(rt_task.o)
    0x000057d4   0x00000010   Code   RO         1213    i.rt_tsk_self       RTX_CM0.lib(rt_task.o)
    0x000057e4   0x00000012   Code   RO          640    i.svcDelay          RTX_CM0.lib(rt_cmsis.o)
    0x000057f6   0x00000002   PAD
    0x000057f8   0x00000078   Code   RO          641    i.svcKernelInitialize  RTX_CM0.lib(rt_cmsis.o)
    0x00005870   0x0000004c   Code   RO          643    i.svcKernelStart    RTX_CM0.lib(rt_cmsis.o)
    0x000058bc   0x0000002a   Code   RO          646    i.svcMessageCreate  RTX_CM0.lib(rt_cmsis.o)
    0x000058e6   0x0000003c   Code   RO          647    i.svcMessageGet     RTX_CM0.lib(rt_cmsis.o)
    0x00005922   0x00000020   Code   RO          649    i.svcMutexCreate    RTX_CM0.lib(rt_cmsis.o)
    0x00005942   0x00000024   Code   RO          651    i.svcMutexRelease   RTX_CM0.lib(rt_cmsis.o)
    0x00005966   0x0000003c   Code   RO          652    i.svcMutexWait      RTX_CM0.lib(rt_cmsis.o)
    0x000059a2   0x00000002   PAD
    0x000059a4   0x00000074   Code   RO          661    i.svcThreadCreate   RTX_CM0.lib(rt_cmsis.o)
    0x00005a18   0x0000001c   Code   RO          662    i.svcThreadGetId    RTX_CM0.lib(rt_cmsis.o)
    0x00005a34   0x0000003c   Code   RO          665    i.svcThreadTerminate  RTX_CM0.lib(rt_cmsis.o)
    0x00005a70   0x0000001c   Code   RO          667    i.svcTimerCall      RTX_CM0.lib(rt_cmsis.o)
    0x00005a8c   0x00000040   Code   RO          668    i.svcTimerCreate    RTX_CM0.lib(rt_cmsis.o)
    0x00005acc   0x0000006c   Code   RO          670    i.svcTimerStart     RTX_CM0.lib(rt_cmsis.o)
    0x00005b38   0x00000058   Code   RO          676    i.sysTimerTick      RTX_CM0.lib(rt_cmsis.o)
    0x00005b90   0x00000020   Data   RO          125    .constdata          thread.o
    0x00005bb0   0x00000010   Data   RO          175    .constdata          timer.o
    0x00005bc0   0x0000000c   Data   RO          236    .constdata          main.o
    0x00005bcc   0x00000010   Data   RO          344    .constdata          clk.o
    0x00005bdc   0x00000030   Data   RO          385    .constdata          uart.o
    0x00005c0c   0x00000068   Data   RO          551    .constdata          rtx_conf_cm.o
    0x00005c74   0x00000081   Data   RO         2098    .constdata          mc_p.l(ctype_o.o)
    0x00005cf5   0x00000003   PAD
    0x00005cf8   0x00000004   Data   RO         2099    .constdata          mc_p.l(ctype_o.o)
    0x00005cfc   0x0000005a   Data   RO          126    .conststring        thread.o
    0x00005d56   0x00000002   PAD
    0x00005d58   0x0000001c   Data   RO          237    .conststring        main.o
    0x00005d74   0x00000020   Data   RO         2129    Region$$Table       anon$$obj.o


    Execution Region ER_RW (Base: 0x20000000, Size: 0x000000e4, Max: 0xffffffff, ABSOLUTE)

    Base Addr    Size         Type   Attr      Idx    E Section Name        Object

    0x20000000   0x00000008   Data   RW            4    .data               system_nano100series.o
    0x20000008   0x00000008   Data   RW          127    .data               thread.o
    0x20000010   0x00000014   Data   RW          176    .data               timer.o
    0x20000024   0x00000080   Data   RW          238    .data               main.o
    0x200000a4   0x00000008   Data   RW          411    .data               retarget.o
    0x200000ac   0x00000010   Data   RW          552    .data               rtx_conf_cm.o
    0x200000bc   0x00000008   Data   RW          679    .data               RTX_CM0.lib(rt_cmsis.o)
    0x200000c4   0x00000008   Data   RW         1215    .data               RTX_CM0.lib(rt_task.o)
    0x200000cc   0x00000008   Data   RW         1300    .data               RTX_CM0.lib(rt_system.o)
    0x200000d4   0x00000004   Data   RW         1594    .data               RTX_CM0.lib(rt_time.o)
    0x200000d8   0x00000008   Data   RW         1733    .data               RTX_CM0.lib(rt_robin.o)
    0x200000e0   0x00000004   Data   RW         2076    .data               mc_p.l(errno.o)


    Execution Region ER_ZI (Base: 0x200000e4, Size: 0x00003b64, Max: 0xffffffff, ABSOLUTE)

    Base Addr    Size         Type   Attr      Idx    E Section Name        Object

    0x200000e4   0x00000078   Zero   RW          124    .bss                thread.o
    0x2000015c   0x00000030   Zero   RW          174    .bss                timer.o
    0x2000018c   0x000010c3   Zero   RW          235    .bss                main.o
    0x2000124f   0x00000001   PAD
    0x20001250   0x00002494   Zero   RW          550    .bss                rtx_conf_cm.o
    0x200036e4   0x00000034   Zero   RW         1214    .bss                RTX_CM0.lib(rt_task.o)
    0x20003718   0x00000030   Zero   RW         1434    .bss                RTX_CM0.lib(rt_list.o)
    0x20003748   0x00000500   Zero   RW          116    STACK               startup_nano100series.o


==============================================================================

Image component sizes


      Code (inc. data)   RO Data    RW Data    ZI Data      Debug   Object Name

       432         10          0          0          0       2677   adc.o
      1156         58         16          0          0       5293   clk.o
       100          6          0          0          0       1390   gpio.o
       468         10          0          0          0     115803   i2c.o
      7054       1028         40        128       4291      52020   main.o
       512        136          0          8          0      33392   retarget.o
        68          6        104         16       9364       7342   rtx_conf_cm.o
        68         28        192          0       1280        716   startup_nano100series.o
       244         26          0          8          0     117518   system_nano100series.o
      1644        640        122          8        120       8635   thread.o
       472         66         16         20         48     113640   timer.o
       816         12         48          0          0       5025   uart.o
        24          4          0          0          0        584   wwdt.o

    ----------------------------------------------------------------------
     13060       2030        572        188      15104     464035   Object Totals
         0          0         32          0          0          0   (incl. Generated)
         2          0          2          0          1          0   (incl. Padding)

    ----------------------------------------------------------------------

      Code (inc. data)   RO Data    RW Data    ZI Data      Debug   Library Member Name

       134         14          0          0          0       1687   hal_cm.o
       356         40          0          0          0        840   hal_cm0.o
      1824        194          0          8          0      39290   rt_cmsis.o
        80          6          0          0          0        629   rt_event.o
       524         34          0          0         48       8081   rt_list.o
       516         16          0          0          0       3837   rt_mailbox.o
       140          0          0          0          0       1957   rt_membox.o
       142          0          0          0          0       2315   rt_memory.o
       360         20          0          0          0       2073   rt_mutex.o
        92         22          0          8          0       1126   rt_robin.o
        52          4          0          0          0        553   rt_semaphore.o
       290         54          0          8          0       6039   rt_system.o
      1116        178          0          8         52       9253   rt_task.o
        10          0          0          4          0        672   rt_time.o
         4          4          0          0          0        208   svc_table.o
        30          0          0          0          0         60   _chval.o
       166          0          0          0          0         84   _strtoul.o
        26          0          0          0          0         72   atoi.o
         8          4        133          0          0         60   ctype_o.o
         0          0          0          0          0          0   entry.o
         0          0          0          0          0          0   entry10a.o
         0          0          0          0          0          0   entry11a.o
         8          4          0          0          0          0   entry2.o
         4          0          0          0          0          0   entry5.o
         0          0          0          0          0          0   entry7b.o
         0          0          0          0          0          0   entry8b.o
         8          4          0          4          0         60   errno.o
        30          0          0          0          0          0   handlers.o
        40          0          0          0          0         72   idiv.o
        36          8          0          0          0         68   init.o
         0          0          0          0          0          0   iusefp.o
        32          0          0          0          0         68   llshl.o
        38          0          0          0          0         68   llsshr.o
        34          0          0          0          0         68   llushr.o
        36          0          0          0          0        100   memseta.o
      2274        102          0          0          0        556   printfa.o
        24          0          0          0          0         60   strcat.o
        14          0          0          0          0         60   strlen.o
        40          0          0          0          0         72   strstr.o
       112          4          0          0          0         76   strtol.o
        44          0          0          0          0         72   uidiv.o
        96          0          0          0          0         84   uldiv.o
        40          2          0          0          0         68   cdcmple.o
        40          2          0          0          0         68   cdrcmple.o
        56          0          0          0          0         68   d2f.o
       356          4          0          0          0        140   dadd.o
       240          6          0          0          0         84   ddiv.o
       236          0          0          0          0        216   depilogue.o
        64         10          0          0          0         68   dfixul.o
       208          6          0          0          0         88   dmul.o
        40          0          0          0          0         60   f2d.o
       130          0          0          0          0        144   fepilogue.o
        14          0          0          0          0         68   ffltui.o

    ----------------------------------------------------------------------
     10188        742        136         40        100      81392   Library Totals
        24          0          3          0          0          0   (incl. Padding)

    ----------------------------------------------------------------------

      Code (inc. data)   RO Data    RW Data    ZI Data      Debug   Library Name

      5640        586          0         36        100      78560   RTX_CM0.lib
      3100        126        133          4          0       1760   mc_p.l
      1424         30          0          0          0       1072   mf_p.l

    ----------------------------------------------------------------------
     10188        742        136         40        100      81392   Library Totals

    ----------------------------------------------------------------------

==============================================================================


      Code (inc. data)   RO Data    RW Data    ZI Data      Debug   

     23248       2772        708        228      15204     539079   Grand Totals
     23248       2772        708        228      15204     539079   ELF Image Totals
     23248       2772        708        228          0          0   ROM Totals

==============================================================================

    Total RO  Size (Code + RO Data)                23956 (  23.39kB)
    Total RW  Size (RW Data + ZI Data)             15432 (  15.07kB)
    Total ROM Size (Code + RO Data + RW Data)      24184 (  23.62kB)

==============================================================================

