<html>
<body>
<pre>
<h1>µVision Build Log</h1>
<h2>Tool Versions:</h2>
IDE-Version: µVision V5.18a
Copyright (C) 2016 ARM Ltd and ARM Germany GmbH. All rights reserved.
License Information: mridul pandey, jft, LIC=W96WF-63AUC-EXNUX-H8FAP-A3NT4-94MS0
 
Tool Versions:
Toolchain:       MDK-ARM Professional  Version: 5.18a
Toolchain Path:  C:\Keil_v5\ARM\ARMCC\Bin
C Compiler:      Armcc.exe V5.06 update 1 (build 61)
Assembler:       Armasm.exe V5.06 update 1 (build 61)
Linker/Locator:  ArmLink.exe V5.06 update 1 (build 61)
Library Manager: ArmAr.exe V5.06 update 1 (build 61)
Hex Converter:   FromElf.exe V5.06 update 1 (build 61)
CPU DLL:         SARMCM3.DLL V5.18a
Dialog DLL:      DARMCM1.DLL V1.12.0.0
Target DLL:      Segger\JL2CM3.dll V2.99.19.0
Dialog DLL:      TARMCM1.DLL V1.9.0.0
 
<h2>Project:</h2>
E:\BITBUCK_JFT\gpstrackr\PersonalTracker-BT3.0\Project\KEIL\PersonalTracker_BT3.0_MC60_Nano110LE3BN.uvprojx
Project File Date:  09/28/2017

<h2>Output:</h2>
*** Using Compiler 'V5.06 update 1 (build 61)', folder: 'C:\Keil_v5\ARM\ARMCC\Bin'
Rebuild target 'PersonalTracker_MC60_Nano110LE3BN'
creating preprocessor file for system_Nano100Series.c...
assembling startup_Nano100Series.s...
creating preprocessor file for Thread.c...
Thread.c(258): warning:  #1-D: last line of file ends without a newline
   
Thread.c: 1 warning, 0 errors
creating preprocessor file for Timer.c...
compiling system_Nano100Series.c...
creating preprocessor file for main.c...
compiling Thread.c...
Thread.c(74): warning:  #223-D: function "SendAT_FS" declared implicitly
    SendAT_FS(g_u8SendData, "QWRITE", "OK" , "ERROR",20);	
Thread.c(258): warning:  #1-D: last line of file ends without a newline
   
Thread.c: 2 warnings, 0 errors
compiling Timer.c...
creating preprocessor file for sys.c...
creating preprocessor file for clk.c...
compiling main.c...
compiling sys.c...
creating preprocessor file for gpio.c...
compiling clk.c...
creating preprocessor file for uart.c...
creating preprocessor file for retarget.c...
compiling gpio.c...
creating preprocessor file for adc.c...
compiling uart.c...
creating preprocessor file for wdt.c...
compiling retarget.c...
..\..\Library\StdDriver\src\retarget.c(499): warning:  #177-D: variable "ptr" was declared but never referenced
    int ptr=0;
..\..\Library\StdDriver\src\retarget.c: 1 warning, 0 errors
creating preprocessor file for wwdt.c...
compiling adc.c...
compiling wdt.c...
creating preprocessor file for i2c.c...
compiling wwdt.c...
creating preprocessor file for RTX_Conf_CM.c...
compiling i2c.c...
compiling RTX_Conf_CM.c...
linking...
Program Size: Code=22948 RO-data=712 RW-data=248 ZI-data=15664  
After Build - User command #1: fromelf --bin ".\obj\UART.axf" --output ".\obj\UART.bin"
After Build - User command #2: fromelf --text -c ".\obj\UART.axf" --output ".\obj\UART.txt"
".\obj\UART.axf" - 0 Error(s), 4 Warning(s).

<h2>Software Packages used:</h2>

Package Vendor: ARM
                http://www.keil.com/pack/ARM.CMSIS.5.0.1.pack
                ::CMSIS:RTOS:1.0.0 (API)
                CMSIS (Cortex Microcontroller Software Interface Standard)
   * Component: RTOS Version: 1.0.0
   * Component: CORE Version: 5.0.1
   * Component: Keil RTX Version: 4.81.0

<h2>Collection of Component include folders:</h2>
  E:\BITBUCK_JFT\gpstrackr\PersonalTracker-BT3.0\Project\KEIL\RTE
  C:\Keil_v5\ARM\PACK\ARM\CMSIS\5.0.1\CMSIS\Include
  C:\Keil_v5\ARM\PACK\ARM\CMSIS\5.0.1\CMSIS\RTOS\RTX\INC
  C:\Keil_v5\ARM\PACK\Nuvoton\NuMicro_DFP\1.1.0\Device\NANO100BN\Include

<h2>Collection of Component Files used:</h2>

   * Component: ::CMSIS:RTOS:1.0.0 (API)

   * Component: ARM::CMSIS:CORE:5.0.1

   * Component: ARM::CMSIS:RTOS:Keil RTX:4.81.0
      Include file:  CMSIS\RTOS\RTX\INC\cmsis_os.h
      Source file:   CMSIS\RTOS\RTX\Templates\RTX_Conf_CM.c
      Source file:   CMSIS\RTOS\RTX\UserCodeTemplates\main.c
      Source file:   CMSIS\RTOS\RTX\UserCodeTemplates\MailQueue.c
      Source file:   CMSIS\RTOS\RTX\UserCodeTemplates\MemPool.c
      Source file:   CMSIS\RTOS\RTX\UserCodeTemplates\Timer.c
      Source file:   CMSIS\RTOS\RTX\UserCodeTemplates\MsgQueue.c
      Source file:   CMSIS\RTOS\RTX\SRC\ARM\SVC_Table.s
      Source file:   CMSIS\RTOS\RTX\UserCodeTemplates\Semaphore.c
      Source file:   CMSIS\RTOS\RTX\UserCodeTemplates\Thread.c
      Include file:  CMSIS\RTOS\RTX\UserCodeTemplates\osObjects.h
      Source file:   CMSIS\RTOS\RTX\UserCodeTemplates\Mutex.c
      Library file:  CMSIS\RTOS\RTX\LIB\ARM\RTX_CM0.lib
Build Time Elapsed:  00:00:04
</pre>
</body>
</html>
