<html>
<body>
<pre>
<h1>µVision Build Log</h1>
<h2>Tool Versions:</h2>
IDE-Version: µVision V5.18a
Copyright (C) 2016 ARM Ltd and ARM Germany GmbH. All rights reserved.
License Information: mridul pandey, jft, LIC=W96WF-63AUC-EXNUX-H8FAP-A3NT4-94MS0
 
Tool Versions:
Toolchain:       MDK-ARM Professional  Version: 5.18a
Toolchain Path:  C:\Keil_v5\ARM\ARMCC\Bin
C Compiler:      Armcc.exe V5.06 update 1 (build 61)
Assembler:       Armasm.exe V5.06 update 1 (build 61)
Linker/Locator:  ArmLink.exe V5.06 update 1 (build 61)
Library Manager: ArmAr.exe V5.06 update 1 (build 61)
Hex Converter:   FromElf.exe V5.06 update 1 (build 61)
CPU DLL:         SARMCM3.DLL V5.18a
Dialog DLL:      DARMCM1.DLL V1.12.0.0
    Target DLL: Nu_Link.dll
Dialog DLL:      TARMCM1.DLL V1.9.0.0
 
<h2>Project:</h2>
E:\BITBUCK_JFT\gpstrackr\Nano100B_Series_BSP_CMSIS_v3.02.002\SampleCode\PowerDown_Chk\KEIL\PWRDWN_CHECK.uvproj
Project File Date:  08/10/2017

<h2>Output:</h2>
*** Using Compiler 'V5.06 update 1 (build 61)', folder: 'C:\Keil_v5\ARM\ARMCC\Bin'
Rebuild target 'PWRDWN_CHECK'
Clean started - Project: 'PWRDWN_CHECK'
   deleting intermediate output files for target 'PWRDWN_CHECK'
creating preprocessor file for system_Nano100Series.c...
compiling system_Nano100Series.c...
assembling startup_Nano100Series.s...
creating preprocessor file for clk.c...
compiling clk.c...
creating preprocessor file for retarget.c...
compiling retarget.c...
creating preprocessor file for sys.c...
compiling sys.c...
creating preprocessor file for uart.c...
compiling uart.c...
creating preprocessor file for main.c...
compiling main.c...
linking...
Program Size: Code=3908 RO-data=320 RW-data=12 ZI-data=1348  
".\obj\PWRDWN_CHECK.axf" - 0 Error(s), 0 Warning(s).

*** Performing Cross-Module-Optimization:
compiling system_Nano100Series.c...
compiling clk.c...
compiling retarget.c...
compiling sys.c...
compiling uart.c...
compiling main.c...
linking...
Program Size: Code=3908 RO-data=320 RW-data=12 ZI-data=1348  
FromELF: creating hex file...
After Build - User command #1: fromelf --bin ".\obj\PWRDWN_CHECK.axf" --output ".\obj\PWRDWN_CHECK.bin"
After Build - User command #2: fromelf --text -c ".\obj\PWRDWN_CHECK.axf" --output ".\obj\PWRDWN_CHECK.txt"
".\obj\PWRDWN_CHECK.axf" - 0 Error(s), 0 Warning(s).
*** Completed Cross-Module-Optimization after 2 iteration(s).
Build Time Elapsed:  00:00:07
</pre>
</body>
</html>
