Component: ARM Compiler 5.06 update 1 (build 61) Tool: armlink [4d35a8]

==============================================================================

Section Cross References

    vts_ver2.o(.text) refers to _printf_percent.o(.ARM.Collect$$_printf_percent$$00000000) for _printf_percent
    vts_ver2.o(.text) refers to _printf_d.o(.ARM.Collect$$_printf_percent$$00000009) for _printf_d
    vts_ver2.o(.text) refers to _printf_s.o(.ARM.Collect$$_printf_percent$$00000014) for _printf_s
    vts_ver2.o(.text) refers to _printf_dec.o(.text) for _printf_int_dec
    vts_ver2.o(.text) refers to _printf_str.o(.text) for _printf_str
    vts_ver2.o(.text) refers to _printf_x.o(.ARM.Collect$$_printf_percent$$0000000C) for _printf_x
    vts_ver2.o(.text) refers to _printf_hex_int.o(.text) for _printf_longlong_hex
    vts_ver2.o(.text) refers to vts_ver2.o(i.clear) for clear
    vts_ver2.o(.text) refers to rt_memclr.o(.text) for __aeabi_memclr
    vts_ver2.o(.text) refers to vts_ver2.o(i.send_modem) for send_modem
    vts_ver2.o(.text) refers to vts_ver2.o(i.delay) for delay
    vts_ver2.o(.text) refers to uart.o(.text) for uart_putchar
    vts_ver2.o(.text) refers to strstr.o(.text) for strstr
    vts_ver2.o(.text) refers to stdlib.o(.text) for strlen
    vts_ver2.o(.text) refers to vts_ver2.o(i.__ARM_common_switch8) for __ARM_common_switch8
    vts_ver2.o(.text) refers to vts_ver2.o(.data) for tout
    vts_ver2.o(.text) refers to vts_ver2.o(.bss) for uart_string_gsm
    vts_ver2.o(.text) refers to vts_ver2.o(i.remove_all_chars) for remove_all_chars
    vts_ver2.o(.text) refers to noretval__2sprintf.o(.text) for __2sprintf
    vts_ver2.o(.text) refers to vts_ver2.o(i.GPS_COLLECT) for GPS_COLLECT
    vts_ver2.o(.text) refers to vts_ver2.o(i.msg_sim800) for msg_sim800
    vts_ver2.o(.text) refers to vts_ver2.o(i.send_GSM) for send_GSM
    vts_ver2.o(.text) refers to vts_ver2.o(i.GPS_COLLECT2) for GPS_COLLECT2
    vts_ver2.o(.text) refers to vts_ver2.o(i.send_chunk) for send_chunk
    vts_ver2.o(.text) refers to noretval__2printf.o(.text) for __2printf
    vts_ver2.o(.text) refers to start.o(.text) for start
    vts_ver2.o(.text) refers to vts_ver2.o(i.LED_init) for LED_init
    vts_ver2.o(.text) refers to lptmr.o(.text) for lptmr_init
    vts_ver2.o(.text) refers to vts_ver2.o(i.ignread) for ignread
    vts_ver2.o(.text) refers to vts_ver2.o(i.readapn) for readapn
    vts_ver2.o(.text) refers to vts_ver2.o(i.readcursor) for readcursor
    vts_ver2.o(.text) refers to vts_ver2.o(i.read_interval) for read_interval
    vts_ver2.o(.text) refers to vts_ver2.o(i.parse_g) for parse_g
    vts_ver2.o(.text) refers to vts_ver2.o(i.read_ip_port) for read_ip_port
    vts_ver2.o(.text) refers to vts_ver2.o(i.savecursor) for savecursor
    vts_ver2.o(.text) refers to vts_ver2.o(i.adc_read) for adc_read
    sqrt16.o(.text) refers to aeabi_sdiv.o(.text) for __aeabi_uidivmod
    uif.o(.text) refers to _printf_percent.o(.ARM.Collect$$_printf_percent$$00000000) for _printf_percent
    uif.o(.text) refers to _printf_s.o(.ARM.Collect$$_printf_percent$$00000014) for _printf_s
    uif.o(.text) refers to _printf_str.o(.text) for _printf_str
    uif.o(.text) refers to _printf_pad.o(.text) for _printf_pre_padding
    uif.o(.text) refers to io.o(.text) for in_char
    uif.o(.text) refers to stdlib.o(.text) for strcpy
    uif.o(.text) refers to noretval__2printf.o(.text) for __2printf
    uif.o(.text) refers to uif.o(.bss) for cmdline1
    uif.o(.text) refers to uif.o(.constdata) for UIF_CMDTAB
    alloc.o(.text) refers to alloc.o(.data) for freep
    alloc.o(.text) refers to alloc.o(.bss) for base
    assert.o(.text) refers to _printf_percent.o(.ARM.Collect$$_printf_percent$$00000000) for _printf_percent
    assert.o(.text) refers to _printf_d.o(.ARM.Collect$$_printf_percent$$00000009) for _printf_d
    assert.o(.text) refers to _printf_s.o(.ARM.Collect$$_printf_percent$$00000014) for _printf_s
    assert.o(.text) refers to _printf_dec.o(.text) for _printf_int_dec
    assert.o(.text) refers to _printf_str.o(.text) for _printf_str
    assert.o(.text) refers to noretval__2printf.o(.text) for __2printf
    assert.o(.text) refers to assert.o(.constdata) for ASSERT_FAILED_STR
    io.o(.text) refers to uart.o(.text) for uart0_getchar
    start.o(.text) refers to _printf_percent.o(.ARM.Collect$$_printf_percent$$00000000) for _printf_percent
    start.o(.text) refers to _printf_d.o(.ARM.Collect$$_printf_percent$$00000009) for _printf_d
    start.o(.text) refers to _printf_dec.o(.text) for _printf_int_dec
    start.o(.text) refers to sysinit.o(.text) for sysinit
    start.o(.text) refers to vts_ver2.o(i.__ARM_common_switch8) for __ARM_common_switch8
    start.o(.text) refers to noretval__2printf.o(.text) for __2printf
    sysinit.o(.text) refers to aeabi_sdiv.o(.text) for __aeabi_idivmod
    sysinit.o(.text) refers to uart.o(.text) for uart0_init
    sysinit.o(.text) refers to system_mkl26z4.o(.data) for SystemCoreClock
[...]
    ..\\..\\..\\src\\drivers\\rtc\\rtc.c     0x00000000   Number         0  rtc.o ABSOLUTE
    ..\\..\\..\\src\\drivers\\smc\\smc.c     0x00000000   Number         0  smc.o ABSOLUTE
    ..\\..\\..\\src\\drivers\\uart\\Serial.c 0x00000000   Number         0  serial.o ABSOLUTE
    ..\\..\\..\\src\\drivers\\uart\\uart.c   0x00000000   Number         0  uart.o ABSOLUTE
    ..\\..\\..\\src\\projects\\KEIL_MAG\\vts_ver2.c 0x00000000   Number         0  vts_ver2.o ABSOLUTE
    dc.s                                     0x00000000   Number         0  dc.o ABSOLUTE
    !!!main                                  0x000000c0   Section        8  __main.o(!!!main)
    !!!scatter                               0x000000c8   Section       60  __scatter.o(!!!scatter)
    !!handler_zi                             0x00000104   Section       28  __scatter_zi.o(!!handler_zi)
    .ARM.Collect$$_printf_percent$$00000000  0x00000120   Section        2  _printf_percent.o(.ARM.Collect$$_printf_percent$$00000000)
    .ARM.Collect$$_printf_percent$$00000003  0x00000122   Section       10  _printf_f.o(.ARM.Collect$$_printf_percent$$00000003)
    .ARM.Collect$$_printf_percent$$00000009  0x0000012c   Section       10  _printf_d.o(.ARM.Collect$$_printf_percent$$00000009)
    .ARM.Collect$$_printf_percent$$0000000C  0x00000136   Section       10  _printf_x.o(.ARM.Collect$$_printf_percent$$0000000C)
    .ARM.Collect$$_printf_percent$$00000013  0x00000140   Section       10  _printf_c.o(.ARM.Collect$$_printf_percent$$00000013)
    .ARM.Collect$$_printf_percent$$00000014  0x0000014a   Section       10  _printf_s.o(.ARM.Collect$$_printf_percent$$00000014)
    .ARM.Collect$$_printf_percent$$00000017  0x00000154   Section        4  _printf_percent_end.o(.ARM.Collect$$_printf_percent$$00000017)
    .ARM.Collect$$libinit$$00000000          0x00000158   Section        2  libinit.o(.ARM.Collect$$libinit$$00000000)
    .ARM.Collect$$libinit$$00000002          0x0000015a   Section        0  libinit2.o(.ARM.Collect$$libinit$$00000002)
    .ARM.Collect$$libinit$$00000004          0x0000015a   Section        0  libinit2.o(.ARM.Collect$$libinit$$00000004)
    .ARM.Collect$$libinit$$0000000A          0x0000015a   Section        0  libinit2.o(.ARM.Collect$$libinit$$0000000A)
    .ARM.Collect$$libinit$$0000000C          0x0000015a   Section        0  libinit2.o(.ARM.Collect$$libinit$$0000000C)
    .ARM.Collect$$libinit$$0000000E          0x0000015a   Section        0  libinit2.o(.ARM.Collect$$libinit$$0000000E)
    .ARM.Collect$$libinit$$0000000F          0x0000015a   Section        6  libinit2.o(.ARM.Collect$$libinit$$0000000F)
    .ARM.Collect$$libinit$$00000011          0x00000160   Section        0  libinit2.o(.ARM.Collect$$libinit$$00000011)
    .ARM.Collect$$libinit$$00000013          0x00000160   Section        0  libinit2.o(.ARM.Collect$$libinit$$00000013)
    .ARM.Collect$$libinit$$00000015          0x00000160   Section        0  libinit2.o(.ARM.Collect$$libinit$$00000015)
    .ARM.Collect$$libinit$$00000016          0x00000160   Section       10  libinit2.o(.ARM.Collect$$libinit$$00000016)
    .ARM.Collect$$libinit$$00000017          0x0000016a   Section        0  libinit2.o(.ARM.Collect$$libinit$$00000017)
    .ARM.Collect$$libinit$$00000019          0x0000016a   Section        0  libinit2.o(.ARM.Collect$$libinit$$00000019)
    .ARM.Collect$$libinit$$0000001B          0x0000016a   Section        0  libinit2.o(.ARM.Collect$$libinit$$0000001B)
    .ARM.Collect$$libinit$$0000001D          0x0000016a   Section        0  libinit2.o(.ARM.Collect$$libinit$$0000001D)
    .ARM.Collect$$libinit$$0000001F          0x0000016a   Section        0  libinit2.o(.ARM.Collect$$libinit$$0000001F)
    .ARM.Collect$$libinit$$00000021          0x0000016a   Section        0  libinit2.o(.ARM.Collect$$libinit$$00000021)
    .ARM.Collect$$libinit$$00000023          0x0000016a   Section        0  libinit2.o(.ARM.Collect$$libinit$$00000023)
    .ARM.Collect$$libinit$$00000025          0x0000016a   Section        0  libinit2.o(.ARM.Collect$$libinit$$00000025)
    .ARM.Collect$$libinit$$0000002C          0x0000016a   Section        0  libinit2.o(.ARM.Collect$$libinit$$0000002C)
    .ARM.Collect$$libinit$$0000002E          0x0000016a   Section        0  libinit2.o(.ARM.Collect$$libinit$$0000002E)
    .ARM.Collect$$libinit$$00000030          0x0000016a   Section        0  libinit2.o(.ARM.Collect$$libinit$$00000030)
    .ARM.Collect$$libinit$$00000032          0x0000016a   Section        0  libinit2.o(.ARM.Collect$$libinit$$00000032)
    .ARM.Collect$$libinit$$00000033          0x0000016a   Section        2  libinit2.o(.ARM.Collect$$libinit$$00000033)
    .ARM.Collect$$libshutdown$$00000000      0x0000016c   Section        2  libshutdown.o(.ARM.Collect$$libshutdown$$00000000)
    .ARM.Collect$$libshutdown$$00000002      0x0000016e   Section        0  libshutdown2.o(.ARM.Collect$$libshutdown$$00000002)
    .ARM.Collect$$libshutdown$$00000004      0x0000016e   Section        0  libshutdown2.o(.ARM.Collect$$libshutdown$$00000004)
    .ARM.Collect$$libshutdown$$00000007      0x0000016e   Section        0  libshutdown2.o(.ARM.Collect$$libshutdown$$00000007)
    .ARM.Collect$$libshutdown$$0000000A      0x0000016e   Section        0  libshutdown2.o(.ARM.Collect$$libshutdown$$0000000A)
    .ARM.Collect$$libshutdown$$0000000C      0x0000016e   Section        0  libshutdown2.o(.ARM.Collect$$libshutdown$$0000000C)
    .ARM.Collect$$libshutdown$$0000000F      0x0000016e   Section        0  libshutdown2.o(.ARM.Collect$$libshutdown$$0000000F)
    .ARM.Collect$$libshutdown$$00000010      0x0000016e   Section        2  libshutdown2.o(.ARM.Collect$$libshutdown$$00000010)
    .ARM.Collect$$rtentry$$00000000          0x00000170   Section        0  __rtentry.o(.ARM.Collect$$rtentry$$00000000)
    .ARM.Collect$$rtentry$$00000002          0x00000170   Section        0  __rtentry2.o(.ARM.Collect$$rtentry$$00000002)
    .ARM.Collect$$rtentry$$00000004          0x00000170   Section        6  __rtentry4.o(.ARM.Collect$$rtentry$$00000004)
    .ARM.Collect$$rtentry$$00000009          0x00000176   Section        0  __rtentry2.o(.ARM.Collect$$rtentry$$00000009)
    .ARM.Collect$$rtentry$$0000000A          0x00000176   Section        4  __rtentry2.o(.ARM.Collect$$rtentry$$0000000A)
    .ARM.Collect$$rtentry$$0000000C          0x0000017a   Section        0  __rtentry2.o(.ARM.Collect$$rtentry$$0000000C)
    .ARM.Collect$$rtentry$$0000000D          0x0000017a   Section        8  __rtentry2.o(.ARM.Collect$$rtentry$$0000000D)
    .ARM.Collect$$rtexit$$00000000           0x00000182   Section        2  rtexit.o(.ARM.Collect$$rtexit$$00000000)
    .ARM.Collect$$rtexit$$00000002           0x00000184   Section        0  rtexit2.o(.ARM.Collect$$rtexit$$00000002)
    .ARM.Collect$$rtexit$$00000003           0x00000184   Section        4  rtexit2.o(.ARM.Collect$$rtexit$$00000003)
    .ARM.Collect$$rtexit$$00000004           0x00000188   Section        6  rtexit2.o(.ARM.Collect$$rtexit$$00000004)
    .text                                    0x00000190   Section        0  nmi_isr_handler.o(.text)
    .text                                    0x000001f4   Section        0  sysinit.o(.text)
    .text                                    0x00000364   Section       68  startup_mkl26z4.o(.text)
    .text                                    0x000003a8   Section        0  serial.o(.text)
    .text                                    0x000003c8   Section        0  retarget.o(.text)
    .text                                    0x000003f8   Section        2  use_no_semi.o(.text)
    .text                                    0x000003fa   Section        0  heapauxi.o(.text)
    .ARM.__at_0x400                          0x00000400   Section       16  startup_mkl26z4.o(.ARM.__at_0x400)
    .text                                    0x00000410   Section        0  vts_ver2.o(.text)
    .text                                    0x00006990   Section        0  stdlib.o(.text)
    .text                                    0x00006d20   Section        0  start.o(.text)
    .text                                    0x000073cc   Section        0  system_mkl26z4.o(.text)
    .text                                    0x000075d4   Section        0  llwu.o(.text)
    .text                                    0x00007b88   Section        0  lptmr.o(.text)
    __NVIC_SetPriority                       0x00007c2d   Thumb Code   110  lptmr.o(.text)
    .text                                    0x00007cac   Section        0  uart.o(.text)
    __NVIC_SetPriority                       0x00007f19   Thumb Code   110  uart.o(.text)
    .text                                    0x00007fac   Section        0  noretval__2printf.o(.text)
    .text                                    0x00007fc8   Section        0  noretval__2sprintf.o(.text)
    .text                                    0x00007ff0   Section        0  _printf_pad.o(.text)
    .text                                    0x0000803e   Section        0  _printf_str.o(.text)
    .text                                    0x00008090   Section        0  _printf_dec.o(.text)
    .text                                    0x000080fc   Section        0  _printf_hex_int.o(.text)
    .text                                    0x00008154   Section        0  __printf_flags_ss_wp.o(.text)
    .text                                    0x000082dc   Section        0  strstr.o(.text)
    .text                                    0x00008304   Section        0  rt_memclr.o(.text)
    .text                                    0x00008344   Section      346  aeabi_sdiv.o(.text)
    .text                                    0x000084a0   Section        0  daddsub.o(.text)
    _dadd1                                   0x000084a1   Thumb Code   290  daddsub.o(.text)
    _dsub1                                   0x000085c3   Thumb Code   470  daddsub.o(.text)
    .text                                    0x000087f8   Section        0  ddiv.o(.text)
    .text                                    0x00008c40   Section        0  dfixi.o(.text)
    .text                                    0x00008cac   Section        0  dflti.o(.text)
    .text                                    0x00008d04   Section        0  dmul.o(.text)
    .text                                    0x00008f4c   Section        0  f2d.o(.text)
    .text                                    0x00008fa0   Section        0  fdiv.o(.text)
    .text                                    0x00009100   Section        0  ffixi.o(.text)
    .text                                    0x0000914c   Section        0  fflti.o(.text)
    .text                                    0x000091aa   Section        0  _printf_intcommon.o(.text)
    .text                                    0x0000925c   Section        0  _printf_fp_dec.o(.text)
    _fp_digits                               0x0000925f   Thumb Code   408  _printf_fp_dec.o(.text)
    .text                                    0x00009670   Section        0  _printf_char_common.o(.text)
    _printf_input_char                       0x00009671   Thumb Code    10  _printf_char_common.o(.text)
    .text                                    0x000096a0   Section        0  _sputc.o(.text)
    .text                                    0x000096aa   Section        0  _printf_char.o(.text)
    .text                                    0x000096d8   Section        0  _printf_char_file.o(.text)
    .text                                    0x00009700   Section        0  rtudiv10.o(.text)
    .text                                    0x00009728   Section        0  fcmpin.o(.text)
    .text                                    0x0000978c   Section        8  rt_locale_intlibspace.o(.text)
    .text                                    0x00009794   Section        0  lludiv10.o(.text)
    .text                                    0x00009810   Section        0  _printf_fp_infnan.o(.text)
    .text                                    0x00009898   Section        0  bigflt0.o(.text)
    .text                                    0x00009960   Section        0  btod.o(.text)
    btod_internal_mul                        0x000099a1   Thumb Code   456  btod.o(.text)
    btod_internal_div                        0x00009b69   Thumb Code   494  btod.o(.text)
    .text                                    0x00009e08   Section        0  cmpret.o(.text)
    .text                                    0x00009e38   Section        0  fnan2.o(.text)
    .text                                    0x00009e48   Section        8  libspace.o(.text)
    .text                                    0x00009e50   Section       62  sys_stackheap_outer.o(.text)
    .text                                    0x00009e8e   Section        0  exit.o(.text)
    .text                                    0x00009e9e   Section        0  retnan.o(.text)
    .text                                    0x00009efc   Section        0  __dczerorl.o(.text)
    i.GPS_COLLECT                            0x00009f38   Section        0  vts_ver2.o(i.GPS_COLLECT)
    i.GPS_COLLECT2                           0x0000a364   Section        0  vts_ver2.o(i.GPS_COLLECT2)
    i.LED_init                               0x0000a6d4   Section        0  vts_ver2.o(i.LED_init)
    i.__ARM_common_ll_muluu                  0x0000a7ec   Section        0  btod.o(i.__ARM_common_ll_muluu)
    i.__ARM_common_switch8                   0x0000a81c   Section        0  vts_ver2.o(i.__ARM_common_switch8)
    i.__ARM_fpclassify                       0x0000a838   Section        0  fpclassify.o(i.__ARM_fpclassify)
    i._is_digit                              0x0000a864   Section        0  __printf_wp.o(i._is_digit)
    i.adc_read                               0x0000a874   Section        0  vts_ver2.o(i.adc_read)
    i.clear                                  0x0000a920   Section        0  vts_ver2.o(i.clear)
    i.clear2                                 0x0000a94c   Section        0  vts_ver2.o(i.clear2)
    i.delay                                  0x0000a960   Section        0  vts_ver2.o(i.delay)
    i.get_gpsdata                            0x0000a98c   Section        0  vts_ver2.o(i.get_gpsdata)
    i.ignread                                0x0000ab04   Section        0  vts_ver2.o(i.ignread)
    i.ignstatoff                             0x0000ab7c   Section        0  vts_ver2.o(i.ignstatoff)
    i.ignstaton                              0x0000abdc   Section        0  vts_ver2.o(i.ignstaton)
    i.msg_sim800                             0x0000ac3c   Section        0  vts_ver2.o(i.msg_sim800)
    i.myAtoi                                 0x0000ba44   Section        0  vts_ver2.o(i.myAtoi)
    i.parse_g                                0x0000ba8c   Section        0  vts_ver2.o(i.parse_g)
    i.read_interval                          0x0000bbac   Section        0  vts_ver2.o(i.read_interval)
    i.read_ip_port                           0x0000bc10   Section        0  vts_ver2.o(i.read_ip_port)
    i.readapn                                0x0000bc7c   Section        0  vts_ver2.o(i.readapn)
    i.readcursor                             0x0000bcd0   Section        0  vts_ver2.o(i.readcursor)
    i.remove_all_chars                       0x0000bd8c   Section        0  vts_ver2.o(i.remove_all_chars)
    i.save_interval                          0x0000bdd0   Section        0  vts_ver2.o(i.save_interval)
    i.save_ip_port                           0x0000bee8   Section        0  vts_ver2.o(i.save_ip_port)
    i.saveapn                                0x0000c054   Section        0  vts_ver2.o(i.saveapn)
    i.savecursor                             0x0000c168   Section        0  vts_ver2.o(i.savecursor)
    i.savecursord                            0x0000c1f4   Section        0  vts_ver2.o(i.savecursord)
    i.send_GSM                               0x0000c26c   Section        0  vts_ver2.o(i.send_GSM)
    i.send_MSG                               0x0000c36c   Section        0  vts_ver2.o(i.send_MSG)
    i.send_chunk                             0x0000c448   Section        0  vts_ver2.o(i.send_chunk)
    i.send_message                           0x0000e534   Section        0  vts_ver2.o(i.send_message)
    i.send_modem                             0x0000e61c   Section        0  vts_ver2.o(i.send_modem)
    i.stof                                   0x0000e644   Section        0  vts_ver2.o(i.stof)
    locale$$code                             0x0000e6f8   Section       44  lc_numeric_c.o(locale$$code)
    x$fpl$fadd                               0x0000e724   Section      140  faddsub.o(x$fpl$fadd)
    _fadd1                                   0x0000e731   Thumb Code     0  faddsub.o(x$fpl$fadd)
    x$fpl$feqf                               0x0000e7b0   Section       84  feqf.o(x$fpl$feqf)
    x$fpl$fmul                               0x0000e804   Section      176  fmul.o(x$fpl$fmul)
    x$fpl$fsub                               0x0000e8b4   Section      208  faddsub.o(x$fpl$fsub)
    _fsub1                                   0x0000e8c1   Thumb Code     0  faddsub.o(x$fpl$fsub)
    x$fpl$printf1                            0x0000e984   Section       16  printf1.o(x$fpl$printf1)
    .constdata                               0x0000e994   Section       40  _printf_hex_int.o(.constdata)
    x$fpl$usenofp                            0x0000e994   Section        0  usenofp.o(x$fpl$usenofp)
    uc_hextab                                0x0000e994   Data          20  _printf_hex_int.o(.constdata)
    lc_hextab                                0x0000e9a8   Data          20  _printf_hex_int.o(.constdata)
    .constdata                               0x0000e9bc   Section       17  __printf_flags_ss_wp.o(.constdata)
    maptable                                 0x0000e9bc   Data          17  __printf_flags_ss_wp.o(.constdata)
    .constdata                               0x0000e9cd   Section      128  ddiv.o(.constdata)
    ddiv_reciptbl                            0x0000e9cd   Data         128  ddiv.o(.constdata)
    .constdata                               0x0000ea4d   Section       64  fdiv.o(.constdata)
    fdiv_tab                                 0x0000ea4d   Data          64  fdiv.o(.constdata)
    .constdata                               0x0000ea90   Section      148  bigflt0.o(.constdata)
    tenpwrs_x                                0x0000ea90   Data          60  bigflt0.o(.constdata)
    tenpwrs_i                                0x0000eacc   Data          64  bigflt0.o(.constdata)
    .conststring                             0x0000eb24   Section     2162  vts_ver2.o(.conststring)
    .conststring                             0x0000f398   Section      804  llwu.o(.conststring)
    locale$$data                             0x0000f6dc   Section       28  lc_numeric_c.o(locale$$data)
    __lcnum_c_name                           0x0000f6e0   Data           2  lc_numeric_c.o(locale$$data)
    __lcnum_c_start                          0x0000f6e8   Data           0  lc_numeric_c.o(locale$$data)
    __lcnum_c_point                          0x0000f6f4   Data           0  lc_numeric_c.o(locale$$data)
    __lcnum_c_thousands                      0x0000f6f6   Data           0  lc_numeric_c.o(locale$$data)
    __lcnum_c_grouping                       0x0000f6f7   Data           0  lc_numeric_c.o(locale$$data)
    __lcnum_c_end                            0x0000f6f8   Data           0  lc_numeric_c.o(locale$$data)
    .data                                    0x1fffe000   Section      580  vts_ver2.o(.data)
    cond1                                    0x1fffe0bc   Data           4  vts_ver2.o(.data)
    cond2                                    0x1fffe0c0   Data           4  vts_ver2.o(.data)
    cond3                                    0x1fffe0c4   Data           4  vts_ver2.o(.data)
    cond4                                    0x1fffe0c8   Data           4  vts_ver2.o(.data)
    cond5                                    0x1fffe0cc   Data           4  vts_ver2.o(.data)
    cond6                                    0x1fffe0d0   Data           4  vts_ver2.o(.data)
    cond7                                    0x1fffe0d4   Data           4  vts_ver2.o(.data)
    cond8                                    0x1fffe0d8   Data           4  vts_ver2.o(.data)
    cond9                                    0x1fffe0dc   Data           4  vts_ver2.o(.data)
    cond10                                   0x1fffe0e0   Data           4  vts_ver2.o(.data)
    cond11                                   0x1fffe0e4   Data           4  vts_ver2.o(.data)
    cond12                                   0x1fffe0e8   Data           4  vts_ver2.o(.data)
    cond13                                   0x1fffe0ec   Data           4  vts_ver2.o(.data)
    cond14                                   0x1fffe0f0   Data           4  vts_ver2.o(.data)
    cond15                                   0x1fffe0f4   Data           4  vts_ver2.o(.data)
    .data                                    0x1fffe244   Section       28  sysinit.o(.data)
    .data                                    0x1fffe260   Section        4  system_mkl26z4.o(.data)
    .data                                    0x1fffe264   Section        8  retarget.o(.data)
    .bss                                     0x1fffe26c   Section    12059  vts_ver2.o(.bss)
    imei                                     0x20000bfb   Data          20  vts_ver2.o(.bss)
    .bss                                     0x20001188   Section       96  libspace.o(.bss)
    HEAP                                     0x200011e8   Section        0  startup_mkl26z4.o(HEAP)
    STACK                                    0x200011e8   Section     2304  startup_mkl26z4.o(STACK)
    Heap_Mem                                 0x200011e8   Data           0  startup_mkl26z4.o(HEAP)
    Stack_Mem                                0x200011e8   Data        2304  startup_mkl26z4.o(STACK)

    Global Symbols

    Symbol Name                              Value     Ov Type        Size  Object(Section)

    BuildAttributes$$THM_ISAv3M$S$PE$A:L22$X:L11$S22$IEEE1$IW$USESV6$~STKCKD$USESV7$~SHL$OTIME$ROPI$IEEEJ$EBA8$UX$STANDARDLIB$REQ8$PRES8$EABIv2 0x00000000   Number         0  anon$$obj.o ABSOLUTE
    __ARM_use_no_argv                        0x00000000   Number         0  vts_ver2.o ABSOLUTE
    __Vectors                                0x00000000   Data           4  startup_mkl26z4.o(RESET)
    _printf_flags                            0x00000000   Number         0  printf_stubs.o ABSOLUTE
    _printf_return_value                     0x00000000   Number         0  printf_stubs.o ABSOLUTE
    _printf_sizespec                         0x00000000   Number         0  printf_stubs.o ABSOLUTE
    _printf_widthprec                        0x00000000   Number         0  printf_stubs.o ABSOLUTE
    __ARM_exceptions_init                     - Undefined Weak Reference
    __alloca_initialize                       - Undefined Weak Reference
    __arm_preinit_                            - Undefined Weak Reference
    __cpp_initialize__aeabi_                  - Undefined Weak Reference
    __cxa_finalize                            - Undefined Weak Reference
    __sigvec_lookup                           - Undefined Weak Reference
    _atexit_init                              - Undefined Weak Reference
    _call_atexit_fns                          - Undefined Weak Reference
    _clock_init                               - Undefined Weak Reference
    _fp_trap_init                             - Undefined Weak Reference
    _fp_trap_shutdown                         - Undefined Weak Reference
    _get_lc_collate                           - Undefined Weak Reference
    _get_lc_ctype                             - Undefined Weak Reference
    _get_lc_monetary                          - Undefined Weak Reference
    _get_lc_time                              - Undefined Weak Reference
    _getenv_init                              - Undefined Weak Reference
    _handle_redirection                       - Undefined Weak Reference
    _init_alloc                               - Undefined Weak Reference
    _init_user_alloc                          - Undefined Weak Reference
    _initio                                   - Undefined Weak Reference
    _printf_mbtowc                            - Undefined Weak Reference
    _printf_truncate_signed                   - Undefined Weak Reference
    _printf_truncate_unsigned                 - Undefined Weak Reference
    _rand_init                                - Undefined Weak Reference
    _signal_finish                            - Undefined Weak Reference
    _signal_init                              - Undefined Weak Reference
    _terminate_alloc                          - Undefined Weak Reference
    _terminate_user_alloc                     - Undefined Weak Reference
    _terminateio                              - Undefined Weak Reference
    __Vectors_End                            0x000000c0   Data           0  startup_mkl26z4.o(RESET)
    __Vectors_Size                           0x000000c0   Number         0  startup_mkl26z4.o ABSOLUTE
    __main                                   0x000000c1   Thumb Code     8  __main.o(!!!main)
    __scatterload                            0x000000c9   Thumb Code     0  __scatter.o(!!!scatter)
    __scatterload_rt2                        0x000000c9   Thumb Code    52  __scatter.o(!!!scatter)
    __scatterload_rt2_thumb_only             0x000000c9   Thumb Code     0  __scatter.o(!!!scatter)
    __scatterload_null                       0x000000d9   Thumb Code     0  __scatter.o(!!!scatter)
    __scatterload_zeroinit                   0x00000105   Thumb Code    28  __scatter_zi.o(!!handler_zi)
    _printf_percent                          0x00000121   Thumb Code     0  _printf_percent.o(.ARM.Collect$$_printf_percent$$00000000)
    _printf_f                                0x00000123   Thumb Code     0  _printf_f.o(.ARM.Collect$$_printf_percent$$00000003)
    _printf_d                                0x0000012d   Thumb Code     0  _printf_d.o(.ARM.Collect$$_printf_percent$$00000009)
    _printf_x                                0x00000137   Thumb Code     0  _printf_x.o(.ARM.Collect$$_printf_percent$$0000000C)
    _printf_c                                0x00000141   Thumb Code     0  _printf_c.o(.ARM.Collect$$_printf_percent$$00000013)
    _printf_s                                0x0000014b   Thumb Code     0  _printf_s.o(.ARM.Collect$$_printf_percent$$00000014)
    _printf_percent_end                      0x00000155   Thumb Code     0  _printf_percent_end.o(.ARM.Collect$$_printf_percent$$00000017)
    __rt_lib_init                            0x00000159   Thumb Code     0  libinit.o(.ARM.Collect$$libinit$$00000000)
    __rt_lib_init_fp_1                       0x0000015b   Thumb Code     0  libinit2.o(.ARM.Collect$$libinit$$00000002)
    __rt_lib_init_heap_1                     0x0000015b   Thumb Code     0  libinit2.o(.ARM.Collect$$libinit$$0000000A)
    __rt_lib_init_lc_common                  0x0000015b   Thumb Code     0  libinit2.o(.ARM.Collect$$libinit$$0000000F)
    __rt_lib_init_preinit_1                  0x0000015b   Thumb Code     0  libinit2.o(.ARM.Collect$$libinit$$00000004)
    __rt_lib_init_rand_1                     0x0000015b   Thumb Code     0  libinit2.o(.ARM.Collect$$libinit$$0000000E)
    __rt_lib_init_user_alloc_1               0x0000015b   Thumb Code     0  libinit2.o(.ARM.Collect$$libinit$$0000000C)
    __rt_lib_init_lc_collate_1               0x00000161   Thumb Code     0  libinit2.o(.ARM.Collect$$libinit$$00000011)
    __rt_lib_init_lc_ctype_1                 0x00000161   Thumb Code     0  libinit2.o(.ARM.Collect$$libinit$$00000013)
    __rt_lib_init_lc_monetary_1              0x00000161   Thumb Code     0  libinit2.o(.ARM.Collect$$libinit$$00000015)
    __rt_lib_init_lc_numeric_2               0x00000161   Thumb Code     0  libinit2.o(.ARM.Collect$$libinit$$00000016)
    __rt_lib_init_alloca_1                   0x0000016b   Thumb Code     0  libinit2.o(.ARM.Collect$$libinit$$0000002E)
    __rt_lib_init_argv_1                     0x0000016b   Thumb Code     0  libinit2.o(.ARM.Collect$$libinit$$0000002C)
    __rt_lib_init_atexit_1                   0x0000016b   Thumb Code     0  libinit2.o(.ARM.Collect$$libinit$$0000001B)
    __rt_lib_init_clock_1                    0x0000016b   Thumb Code     0  libinit2.o(.ARM.Collect$$libinit$$00000021)
    __rt_lib_init_cpp_1                      0x0000016b   Thumb Code     0  libinit2.o(.ARM.Collect$$libinit$$00000032)
    __rt_lib_init_exceptions_1               0x0000016b   Thumb Code     0  libinit2.o(.ARM.Collect$$libinit$$00000030)
    __rt_lib_init_fp_trap_1                  0x0000016b   Thumb Code     0  libinit2.o(.ARM.Collect$$libinit$$0000001F)
    __rt_lib_init_getenv_1                   0x0000016b   Thumb Code     0  libinit2.o(.ARM.Collect$$libinit$$00000023)
    __rt_lib_init_lc_numeric_1               0x0000016b   Thumb Code     0  libinit2.o(.ARM.Collect$$libinit$$00000017)
    __rt_lib_init_lc_time_1                  0x0000016b   Thumb Code     0  libinit2.o(.ARM.Collect$$libinit$$00000019)
    __rt_lib_init_return                     0x0000016b   Thumb Code     0  libinit2.o(.ARM.Collect$$libinit$$00000033)
    __rt_lib_init_signal_1                   0x0000016b   Thumb Code     0  libinit2.o(.ARM.Collect$$libinit$$0000001D)
    __rt_lib_init_stdio_1                    0x0000016b   Thumb Code     0  libinit2.o(.ARM.Collect$$libinit$$00000025)
    __rt_lib_shutdown                        0x0000016d   Thumb Code     0  libshutdown.o(.ARM.Collect$$libshutdown$$00000000)
    __rt_lib_shutdown_cpp_1                  0x0000016f   Thumb Code     0  libshutdown2.o(.ARM.Collect$$libshutdown$$00000002)
    __rt_lib_shutdown_fp_trap_1              0x0000016f   Thumb Code     0  libshutdown2.o(.ARM.Collect$$libshutdown$$00000007)
    __rt_lib_shutdown_heap_1                 0x0000016f   Thumb Code     0  libshutdown2.o(.ARM.Collect$$libshutdown$$0000000F)
    __rt_lib_shutdown_return                 0x0000016f   Thumb Code     0  libshutdown2.o(.ARM.Collect$$libshutdown$$00000010)
    __rt_lib_shutdown_signal_1               0x0000016f   Thumb Code     0  libshutdown2.o(.ARM.Collect$$libshutdown$$0000000A)
    __rt_lib_shutdown_stdio_1                0x0000016f   Thumb Code     0  libshutdown2.o(.ARM.Collect$$libshutdown$$00000004)
    __rt_lib_shutdown_user_alloc_1           0x0000016f   Thumb Code     0  libshutdown2.o(.ARM.Collect$$libshutdown$$0000000C)
    __rt_entry                               0x00000171   Thumb Code     0  __rtentry.o(.ARM.Collect$$rtentry$$00000000)
    __rt_entry_presh_1                       0x00000171   Thumb Code     0  __rtentry2.o(.ARM.Collect$$rtentry$$00000002)
    __rt_entry_sh                            0x00000171   Thumb Code     0  __rtentry4.o(.ARM.Collect$$rtentry$$00000004)
    __rt_entry_li                            0x00000177   Thumb Code     0  __rtentry2.o(.ARM.Collect$$rtentry$$0000000A)
    __rt_entry_postsh_1                      0x00000177   Thumb Code     0  __rtentry2.o(.ARM.Collect$$rtentry$$00000009)
    __rt_entry_main                          0x0000017b   Thumb Code     0  __rtentry2.o(.ARM.Collect$$rtentry$$0000000D)
    __rt_entry_postli_1                      0x0000017b   Thumb Code     0  __rtentry2.o(.ARM.Collect$$rtentry$$0000000C)
    __rt_exit                                0x00000183   Thumb Code     0  rtexit.o(.ARM.Collect$$rtexit$$00000000)
    __rt_exit_ls                             0x00000185   Thumb Code     0  rtexit2.o(.ARM.Collect$$rtexit$$00000003)
    __rt_exit_prels_1                        0x00000185   Thumb Code     0  rtexit2.o(.ARM.Collect$$rtexit$$00000002)
    __rt_exit_exit                           0x00000189   Thumb Code     0  rtexit2.o(.ARM.Collect$$rtexit$$00000004)
    NMI_Handler                              0x00000191   Thumb Code    70  nmi_isr_handler.o(.text)
    enable_NMI_button                        0x000001d7   Thumb Code     8  nmi_isr_handler.o(.text)
    sysinit                                  0x000001f5   Thumb Code   238  sysinit.o(.text)
    enable_abort_button                      0x000002e3   Thumb Code    44  sysinit.o(.text)
    clk_out_init                             0x0000030f   Thumb Code    22  sysinit.o(.text)
    Reset_Handler                            0x00000365   Thumb Code    10  startup_mkl26z4.o(.text)
    SVC_Handler                              0x00000375   Thumb Code     2  startup_mkl26z4.o(.text)
    PendSV_Handler                           0x00000377   Thumb Code     2  startup_mkl26z4.o(.text)
    SysTick_Handler                          0x00000379   Thumb Code     2  startup_mkl26z4.o(.text)
    ADC0_IRQHandler                          0x0000037f   Thumb Code     0  startup_mkl26z4.o(.text)
    CMP0_IRQHandler                          0x0000037f   Thumb Code     0  startup_mkl26z4.o(.text)
    DAC0_IRQHandler                          0x0000037f   Thumb Code     0  startup_mkl26z4.o(.text)
    DMA0_IRQHandler                          0x0000037f   Thumb Code     0  startup_mkl26z4.o(.text)
    DMA1_IRQHandler                          0x0000037f   Thumb Code     0  startup_mkl26z4.o(.text)
    DMA2_IRQHandler                          0x0000037f   Thumb Code     0  startup_mkl26z4.o(.text)
    DMA3_IRQHandler                          0x0000037f   Thumb Code     0  startup_mkl26z4.o(.text)
    DefaultISR                               0x0000037f   Thumb Code     0  startup_mkl26z4.o(.text)
    FTFA_IRQHandler                          0x0000037f   Thumb Code     0  startup_mkl26z4.o(.text)
    I2C0_IRQHandler                          0x0000037f   Thumb Code     0  startup_mkl26z4.o(.text)
    I2C1_IRQHandler                          0x0000037f   Thumb Code     0  startup_mkl26z4.o(.text)
    I2S0_IRQHandler                          0x0000037f   Thumb Code     0  startup_mkl26z4.o(.text)
    LVD_LVW_IRQHandler                       0x0000037f   Thumb Code     0  startup_mkl26z4.o(.text)
    MCG_IRQHandler                           0x0000037f   Thumb Code     0  startup_mkl26z4.o(.text)
    PIT_IRQHandler                           0x0000037f   Thumb Code     0  startup_mkl26z4.o(.text)
    PORTA_IRQHandler                         0x0000037f   Thumb Code     0  startup_mkl26z4.o(.text)
    RTC_IRQHandler                           0x0000037f   Thumb Code     0  startup_mkl26z4.o(.text)
    RTC_Seconds_IRQHandler                   0x0000037f   Thumb Code     0  startup_mkl26z4.o(.text)
    Reserved20_IRQHandler                    0x0000037f   Thumb Code     0  startup_mkl26z4.o(.text)
    Reserved45_IRQHandler                    0x0000037f   Thumb Code     0  startup_mkl26z4.o(.text)
    SPI0_IRQHandler                          0x0000037f   Thumb Code     0  startup_mkl26z4.o(.text)
    SPI1_IRQHandler                          0x0000037f   Thumb Code     0  startup_mkl26z4.o(.text)
    TPM0_IRQHandler                          0x0000037f   Thumb Code     0  startup_mkl26z4.o(.text)
    TPM1_IRQHandler                          0x0000037f   Thumb Code     0  startup_mkl26z4.o(.text)
    TPM2_IRQHandler                          0x0000037f   Thumb Code     0  startup_mkl26z4.o(.text)
    TSI0_IRQHandler                          0x0000037f   Thumb Code     0  startup_mkl26z4.o(.text)
    UART0_IRQHandler                         0x0000037f   Thumb Code     0  startup_mkl26z4.o(.text)
    USB0_IRQHandler                          0x0000037f   Thumb Code     0  startup_mkl26z4.o(.text)
    __user_initial_stackheap                 0x00000381   Thumb Code     0  startup_mkl26z4.o(.text)
    SER_PutChar                              0x000003a9   Thumb Code    16  serial.o(.text)
    SER_GetChar                              0x000003b9   Thumb Code    10  serial.o(.text)
    fputc                                    0x000003c9   Thumb Code    14  retarget.o(.text)
    fgetc                                    0x000003d7   Thumb Code    10  retarget.o(.text)
    ferror                                   0x000003e1   Thumb Code     8  retarget.o(.text)
    _ttywrch                                 0x000003e9   Thumb Code    12  retarget.o(.text)
    _sys_exit                                0x000003f5   Thumb Code     4  retarget.o(.text)
    __I$use$semihosting                      0x000003f9   Thumb Code     0  use_no_semi.o(.text)
    __use_no_semihosting_swi                 0x000003f9   Thumb Code     2  use_no_semi.o(.text)
    __use_two_region_memory                  0x000003fb   Thumb Code     2  heapauxi.o(.text)
    __rt_heap_escrow$2region                 0x000003fd   Thumb Code     2  heapauxi.o(.text)
    __rt_heap_expand$2region                 0x000003ff   Thumb Code     2  heapauxi.o(.text)
    send_SD                                  0x00000411   Thumb Code   212  vts_ver2.o(.text)
    mystrstr                                 0x000004e5   Thumb Code    64  vts_ver2.o(.text)
    LED_state2                               0x00000525   Thumb Code   198  vts_ver2.o(.text)
    parse_gsm                                0x000005eb   Thumb Code   232  vts_ver2.o(.text)
    cursor_val                               0x000006d3   Thumb Code    48  vts_ver2.o(.text)
    count_char                               0x00000703   Thumb Code    68  vts_ver2.o(.text)
    send_tcp                                 0x00000747   Thumb Code  4370  vts_ver2.o(.text)
    send_tcp_bal                             0x00001859   Thumb Code  4046  vts_ver2.o(.text)
    send_tcp2                                0x00002827   Thumb Code  4054  vts_ver2.o(.text)
    log_it                                   0x000037fd   Thumb Code   682  vts_ver2.o(.text)
    read                                     0x00003aa7   Thumb Code   144  vts_ver2.o(.text)
    read2                                    0x00003b37   Thumb Code   142  vts_ver2.o(.text)
    send_modem2                              0x00003bc5   Thumb Code    28  vts_ver2.o(.text)
    gsm_gps_sleep                            0x00003be1   Thumb Code    44  vts_ver2.o(.text)
    SW1_init                                 0x00003c0d   Thumb Code    68  vts_ver2.o(.text)
    LED_state                                0x00003c51   Thumb Code   250  vts_ver2.o(.text)
    PORTD_IRQHandler                         0x00003d4b   Thumb Code   156  vts_ver2.o(.text)
    PORTC_action                             0x00003de7   Thumb Code     2  vts_ver2.o(.text)
    systick_init                             0x00003de9   Thumb Code    16  vts_ver2.o(.text)
    systick_disable                          0x00003df9   Thumb Code    14  vts_ver2.o(.text)
    cal_systick_read_overhead                0x00003e07   Thumb Code    42  vts_ver2.o(.text)
    delay2                                   0x00003e31   Thumb Code    38  vts_ver2.o(.text)
    main                                     0x00003e57   Thumb Code 10592  vts_ver2.o(.text)
    HardFault_Handler                        0x000067b7   Thumb Code    74  vts_ver2.o(.text)
    LPTimer_IRQHandler                       0x00006801   Thumb Code   124  vts_ver2.o(.text)
    dtr_sleep                                0x0000687d   Thumb Code   170  vts_ver2.o(.text)
    isspace                                  0x00006991   Thumb Code    18  stdlib.o(.text)
    isalnum                                  0x000069a3   Thumb Code    34  stdlib.o(.text)
    isdigit                                  0x000069c5   Thumb Code    18  stdlib.o(.text)
    isupper                                  0x000069d7   Thumb Code    18  stdlib.o(.text)
    strcasecmp                               0x000069e9   Thumb Code    72  stdlib.o(.text)
    strncasecmp                              0x00006a31   Thumb Code    86  stdlib.o(.text)
    strtoul                                  0x00006a87   Thumb Code   230  stdlib.o(.text)
    strlen                                   0x00006b6d   Thumb Code    32  stdlib.o(.text)
    strcat                                   0x00006b8d   Thumb Code    46  stdlib.o(.text)
    strncat                                  0x00006bbb   Thumb Code    64  stdlib.o(.text)
    strcpy                                   0x00006bfb   Thumb Code    36  stdlib.o(.text)
    strncpy                                  0x00006c1f   Thumb Code    50  stdlib.o(.text)
    strcmp                                   0x00006c51   Thumb Code    42  stdlib.o(.text)
    strncmp                                  0x00006c7b   Thumb Code    58  stdlib.o(.text)
    memcpy                                   0x00006cb5   Thumb Code    78  stdlib.o(.text)
    memset                                   0x00006d03   Thumb Code    30  stdlib.o(.text)
    start                                    0x00006d21   Thumb Code    14  start.o(.text)
    cpu_identify                             0x00006d2f   Thumb Code   492  start.o(.text)
    flash_identify                           0x00006f1b   Thumb Code  1122  start.o(.text)
    SystemInit                               0x000073cd   Thumb Code   154  system_mkl26z4.o(.text)
    SystemCoreClockUpdate                    0x00007467   Thumb Code   322  system_mkl26z4.o(.text)
    llwu_configure                           0x000075d5   Thumb Code   522  llwu.o(.text)
    llwu_configure_filter                    0x000077df   Thumb Code    94  llwu.o(.text)
    LLW_IRQHandler                           0x0000783d   Thumb Code   828  llwu.o(.text)
    time_delay_ms                            0x00007b89   Thumb Code    66  lptmr.o(.text)
    lptmr_init                               0x00007bcb   Thumb Code    98  lptmr.o(.text)
    uart_init                                0x00007cad   Thumb Code   142  uart.o(.text)
    UART1_IRQHandler                         0x00007d3b   Thumb Code    36  uart.o(.text)
    UART2_IRQHandler                         0x00007d5f   Thumb Code     2  uart.o(.text)
    uart_getchar                             0x00007d61   Thumb Code    18  uart.o(.text)
    uart_putchar                             0x00007d73   Thumb Code    26  uart.o(.text)
    uart_getchar_present                     0x00007d8d   Thumb Code    10  uart.o(.text)
    uart0_init                               0x00007d97   Thumb Code   342  uart.o(.text)
    uart0_getchar                            0x00007eed   Thumb Code    18  uart.o(.text)
    uart0_putchar                            0x00007eff   Thumb Code    16  uart.o(.text)
    uart0_getchar_present                    0x00007f0f   Thumb Code    10  uart.o(.text)
    __2printf                                0x00007fad   Thumb Code    22  noretval__2printf.o(.text)
    __2sprintf                               0x00007fc9   Thumb Code    36  noretval__2sprintf.o(.text)
    _printf_pre_padding                      0x00007ff1   Thumb Code    44  _printf_pad.o(.text)
    _printf_post_padding                     0x0000801d   Thumb Code    34  _printf_pad.o(.text)
    _printf_str                              0x0000803f   Thumb Code    82  _printf_str.o(.text)
    _printf_int_dec                          0x00008091   Thumb Code    90  _printf_dec.o(.text)
    _printf_int_hex                          0x000080fd   Thumb Code    84  _printf_hex_int.o(.text)
    _printf_longlong_hex                     0x000080fd   Thumb Code     0  _printf_hex_int.o(.text)
    __printf                                 0x00008155   Thumb Code   386  __printf_flags_ss_wp.o(.text)
    strstr                                   0x000082dd   Thumb Code    40  strstr.o(.text)
    _memset_w                                0x00008305   Thumb Code    26  rt_memclr.o(.text)
    _memset                                  0x0000831f   Thumb Code    30  rt_memclr.o(.text)
    __aeabi_memclr                           0x0000833d   Thumb Code     4  rt_memclr.o(.text)
    __rt_memclr                              0x0000833d   Thumb Code     0  rt_memclr.o(.text)
    __aeabi_memclr4                          0x00008341   Thumb Code     0  rt_memclr.o(.text)
    __aeabi_memclr8                          0x00008341   Thumb Code     0  rt_memclr.o(.text)
    __rt_memclr_w                            0x00008341   Thumb Code     4  rt_memclr.o(.text)
    __aeabi_uidiv                            0x00008345   Thumb Code     0  aeabi_sdiv.o(.text)
    __aeabi_uidivmod                         0x00008345   Thumb Code    20  aeabi_sdiv.o(.text)
    __aeabi_idiv                             0x00008359   Thumb Code     0  aeabi_sdiv.o(.text)
    __aeabi_idivmod                          0x00008359   Thumb Code   326  aeabi_sdiv.o(.text)
    __aeabi_dadd                             0x00008799   Thumb Code     0  daddsub.o(.text)
    _dadd                                    0x00008799   Thumb Code    26  daddsub.o(.text)
    __aeabi_dsub                             0x000087b3   Thumb Code     0  daddsub.o(.text)
    _dsub                                    0x000087b3   Thumb Code    22  daddsub.o(.text)
    __aeabi_drsub                            0x000087c9   Thumb Code     0  daddsub.o(.text)
    _drsb                                    0x000087c9   Thumb Code    28  daddsub.o(.text)
    __aeabi_ddiv                             0x000087f9   Thumb Code     0  ddiv.o(.text)
    _ddiv                                    0x000087f9   Thumb Code  1072  ddiv.o(.text)
    _drdiv                                   0x00008c29   Thumb Code    20  ddiv.o(.text)
    __aeabi_d2iz                             0x00008c41   Thumb Code     0  dfixi.o(.text)
    _dfix                                    0x00008c41   Thumb Code    98  dfixi.o(.text)
    __aeabi_i2d_normalise                    0x00008cad   Thumb Code    66  dflti.o(.text)
    __aeabi_i2d                              0x00008cef   Thumb Code    16  dflti.o(.text)
    _dflt                                    0x00008cef   Thumb Code     0  dflti.o(.text)
    __aeabi_ui2d                             0x00008cff   Thumb Code     6  dflti.o(.text)
    _dfltu                                   0x00008cff   Thumb Code     0  dflti.o(.text)
    __aeabi_dmul                             0x00008d05   Thumb Code     0  dmul.o(.text)
    _dmul                                    0x00008d05   Thumb Code   558  dmul.o(.text)
    __aeabi_f2d                              0x00008f4d   Thumb Code     0  f2d.o(.text)
    _f2d                                     0x00008f4d   Thumb Code    80  f2d.o(.text)
    __aeabi_fdiv                             0x00008fa1   Thumb Code     0  fdiv.o(.text)
    _fdiv                                    0x00008fa1   Thumb Code   334  fdiv.o(.text)
    _frdiv                                   0x000090ef   Thumb Code     8  fdiv.o(.text)
    __aeabi_f2iz                             0x00009101   Thumb Code     0  ffixi.o(.text)
    _ffix                                    0x00009101   Thumb Code    76  ffixi.o(.text)
    __aeabi_i2f_normalise                    0x0000914d   Thumb Code    72  fflti.o(.text)
    __aeabi_i2f                              0x00009195   Thumb Code    16  fflti.o(.text)
    _fflt                                    0x00009195   Thumb Code     0  fflti.o(.text)
    __aeabi_ui2f                             0x000091a5   Thumb Code     6  fflti.o(.text)
    _ffltu                                   0x000091a5   Thumb Code     0  fflti.o(.text)
    _printf_int_common                       0x000091ab   Thumb Code   176  _printf_intcommon.o(.text)
    __lib_sel_fp_printf                      0x0000925d   Thumb Code     2  _printf_fp_dec.o(.text)
    _printf_fp_dec_real                      0x000093f7   Thumb Code   620  _printf_fp_dec.o(.text)
    _printf_char_common                      0x0000967b   Thumb Code    32  _printf_char_common.o(.text)
    _sputc                                   0x000096a1   Thumb Code    10  _sputc.o(.text)
    _printf_cs_common                        0x000096ab   Thumb Code    22  _printf_char.o(.text)
    _printf_char                             0x000096c1   Thumb Code    16  _printf_char.o(.text)
    _printf_string                           0x000096d1   Thumb Code     8  _printf_char.o(.text)
    _printf_char_file                        0x000096d9   Thumb Code    34  _printf_char_file.o(.text)
    __rt_udiv10                              0x00009701   Thumb Code    40  rtudiv10.o(.text)
    __fpl_fcmp_InfNaN                        0x00009729   Thumb Code    96  fcmpin.o(.text)
    __rt_locale                              0x0000978d   Thumb Code     8  rt_locale_intlibspace.o(.text)
    _ll_udiv10                               0x00009795   Thumb Code   122  lludiv10.o(.text)
    _printf_fp_infnan                        0x00009811   Thumb Code   120  _printf_fp_infnan.o(.text)
    _btod_etento                             0x00009899   Thumb Code   196  bigflt0.o(.text)
    _btod_d2e                                0x00009961   Thumb Code    64  btod.o(.text)
    _btod_emul                               0x00009d57   Thumb Code    24  btod.o(.text)
    _btod_emuld                              0x00009d6f   Thumb Code    60  btod.o(.text)
    _btod_ediv                               0x00009dab   Thumb Code    22  btod.o(.text)
    _btod_edivd                              0x00009dc1   Thumb Code    60  btod.o(.text)
    __fpl_cmpreturn                          0x00009e09   Thumb Code    46  cmpret.o(.text)
    __fpl_fcheck_NaN2                        0x00009e39   Thumb Code    10  fnan2.o(.text)
    __user_libspace                          0x00009e49   Thumb Code     8  libspace.o(.text)
    __user_perproc_libspace                  0x00009e49   Thumb Code     0  libspace.o(.text)
    __user_perthread_libspace                0x00009e49   Thumb Code     0  libspace.o(.text)
    __user_setup_stackheap                   0x00009e51   Thumb Code    62  sys_stackheap_outer.o(.text)
    exit                                     0x00009e8f   Thumb Code    16  exit.o(.text)
    __fpl_return_NaN                         0x00009e9f   Thumb Code    94  retnan.o(.text)
    __decompress                             0x00009efd   Thumb Code     0  __dczerorl.o(.text)
    __decompress0                            0x00009efd   Thumb Code    58  __dczerorl.o(.text)
    GPS_COLLECT                              0x00009f39   Thumb Code   882  vts_ver2.o(i.GPS_COLLECT)
    GPS_COLLECT2                             0x0000a365   Thumb Code   710  vts_ver2.o(i.GPS_COLLECT2)
    LED_init                                 0x0000a6d5   Thumb Code   254  vts_ver2.o(i.LED_init)
    __ARM_common_ll_muluu                    0x0000a7ed   Thumb Code    48  btod.o(i.__ARM_common_ll_muluu)
    __ARM_common_switch8                     0x0000a81d   Thumb Code    28  vts_ver2.o(i.__ARM_common_switch8)
    __ARM_fpclassify                         0x0000a839   Thumb Code    40  fpclassify.o(i.__ARM_fpclassify)
    _is_digit                                0x0000a865   Thumb Code    14  __printf_wp.o(i._is_digit)
    adc_read                                 0x0000a875   Thumb Code   142  vts_ver2.o(i.adc_read)
    clear                                    0x0000a921   Thumb Code    34  vts_ver2.o(i.clear)
    clear2                                   0x0000a94d   Thumb Code    14  vts_ver2.o(i.clear2)
    delay                                    0x0000a961   Thumb Code    40  vts_ver2.o(i.delay)
    get_gpsdata                              0x0000a98d   Thumb Code   334  vts_ver2.o(i.get_gpsdata)
    ignread                                  0x0000ab05   Thumb Code    82  vts_ver2.o(i.ignread)
    ignstatoff                               0x0000ab7d   Thumb Code    60  vts_ver2.o(i.ignstatoff)
    ignstaton                                0x0000abdd   Thumb Code    60  vts_ver2.o(i.ignstaton)
    msg_sim800                               0x0000ac3d   Thumb Code  3592  vts_ver2.o(i.msg_sim800)
    myAtoi                                   0x0000ba45   Thumb Code    62  vts_ver2.o(i.myAtoi)
    parse_g                                  0x0000ba8d   Thumb Code   260  vts_ver2.o(i.parse_g)
    read_interval                            0x0000bbad   Thumb Code    66  vts_ver2.o(i.read_interval)
    read_ip_port                             0x0000bc11   Thumb Code    76  vts_ver2.o(i.read_ip_port)
    readapn                                  0x0000bc7d   Thumb Code    56  vts_ver2.o(i.readapn)
    readcursor                               0x0000bcd1   Thumb Code   150  vts_ver2.o(i.readcursor)
    remove_all_chars                         0x0000bd8d   Thumb Code    66  vts_ver2.o(i.remove_all_chars)
    save_interval                            0x0000bdd1   Thumb Code   204  vts_ver2.o(i.save_interval)
    save_ip_port                             0x0000bee9   Thumb Code   276  vts_ver2.o(i.save_ip_port)
    saveapn                                  0x0000c055   Thumb Code   202  vts_ver2.o(i.saveapn)
    savecursor                               0x0000c169   Thumb Code    90  vts_ver2.o(i.savecursor)
    savecursord                              0x0000c1f5   Thumb Code    84  vts_ver2.o(i.savecursord)
    send_GSM                                 0x0000c26d   Thumb Code   220  vts_ver2.o(i.send_GSM)
    send_MSG                                 0x0000c36d   Thumb Code   174  vts_ver2.o(i.send_MSG)
    send_chunk                               0x0000c449   Thumb Code  8342  vts_ver2.o(i.send_chunk)
    send_message                             0x0000e535   Thumb Code   170  vts_ver2.o(i.send_message)
    send_modem                               0x0000e61d   Thumb Code    34  vts_ver2.o(i.send_modem)
    stof                                     0x0000e645   Thumb Code   154  vts_ver2.o(i.stof)
    _get_lc_numeric                          0x0000e6f9   Thumb Code    44  lc_numeric_c.o(locale$$code)
    __aeabi_fadd                             0x0000e725   Thumb Code     0  faddsub.o(x$fpl$fadd)
    _fadd                                    0x0000e725   Thumb Code   134  faddsub.o(x$fpl$fadd)
    __aeabi_cfcmpeq                          0x0000e7b1   Thumb Code     0  feqf.o(x$fpl$feqf)
    _fcmpeq                                  0x0000e7b1   Thumb Code    78  feqf.o(x$fpl$feqf)
    __aeabi_fmul                             0x0000e805   Thumb Code     0  fmul.o(x$fpl$fmul)
    _fmul                                    0x0000e805   Thumb Code   172  fmul.o(x$fpl$fmul)
    __aeabi_fsub                             0x0000e8b5   Thumb Code     0  faddsub.o(x$fpl$fsub)
    _fsub                                    0x0000e8b5   Thumb Code   204  faddsub.o(x$fpl$fsub)
    _printf_fp_dec                           0x0000e985   Thumb Code    16  printf1.o(x$fpl$printf1)
    __I$use$fp                               0x0000e994   Number         0  usenofp.o(x$fpl$usenofp)
    Region$$Table$$Base                      0x0000f6bc   Number         0  anon$$obj.o(Region$$Table)
    Region$$Table$$Limit                     0x0000f6dc   Number         0  anon$$obj.o(Region$$Table)
    cond200                                  0x1fffe000   Data           4  vts_ver2.o(.data)
    k                                        0x1fffe004   Data           4  vts_ver2.o(.data)
    l                                        0x1fffe008   Data           4  vts_ver2.o(.data)
    k2                                       0x1fffe00c   Data           4  vts_ver2.o(.data)
    l2                                       0x1fffe010   Data           4  vts_ver2.o(.data)
    tout                                     0x1fffe014   Data           4  vts_ver2.o(.data)
    tout2                                    0x1fffe018   Data           4  vts_ver2.o(.data)
    time                                     0x1fffe01c   Data           4  vts_ver2.o(.data)
    temp                                     0x1fffe020   Data           4  vts_ver2.o(.data)
    flagch                                   0x1fffe024   Data           4  vts_ver2.o(.data)
    cond121                                  0x1fffe028   Data           1  vts_ver2.o(.data)
    cond122                                  0x1fffe02c   Data           4  vts_ver2.o(.data)
    cond123                                  0x1fffe030   Data           4  vts_ver2.o(.data)
    cond124                                  0x1fffe034   Data           4  vts_ver2.o(.data)
    len                                      0x1fffe038   Data           4  vts_ver2.o(.data)
    cond                                     0x1fffe03c   Data           1  vts_ver2.o(.data)
    con1d                                    0x1fffe040   Data           4  vts_ver2.o(.data)
    stcond1                                  0x1fffe044   Data           4  vts_ver2.o(.data)
    stcond2                                  0x1fffe048   Data           4  vts_ver2.o(.data)
    stcond3                                  0x1fffe04c   Data           4  vts_ver2.o(.data)
    stcond4                                  0x1fffe050   Data           4  vts_ver2.o(.data)
    time111                                  0x1fffe054   Data           4  vts_ver2.o(.data)
    timeout222                               0x1fffe058   Data           4  vts_ver2.o(.data)
    qweq                                     0x1fffe05c   Data           4  vts_ver2.o(.data)
    i11                                      0x1fffe060   Data           4  vts_ver2.o(.data)
    j11                                      0x1fffe064   Data           4  vts_ver2.o(.data)
    temp11                                   0x1fffe068   Data           4  vts_ver2.o(.data)
    sz1                                      0x1fffe06c   Data           4  vts_ver2.o(.data)
    sz2                                      0x1fffe070   Data           4  vts_ver2.o(.data)
    send_SOS                                 0x1fffe074   Data           4  vts_ver2.o(.data)
    gu32PortStatus                           0x1fffe078   Data           4  vts_ver2.o(.data)
    stateCount                               0x1fffe07c   Data           1  vts_ver2.o(.data)
    cnt_start_value                          0x1fffe080   Data           4  vts_ver2.o(.data)
    cnt_end_value                            0x1fffe084   Data           4  vts_ver2.o(.data)
    overhead                                 0x1fffe088   Data           4  vts_ver2.o(.data)
    e                                        0x1fffe08c   Data           4  vts_ver2.o(.data)
    adcsa                                    0x1fffe090   Data           4  vts_ver2.o(.data)
    adcin                                    0x1fffe094   Data           4  vts_ver2.o(.data)
    adcsample                                0x1fffe098   Data           4  vts_ver2.o(.data)
    fuel                                     0x1fffe09c   Data           4  vts_ver2.o(.data)
    fuelstr                                  0x1fffe0a0   Data           5  vts_ver2.o(.data)
    rez                                      0x1fffe0a8   Data           4  vts_ver2.o(.data)
    fact                                     0x1fffe0ac   Data           4  vts_ver2.o(.data)
    d                                        0x1fffe0b0   Data           4  vts_ver2.o(.data)
    point_seen                               0x1fffe0b4   Data           4  vts_ver2.o(.data)
    cond201                                  0x1fffe0b8   Data           4  vts_ver2.o(.data)
    ass                                      0x1fffe0f8   Data           4  vts_ver2.o(.data)
    count                                    0x1fffe0fc   Data           4  vts_ver2.o(.data)
    fsz                                      0x1fffe100   Data           4  vts_ver2.o(.data)
    log0                                     0x1fffe104   Data           4  vts_ver2.o(.data)
    times                                    0x1fffe108   Data           4  vts_ver2.o(.data)
    qwe                                      0x1fffe10c   Data           4  vts_ver2.o(.data)
    k5                                       0x1fffe110   Data           4  vts_ver2.o(.data)
    enters                                   0x1fffe114   Data           4  vts_ver2.o(.data)
    cursorvaluepr                            0x1fffe118   Data           4  vts_ver2.o(.data)
    cursorvaluene                            0x1fffe11c   Data           4  vts_ver2.o(.data)
    q1                                       0x1fffe120   Data           4  vts_ver2.o(.data)
    q2                                       0x1fffe124   Data           4  vts_ver2.o(.data)
    q3                                       0x1fffe128   Data           4  vts_ver2.o(.data)
    q4                                       0x1fffe12c   Data           4  vts_ver2.o(.data)
    cntendl                                  0x1fffe130   Data           4  vts_ver2.o(.data)
    prev                                     0x1fffe134   Data           8  vts_ver2.o(.data)
    iz                                       0x1fffe13c   Data           4  vts_ver2.o(.data)
    a                                        0x1fffe140   Data           8  vts_ver2.o(.data)
    b                                        0x1fffe148   Data           8  vts_ver2.o(.data)
    c                                        0x1fffe150   Data           8  vts_ver2.o(.data)
    hh                                       0x1fffe158   Data           4  vts_ver2.o(.data)
    mm1                                      0x1fffe15c   Data           4  vts_ver2.o(.data)
    mm2                                      0x1fffe160   Data           4  vts_ver2.o(.data)
    a1                                       0x1fffe168   Data           8  vts_ver2.o(.data)
    b1                                       0x1fffe170   Data           8  vts_ver2.o(.data)
    c1                                       0x1fffe178   Data           8  vts_ver2.o(.data)
    hh11                                     0x1fffe180   Data           8  vts_ver2.o(.data)
    mm11                                     0x1fffe188   Data           8  vts_ver2.o(.data)
    mm22                                     0x1fffe190   Data           8  vts_ver2.o(.data)
    logged                                   0x1fffe198   Data           4  vts_ver2.o(.data)
    check                                    0x1fffe19c   Data           4  vts_ver2.o(.data)
    stcond5                                  0x1fffe1a0   Data           4  vts_ver2.o(.data)
    acstr                                    0x1fffe1a4   Data           2  vts_ver2.o(.data)
    breach                                   0x1fffe1a8   Data           4  vts_ver2.o(.data)
    aliveping                                0x1fffe1ac   Data           4  vts_ver2.o(.data)
    sleep_flag                               0x1fffe1b0   Data           4  vts_ver2.o(.data)
    tmeout                                   0x1fffe1b4   Data           4  vts_ver2.o(.data)
    int_erval                                0x1fffe1b8   Data           4  vts_ver2.o(.data)
    drive                                    0x1fffe1bc   Data           5  vts_ver2.o(.data)
    apn                                      0x1fffe1c1   Data          25  vts_ver2.o(.data)
    speed                                    0x1fffe1dc   Data           4  vts_ver2.o(.data)
    lpticks                                  0x1fffe1e0   Data           4  vts_ver2.o(.data)
    voltagecbc                               0x1fffe1e4   Data           4  vts_ver2.o(.data)
    csq                                      0x1fffe1e8   Data           4  vts_ver2.o(.data)
    rtcticks                                 0x1fffe1ec   Data           4  vts_ver2.o(.data)
    rtcticks2                                0x1fffe1f0   Data           4  vts_ver2.o(.data)
    imeiinc                                  0x1fffe1f4   Data           4  vts_ver2.o(.data)
    ticks_ch                                 0x1fffe1f8   Data           1  vts_ver2.o(.data)
    save_rtcticks                            0x1fffe1f9   Data           1  vts_ver2.o(.data)
    velocity                                 0x1fffe1fa   Data           5  vts_ver2.o(.data)
    interval                                 0x1fffe1ff   Data           5  vts_ver2.o(.data)
    timeout                                  0x1fffe204   Data           4  vts_ver2.o(.data)
    pr                                       0x1fffe208   Data           4  vts_ver2.o(.data)
    la                                       0x1fffe20c   Data           4  vts_ver2.o(.data)
    ggaptr                                   0x1fffe210   Data           4  vts_ver2.o(.data)
    rmcptr                                   0x1fffe214   Data           4  vts_ver2.o(.data)
    i                                        0x1fffe218   Data           4  vts_ver2.o(.data)
    motion_samples                           0x1fffe21c   Data           4  vts_ver2.o(.data)
    notsleep                                 0x1fffe220   Data           4  vts_ver2.o(.data)
    ch                                       0x1fffe224   Data           1  vts_ver2.o(.data)
    ringflag                                 0x1fffe225   Data           1  vts_ver2.o(.data)
    lptmr_interrupt                          0x1fffe226   Data           1  vts_ver2.o(.data)
    time52                                   0x1fffe228   Data           4  vts_ver2.o(.data)
    cond277                                  0x1fffe22c   Data           4  vts_ver2.o(.data)
    cond20077                                0x1fffe230   Data           4  vts_ver2.o(.data)
    sz                                       0x1fffe234   Data           4  vts_ver2.o(.data)
    cn                                       0x1fffe238   Data           4  vts_ver2.o(.data)
    res                                      0x1fffe23c   Data           4  vts_ver2.o(.data)
    test2                                    0x1fffe240   Data           4  vts_ver2.o(.data)
    mcg_clk_hz                               0x1fffe244   Data           4  sysinit.o(.data)
    mcg_clk_khz                              0x1fffe248   Data           4  sysinit.o(.data)
    core_clk_khz                             0x1fffe24c   Data           4  sysinit.o(.data)
    periph_clk_khz                           0x1fffe250   Data           4  sysinit.o(.data)
    pll_clk_khz                              0x1fffe254   Data           4  sysinit.o(.data)
    uart0_clk_khz                            0x1fffe258   Data           4  sysinit.o(.data)
    uart0_clk_hz                             0x1fffe25c   Data           4  sysinit.o(.data)
    SystemCoreClock                          0x1fffe260   Data           4  system_mkl26z4.o(.data)
    __stdout                                 0x1fffe264   Data           4  retarget.o(.data)
    __stdin                                  0x1fffe268   Data           4  retarget.o(.data)
    uart_string_gsm                          0x1fffe26c   Data        5000  vts_ver2.o(.bss)
    data                                     0x1ffff5f4   Data        1500  vts_ver2.o(.bss)
    num2                                     0x1ffffbd0   Data          30  vts_ver2.o(.bss)
    latest                                   0x1ffffbee   Data          10  vts_ver2.o(.bss)
    ignstr                                   0x1ffffbf8   Data           9  vts_ver2.o(.bss)
    string_gps                               0x1ffffc01   Data         100  vts_ver2.o(.bss)
    gga                                      0x1ffffc65   Data         100  vts_ver2.o(.bss)
    rmc                                      0x1ffffcc9   Data         100  vts_ver2.o(.bss)
    uart_string_gps                          0x1ffffd2d   Data        3000  vts_ver2.o(.bss)
    data2                                    0x200008e5   Data         300  vts_ver2.o(.bss)
    exception                                0x20000a11   Data         200  vts_ver2.o(.bss)
    ip                                       0x20000ad9   Data         100  vts_ver2.o(.bss)
    port                                     0x20000b3d   Data          10  vts_ver2.o(.bss)
    at_                                      0x20000b47   Data         100  vts_ver2.o(.bss)
    lati                                     0x20000bab   Data          20  vts_ver2.o(.bss)
    longi                                    0x20000bbf   Data          20  vts_ver2.o(.bss)
    fsize                                    0x20000bd3   Data          15  vts_ver2.o(.bss)
    num_o                                    0x20000be2   Data          15  vts_ver2.o(.bss)
    _rtcticks                                0x20000bf1   Data          10  vts_ver2.o(.bss)
    sd_data                                  0x20000c0f   Data        1400  vts_ver2.o(.bss)
    __libspace_start                         0x20001188   Data          96  libspace.o(.bss)
    HEAP$$Base                               0x200011e8   Number         0  startup_mkl26z4.o(HEAP)
    HEAP$$Limit                              0x200011e8   Number         0  startup_mkl26z4.o(HEAP)
    __temporary_stack_top$libspace           0x200011e8   Data           0  libspace.o(.bss)



==============================================================================

Memory Map of the image

  Image Entry point : 0x000000c1

  Load Region LR_IROM1 (Base: 0x00000000, Size: 0x0000f964, Max: 0x00040000, ABSOLUTE, COMPRESSED[0x0000f718])

    Execution Region ER_IROM1 (Base: 0x00000000, Size: 0x0000f6f8, Max: 0x00040000, ABSOLUTE)

    Base Addr    Size         Type   Attr      Idx    E Section Name        Object

    0x00000000   0x000000c0   Data   RO          593    RESET               startup_mkl26z4.o
    0x000000c0   0x00000008   Code   RO          957  * !!!main             c_p.l(__main.o)
    0x000000c8   0x0000003c   Code   RO         1205    !!!scatter          c_p.l(__scatter.o)
    0x00000104   0x0000001c   Code   RO         1207    !!handler_zi        c_p.l(__scatter_zi.o)
    0x00000120   0x00000002   Code   RO          946    .ARM.Collect$$_printf_percent$$00000000  c_p.l(_printf_percent.o)
    0x00000122   0x0000000a   Code   RO          945    .ARM.Collect$$_printf_percent$$00000003  c_p.l(_printf_f.o)
    0x0000012c   0x0000000a   Code   RO          944    .ARM.Collect$$_printf_percent$$00000009  c_p.l(_printf_d.o)
    0x00000136   0x0000000a   Code   RO          942    .ARM.Collect$$_printf_percent$$0000000C  c_p.l(_printf_x.o)
    0x00000140   0x0000000a   Code   RO          940    .ARM.Collect$$_printf_percent$$00000013  c_p.l(_printf_c.o)
    0x0000014a   0x0000000a   Code   RO          941    .ARM.Collect$$_printf_percent$$00000014  c_p.l(_printf_s.o)
    0x00000154   0x00000004   Code   RO         1010    .ARM.Collect$$_printf_percent$$00000017  c_p.l(_printf_percent_end.o)
    0x00000158   0x00000002   Code   RO         1079    .ARM.Collect$$libinit$$00000000  c_p.l(libinit.o)
    0x0000015a   0x00000000   Code   RO         1081    .ARM.Collect$$libinit$$00000002  c_p.l(libinit2.o)
    0x0000015a   0x00000000   Code   RO         1083    .ARM.Collect$$libinit$$00000004  c_p.l(libinit2.o)
    0x0000015a   0x00000000   Code   RO         1086    .ARM.Collect$$libinit$$0000000A  c_p.l(libinit2.o)
    0x0000015a   0x00000000   Code   RO         1088    .ARM.Collect$$libinit$$0000000C  c_p.l(libinit2.o)
    0x0000015a   0x00000000   Code   RO         1090    .ARM.Collect$$libinit$$0000000E  c_p.l(libinit2.o)
    0x0000015a   0x00000006   Code   RO         1091    .ARM.Collect$$libinit$$0000000F  c_p.l(libinit2.o)
    0x00000160   0x00000000   Code   RO         1093    .ARM.Collect$$libinit$$00000011  c_p.l(libinit2.o)
    0x00000160   0x00000000   Code   RO         1095    .ARM.Collect$$libinit$$00000013  c_p.l(libinit2.o)
    0x00000160   0x00000000   Code   RO         1097    .ARM.Collect$$libinit$$00000015  c_p.l(libinit2.o)
    0x00000160   0x0000000a   Code   RO         1098    .ARM.Collect$$libinit$$00000016  c_p.l(libinit2.o)
    0x0000016a   0x00000000   Code   RO         1099    .ARM.Collect$$libinit$$00000017  c_p.l(libinit2.o)
    0x0000016a   0x00000000   Code   RO         1101    .ARM.Collect$$libinit$$00000019  c_p.l(libinit2.o)
    0x0000016a   0x00000000   Code   RO         1103    .ARM.Collect$$libinit$$0000001B  c_p.l(libinit2.o)
    0x0000016a   0x00000000   Code   RO         1105    .ARM.Collect$$libinit$$0000001D  c_p.l(libinit2.o)
    0x0000016a   0x00000000   Code   RO         1107    .ARM.Collect$$libinit$$0000001F  c_p.l(libinit2.o)
    0x0000016a   0x00000000   Code   RO         1109    .ARM.Collect$$libinit$$00000021  c_p.l(libinit2.o)
    0x0000016a   0x00000000   Code   RO         1111    .ARM.Collect$$libinit$$00000023  c_p.l(libinit2.o)
    0x0000016a   0x00000000   Code   RO         1113    .ARM.Collect$$libinit$$00000025  c_p.l(libinit2.o)
    0x0000016a   0x00000000   Code   RO         1117    .ARM.Collect$$libinit$$0000002C  c_p.l(libinit2.o)
    0x0000016a   0x00000000   Code   RO         1119    .ARM.Collect$$libinit$$0000002E  c_p.l(libinit2.o)
    0x0000016a   0x00000000   Code   RO         1121    .ARM.Collect$$libinit$$00000030  c_p.l(libinit2.o)
    0x0000016a   0x00000000   Code   RO         1123    .ARM.Collect$$libinit$$00000032  c_p.l(libinit2.o)
    0x0000016a   0x00000002   Code   RO         1124    .ARM.Collect$$libinit$$00000033  c_p.l(libinit2.o)
    0x0000016c   0x00000002   Code   RO         1167    .ARM.Collect$$libshutdown$$00000000  c_p.l(libshutdown.o)
    0x0000016e   0x00000000   Code   RO         1186    .ARM.Collect$$libshutdown$$00000002  c_p.l(libshutdown2.o)
    0x0000016e   0x00000000   Code   RO         1188    .ARM.Collect$$libshutdown$$00000004  c_p.l(libshutdown2.o)
    0x0000016e   0x00000000   Code   RO         1191    .ARM.Collect$$libshutdown$$00000007  c_p.l(libshutdown2.o)
    0x0000016e   0x00000000   Code   RO         1194    .ARM.Collect$$libshutdown$$0000000A  c_p.l(libshutdown2.o)
    0x0000016e   0x00000000   Code   RO         1196    .ARM.Collect$$libshutdown$$0000000C  c_p.l(libshutdown2.o)
    0x0000016e   0x00000000   Code   RO         1199    .ARM.Collect$$libshutdown$$0000000F  c_p.l(libshutdown2.o)
    0x0000016e   0x00000002   Code   RO         1200    .ARM.Collect$$libshutdown$$00000010  c_p.l(libshutdown2.o)
    0x00000170   0x00000000   Code   RO          993    .ARM.Collect$$rtentry$$00000000  c_p.l(__rtentry.o)
    0x00000170   0x00000000   Code   RO         1017    .ARM.Collect$$rtentry$$00000002  c_p.l(__rtentry2.o)
    0x00000170   0x00000006   Code   RO         1029    .ARM.Collect$$rtentry$$00000004  c_p.l(__rtentry4.o)
    0x00000176   0x00000000   Code   RO         1019    .ARM.Collect$$rtentry$$00000009  c_p.l(__rtentry2.o)
    0x00000176   0x00000004   Code   RO         1020    .ARM.Collect$$rtentry$$0000000A  c_p.l(__rtentry2.o)
    0x0000017a   0x00000000   Code   RO         1022    .ARM.Collect$$rtentry$$0000000C  c_p.l(__rtentry2.o)
    0x0000017a   0x00000008   Code   RO         1023    .ARM.Collect$$rtentry$$0000000D  c_p.l(__rtentry2.o)
    0x00000182   0x00000002   Code   RO         1128    .ARM.Collect$$rtexit$$00000000  c_p.l(rtexit.o)
    0x00000184   0x00000000   Code   RO         1141    .ARM.Collect$$rtexit$$00000002  c_p.l(rtexit2.o)
    0x00000184   0x00000004   Code   RO         1142    .ARM.Collect$$rtexit$$00000003  c_p.l(rtexit2.o)
    0x00000188   0x00000006   Code   RO         1143    .ARM.Collect$$rtexit$$00000004  c_p.l(rtexit2.o)
    0x0000018e   0x00000002   PAD
    0x00000190   0x00000064   Code   RO          495    .text               nmi_isr_handler.o
    0x000001f4   0x00000170   Code   RO          541    .text               sysinit.o
    0x00000364   0x00000044   Code   RO          595    .text               startup_mkl26z4.o
    0x000003a8   0x00000020   Code   RO          830    .text               serial.o
    0x000003c8   0x00000030   Code   RO          851    .text               retarget.o
    0x000003f8   0x00000002   Code   RO          881    .text               c_p.l(use_no_semi.o)
    0x000003fa   0x00000006   Code   RO          955    .text               c_p.l(heapauxi.o)
    0x00000400   0x00000010   Code   RO          594    .ARM.__at_0x400     startup_mkl26z4.o
    0x00000410   0x00006580   Code   RO            3    .text               vts_ver2.o
    0x00006990   0x00000390   Code   RO          475    .text               stdlib.o
    0x00006d20   0x000006ac   Code   RO          518    .text               start.o
    0x000073cc   0x00000208   Code   RO          567    .text               system_mkl26z4.o
    0x000075d4   0x000005b4   Code   RO          626    .text               llwu.o
    0x00007b88   0x00000124   Code   RO          655    .text               lptmr.o
    0x00007cac   0x00000300   Code   RO          799    .text               uart.o
    0x00007fac   0x0000001c   Code   RO          887    .text               c_p.l(noretval__2printf.o)
    0x00007fc8   0x00000028   Code   RO          889    .text               c_p.l(noretval__2sprintf.o)
    0x00007ff0   0x0000004e   Code   RO          893    .text               c_p.l(_printf_pad.o)
    0x0000803e   0x00000052   Code   RO          895    .text               c_p.l(_printf_str.o)
    0x00008090   0x0000006c   Code   RO          897    .text               c_p.l(_printf_dec.o)
    0x000080fc   0x00000058   Code   RO          902    .text               c_p.l(_printf_hex_int.o)
    0x00008154   0x00000188   Code   RO          937    .text               c_p.l(__printf_flags_ss_wp.o)
    0x000082dc   0x00000028   Code   RO          947    .text               c_p.l(strstr.o)
    0x00008304   0x00000040   Code   RO          949    .text               c_p.l(rt_memclr.o)
    0x00008344   0x0000015a   Code   RO          951    .text               c_p.l(aeabi_sdiv.o)
    0x0000849e   0x00000002   PAD
    0x000084a0   0x00000358   Code   RO          959    .text               fz_ps.l(daddsub.o)
    0x000087f8   0x00000448   Code   RO          961    .text               fz_ps.l(ddiv.o)
    0x00008c40   0x0000006c   Code   RO          964    .text               fz_ps.l(dfixi.o)
    0x00008cac   0x00000058   Code   RO          966    .text               fz_ps.l(dflti.o)
    0x00008d04   0x00000248   Code   RO          968    .text               fz_ps.l(dmul.o)
    0x00008f4c   0x00000054   Code   RO          970    .text               fz_ps.l(f2d.o)
    0x00008fa0   0x00000160   Code   RO          978    .text               fz_ps.l(fdiv.o)
    0x00009100   0x0000004c   Code   RO          983    .text               fz_ps.l(ffixi.o)
    0x0000914c   0x0000005e   Code   RO          987    .text               fz_ps.l(fflti.o)
    0x000091aa   0x000000b0   Code   RO          998    .text               c_p.l(_printf_intcommon.o)
    0x0000925a   0x00000002   PAD
    0x0000925c   0x00000414   Code   RO         1000    .text               c_p.l(_printf_fp_dec.o)
    0x00009670   0x00000030   Code   RO         1002    .text               c_p.l(_printf_char_common.o)
    0x000096a0   0x0000000a   Code   RO         1004    .text               c_p.l(_sputc.o)
    0x000096aa   0x0000002e   Code   RO         1006    .text               c_p.l(_printf_char.o)
    0x000096d8   0x00000028   Code   RO         1008    .text               c_p.l(_printf_char_file.o)
    0x00009700   0x00000028   Code   RO         1011    .text               c_p.l(rtudiv10.o)
    0x00009728   0x00000064   Code   RO         1013    .text               fz_ps.l(fcmpin.o)
    0x0000978c   0x00000008   Code   RO         1036    .text               c_p.l(rt_locale_intlibspace.o)
    0x00009794   0x0000007a   Code   RO         1038    .text               c_p.l(lludiv10.o)
    0x0000980e   0x00000002   PAD
    0x00009810   0x00000088   Code   RO         1040    .text               c_p.l(_printf_fp_infnan.o)
    0x00009898   0x000000c8   Code   RO         1044    .text               c_p.l(bigflt0.o)
    0x00009960   0x000004a8   Code   RO         1047    .text               c_p.l(btod.o)
    0x00009e08   0x0000002e   Code   RO         1054    .text               fz_ps.l(cmpret.o)
    0x00009e36   0x00000002   PAD
    0x00009e38   0x00000010   Code   RO         1056    .text               fz_ps.l(fnan2.o)
    0x00009e48   0x00000008   Code   RO         1062    .text               c_p.l(libspace.o)
    0x00009e50   0x0000003e   Code   RO         1065    .text               c_p.l(sys_stackheap_outer.o)
    0x00009e8e   0x00000010   Code   RO         1068    .text               c_p.l(exit.o)
    0x00009e9e   0x0000005e   Code   RO         1125    .text               fz_ps.l(retnan.o)
    0x00009efc   0x0000003a   Code   RO         1203    .text               c_p.l(__dczerorl.o)
    0x00009f36   0x00000002   PAD
    0x00009f38   0x0000042c   Code   RO          102    i.GPS_COLLECT       vts_ver2.o
    0x0000a364   0x00000370   Code   RO          126    i.GPS_COLLECT2      vts_ver2.o
    0x0000a6d4   0x00000118   Code   RO          162    i.LED_init          vts_ver2.o
    0x0000a7ec   0x00000030   Code   RO         1049    i.__ARM_common_ll_muluu  c_p.l(btod.o)
    0x0000a81c   0x0000001c   Code   RO          198    i.__ARM_common_switch8  vts_ver2.o
    0x0000a838   0x0000002c   Code   RO         1060    i.__ARM_fpclassify  m_ps.l(fpclassify.o)
    0x0000a864   0x0000000e   Code   RO          930    i._is_digit         c_p.l(__printf_wp.o)
    0x0000a872   0x00000002   PAD
    0x0000a874   0x000000ac   Code   RO           78    i.adc_read          vts_ver2.o
    0x0000a920   0x0000002c   Code   RO           24    i.clear             vts_ver2.o
    0x0000a94c   0x00000014   Code   RO          173    i.clear2            vts_ver2.o
    0x0000a960   0x0000002c   Code   RO           30    i.delay             vts_ver2.o
    0x0000a98c   0x00000178   Code   RO           90    i.get_gpsdata       vts_ver2.o
    0x0000ab04   0x00000078   Code   RO          150    i.ignread           vts_ver2.o
    0x0000ab7c   0x00000060   Code   RO          168    i.ignstatoff        vts_ver2.o
    0x0000abdc   0x00000060   Code   RO           66    i.ignstaton         vts_ver2.o
    0x0000ac3c   0x00000e08   Code   RO          120    i.msg_sim800        vts_ver2.o
    0x0000ba44   0x00000048   Code   RO           96    i.myAtoi            vts_ver2.o
    0x0000ba8c   0x00000120   Code   RO           60    i.parse_g           vts_ver2.o
    0x0000bbac   0x00000064   Code   RO          188    i.read_interval     vts_ver2.o
    0x0000bc10   0x0000006c   Code   RO          183    i.read_ip_port      vts_ver2.o
    0x0000bc7c   0x00000054   Code   RO          144    i.readapn           vts_ver2.o
    0x0000bcd0   0x000000bc   Code   RO          156    i.readcursor        vts_ver2.o
    0x0000bd8c   0x00000042   Code   RO          132    i.remove_all_chars  vts_ver2.o
    0x0000bdce   0x00000002   PAD
    0x0000bdd0   0x00000118   Code   RO          108    i.save_interval     vts_ver2.o
    0x0000bee8   0x0000016c   Code   RO           72    i.save_ip_port      vts_ver2.o
    0x0000c054   0x00000114   Code   RO          114    i.saveapn           vts_ver2.o
    0x0000c168   0x0000008c   Code   RO          193    i.savecursor        vts_ver2.o
    0x0000c1f4   0x00000078   Code   RO          178    i.savecursord       vts_ver2.o
    0x0000c26c   0x00000100   Code   RO           42    i.send_GSM          vts_ver2.o
    0x0000c36c   0x000000dc   Code   RO           48    i.send_MSG          vts_ver2.o
    0x0000c448   0x000020ec   Code   RO          138    i.send_chunk        vts_ver2.o
    0x0000e534   0x000000e8   Code   RO           54    i.send_message      vts_ver2.o
    0x0000e61c   0x00000028   Code   RO           36    i.send_modem        vts_ver2.o
    0x0000e644   0x000000b4   Code   RO           84    i.stof              vts_ver2.o
    0x0000e6f8   0x0000002c   Code   RO         1052    locale$$code        c_p.l(lc_numeric_c.o)
    0x0000e724   0x0000008c   Code   RO          972    x$fpl$fadd          fz_ps.l(faddsub.o)
    0x0000e7b0   0x00000054   Code   RO          981    x$fpl$feqf          fz_ps.l(feqf.o)
    0x0000e804   0x000000b0   Code   RO          989    x$fpl$fmul          fz_ps.l(fmul.o)
    0x0000e8b4   0x000000d0   Code   RO          974    x$fpl$fsub          fz_ps.l(faddsub.o)
    0x0000e984   0x00000010   Code   RO          991    x$fpl$printf1       fz_ps.l(printf1.o)
    0x0000e994   0x00000000   Code   RO         1015    x$fpl$usenofp       fz_ps.l(usenofp.o)
    0x0000e994   0x00000028   Data   RO          903    .constdata          c_p.l(_printf_hex_int.o)
    0x0000e9bc   0x00000011   Data   RO          938    .constdata          c_p.l(__printf_flags_ss_wp.o)
    0x0000e9cd   0x00000080   Data   RO          962    .constdata          fz_ps.l(ddiv.o)
    0x0000ea4d   0x00000040   Data   RO          979    .constdata          fz_ps.l(fdiv.o)
    0x0000ea8d   0x00000003   PAD
    0x0000ea90   0x00000094   Data   RO         1045    .constdata          c_p.l(bigflt0.o)
    0x0000eb24   0x00000872   Data   RO            5    .conststring        vts_ver2.o
    0x0000f396   0x00000002   PAD
    0x0000f398   0x00000324   Data   RO          627    .conststring        llwu.o
    0x0000f6bc   0x00000020   Data   RO         1201    Region$$Table       anon$$obj.o
    0x0000f6dc   0x0000001c   Data   RO         1051    locale$$data        c_p.l(lc_numeric_c.o)


    Execution Region RW_IRAM1 (Base: 0x1fffe000, Size: 0x00003ae8, Max: 0x00008000, ABSOLUTE, COMPRESSED[0x00000020])

    Base Addr    Size         Type   Attr      Idx    E Section Name        Object

    0x1fffe000   0x00000244   Data   RW            6    .data               vts_ver2.o
    0x1fffe244   0x0000001c   Data   RW          542    .data               sysinit.o
    0x1fffe260   0x00000004   Data   RW          568    .data               system_mkl26z4.o
    0x1fffe264   0x00000008   Data   RW          852    .data               retarget.o
    0x1fffe26c   0x00002f1b   Zero   RW            4    .bss                vts_ver2.o
    0x20001187   0x00000001   PAD
    0x20001188   0x00000060   Zero   RW         1063    .bss                c_p.l(libspace.o)
    0x200011e8   0x00000000   Zero   RW          592    HEAP                startup_mkl26z4.o
    0x200011e8   0x00000900   Zero   RW          591    STACK               startup_mkl26z4.o


==============================================================================

Image component sizes


      Code (inc. data)   RO Data    RW Data    ZI Data      Debug   Object Name

      1460        500        804          0          0       1722   llwu.o
       292         18          0          0          0       8299   lptmr.o
       100         22          0          0          0        676   nmi_isr_handler.o
        48          0          0          8          0       3114   retarget.o
        32          6          0          0          0        694   serial.o
      1708       1072          0          0          0       1108   start.o
        84         46        192          0       2304        984   startup_mkl26z4.o
       912          0          0          0          0       6027   stdlib.o
       368         64          0         28          0       1495   sysinit.o
       520         54          0          4          0       1289   system_mkl26z4.o
       768         38          0          0          0       3386   uart.o
         0          0          0          0          0     156656   uif.o
     44242       5670       2162        580      12059     160843   vts_ver2.o

    ----------------------------------------------------------------------
     50536       7490       3192        620      14364     346293   Object Totals
         0          0         32          0          0          0   (incl. Generated)
         2          0          2          0          1          0   (incl. Padding)

    ----------------------------------------------------------------------

      Code (inc. data)   RO Data    RW Data    ZI Data      Debug   Library Member Name

        58          0          0          0          0          0   __dczerorl.o
         8          0          0          0          0         68   __main.o
       392          6         17          0          0         76   __printf_flags_ss_wp.o
        14          0          0          0          0         60   __printf_wp.o
         0          0          0          0          0          0   __rtentry.o
        12          0          0          0          0          0   __rtentry2.o
         6          0          0          0          0          0   __rtentry4.o
        60          8          0          0          0          0   __scatter.o
        28          0          0          0          0          0   __scatter_zi.o
        10          0          0          0          0          0   _printf_c.o
        46          0          0          0          0        100   _printf_char.o
        48          6          0          0          0         88   _printf_char_common.o
        40          6          0          0          0         72   _printf_char_file.o
        10          0          0          0          0          0   _printf_d.o
       108         18          0          0          0         76   _printf_dec.o
        10          0          0          0          0          0   _printf_f.o
      1044         14          0          0          0        176   _printf_fp_dec.o
       136         16          0          0          0         76   _printf_fp_infnan.o
        88          4         40          0          0         72   _printf_hex_int.o
       176          0          0          0          0         84   _printf_intcommon.o
        78          0          0          0          0        100   _printf_pad.o
         2          0          0          0          0          0   _printf_percent.o
         4          0          0          0          0          0   _printf_percent_end.o
        10          0          0          0          0          0   _printf_s.o
        82          0          0          0          0         72   _printf_str.o
        10          0          0          0          0          0   _printf_x.o
        10          0          0          0          0         60   _sputc.o
       346          0          0          0          0         92   aeabi_sdiv.o
       200          4        148          0          0         80   bigflt0.o
      1240         12          0          0          0        316   btod.o
        16          0          0          0          0         68   exit.o
         6          0          0          0          0        136   heapauxi.o
        44         10         28          0          0         76   lc_numeric_c.o
         2          0          0          0          0          0   libinit.o
        18          0          0          0          0          0   libinit2.o
         2          0          0          0          0          0   libshutdown.o
         2          0          0          0          0          0   libshutdown2.o
         8          4          0          0         96         68   libspace.o
       122          0          0          0          0         72   lludiv10.o
        28          6          0          0          0         84   noretval__2printf.o
        40          4          0          0          0         84   noretval__2sprintf.o
         8          4          0          0          0         68   rt_locale_intlibspace.o
        64          0          0          0          0        108   rt_memclr.o
         2          0          0          0          0          0   rtexit.o
        10          0          0          0          0          0   rtexit2.o
        40          0          0          0          0         60   rtudiv10.o
        40          0          0          0          0         72   strstr.o
        62          0          0          0          0         80   sys_stackheap_outer.o
         2          0          0          0          0         68   use_no_semi.o
        46          0          0          0          0         60   cmpret.o
       856         20          0          0          0        208   daddsub.o
      1096         26        128          0          0        112   ddiv.o
       108         10          0          0          0         72   dfixi.o
        88          0          0          0          0         92   dflti.o
       584         26          0          0          0         84   dmul.o
        84          4          0          0          0         60   f2d.o
       348          8          0          0          0        160   faddsub.o
       100          4          0          0          0         68   fcmpin.o
       352         10         64          0          0         92   fdiv.o
        84          4          0          0          0         76   feqf.o
        76          0          0          0          0         68   ffixi.o
        94          0          0          0          0         92   fflti.o
       176          4          0          0          0         80   fmul.o
        16          6          0          0          0         68   fnan2.o
        16          4          0          0          0         76   printf1.o
        94          0          0          0          0         68   retnan.o
         0          0          0          0          0          0   usenofp.o
        44          4          0          0          0         60   fpclassify.o

    ----------------------------------------------------------------------
      9068        252        428          0         96       4308   Library Totals
        14          0          3          0          0          0   (incl. Padding)

    ----------------------------------------------------------------------

      Code (inc. data)   RO Data    RW Data    ZI Data      Debug   Library Name

      4792        122        233          0         96       2712   c_p.l
      4218        126        192          0          0       1536   fz_ps.l
        44          4          0          0          0         60   m_ps.l

    ----------------------------------------------------------------------
      9068        252        428          0         96       4308   Library Totals

    ----------------------------------------------------------------------

==============================================================================


      Code (inc. data)   RO Data    RW Data    ZI Data      Debug   

     59604       7742       3620        620      14460     346225   Grand Totals
     59604       7742       3620         32      14460     346225   ELF Image Totals (compressed)
     59604       7742       3620         32          0          0   ROM Totals

==============================================================================

    Total RO  Size (Code + RO Data)                63224 (  61.74kB)
    Total RW  Size (RW Data + ZI Data)             15080 (  14.73kB)
    Total ROM Size (Code + RO Data + RW Data)      63256 (  61.77kB)

==============================================================================

