<html>
<body>
<pre>
<h1>µVision Build Log</h1>
<h2>Tool Versions:</h2>
IDE-Version: µVision V5.24.2.0
Copyright (C) 2017 ARM Ltd and ARM Germany GmbH. All rights reserved.
License Information: mridul pandey, jft, LIC=W96WF-63AUC-EXNUX-H8FAP-A3NT4-94MS0
 
Tool Versions:
Toolchain:       MDK-ARM Professional  Version: 5.24.1
Toolchain Path:  C:\Keil_v5\ARM\ARMCC\Bin
C Compiler:      Armcc.exe V5.06 update 5 (build 528)
Assembler:       Armasm.exe V5.06 update 5 (build 528)
Linker/Locator:  ArmLink.exe V5.06 update 5 (build 528)
Library Manager: ArmAr.exe V5.06 update 5 (build 528)
Hex Converter:   FromElf.exe V5.06 update 5 (build 528)
CPU DLL:         SARMCM3.DLL V5.24.1
Dialog DLL:      DARMCM1.DLL V1.18.0.0
Target DLL:      NULink\Nu_Link.dll V2.01
Dialog DLL:      TARMCM1.DLL V1.13.0.0
 
<h2>Project:</h2>
E:\GIT_JFT_2\telecom-gps\vtsOBD-2.0.0 - nuc130\KEIL\UART_TxRx_Function.uvprojx
Project File Date:  04/18/2018

<h2>Output:</h2>
*** Using Compiler 'V5.06 update 5 (build 528)', folder: 'C:\Keil_v5\ARM\ARMCC\Bin'
Build target 'UART_TxRx_Function'
creating preprocessor file for main.c...
creating preprocessor file for Thread.c...
creating preprocessor file for at_command.c...
creating preprocessor file for Timer.c...
creating preprocessor file for obdcommand.c...
creating preprocessor file for WinboundFlash.c...
creating preprocessor file for RTX_Conf_CM.c...
creating preprocessor file for clk.c...
creating preprocessor file for gpio.c...
creating preprocessor file for retarget.c...
creating preprocessor file for spi.c...
creating preprocessor file for sys.c...
creating preprocessor file for uart.c...
creating preprocessor file for wdt.c...
creating preprocessor file for wwdt.c...
creating preprocessor file for system_NUC100Series.c...
linking...
Program Size: Code=20788 RO-data=844 RW-data=488 ZI-data=14616  
FromELF: creating hex file...
After Build - User command #1: fromelf --bin ".\obj\2.1.axf" --output ".\obj\2.1.bin"
".\obj\2.1.axf": Error: Q0122E: Could not open file '.\obj\2.1.axf': No such file or directory
Finished: 0 information, 0 warning and 1 error messages.
After Build - User command #2: fromelf --text -c ".\obj\2.1.axf" --output ".\obj\2.1.txt"
".\obj\2.1.axf": Error: Q0122E: Could not open file '.\obj\2.1.axf': No such file or directory
Finished: 0 information, 0 warning and 1 error messages.
".\obj\2.1.10" - 0 Error(s), 0 Warning(s).

<h2>Software Packages used:</h2>

Package Vendor: ARM
                http://www.keil.com/pack/ARM.CMSIS.5.2.0.pack
                ARM.CMSIS.5.2.0
                CMSIS (Cortex Microcontroller Software Interface Standard)
   * Component: Keil RTX Version: 4.81.1
   * Component: CORE Version: 5.0.2
   * Component: RTOS Version: 1.0.0

Package Vendor: Nuvoton
                http://www.nuvoton.com/hq/enu/Documents/KEILSoftwarePack/Nuvoton.NuMicro_DFP.1.1.0.pack
                Nuvoton.NuMicro_DFP.1.1.0
                Nuvoton ARM Cortex-M NuMicro Family Device Support
   * Component: Startup Version: 3.00.002
   * Component: WWDT Version: 3.00.002
   * Component: WDT Version: 3.00.002
   * Component: UART Version: 3.00.002
   * Component: SYS Version: 3.00.002
   * Component: SPI Version: 3.00.002
   * Component: GPIO Version: 3.00.002
   * Component: CLK Version: 3.00.002

<h2>Collection of Component include folders:</h2>
  .\RTE\_UART_TxRx_Function
  C:\Keil_v5\ARM\PACK\ARM\CMSIS\5.2.0\CMSIS\Include
  C:\Keil_v5\ARM\PACK\ARM\CMSIS\5.2.0\CMSIS\RTOS\RTX\INC
  C:\Keil_v5\ARM\PACK\Nuvoton\NuMicro_DFP\1.1.0\Device\NUC100\Driver
  C:\Keil_v5\ARM\PACK\Nuvoton\NuMicro_DFP\1.1.0\Device\NUC100\Include

<h2>Collection of Component Files used:</h2>

   * Component: Nuvoton::Device:Startup:3.00.002
      Include file:  Device\NUC100\Include\NUC100Series.h
      Source file:   Device\NUC100\Driver\retarget.c
      Source file:   Device\NUC100\Source\ARM\startup_NUC100Series.s
      Source file:   Device\NUC100\Source\system_NUC100Series.c

   * Component: Nuvoton::Device:Driver:WWDT:3.00.002
      Source file:   Device\NUC100\Driver\wwdt.c
      Include file:  Device\NUC100\Driver\wwdt.h

   * Component: Nuvoton::Device:Driver:WDT:3.00.002
      Include file:  Device\NUC100\Driver\wdt.h
      Source file:   Device\NUC100\Driver\wdt.c

   * Component: Nuvoton::Device:Driver:UART:3.00.002
      Source file:   Device\NUC100\Driver\uart.c
      Include file:  Device\NUC100\Driver\uart.h

   * Component: Nuvoton::Device:Driver:SYS:3.00.002
      Include file:  Device\NUC100\Driver\sys.h
      Source file:   Device\NUC100\Driver\sys.c

   * Component: Nuvoton::Device:Driver:SPI:3.00.002
      Include file:  Device\NUC100\Driver\spi.h
      Source file:   Device\NUC100\Driver\spi.c

   * Component: Nuvoton::Device:Driver:GPIO:3.00.002
      Include file:  Device\NUC100\Driver\gpio.h
      Source file:   Device\NUC100\Driver\gpio.c

   * Component: Nuvoton::Device:Driver:CLK:3.00.002
      Source file:   Device\NUC100\Driver\clk.c
      Include file:  Device\NUC100\Driver\clk.h

   * Component: ARM::CMSIS:RTOS:Keil RTX:4.81.1
      Source file:   CMSIS\RTOS\RTX\UserCodeTemplates\Timer.c
      Source file:   CMSIS\RTOS\RTX\SRC\ARM\SVC_Table.s
      Source file:   CMSIS\RTOS\RTX\UserCodeTemplates\MemPool.c
      Source file:   CMSIS\RTOS\RTX\UserCodeTemplates\MsgQueue.c
      Source file:   CMSIS\RTOS\RTX\UserCodeTemplates\main.c
      Source file:   CMSIS\RTOS\RTX\UserCodeTemplates\Thread.c
      Source file:   CMSIS\RTOS\RTX\Templates\RTX_Conf_CM.c
      Include file:  CMSIS\RTOS\RTX\UserCodeTemplates\osObjects.h
      Source file:   CMSIS\RTOS\RTX\UserCodeTemplates\Mutex.c
      Library file:  CMSIS\RTOS\RTX\LIB\ARM\RTX_CM0.lib
      Include file:  CMSIS\RTOS\RTX\INC\cmsis_os.h
      Source file:   CMSIS\RTOS\RTX\UserCodeTemplates\MailQueue.c
      Source file:   CMSIS\RTOS\RTX\UserCodeTemplates\Semaphore.c

   * Component: ARM::CMSIS:CORE:5.0.2

   * Component: ::CMSIS:RTOS:1.0.0 (API)
Build Time Elapsed:  00:00:04
</pre>
</body>
</html>
