<html>
<body>
<pre>
<h1>µVision Build Log</h1>
<h2>Tool Versions:</h2>
IDE-Version: µVision V5.24.2.0
Copyright (C) 2017 ARM Ltd and ARM Germany GmbH. All rights reserved.
License Information: mridul pandey, jft, LIC=W96WF-63AUC-EXNUX-H8FAP-A3NT4-94MS0
 
Tool Versions:
Toolchain:       MDK-ARM Professional  Version: 5.24.1
Toolchain Path:  C:\Keil_v5\ARM\ARMCC\Bin
C Compiler:      Armcc.exe V5.06 update 5 (build 528)
Assembler:       Armasm.exe V5.06 update 5 (build 528)
Linker/Locator:  ArmLink.exe V5.06 update 5 (build 528)
Library Manager: ArmAr.exe V5.06 update 5 (build 528)
Hex Converter:   FromElf.exe V5.06 update 5 (build 528)
CPU DLL:         SARMCM3.DLL V5.24.1
Dialog DLL:      DARMCM1.DLL V1.18.0.0
Target DLL:      Segger\JL2CM3.dll V2.99.26.0
Dialog DLL:      TARMCM1.DLL V1.13.0.0
 
<h2>Project:</h2>
E:\BITBUCK_JFT\gpstrackr\vtsOBD-nuc130-ver1\KEIL\UART_TxRx_Function.uvprojx
Project File Date:  12/19/2017

<h2>Output:</h2>
*** Using Compiler 'V5.06 update 5 (build 528)', folder: 'C:\Keil_v5\ARM\ARMCC\Bin'
Build target 'UART_TxRx_Function'
creating preprocessor file for main.c...
creating preprocessor file for Thread.c...
creating preprocessor file for at_command.c...
creating preprocessor file for Timer.c...
creating preprocessor file for obdcommand.c...
creating preprocessor file for RTX_Conf_CM.c...
creating preprocessor file for clk.c...
compiling obdcommand.c...
obdcommand.c(50): warning:  #520-D: initialization with "{...}" expected for aggregate object
    char c[2] = 0;
obdcommand.c(44): warning:  #177-D: variable "lenghtchecker"  was declared but never referenced
  	char* lenghtchecker;
obdcommand.c(46): warning:  #177-D: variable "cmd"  was declared but never referenced
  	int supportedfori;int cmd;
obdcommand.c(47): warning:  #177-D: variable "i99"  was declared but never referenced
  	int  i99, j99, len99,dec99;
obdcommand.c(47): warning:  #177-D: variable "j99"  was declared but never referenced
  	int  i99, j99, len99,dec99;
obdcommand.c(47): warning:  #177-D: variable "len99"  was declared but never referenced
  	int  i99, j99, len99,dec99;
obdcommand.c(47): warning:  #177-D: variable "dec99"  was declared but never referenced
  	int  i99, j99, len99,dec99;
obdcommand.c(111): warning:  #550-D: variable "dump"  was set but never used
    char dump;
obdcommand.c(213): warning:  #223-D: function "pow" declared implicitly
          decimal += val * pow(16, lentt);
obdcommand.c(135): warning:  #550-D: variable "place"  was set but never used
  	 double decimal, place;
obdcommand.c(259): warning:  #1-D: last line of file ends without a newline
  }
obdcommand.c: 11 warnings, 0 errors
creating preprocessor file for gpio.c...
creating preprocessor file for retarget.c...
creating preprocessor file for sys.c...
creating preprocessor file for uart.c...
creating preprocessor file for system_NUC100Series.c...
linking...
Program Size: Code=18736 RO-data=1168 RW-data=232 ZI-data=12168  
After Build - User command #1: fromelf --bin ".\obj\UART_TxRx_Function.axf" --output ".\obj\UART_TxRx_Function.bin"
After Build - User command #2: fromelf --text -c ".\obj\UART_TxRx_Function.axf" --output ".\obj\UART_TxRx_Function.txt"
".\obj\UART_TxRx_Function.axf" - 0 Error(s), 11 Warning(s).

<h2>Software Packages used:</h2>

Package Vendor: ARM
                http://www.keil.com/pack/ARM.CMSIS.5.2.0.pack
                ARM.CMSIS.5.2.0
                CMSIS (Cortex Microcontroller Software Interface Standard)
   * Component: Keil RTX Version: 4.81.1
   * Component: CORE Version: 5.0.2
   * Component: RTOS Version: 1.0.0

Package Vendor: Nuvoton
                http://www.nuvoton.com/hq/enu/Documents/KEILSoftwarePack/Nuvoton.NuMicro_DFP.1.1.0.pack
                Nuvoton.NuMicro_DFP.1.1.0
                Nuvoton ARM Cortex-M NuMicro Family Device Support
   * Component: Startup Version: 3.00.002
   * Component: UART Version: 3.00.002
   * Component: SYS Version: 3.00.002
   * Component: GPIO Version: 3.00.002
   * Component: CLK Version: 3.00.002

<h2>Collection of Component include folders:</h2>
  .\RTE\_UART_TxRx_Function
  C:\Keil_v5\ARM\PACK\ARM\CMSIS\5.2.0\CMSIS\Include
  C:\Keil_v5\ARM\PACK\ARM\CMSIS\5.2.0\CMSIS\RTOS\RTX\INC
  C:\Keil_v5\ARM\PACK\Nuvoton\NuMicro_DFP\1.1.0\Device\NUC100\Driver
  C:\Keil_v5\ARM\PACK\Nuvoton\NuMicro_DFP\1.1.0\Device\NUC100\Include

<h2>Collection of Component Files used:</h2>

   * Component: Nuvoton::Device:Startup:3.00.002
      Include file:  Device\NUC100\Include\NUC100Series.h
      Source file:   Device\NUC100\Source\ARM\startup_NUC100Series.s
      Source file:   Device\NUC100\Source\system_NUC100Series.c
      Source file:   Device\NUC100\Driver\retarget.c

   * Component: Nuvoton::Device:Driver:UART:3.00.002
      Include file:  Device\NUC100\Driver\uart.h
      Source file:   Device\NUC100\Driver\uart.c

   * Component: Nuvoton::Device:Driver:SYS:3.00.002
      Source file:   Device\NUC100\Driver\sys.c
      Include file:  Device\NUC100\Driver\sys.h

   * Component: Nuvoton::Device:Driver:GPIO:3.00.002
      Source file:   Device\NUC100\Driver\gpio.c
      Include file:  Device\NUC100\Driver\gpio.h

   * Component: Nuvoton::Device:Driver:CLK:3.00.002
      Source file:   Device\NUC100\Driver\clk.c
      Include file:  Device\NUC100\Driver\clk.h

   * Component: ARM::CMSIS:RTOS:Keil RTX:4.81.1
      Include file:  CMSIS\RTOS\RTX\INC\cmsis_os.h
      Include file:  CMSIS\RTOS\RTX\UserCodeTemplates\osObjects.h
      Source file:   CMSIS\RTOS\RTX\UserCodeTemplates\main.c
      Source file:   CMSIS\RTOS\RTX\UserCodeTemplates\MailQueue.c
      Source file:   CMSIS\RTOS\RTX\UserCodeTemplates\MemPool.c
      Source file:   CMSIS\RTOS\RTX\UserCodeTemplates\MsgQueue.c
      Source file:   CMSIS\RTOS\RTX\Templates\RTX_Conf_CM.c
      Source file:   CMSIS\RTOS\RTX\UserCodeTemplates\Semaphore.c
      Source file:   CMSIS\RTOS\RTX\SRC\ARM\SVC_Table.s
      Source file:   CMSIS\RTOS\RTX\UserCodeTemplates\Timer.c
      Source file:   CMSIS\RTOS\RTX\UserCodeTemplates\Mutex.c
      Library file:  CMSIS\RTOS\RTX\LIB\ARM\RTX_CM0.lib
      Source file:   CMSIS\RTOS\RTX\UserCodeTemplates\Thread.c

   * Component: ARM::CMSIS:CORE:5.0.2

   * Component: ::CMSIS:RTOS:1.0.0 (API)
Build Time Elapsed:  00:00:05
</pre>
</body>
</html>
