<html>
<body>
<pre>
<h1>µVision Build Log</h1>
<h2>Tool Versions:</h2>
IDE-Version: µVision V5.24.2.0
Copyright (C) 2017 ARM Ltd and ARM Germany GmbH. All rights reserved.
License Information: mridul pandey, jft, LIC=W96WF-63AUC-EXNUX-H8FAP-A3NT4-94MS0
 
Tool Versions:
Toolchain:       MDK-ARM Professional  Version: 5.24.1
Toolchain Path:  C:\Keil_v5\ARM\ARMCC\Bin
C Compiler:      Armcc.exe V5.06 update 5 (build 528)
Assembler:       Armasm.exe V5.06 update 5 (build 528)
Linker/Locator:  ArmLink.exe V5.06 update 5 (build 528)
Library Manager: ArmAr.exe V5.06 update 5 (build 528)
Hex Converter:   FromElf.exe V5.06 update 5 (build 528)
CPU DLL:         SARMCM3.DLL V5.24.1
Dialog DLL:      DARMCM1.DLL V1.18.0.0
Target DLL:      NULink\Nu_Link.dll V2.01
Dialog DLL:      TARMCM1.DLL V1.13.0.0
 
<h2>Project:</h2>
E:\GIT_JFT_2\telecom-gps\vtsOBD-2.0.0 - nuc130\KEIL\UART_TxRx_Function.uvprojx
Project File Date:  04/06/2018

<h2>Output:</h2>
*** Using Compiler 'V5.06 update 5 (build 528)', folder: 'C:\Keil_v5\ARM\ARMCC\Bin'
Rebuild target 'UART_TxRx_Function'
creating preprocessor file for main.c...
creating preprocessor file for Thread.c...
creating preprocessor file for at_command.c...
compiling main.c...
main.c(68): warning:  #1295-D: Deprecated declaration UARTs_Init - give arg types
  __inline void UARTs_Init();
main.c(73): warning:  #1295-D: Deprecated declaration Init_IOs - give arg types
  __inline void Init_IOs();
main.c(74): warning:  #1295-D: Deprecated declaration OBD_GET_PID - give arg types
  __inline void OBD_GET_PID();
main.c(97): warning:  #1295-D: Deprecated declaration cpinquerry - give arg types
  extern  void cpinquerry();
main.c(161): warning:  #167-D: argument of type "char *" is incompatible with parameter of type "unsigned char *"
      SpiFlash_ReadData(DestArray, pt, 256);    
main.c(175): warning:  #111-D: statement is unreachable
      SendAT("\r\nAT+CFUN=1\r\n\r\n", "OK", "NOT INSERTED" , "ERROR",5);
main.c(270): warning:  #520-D: initialization with "{...}" expected for aggregate object
    char pt_c[10] = 0;
main.c(271): warning:  #520-D: initialization with "{...}" expected for aggregate object
    char readpt_c[10] = 0;
main.c(272): warning:  #520-D: initialization with "{...}" expected for aggregate object
    char interval_c[10] = 0;
main.c(269): warning:  #177-D: variable "len"  was declared but never referenced
    int len;
main.c: 10 warnings, 0 errors
creating preprocessor file for Timer.c...
compiling Thread.c...
Thread.c(38): warning:  #1295-D: Deprecated declaration obd_get_data - give arg types
  __inline void obd_get_data();
Thread.c: 1 warning, 0 errors
creating preprocessor file for obdcommand.c...
compiling Timer.c...
compiling at_command.c...
at_command.c(64): warning:  #520-D: initialization with "{...}" expected for aggregate object
    char latitude[12] = 0;
at_command.c(65): warning:  #520-D: initialization with "{...}" expected for aggregate object
    char longitude[12] = 0;
at_command.c(66): warning:  #520-D: initialization with "{...}" expected for aggregate object
    char gpsdate[7] = 0;
at_command.c(67): warning:  #520-D: initialization with "{...}" expected for aggregate object
    char gpstime[7] = 0;
at_command.c(68): warning:  #520-D: initialization with "{...}" expected for aggregate object
    char kmph[6] = 0;
at_command.c(69): warning:  #520-D: initialization with "{...}" expected for aggregate object
    char heading[8] = 0;
at_command.c(70): warning:  #520-D: initialization with "{...}" expected for aggregate object
    char alt[8] = 0;
at_command.c(71): warning:  #520-D: initialization with "{...}" expected for aggregate object
    char sat[2] = 0;
at_command.c(72): warning:  #520-D: initialization with "{...}" expected for aggregate object
    char latdir[2] = 0;
at_command.c(73): warning:  #520-D: initialization with "{...}" expected for aggregate object
    char longdir[2] = 0;
at_command.c(74): warning:  #520-D: initialization with "{...}" expected for aggregate object
    char hdop[6] = 0;
at_command.c(75): warning:  #520-D: initialization with "{...}" expected for aggregate object
    char pdop[5] = 0;
at_command.c(76): warning:  #520-D: initialization with "{...}" expected for aggregate object
    char networkoperator[30] = 0;
at_command.c(77): warning:  #520-D: initialization with "{...}" expected for aggregate object
    char mcc[5] = 0;
at_command.c(78): warning:  #520-D: initialization with "{...}" expected for aggregate object
    char mnc[5] = 0;
at_command.c(79): warning:  #520-D: initialization with "{...}" expected for aggregate object
    char lac[5] = 0;
at_command.c(80): warning:  #520-D: initialization with "{...}" expected for aggregate object
    char cellid[10] = 0;
at_command.c(82): warning:  #520-D: initialization with "{...}" expected for aggregate object
    char nmr[200] = 0;
at_command.c(299): warning:  #550-D: variable "dump"  was set but never used
  {char dump = 0;
at_command.c(341): warning:  #167-D: argument of type "char *" is incompatible with parameter of type "unsigned char *"
      SpiFlash_PageProgram(SrcArray, pt, 256);
at_command.c(345): warning:  #167-D: argument of type "char *" is incompatible with parameter of type "unsigned char *"
      SpiFlash_ReadData(DestArray, pt, 256);
at_command.c(317): warning:  #177-D: variable "len"  was declared but never referenced
    int len=0;
at_command.c(522): warning:  #167-D: argument of type "char *" is incompatible with parameter of type "unsigned char *"
    SpiFlash_ReadData(tcpdata, readpt, 256);
at_command.c(504): warning:  #550-D: variable "outfromloop"  was set but never used
    int outfromloop = 0;
at_command.c(505): warning:  #177-D: variable "tcpdatalength"  was declared but never referenced
    int tcpdatalength=0;
at_command.c(508): warning:  #177-D: variable "timesptr"  was declared but never referenced
  	int timesptr=0;
at_command.c(511): warning:  #177-D: variable "chdatalength"  was declared but never referenced
    char chdatalength[5];
at_command.c(513): warning:  #177-D: variable "cc"  was declared but never referenced
    int  cc =0;
at_command.c(802): warning:  #167-D: argument of type "char *" is incompatible with parameter of type "unsigned char *"
      SpiFlash_ReadData(tcpdata, readpt, 256);
at_command.c(669): warning:  #550-D: variable "tdpend"  was set but never used
  	int tdpend=600;
at_command.c(913): warning:  #174-D: expression has no effect
    ext_bat, int_bat, lati, longi, speed;
at_command.c(913): warning:  #174-D: expression has no effect
    ext_bat, int_bat, lati, longi, speed;
at_command.c(913): warning:  #174-D: expression has no effect
    ext_bat, int_bat, lati, longi, speed;
at_command.c(913): warning:  #174-D: expression has no effect
    ext_bat, int_bat, lati, longi, speed;
at_command.c(913): warning:  #174-D: expression has no effect
    ext_bat, int_bat, lati, longi, speed;
at_command.c(916): warning:  #175-D: subscript out of range
    latitude[12] = 0;
at_command.c(917): warning:  #175-D: subscript out of range
    longitude[12] = 0;
at_command.c(918): warning:  #175-D: subscript out of range
    gpsdate[7] = 0;
at_command.c(919): warning:  #175-D: subscript out of range
    gpstime[7] = 0;
at_command.c(920): warning:  #175-D: subscript out of range
    kmph[6] = 0;
at_command.c(921): warning:  #175-D: subscript out of range
    heading[8] = 0;
at_command.c(922): warning:  #175-D: subscript out of range
    alt[8] = 0;
at_command.c(923): warning:  #175-D: subscript out of range
    sat[2] = 0;
at_command.c(924): warning:  #175-D: subscript out of range
    latdir[2] = 0;
at_command.c(925): warning:  #175-D: subscript out of range
    longdir[2] = 0;
at_command.c(926): warning:  #175-D: subscript out of range
    hdop[6] = 0;
at_command.c(927): warning:  #175-D: subscript out of range
    pdop[5] = 0;
at_command.c(928): warning:  #175-D: subscript out of range
    networkoperator[30] = 0;
at_command.c(929): warning:  #175-D: subscript out of range
    mcc[5] = 0;
at_command.c(930): warning:  #175-D: subscript out of range
    mnc[5] = 0;
at_command.c(931): warning:  #175-D: subscript out of range
    lac[5] = 0;
at_command.c(932): warning:  #175-D: subscript out of range
    cellid[10] = 0;
at_command.c(934): warning:  #175-D: subscript out of range
    nmr[200] = 0;  
at_command.c(1248): warning:  #1-D: last line of file ends without a newline
  }
at_command.c: 54 warnings, 0 errors
creating preprocessor file for WinboundFlash.c...
creating preprocessor file for RTX_Conf_CM.c...
compiling obdcommand.c...
obdcommand.c(51): warning:  #520-D: initialization with "{...}" expected for aggregate object
    char c[2] = 0;
obdcommand.c(45): warning:  #177-D: variable "lenghtchecker"  was declared but never referenced
  	char* lenghtchecker;
obdcommand.c(47): warning:  #177-D: variable "cmd"  was declared but never referenced
  	int supportedfori;int cmd;
obdcommand.c(48): warning:  #177-D: variable "i99"  was declared but never referenced
  	int  i99, j99, len99,dec99;
obdcommand.c(48): warning:  #177-D: variable "j99"  was declared but never referenced
  	int  i99, j99, len99,dec99;
obdcommand.c(48): warning:  #177-D: variable "len99"  was declared but never referenced
  	int  i99, j99, len99,dec99;
obdcommand.c(48): warning:  #177-D: variable "dec99"  was declared but never referenced
  	int  i99, j99, len99,dec99;
obdcommand.c(112): warning:  #550-D: variable "dump"  was set but never used
    char dump;
obdcommand.c(214): warning:  #223-D: function "pow" declared implicitly
          decimal += val * pow(16, lentt);
obdcommand.c(136): warning:  #550-D: variable "place"  was set but never used
  	 double decimal, place;
obdcommand.c(260): warning:  #1-D: last line of file ends without a newline
  }
obdcommand.c: 11 warnings, 0 errors
compiling RTX_Conf_CM.c...
compiling WinboundFlash.c...
WinboundFlash.c(43): warning:  #177-D: variable "u32HCLKFreq"  was declared but never referenced
  {uint32_t u32HCLKFreq;
WinboundFlash.c: 1 warning, 0 errors
creating preprocessor file for clk.c...
creating preprocessor file for gpio.c...
creating preprocessor file for retarget.c...
compiling clk.c...
creating preprocessor file for spi.c...
compiling gpio.c...
creating preprocessor file for sys.c...
compiling retarget.c...
creating preprocessor file for uart.c...
compiling spi.c...
compiling sys.c...
creating preprocessor file for wdt.c...
compiling uart.c...
creating preprocessor file for wwdt.c...
assembling startup_NUC100Series.s...
compiling wdt.c...
compiling wwdt.c...
creating preprocessor file for system_NUC100Series.c...
compiling system_NUC100Series.c...
linking...
Program Size: Code=10128 RO-data=480 RW-data=476 ZI-data=14516  
After Build - User command #1: fromelf --bin ".\obj\UART_TxRx_Function.axf" --output ".\obj\UART_TxRx_Function.bin"
After Build - User command #2: fromelf --text -c ".\obj\UART_TxRx_Function.axf" --output ".\obj\UART_TxRx_Function.txt"
".\obj\UART_TxRx_Function.axf" - 0 Error(s), 77 Warning(s).

<h2>Software Packages used:</h2>

Package Vendor: ARM
                http://www.keil.com/pack/ARM.CMSIS.5.2.0.pack
                ARM.CMSIS.5.2.0
                CMSIS (Cortex Microcontroller Software Interface Standard)
   * Component: Keil RTX Version: 4.81.1
   * Component: CORE Version: 5.0.2
   * Component: RTOS Version: 1.0.0

Package Vendor: Nuvoton
                http://www.nuvoton.com/hq/enu/Documents/KEILSoftwarePack/Nuvoton.NuMicro_DFP.1.1.0.pack
                Nuvoton.NuMicro_DFP.1.1.0
                Nuvoton ARM Cortex-M NuMicro Family Device Support
   * Component: Startup Version: 3.00.002
   * Component: WWDT Version: 3.00.002
   * Component: WDT Version: 3.00.002
   * Component: UART Version: 3.00.002
   * Component: SYS Version: 3.00.002
   * Component: SPI Version: 3.00.002
   * Component: GPIO Version: 3.00.002
   * Component: CLK Version: 3.00.002

<h2>Collection of Component include folders:</h2>
  .\RTE\_UART_TxRx_Function
  C:\Keil_v5\ARM\PACK\ARM\CMSIS\5.2.0\CMSIS\Include
  C:\Keil_v5\ARM\PACK\ARM\CMSIS\5.2.0\CMSIS\RTOS\RTX\INC
  C:\Keil_v5\ARM\PACK\Nuvoton\NuMicro_DFP\1.1.0\Device\NUC100\Driver
  C:\Keil_v5\ARM\PACK\Nuvoton\NuMicro_DFP\1.1.0\Device\NUC100\Include

<h2>Collection of Component Files used:</h2>

   * Component: Nuvoton::Device:Startup:3.00.002
      Include file:  Device\NUC100\Include\NUC100Series.h
      Source file:   Device\NUC100\Source\ARM\startup_NUC100Series.s
      Source file:   Device\NUC100\Driver\retarget.c
      Source file:   Device\NUC100\Source\system_NUC100Series.c

   * Component: Nuvoton::Device:Driver:WWDT:3.00.002
      Source file:   Device\NUC100\Driver\wwdt.c
      Include file:  Device\NUC100\Driver\wwdt.h

   * Component: Nuvoton::Device:Driver:WDT:3.00.002
      Source file:   Device\NUC100\Driver\wdt.c
      Include file:  Device\NUC100\Driver\wdt.h

   * Component: Nuvoton::Device:Driver:UART:3.00.002
      Include file:  Device\NUC100\Driver\uart.h
      Source file:   Device\NUC100\Driver\uart.c

   * Component: Nuvoton::Device:Driver:SYS:3.00.002
      Include file:  Device\NUC100\Driver\sys.h
      Source file:   Device\NUC100\Driver\sys.c

   * Component: Nuvoton::Device:Driver:SPI:3.00.002
      Include file:  Device\NUC100\Driver\spi.h
      Source file:   Device\NUC100\Driver\spi.c

   * Component: Nuvoton::Device:Driver:GPIO:3.00.002
      Source file:   Device\NUC100\Driver\gpio.c
      Include file:  Device\NUC100\Driver\gpio.h

   * Component: Nuvoton::Device:Driver:CLK:3.00.002
      Source file:   Device\NUC100\Driver\clk.c
      Include file:  Device\NUC100\Driver\clk.h

   * Component: ARM::CMSIS:RTOS:Keil RTX:4.81.1
      Source file:   CMSIS\RTOS\RTX\SRC\ARM\SVC_Table.s
      Source file:   CMSIS\RTOS\RTX\UserCodeTemplates\Mutex.c
      Library file:  CMSIS\RTOS\RTX\LIB\ARM\RTX_CM0.lib
      Source file:   CMSIS\RTOS\RTX\Templates\RTX_Conf_CM.c
      Source file:   CMSIS\RTOS\RTX\UserCodeTemplates\main.c
      Source file:   CMSIS\RTOS\RTX\UserCodeTemplates\MemPool.c
      Include file:  CMSIS\RTOS\RTX\UserCodeTemplates\osObjects.h
      Source file:   CMSIS\RTOS\RTX\UserCodeTemplates\Thread.c
      Source file:   CMSIS\RTOS\RTX\UserCodeTemplates\MailQueue.c
      Source file:   CMSIS\RTOS\RTX\UserCodeTemplates\MsgQueue.c
      Source file:   CMSIS\RTOS\RTX\UserCodeTemplates\Semaphore.c
      Include file:  CMSIS\RTOS\RTX\INC\cmsis_os.h
      Source file:   CMSIS\RTOS\RTX\UserCodeTemplates\Timer.c

   * Component: ARM::CMSIS:CORE:5.0.2

   * Component: ::CMSIS:RTOS:1.0.0 (API)
Build Time Elapsed:  00:00:12
</pre>
</body>
</html>
