Component: ARM Compiler 5.06 update 1 (build 61) Tool: armlink [4d35a8]

==============================================================================

Section Cross References

    vts_ver2.o(.text) refers to _printf_percent.o(.ARM.Collect$$_printf_percent$$00000000) for _printf_percent
    vts_ver2.o(.text) refers to _printf_x.o(.ARM.Collect$$_printf_percent$$0000000C) for _printf_x
    vts_ver2.o(.text) refers to _printf_hex_int.o(.text) for _printf_longlong_hex
    vts_ver2.o(.text) refers to uart.o(.text) for uart_putchar
    vts_ver2.o(.text) refers to vts_ver2.o(i.delay) for delay
    vts_ver2.o(.text) refers to rt_memclr.o(.text) for __aeabi_memclr
    vts_ver2.o(.text) refers to vts_ver2.o(i.__ARM_common_switch8) for __ARM_common_switch8
    vts_ver2.o(.text) refers to vts_ver2.o(i.clear) for clear
    vts_ver2.o(.text) refers to noretval__2printf.o(.text) for __2printf
    vts_ver2.o(.text) refers to stdlib.o(.text) for strlen
    vts_ver2.o(.text) refers to start.o(.text) for start
    vts_ver2.o(.text) refers to vts_ver2.o(.data) for i11
    vts_ver2.o(.text) refers to vts_ver2.o(.bss) for data
    vts_ver2.o(.text) refers to lptmr.o(.text) for lptmr_init
    vts_ver2.o(.text) refers to vts_ver2.o(i.send_OBD) for send_OBD
    vts_ver2.o(.text) refers to vts_ver2.o(i.send_GSM) for send_GSM
    vts_ver2.o(.text) refers to vts_ver2.o(i.GPS_Collect) for GPS_Collect
    vts_ver2.o(.text) refers to strstr.o(.text) for strstr
    sqrt16.o(.text) refers to aeabi_sdiv.o(.text) for __aeabi_uidivmod
    uif.o(.text) refers to _printf_percent.o(.ARM.Collect$$_printf_percent$$00000000) for _printf_percent
    uif.o(.text) refers to _printf_s.o(.ARM.Collect$$_printf_percent$$00000014) for _printf_s
    uif.o(.text) refers to _printf_str.o(.text) for _printf_str
    uif.o(.text) refers to _printf_pad.o(.text) for _printf_pre_padding
    uif.o(.text) refers to io.o(.text) for in_char
    uif.o(.text) refers to stdlib.o(.text) for strcpy
    uif.o(.text) refers to noretval__2printf.o(.text) for __2printf
    uif.o(.text) refers to uif.o(.bss) for cmdline1
    uif.o(.text) refers to uif.o(.constdata) for UIF_CMDTAB
    alloc.o(.text) refers to alloc.o(.data) for freep
    alloc.o(.text) refers to alloc.o(.bss) for base
    assert.o(.text) refers to _printf_percent.o(.ARM.Collect$$_printf_percent$$00000000) for _printf_percent
    assert.o(.text) refers to _printf_d.o(.ARM.Collect$$_printf_percent$$00000009) for _printf_d
    assert.o(.text) refers to _printf_s.o(.ARM.Collect$$_printf_percent$$00000014) for _printf_s
    assert.o(.text) refers to _printf_dec.o(.text) for _printf_int_dec
    assert.o(.text) refers to _printf_str.o(.text) for _printf_str
    assert.o(.text) refers to noretval__2printf.o(.text) for __2printf
    assert.o(.text) refers to assert.o(.constdata) for ASSERT_FAILED_STR
    io.o(.text) refers to uart.o(.text) for uart0_getchar
    start.o(.text) refers to _printf_percent.o(.ARM.Collect$$_printf_percent$$00000000) for _printf_percent
    start.o(.text) refers to _printf_d.o(.ARM.Collect$$_printf_percent$$00000009) for _printf_d
    start.o(.text) refers to _printf_dec.o(.text) for _printf_int_dec
    start.o(.text) refers to sysinit.o(.text) for sysinit
    start.o(.text) refers to vts_ver2.o(i.__ARM_common_switch8) for __ARM_common_switch8
    start.o(.text) refers to noretval__2printf.o(.text) for __2printf
    sysinit.o(.text) refers to aeabi_sdiv.o(.text) for __aeabi_idivmod
    sysinit.o(.text) refers to uart.o(.text) for uart0_init
    sysinit.o(.text) refers to system_mkl26z4.o(.data) for SystemCoreClock
    sysinit.o(.text) refers to sysinit.o(.data) for mcg_clk_hz
    system_mkl26z4.o(.text) refers to aeabi_sdiv.o(.text) for __aeabi_uidivmod
    system_mkl26z4.o(.text) refers to vts_ver2.o(i.__ARM_common_switch8) for __ARM_common_switch8
    system_mkl26z4.o(.text) refers to system_mkl26z4.o(.data) for SystemCoreClock
    startup_mkl26z4.o(STACK) refers (Special) to heapauxi.o(.text) for __use_two_region_memory
    startup_mkl26z4.o(HEAP) refers (Special) to heapauxi.o(.text) for __use_two_region_memory
    startup_mkl26z4.o(RESET) refers (Special) to heapauxi.o(.text) for __use_two_region_memory
    startup_mkl26z4.o(RESET) refers to startup_mkl26z4.o(.text) for Reset_Handler
    startup_mkl26z4.o(RESET) refers to nmi_isr_handler.o(.text) for NMI_Handler
    startup_mkl26z4.o(RESET) refers to vts_ver2.o(.text) for HardFault_Handler
    startup_mkl26z4.o(RESET) refers to llwu.o(.text) for LLW_IRQHandler
    startup_mkl26z4.o(RESET) refers to uart.o(.text) for UART0_IRQHandler
    startup_mkl26z4.o(.ARM.__at_0x400) refers (Special) to heapauxi.o(.text) for __use_two_region_memory
    startup_mkl26z4.o(.text) refers (Special) to heapauxi.o(.text) for __use_two_region_memory
    startup_mkl26z4.o(.text) refers to system_mkl26z4.o(.text) for SystemInit
    startup_mkl26z4.o(.text) refers to __main.o(!!!main) for __main
[...]
    ../clib/printf.c                         0x00000000   Number         0  __printf_flags_wp.o ABSOLUTE
    ../clib/printf.c                         0x00000000   Number         0  _printf_char_file.o ABSOLUTE
    ../clib/printf.c                         0x00000000   Number         0  __printf_wp.o ABSOLUTE
    ../clib/printf.c                         0x00000000   Number         0  __printf_flags_ss.o ABSOLUTE
    ../clib/printf.c                         0x00000000   Number         0  __printf_flags.o ABSOLUTE
    ../clib/printf.c                         0x00000000   Number         0  _printf_hex_int_ll_ptr.o ABSOLUTE
    ../clib/printf.c                         0x00000000   Number         0  _printf_hex_ll_ptr.o ABSOLUTE
    ../clib/printf.c                         0x00000000   Number         0  _printf_hex_int_ptr.o ABSOLUTE
    ../clib/printf.c                         0x00000000   Number         0  _printf_hex_ptr.o ABSOLUTE
    ../clib/printf.c                         0x00000000   Number         0  _printf_hex_int_ll.o ABSOLUTE
    ../clib/printf.c                         0x00000000   Number         0  noretval__2printf.o ABSOLUTE
    ../clib/printf.c                         0x00000000   Number         0  _printf_hex_ll.o ABSOLUTE
    ../clib/printf.c                         0x00000000   Number         0  _printf_dec.o ABSOLUTE
    ../clib/printf.c                         0x00000000   Number         0  _printf_str.o ABSOLUTE
    ../clib/printf.c                         0x00000000   Number         0  _printf_pad.o ABSOLUTE
    ../clib/printf.c                         0x00000000   Number         0  __printf.o ABSOLUTE
    ../clib/printf.c                         0x00000000   Number         0  noretval__2sprintf.o ABSOLUTE
    ../clib/printf.c                         0x00000000   Number         0  __2sprintf.o ABSOLUTE
    ../clib/printf.c                         0x00000000   Number         0  __2printf.o ABSOLUTE
    ../clib/printf.c                         0x00000000   Number         0  __printf_nopercent.o ABSOLUTE
    ../clib/printf.c                         0x00000000   Number         0  _printf_hex_int.o ABSOLUTE
    ../clib/printf.c                         0x00000000   Number         0  __printf_ss.o ABSOLUTE
    ../clib/printf_percent.s                 0x00000000   Number         0  _printf_x.o ABSOLUTE
    ../clib/printf_percent.s                 0x00000000   Number         0  _printf_c.o ABSOLUTE
    ../clib/printf_percent.s                 0x00000000   Number         0  _printf_s.o ABSOLUTE
    ../clib/printf_percent.s                 0x00000000   Number         0  _printf_i.o ABSOLUTE
    ../clib/printf_percent.s                 0x00000000   Number         0  _printf_percent_end.o ABSOLUTE
    ../clib/printf_percent.s                 0x00000000   Number         0  _printf_d.o ABSOLUTE
    ../clib/printf_percent.s                 0x00000000   Number         0  _printf_percent.o ABSOLUTE
    ../clib/signal.c                         0x00000000   Number         0  __raise.o ABSOLUTE
    ../clib/signal.c                         0x00000000   Number         0  defsig_general.o ABSOLUTE
    ../clib/signal.c                         0x00000000   Number         0  defsig_fpe_formal.o ABSOLUTE
    ../clib/signal.c                         0x00000000   Number         0  defsig_fpe_outer.o ABSOLUTE
    ../clib/signal.c                         0x00000000   Number         0  defsig_rtmem_inner.o ABSOLUTE
    ../clib/signal.c                         0x00000000   Number         0  defsig_exit.o ABSOLUTE
    ../clib/signal.c                         0x00000000   Number         0  defsig_abrt_inner.o ABSOLUTE
    ../clib/signal.c                         0x00000000   Number         0  defsig_rtred_inner.o ABSOLUTE
    ../clib/signal.c                         0x00000000   Number         0  defsig_rtmem_outer.o ABSOLUTE
    ../clib/signal.c                         0x00000000   Number         0  defsig_rtmem_formal.o ABSOLUTE
    ../clib/signal.c                         0x00000000   Number         0  defsig_stak_inner.o ABSOLUTE
    ../clib/signal.c                         0x00000000   Number         0  defsig_pvfn_inner.o ABSOLUTE
    ../clib/signal.c                         0x00000000   Number         0  defsig_cppl_inner.o ABSOLUTE
    ../clib/signal.c                         0x00000000   Number         0  defsig_segv_inner.o ABSOLUTE
    ../clib/signal.c                         0x00000000   Number         0  defsig_other.o ABSOLUTE
    ../clib/signal.c                         0x00000000   Number         0  defsig_fpe_inner.o ABSOLUTE
    ../clib/signal.s                         0x00000000   Number         0  defsig.o ABSOLUTE
    ../clib/stdlib.c                         0x00000000   Number         0  exit.o ABSOLUTE
    ../clib/string.c                         0x00000000   Number         0  strstr.o ABSOLUTE
    ../fplib/cfplib/cmpret.c                 0x00000000   Number         0  cmpret.o ABSOLUTE
    ../fplib/cfplib/daddsub.c                0x00000000   Number         0  daddsub.o ABSOLUTE
    ../fplib/cfplib/dcmpin.c                 0x00000000   Number         0  dcmpin.o ABSOLUTE
    ../fplib/cfplib/ddiv.c                   0x00000000   Number         0  ddiv.o ABSOLUTE
    ../fplib/cfplib/dmul.c                   0x00000000   Number         0  dmul.o ABSOLUTE
    ../fplib/cfplib/dsqrt.c                  0x00000000   Number         0  dsqrt.o ABSOLUTE
    ../fplib/cfplib/fdiv.c                   0x00000000   Number         0  fdiv.o ABSOLUTE
    ../fplib/cfplib/ffix.c                   0x00000000   Number         0  dfixi.o ABSOLUTE
    ../fplib/cfplib/ffix.c                   0x00000000   Number         0  ffixui.o ABSOLUTE
    ../fplib/cfplib/fflt.c                   0x00000000   Number         0  dflti.o ABSOLUTE
    ../fplib/cfplib/fflt.c                   0x00000000   Number         0  fflti.o ABSOLUTE
    ../fplib/cfplib/fpinit.c                 0x00000000   Number         0  fpinit.o ABSOLUTE
    ../fplib/cfplib/nan2.c                   0x00000000   Number         0  dnan2.o ABSOLUTE
    ../fplib/cfplib/retnan.c                 0x00000000   Number         0  retnan.o ABSOLUTE
    ../fplib/cfplib/scalbn.c                 0x00000000   Number         0  dscalbn.o ABSOLUTE
    ../fplib/dleqf6m.s                       0x00000000   Number         0  dlef.o ABSOLUTE
    ../fplib/drleqf6m.s                      0x00000000   Number         0  drlef.o ABSOLUTE
    ../fplib/fmul6m.s                        0x00000000   Number         0  fmul.o ABSOLUTE
    ../fplib/usenofp.s                       0x00000000   Number         0  usenofp.o ABSOLUTE
    ../mathlib/dunder.c                      0x00000000   Number         0  dunder.o ABSOLUTE
    ../mathlib/fpclassify.c                  0x00000000   Number         0  fpclassify.o ABSOLUTE
    ../mathlib/poly.c                        0x00000000   Number         0  poly.o ABSOLUTE
    ../mathlib/pow.c                         0x00000000   Number         0  pow_x.o ABSOLUTE
    ../mathlib/pow.c                         0x00000000   Number         0  pow.o ABSOLUTE
    ../mathlib/qnan.c                        0x00000000   Number         0  qnan.o ABSOLUTE
    ../mathlib/sqrt.c                        0x00000000   Number         0  sqrt.o ABSOLUTE
    ../mathlib/sqrt.c                        0x00000000   Number         0  sqrt_x.o ABSOLUTE
    ..\..\..\src\common\alloc.c              0x00000000   Number         0  alloc.o ABSOLUTE
    ..\..\..\src\common\asin.c               0x00000000   Number         0  asin.o ABSOLUTE
    ..\..\..\src\common\assert.c             0x00000000   Number         0  assert.o ABSOLUTE
    ..\..\..\src\common\io.c                 0x00000000   Number         0  io.o ABSOLUTE
    ..\..\..\src\common\median.c             0x00000000   Number         0  median.o ABSOLUTE
    ..\..\..\src\common\memtest.c            0x00000000   Number         0  memtest.o ABSOLUTE
    ..\..\..\src\common\queue.c              0x00000000   Number         0  queue.o ABSOLUTE
    ..\..\..\src\common\sqrt16.c             0x00000000   Number         0  sqrt16.o ABSOLUTE
    ..\..\..\src\common\stdlib.c             0x00000000   Number         0  stdlib.o ABSOLUTE
    ..\..\..\src\common\uif.c                0x00000000   Number         0  uif.o ABSOLUTE
    ..\..\..\src\cpu\CMSIS\Source\arm\startup_MKL26Z4.s 0x00000000   Number         0  startup_mkl26z4.o ABSOLUTE
    ..\..\..\src\cpu\CMSIS\Source\system_MKL26Z4.c 0x00000000   Number         0  system_mkl26z4.o ABSOLUTE
    ..\..\..\src\cpu\nmi_isr_handler.c       0x00000000   Number         0  nmi_isr_handler.o ABSOLUTE
    ..\..\..\src\cpu\start.c                 0x00000000   Number         0  start.o ABSOLUTE
    ..\..\..\src\cpu\sysinit.c               0x00000000   Number         0  sysinit.o ABSOLUTE
    ..\..\..\src\drivers\cmp\cmp.c           0x00000000   Number         0  cmp.o ABSOLUTE
    ..\..\..\src\drivers\llwu\llwu.c         0x00000000   Number         0  llwu.o ABSOLUTE
    ..\..\..\src\drivers\lptmr\lptmr.c       0x00000000   Number         0  lptmr.o ABSOLUTE
    ..\..\..\src\drivers\mcg\mcg.c           0x00000000   Number         0  mcg.o ABSOLUTE
    ..\..\..\src\drivers\pmc\pmc.c           0x00000000   Number         0  pmc.o ABSOLUTE
    ..\..\..\src\drivers\rcm\rcm.c           0x00000000   Number         0  rcm.o ABSOLUTE
    ..\..\..\src\drivers\rtc\rtc.c           0x00000000   Number         0  rtc.o ABSOLUTE
    ..\..\..\src\drivers\smc\smc.c           0x00000000   Number         0  smc.o ABSOLUTE
    ..\..\..\src\drivers\uart\Retarget.c     0x00000000   Number         0  retarget.o ABSOLUTE
    ..\..\..\src\drivers\uart\Serial.c       0x00000000   Number         0  serial.o ABSOLUTE
    ..\..\..\src\drivers\uart\uart.c         0x00000000   Number         0  uart.o ABSOLUTE
    ..\..\..\src\projects\KEIL_MAG\vts_ver2.c 0x00000000   Number         0  vts_ver2.o ABSOLUTE
    ..\\..\\..\\src\\common\\alloc.c         0x00000000   Number         0  alloc.o ABSOLUTE
    ..\\..\\..\\src\\common\\assert.c        0x00000000   Number         0  assert.o ABSOLUTE
    ..\\..\\..\\src\\common\\io.c            0x00000000   Number         0  io.o ABSOLUTE
    ..\\..\\..\\src\\common\\queue.c         0x00000000   Number         0  queue.o ABSOLUTE
    ..\\..\\..\\src\\common\\stdlib.c        0x00000000   Number         0  stdlib.o ABSOLUTE
    ..\\..\\..\\src\\common\\uif.c           0x00000000   Number         0  uif.o ABSOLUTE
    ..\\..\\..\\src\\cpu\\CMSIS\\Source\\system_MKL26Z4.c 0x00000000   Number         0  system_mkl26z4.o ABSOLUTE
    ..\\..\\..\\src\\cpu\\nmi_isr_handler.c  0x00000000   Number         0  nmi_isr_handler.o ABSOLUTE
    ..\\..\\..\\src\\cpu\\start.c            0x00000000   Number         0  start.o ABSOLUTE
    ..\\..\\..\\src\\cpu\\sysinit.c          0x00000000   Number         0  sysinit.o ABSOLUTE
    ..\\..\\..\\src\\drivers\\cmp\\cmp.c     0x00000000   Number         0  cmp.o ABSOLUTE
    ..\\..\\..\\src\\drivers\\llwu\\llwu.c   0x00000000   Number         0  llwu.o ABSOLUTE
    ..\\..\\..\\src\\drivers\\lptmr\\lptmr.c 0x00000000   Number         0  lptmr.o ABSOLUTE
    ..\\..\\..\\src\\drivers\\mcg\\mcg.c     0x00000000   Number         0  mcg.o ABSOLUTE
    ..\\..\\..\\src\\drivers\\pmc\\pmc.c     0x00000000   Number         0  pmc.o ABSOLUTE
    ..\\..\\..\\src\\drivers\\rcm\\rcm.c     0x00000000   Number         0  rcm.o ABSOLUTE
    ..\\..\\..\\src\\drivers\\rtc\\rtc.c     0x00000000   Number         0  rtc.o ABSOLUTE
    ..\\..\\..\\src\\drivers\\smc\\smc.c     0x00000000   Number         0  smc.o ABSOLUTE
    ..\\..\\..\\src\\drivers\\uart\\Serial.c 0x00000000   Number         0  serial.o ABSOLUTE
    ..\\..\\..\\src\\drivers\\uart\\uart.c   0x00000000   Number         0  uart.o ABSOLUTE
    ..\\..\\..\\src\\projects\\KEIL_MAG\\vts_ver2.c 0x00000000   Number         0  vts_ver2.o ABSOLUTE
    dc.s                                     0x00000000   Number         0  dc.o ABSOLUTE
    !!!main                                  0x000000c0   Section        8  __main.o(!!!main)
    !!!scatter                               0x000000c8   Section       60  __scatter.o(!!!scatter)
    !!handler_zi                             0x00000104   Section       28  __scatter_zi.o(!!handler_zi)
    .ARM.Collect$$_printf_percent$$00000000  0x00000120   Section        2  _printf_percent.o(.ARM.Collect$$_printf_percent$$00000000)
    .ARM.Collect$$_printf_percent$$00000009  0x00000122   Section       10  _printf_d.o(.ARM.Collect$$_printf_percent$$00000009)
    .ARM.Collect$$_printf_percent$$0000000C  0x0000012c   Section       10  _printf_x.o(.ARM.Collect$$_printf_percent$$0000000C)
    .ARM.Collect$$_printf_percent$$00000013  0x00000136   Section       10  _printf_c.o(.ARM.Collect$$_printf_percent$$00000013)
    .ARM.Collect$$_printf_percent$$00000017  0x00000140   Section        4  _printf_percent_end.o(.ARM.Collect$$_printf_percent$$00000017)
    .ARM.Collect$$libinit$$00000000          0x00000144   Section        2  libinit.o(.ARM.Collect$$libinit$$00000000)
    .ARM.Collect$$libinit$$00000002          0x00000146   Section        0  libinit2.o(.ARM.Collect$$libinit$$00000002)
    .ARM.Collect$$libinit$$00000004          0x00000146   Section        0  libinit2.o(.ARM.Collect$$libinit$$00000004)
    .ARM.Collect$$libinit$$0000000A          0x00000146   Section        0  libinit2.o(.ARM.Collect$$libinit$$0000000A)
    .ARM.Collect$$libinit$$0000000C          0x00000146   Section        0  libinit2.o(.ARM.Collect$$libinit$$0000000C)
    .ARM.Collect$$libinit$$0000000E          0x00000146   Section        0  libinit2.o(.ARM.Collect$$libinit$$0000000E)
    .ARM.Collect$$libinit$$00000011          0x00000146   Section        0  libinit2.o(.ARM.Collect$$libinit$$00000011)
    .ARM.Collect$$libinit$$00000013          0x00000146   Section        0  libinit2.o(.ARM.Collect$$libinit$$00000013)
    .ARM.Collect$$libinit$$00000015          0x00000146   Section        0  libinit2.o(.ARM.Collect$$libinit$$00000015)
    .ARM.Collect$$libinit$$00000017          0x00000146   Section        0  libinit2.o(.ARM.Collect$$libinit$$00000017)
    .ARM.Collect$$libinit$$00000019          0x00000146   Section        0  libinit2.o(.ARM.Collect$$libinit$$00000019)
    .ARM.Collect$$libinit$$0000001B          0x00000146   Section        0  libinit2.o(.ARM.Collect$$libinit$$0000001B)
    .ARM.Collect$$libinit$$0000001D          0x00000146   Section        0  libinit2.o(.ARM.Collect$$libinit$$0000001D)
    .ARM.Collect$$libinit$$0000001F          0x00000146   Section        0  libinit2.o(.ARM.Collect$$libinit$$0000001F)
    .ARM.Collect$$libinit$$00000021          0x00000146   Section        0  libinit2.o(.ARM.Collect$$libinit$$00000021)
    .ARM.Collect$$libinit$$00000023          0x00000146   Section        0  libinit2.o(.ARM.Collect$$libinit$$00000023)
    .ARM.Collect$$libinit$$00000025          0x00000146   Section        0  libinit2.o(.ARM.Collect$$libinit$$00000025)
    .ARM.Collect$$libinit$$0000002C          0x00000146   Section        0  libinit2.o(.ARM.Collect$$libinit$$0000002C)
    .ARM.Collect$$libinit$$0000002E          0x00000146   Section        0  libinit2.o(.ARM.Collect$$libinit$$0000002E)
    .ARM.Collect$$libinit$$00000030          0x00000146   Section        0  libinit2.o(.ARM.Collect$$libinit$$00000030)
    .ARM.Collect$$libinit$$00000032          0x00000146   Section        0  libinit2.o(.ARM.Collect$$libinit$$00000032)
    .ARM.Collect$$libinit$$00000033          0x00000146   Section        2  libinit2.o(.ARM.Collect$$libinit$$00000033)
    .ARM.Collect$$libshutdown$$00000000      0x00000148   Section        2  libshutdown.o(.ARM.Collect$$libshutdown$$00000000)
    .ARM.Collect$$libshutdown$$00000002      0x0000014a   Section        0  libshutdown2.o(.ARM.Collect$$libshutdown$$00000002)
    .ARM.Collect$$libshutdown$$00000004      0x0000014a   Section        0  libshutdown2.o(.ARM.Collect$$libshutdown$$00000004)
    .ARM.Collect$$libshutdown$$00000007      0x0000014a   Section        0  libshutdown2.o(.ARM.Collect$$libshutdown$$00000007)
    .ARM.Collect$$libshutdown$$0000000A      0x0000014a   Section        0  libshutdown2.o(.ARM.Collect$$libshutdown$$0000000A)
    .ARM.Collect$$libshutdown$$0000000C      0x0000014a   Section        0  libshutdown2.o(.ARM.Collect$$libshutdown$$0000000C)
    .ARM.Collect$$libshutdown$$0000000F      0x0000014a   Section        0  libshutdown2.o(.ARM.Collect$$libshutdown$$0000000F)
    .ARM.Collect$$libshutdown$$00000010      0x0000014a   Section        2  libshutdown2.o(.ARM.Collect$$libshutdown$$00000010)
    .ARM.Collect$$rtentry$$00000000          0x0000014c   Section        0  __rtentry.o(.ARM.Collect$$rtentry$$00000000)
    .ARM.Collect$$rtentry$$00000002          0x0000014c   Section        0  __rtentry2.o(.ARM.Collect$$rtentry$$00000002)
    .ARM.Collect$$rtentry$$00000004          0x0000014c   Section        6  __rtentry4.o(.ARM.Collect$$rtentry$$00000004)
    .ARM.Collect$$rtentry$$00000009          0x00000152   Section        0  __rtentry2.o(.ARM.Collect$$rtentry$$00000009)
    .ARM.Collect$$rtentry$$0000000A          0x00000152   Section        4  __rtentry2.o(.ARM.Collect$$rtentry$$0000000A)
    .ARM.Collect$$rtentry$$0000000C          0x00000156   Section        0  __rtentry2.o(.ARM.Collect$$rtentry$$0000000C)
    .ARM.Collect$$rtentry$$0000000D          0x00000156   Section        8  __rtentry2.o(.ARM.Collect$$rtentry$$0000000D)
    .ARM.Collect$$rtexit$$00000000           0x0000015e   Section        2  rtexit.o(.ARM.Collect$$rtexit$$00000000)
    .ARM.Collect$$rtexit$$00000002           0x00000160   Section        0  rtexit2.o(.ARM.Collect$$rtexit$$00000002)
    .ARM.Collect$$rtexit$$00000003           0x00000160   Section        4  rtexit2.o(.ARM.Collect$$rtexit$$00000003)
    .ARM.Collect$$rtexit$$00000004           0x00000164   Section        6  rtexit2.o(.ARM.Collect$$rtexit$$00000004)
    .text                                    0x0000016c   Section        0  nmi_isr_handler.o(.text)
    .text                                    0x000001d0   Section        0  sysinit.o(.text)
    .text                                    0x00000344   Section       68  startup_mkl26z4.o(.text)
    .text                                    0x00000388   Section        0  serial.o(.text)
    .text                                    0x000003a8   Section        0  retarget.o(.text)
    .text                                    0x000003d8   Section        2  use_no_semi.o(.text)
    .text                                    0x000003dc   Section        0  noretval__2printf.o(.text)
    .text                                    0x000003f8   Section        0  heapauxi.o(.text)
    x$fpl$usenofp                            0x000003fe   Section        0  usenofp.o(x$fpl$usenofp)
    .ARM.__at_0x400                          0x00000400   Section       16  startup_mkl26z4.o(.ARM.__at_0x400)
    .text                                    0x00000410   Section        0  vts_ver2.o(.text)
    .text                                    0x0000101c   Section        0  stdlib.o(.text)
    .text                                    0x000013ac   Section        0  start.o(.text)
    .text                                    0x00001a58   Section        0  system_mkl26z4.o(.text)
    .text                                    0x00001c60   Section        0  llwu.o(.text)
    .text                                    0x00002214   Section        0  lptmr.o(.text)
    NVIC_SetPriority                         0x000022b9   Thumb Code   110  lptmr.o(.text)
    .text                                    0x00002338   Section        0  uart.o(.text)
    NVIC_EnableIRQ                           0x000025d9   Thumb Code    18  uart.o(.text)
    NVIC_SetPriority                         0x000025eb   Thumb Code   110  uart.o(.text)
    .text                                    0x00002684   Section        0  noretval__2sprintf.o(.text)
    .text                                    0x000026ac   Section        0  _printf_pad.o(.text)
    .text                                    0x000026fa   Section        0  _printf_str.o(.text)
    .text                                    0x0000274c   Section        0  _printf_dec.o(.text)
    .text                                    0x000027b8   Section        0  _printf_hex_int.o(.text)
    .text                                    0x00002810   Section        0  __printf_flags_wp.o(.text)
    .text                                    0x00002948   Section        0  strstr.o(.text)
    .text                                    0x00002970   Section        0  rt_memclr.o(.text)
    .text                                    0x000029b0   Section      346  aeabi_sdiv.o(.text)
    .text                                    0x00002b0c   Section        0  daddsub.o(.text)
    _dadd1                                   0x00002b0d   Thumb Code   290  daddsub.o(.text)
    _dsub1                                   0x00002c2f   Thumb Code   470  daddsub.o(.text)
    .text                                    0x00002e64   Section        0  dfixi.o(.text)
    .text                                    0x00002ed0   Section        0  dflti.o(.text)
    .text                                    0x00002f28   Section        0  dmul.o(.text)
    .text                                    0x00003170   Section        0  _rserrno.o(.text)
    .text                                    0x00003186   Section        0  _printf_intcommon.o(.text)
    .text                                    0x00003238   Section        0  _printf_char_common.o(.text)
    _printf_input_char                       0x00003239   Thumb Code    10  _printf_char_common.o(.text)
    .text                                    0x00003268   Section        0  _sputc.o(.text)
    .text                                    0x00003272   Section        0  _printf_char.o(.text)
    .text                                    0x000032a0   Section        0  _printf_char_file.o(.text)
    .text                                    0x000032c8   Section        0  rtudiv10.o(.text)
    .text                                    0x000032f0   Section        0  ddiv.o(.text)
    .text                                    0x00003738   Section        0  dscalbn.o(.text)
    .text                                    0x00003798   Section        8  rt_errno_addr_intlibspace.o(.text)
    .text                                    0x000037a0   Section        0  dcmpin.o(.text)
    .text                                    0x00003830   Section        0  dsqrt.o(.text)
    .text                                    0x00003930   Section        8  libspace.o(.text)
    .text                                    0x00003938   Section       62  sys_stackheap_outer.o(.text)
    .text                                    0x00003976   Section        0  exit.o(.text)
    .text                                    0x00003986   Section        0  cmpret.o(.text)
    .text                                    0x000039b4   Section        0  dnan2.o(.text)
    .text                                    0x000039c8   Section        0  retnan.o(.text)
    .text                                    0x00003a26   Section        0  __dczerorl.o(.text)
    i.GPS_Collect                            0x00003a60   Section        0  vts_ver2.o(i.GPS_Collect)
    i.__ARM_common_switch8                   0x00003d28   Section        0  vts_ver2.o(i.__ARM_common_switch8)
    i.__ARM_fpclassify                       0x00003d44   Section        0  fpclassify.o(i.__ARM_fpclassify)
    i.__kernel_poly                          0x00003d70   Section        0  poly.o(i.__kernel_poly)
    i.__mathlib_dbl_divzero                  0x00003e1c   Section        0  dunder.o(i.__mathlib_dbl_divzero)
    i.__mathlib_dbl_infnan2                  0x00003e30   Section        0  dunder.o(i.__mathlib_dbl_infnan2)
    i.__mathlib_dbl_invalid                  0x00003e38   Section        0  dunder.o(i.__mathlib_dbl_invalid)
    i.__mathlib_dbl_overflow                 0x00003e48   Section        0  dunder.o(i.__mathlib_dbl_overflow)
    i.__mathlib_dbl_underflow                0x00003e5c   Section        0  dunder.o(i.__mathlib_dbl_underflow)
    i._is_digit                              0x00003e70   Section        0  __printf_wp.o(i._is_digit)
    i.clear                                  0x00003e80   Section        0  vts_ver2.o(i.clear)
    i.delay                                  0x00003eac   Section        0  vts_ver2.o(i.delay)
    i.hextobinary                            0x00003ed8   Section        0  vts_ver2.o(i.hextobinary)
    i.hextodecimal                           0x00004074   Section        0  vts_ver2.o(i.hextodecimal)
    i.parse_g                                0x00004204   Section        0  vts_ver2.o(i.parse_g)
    i.pow                                    0x00004324   Section        0  pow.o(i.pow)
    i.remove_all_chars                       0x00004d20   Section        0  vts_ver2.o(i.remove_all_chars)
    i.send_GSM                               0x00004d62   Section        0  vts_ver2.o(i.send_GSM)
    i.send_OBD                               0x00004d68   Section        0  vts_ver2.o(i.send_OBD)
    i.sqrt                                   0x00004ddc   Section        0  sqrt.o(i.sqrt)
    i.supportedpid                           0x00004e24   Section        0  vts_ver2.o(i.supportedpid)
    x$fpl$drleqf                             0x00004f44   Section      104  drlef.o(x$fpl$drleqf)
    .constdata                               0x00004fac   Section       40  _printf_hex_int.o(.constdata)
    uc_hextab                                0x00004fac   Data          20  _printf_hex_int.o(.constdata)
    lc_hextab                                0x00004fc0   Data          20  _printf_hex_int.o(.constdata)
    .constdata                               0x00004fd4   Section       17  __printf_flags_wp.o(.constdata)
    maptable                                 0x00004fd4   Data          17  __printf_flags_wp.o(.constdata)
    .constdata                               0x00004fe8   Section      136  pow.o(.constdata)
    bp                                       0x00004fe8   Data          16  pow.o(.constdata)
    dp_h                                     0x00004ff8   Data          16  pow.o(.constdata)
    dp_l                                     0x00005008   Data          16  pow.o(.constdata)
    L                                        0x00005018   Data          48  pow.o(.constdata)
    P                                        0x00005048   Data          40  pow.o(.constdata)
    .constdata                               0x00005070   Section      128  ddiv.o(.constdata)
    ddiv_reciptbl                            0x00005070   Data         128  ddiv.o(.constdata)
    .constdata                               0x000050f0   Section        8  qnan.o(.constdata)
    .conststring                             0x000050f8   Section      419  vts_ver2.o(.conststring)
    .conststring                             0x0000529c   Section      804  llwu.o(.conststring)
    .data                                    0x1fffe000   Section      608  vts_ver2.o(.data)
    cond1                                    0x1fffe0bc   Data           4  vts_ver2.o(.data)
    cond2                                    0x1fffe0c0   Data           4  vts_ver2.o(.data)
    cond3                                    0x1fffe0c4   Data           4  vts_ver2.o(.data)
    cond4                                    0x1fffe0c8   Data           4  vts_ver2.o(.data)
    cond5                                    0x1fffe0cc   Data           4  vts_ver2.o(.data)
    cond6                                    0x1fffe0d0   Data           4  vts_ver2.o(.data)
    cond7                                    0x1fffe0d4   Data           4  vts_ver2.o(.data)
    cond8                                    0x1fffe0d8   Data           4  vts_ver2.o(.data)
    cond9                                    0x1fffe0dc   Data           4  vts_ver2.o(.data)
    cond10                                   0x1fffe0e0   Data           4  vts_ver2.o(.data)
    cond11                                   0x1fffe0e4   Data           4  vts_ver2.o(.data)
    cond12                                   0x1fffe0e8   Data           4  vts_ver2.o(.data)
    cond13                                   0x1fffe0ec   Data           4  vts_ver2.o(.data)
    cond14                                   0x1fffe0f0   Data           4  vts_ver2.o(.data)
    .data                                    0x1fffe260   Section       28  sysinit.o(.data)
    .data                                    0x1fffe27c   Section        4  system_mkl26z4.o(.data)
    .data                                    0x1fffe280   Section        8  retarget.o(.data)
    .bss                                     0x1fffe288   Section    12933  vts_ver2.o(.bss)
    imei                                     0x20000bb4   Data          20  vts_ver2.o(.bss)
    .bss                                     0x20001510   Section       96  libspace.o(.bss)
    HEAP                                     0x20001570   Section        0  startup_mkl26z4.o(HEAP)
    STACK                                    0x20001570   Section     2456  startup_mkl26z4.o(STACK)
    Heap_Mem                                 0x20001570   Data           0  startup_mkl26z4.o(HEAP)
    Stack_Mem                                0x20001570   Data        2456  startup_mkl26z4.o(STACK)

    Global Symbols

    Symbol Name                              Value     Ov Type        Size  Object(Section)

    BuildAttributes$$THM_ISAv3M$S$PE$A:L22$X:L11$S22$IEEE1$IW$USESV6$~STKCKD$USESV7$~SHL$OTIME$ROPI$IEEEX$EBA8$UX$STANDARDLIB$REQ8$PRES8$EABIv2 0x00000000   Number         0  anon$$obj.o ABSOLUTE
    __ARM_use_no_argv                        0x00000000   Number         0  vts_ver2.o ABSOLUTE
    __Vectors                                0x00000000   Data           4  startup_mkl26z4.o(RESET)
    _printf_flags                            0x00000000   Number         0  printf_stubs.o ABSOLUTE
    _printf_return_value                     0x00000000   Number         0  printf_stubs.o ABSOLUTE
    _printf_sizespec                         0x00000000   Number         0  printf_stubs.o ABSOLUTE
    _printf_widthprec                        0x00000000   Number         0  printf_stubs.o ABSOLUTE
    __ARM_exceptions_init                     - Undefined Weak Reference
    __alloca_initialize                       - Undefined Weak Reference
    __arm_preinit_                            - Undefined Weak Reference
    __cpp_initialize__aeabi_                  - Undefined Weak Reference
    __cxa_finalize                            - Undefined Weak Reference
    __rt_locale                               - Undefined Weak Reference
    __sigvec_lookup                           - Undefined Weak Reference
    _atexit_init                              - Undefined Weak Reference
    _call_atexit_fns                          - Undefined Weak Reference
    _clock_init                               - Undefined Weak Reference
    _fp_trap_init                             - Undefined Weak Reference
    _fp_trap_shutdown                         - Undefined Weak Reference
    _get_lc_collate                           - Undefined Weak Reference
    _get_lc_ctype                             - Undefined Weak Reference
    _get_lc_monetary                          - Undefined Weak Reference
    _get_lc_numeric                           - Undefined Weak Reference
    _get_lc_time                              - Undefined Weak Reference
    _getenv_init                              - Undefined Weak Reference
    _handle_redirection                       - Undefined Weak Reference
    _init_alloc                               - Undefined Weak Reference
    _init_user_alloc                          - Undefined Weak Reference
    _initio                                   - Undefined Weak Reference
    _printf_mbtowc                            - Undefined Weak Reference
    _printf_truncate_signed                   - Undefined Weak Reference
    _printf_truncate_unsigned                 - Undefined Weak Reference
    _rand_init                                - Undefined Weak Reference
    _signal_finish                            - Undefined Weak Reference
    _signal_init                              - Undefined Weak Reference
    _terminate_alloc                          - Undefined Weak Reference
    _terminate_user_alloc                     - Undefined Weak Reference
    _terminateio                              - Undefined Weak Reference
    __Vectors_End                            0x000000c0   Data           0  startup_mkl26z4.o(RESET)
    __Vectors_Size                           0x000000c0   Number         0  startup_mkl26z4.o ABSOLUTE
    __main                                   0x000000c1   Thumb Code     8  __main.o(!!!main)
    __scatterload                            0x000000c9   Thumb Code     0  __scatter.o(!!!scatter)
    __scatterload_rt2                        0x000000c9   Thumb Code    52  __scatter.o(!!!scatter)
    __scatterload_rt2_thumb_only             0x000000c9   Thumb Code     0  __scatter.o(!!!scatter)
    __scatterload_null                       0x000000d9   Thumb Code     0  __scatter.o(!!!scatter)
    __scatterload_zeroinit                   0x00000105   Thumb Code    28  __scatter_zi.o(!!handler_zi)
    _printf_percent                          0x00000121   Thumb Code     0  _printf_percent.o(.ARM.Collect$$_printf_percent$$00000000)
    _printf_d                                0x00000123   Thumb Code     0  _printf_d.o(.ARM.Collect$$_printf_percent$$00000009)
    _printf_x                                0x0000012d   Thumb Code     0  _printf_x.o(.ARM.Collect$$_printf_percent$$0000000C)
    _printf_c                                0x00000137   Thumb Code     0  _printf_c.o(.ARM.Collect$$_printf_percent$$00000013)
    _printf_percent_end                      0x00000141   Thumb Code     0  _printf_percent_end.o(.ARM.Collect$$_printf_percent$$00000017)
    __rt_lib_init                            0x00000145   Thumb Code     0  libinit.o(.ARM.Collect$$libinit$$00000000)
    __rt_lib_init_alloca_1                   0x00000147   Thumb Code     0  libinit2.o(.ARM.Collect$$libinit$$0000002E)
    __rt_lib_init_argv_1                     0x00000147   Thumb Code     0  libinit2.o(.ARM.Collect$$libinit$$0000002C)
    __rt_lib_init_atexit_1                   0x00000147   Thumb Code     0  libinit2.o(.ARM.Collect$$libinit$$0000001B)
    __rt_lib_init_clock_1                    0x00000147   Thumb Code     0  libinit2.o(.ARM.Collect$$libinit$$00000021)
    __rt_lib_init_cpp_1                      0x00000147   Thumb Code     0  libinit2.o(.ARM.Collect$$libinit$$00000032)
    __rt_lib_init_exceptions_1               0x00000147   Thumb Code     0  libinit2.o(.ARM.Collect$$libinit$$00000030)
    __rt_lib_init_fp_1                       0x00000147   Thumb Code     0  libinit2.o(.ARM.Collect$$libinit$$00000002)
    __rt_lib_init_fp_trap_1                  0x00000147   Thumb Code     0  libinit2.o(.ARM.Collect$$libinit$$0000001F)
    __rt_lib_init_getenv_1                   0x00000147   Thumb Code     0  libinit2.o(.ARM.Collect$$libinit$$00000023)
    __rt_lib_init_heap_1                     0x00000147   Thumb Code     0  libinit2.o(.ARM.Collect$$libinit$$0000000A)
    __rt_lib_init_lc_collate_1               0x00000147   Thumb Code     0  libinit2.o(.ARM.Collect$$libinit$$00000011)
    __rt_lib_init_lc_ctype_1                 0x00000147   Thumb Code     0  libinit2.o(.ARM.Collect$$libinit$$00000013)
    __rt_lib_init_lc_monetary_1              0x00000147   Thumb Code     0  libinit2.o(.ARM.Collect$$libinit$$00000015)
    __rt_lib_init_lc_numeric_1               0x00000147   Thumb Code     0  libinit2.o(.ARM.Collect$$libinit$$00000017)
    __rt_lib_init_lc_time_1                  0x00000147   Thumb Code     0  libinit2.o(.ARM.Collect$$libinit$$00000019)
    __rt_lib_init_preinit_1                  0x00000147   Thumb Code     0  libinit2.o(.ARM.Collect$$libinit$$00000004)
    __rt_lib_init_rand_1                     0x00000147   Thumb Code     0  libinit2.o(.ARM.Collect$$libinit$$0000000E)
    __rt_lib_init_return                     0x00000147   Thumb Code     0  libinit2.o(.ARM.Collect$$libinit$$00000033)
    __rt_lib_init_signal_1                   0x00000147   Thumb Code     0  libinit2.o(.ARM.Collect$$libinit$$0000001D)
    __rt_lib_init_stdio_1                    0x00000147   Thumb Code     0  libinit2.o(.ARM.Collect$$libinit$$00000025)
    __rt_lib_init_user_alloc_1               0x00000147   Thumb Code     0  libinit2.o(.ARM.Collect$$libinit$$0000000C)
    __rt_lib_shutdown                        0x00000149   Thumb Code     0  libshutdown.o(.ARM.Collect$$libshutdown$$00000000)
    __rt_lib_shutdown_cpp_1                  0x0000014b   Thumb Code     0  libshutdown2.o(.ARM.Collect$$libshutdown$$00000002)
    __rt_lib_shutdown_fp_trap_1              0x0000014b   Thumb Code     0  libshutdown2.o(.ARM.Collect$$libshutdown$$00000007)
    __rt_lib_shutdown_heap_1                 0x0000014b   Thumb Code     0  libshutdown2.o(.ARM.Collect$$libshutdown$$0000000F)
    __rt_lib_shutdown_return                 0x0000014b   Thumb Code     0  libshutdown2.o(.ARM.Collect$$libshutdown$$00000010)
    __rt_lib_shutdown_signal_1               0x0000014b   Thumb Code     0  libshutdown2.o(.ARM.Collect$$libshutdown$$0000000A)
    __rt_lib_shutdown_stdio_1                0x0000014b   Thumb Code     0  libshutdown2.o(.ARM.Collect$$libshutdown$$00000004)
    __rt_lib_shutdown_user_alloc_1           0x0000014b   Thumb Code     0  libshutdown2.o(.ARM.Collect$$libshutdown$$0000000C)
    __rt_entry                               0x0000014d   Thumb Code     0  __rtentry.o(.ARM.Collect$$rtentry$$00000000)
    __rt_entry_presh_1                       0x0000014d   Thumb Code     0  __rtentry2.o(.ARM.Collect$$rtentry$$00000002)
    __rt_entry_sh                            0x0000014d   Thumb Code     0  __rtentry4.o(.ARM.Collect$$rtentry$$00000004)
    __rt_entry_li                            0x00000153   Thumb Code     0  __rtentry2.o(.ARM.Collect$$rtentry$$0000000A)
    __rt_entry_postsh_1                      0x00000153   Thumb Code     0  __rtentry2.o(.ARM.Collect$$rtentry$$00000009)
    __rt_entry_main                          0x00000157   Thumb Code     0  __rtentry2.o(.ARM.Collect$$rtentry$$0000000D)
    __rt_entry_postli_1                      0x00000157   Thumb Code     0  __rtentry2.o(.ARM.Collect$$rtentry$$0000000C)
    __rt_exit                                0x0000015f   Thumb Code     0  rtexit.o(.ARM.Collect$$rtexit$$00000000)
    __rt_exit_ls                             0x00000161   Thumb Code     0  rtexit2.o(.ARM.Collect$$rtexit$$00000003)
    __rt_exit_prels_1                        0x00000161   Thumb Code     0  rtexit2.o(.ARM.Collect$$rtexit$$00000002)
    __rt_exit_exit                           0x00000165   Thumb Code     0  rtexit2.o(.ARM.Collect$$rtexit$$00000004)
    NMI_Handler                              0x0000016d   Thumb Code    70  nmi_isr_handler.o(.text)
    enable_NMI_button                        0x000001b3   Thumb Code     8  nmi_isr_handler.o(.text)
    sysinit                                  0x000001d1   Thumb Code   240  sysinit.o(.text)
    enable_abort_button                      0x000002c1   Thumb Code    44  sysinit.o(.text)
    clk_out_init                             0x000002ed   Thumb Code    22  sysinit.o(.text)
    Reset_Handler                            0x00000345   Thumb Code    10  startup_mkl26z4.o(.text)
    SVC_Handler                              0x00000355   Thumb Code     2  startup_mkl26z4.o(.text)
    PendSV_Handler                           0x00000357   Thumb Code     2  startup_mkl26z4.o(.text)
    SysTick_Handler                          0x00000359   Thumb Code     2  startup_mkl26z4.o(.text)
    ADC0_IRQHandler                          0x0000035f   Thumb Code     0  startup_mkl26z4.o(.text)
    CMP0_IRQHandler                          0x0000035f   Thumb Code     0  startup_mkl26z4.o(.text)
    DAC0_IRQHandler                          0x0000035f   Thumb Code     0  startup_mkl26z4.o(.text)
    DMA0_IRQHandler                          0x0000035f   Thumb Code     0  startup_mkl26z4.o(.text)
    DMA1_IRQHandler                          0x0000035f   Thumb Code     0  startup_mkl26z4.o(.text)
    DMA2_IRQHandler                          0x0000035f   Thumb Code     0  startup_mkl26z4.o(.text)
    DMA3_IRQHandler                          0x0000035f   Thumb Code     0  startup_mkl26z4.o(.text)
    DefaultISR                               0x0000035f   Thumb Code     0  startup_mkl26z4.o(.text)
    FTFA_IRQHandler                          0x0000035f   Thumb Code     0  startup_mkl26z4.o(.text)
    I2C0_IRQHandler                          0x0000035f   Thumb Code     0  startup_mkl26z4.o(.text)
    I2C1_IRQHandler                          0x0000035f   Thumb Code     0  startup_mkl26z4.o(.text)
    I2S0_IRQHandler                          0x0000035f   Thumb Code     0  startup_mkl26z4.o(.text)
    LVD_LVW_IRQHandler                       0x0000035f   Thumb Code     0  startup_mkl26z4.o(.text)
    MCG_IRQHandler                           0x0000035f   Thumb Code     0  startup_mkl26z4.o(.text)
    PIT_IRQHandler                           0x0000035f   Thumb Code     0  startup_mkl26z4.o(.text)
    PORTA_IRQHandler                         0x0000035f   Thumb Code     0  startup_mkl26z4.o(.text)
    RTC_IRQHandler                           0x0000035f   Thumb Code     0  startup_mkl26z4.o(.text)
    RTC_Seconds_IRQHandler                   0x0000035f   Thumb Code     0  startup_mkl26z4.o(.text)
    Reserved20_IRQHandler                    0x0000035f   Thumb Code     0  startup_mkl26z4.o(.text)
    Reserved45_IRQHandler                    0x0000035f   Thumb Code     0  startup_mkl26z4.o(.text)
    SPI0_IRQHandler                          0x0000035f   Thumb Code     0  startup_mkl26z4.o(.text)
    SPI1_IRQHandler                          0x0000035f   Thumb Code     0  startup_mkl26z4.o(.text)
    TPM0_IRQHandler                          0x0000035f   Thumb Code     0  startup_mkl26z4.o(.text)
    TPM1_IRQHandler                          0x0000035f   Thumb Code     0  startup_mkl26z4.o(.text)
    TPM2_IRQHandler                          0x0000035f   Thumb Code     0  startup_mkl26z4.o(.text)
    TSI0_IRQHandler                          0x0000035f   Thumb Code     0  startup_mkl26z4.o(.text)
    USB0_IRQHandler                          0x0000035f   Thumb Code     0  startup_mkl26z4.o(.text)
    __user_initial_stackheap                 0x00000361   Thumb Code     0  startup_mkl26z4.o(.text)
    SER_PutChar                              0x00000389   Thumb Code    16  serial.o(.text)
    SER_GetChar                              0x00000399   Thumb Code    10  serial.o(.text)
    fputc                                    0x000003a9   Thumb Code    14  retarget.o(.text)
    fgetc                                    0x000003b7   Thumb Code    10  retarget.o(.text)
    ferror                                   0x000003c1   Thumb Code     8  retarget.o(.text)
    _ttywrch                                 0x000003c9   Thumb Code    12  retarget.o(.text)
    _sys_exit                                0x000003d5   Thumb Code     4  retarget.o(.text)
    __I$use$semihosting                      0x000003d9   Thumb Code     0  use_no_semi.o(.text)
    __use_no_semihosting_swi                 0x000003d9   Thumb Code     2  use_no_semi.o(.text)
    __2printf                                0x000003dd   Thumb Code    22  noretval__2printf.o(.text)
    __use_two_region_memory                  0x000003f9   Thumb Code     2  heapauxi.o(.text)
    __rt_heap_escrow$2region                 0x000003fb   Thumb Code     2  heapauxi.o(.text)
    __rt_heap_expand$2region                 0x000003fd   Thumb Code     2  heapauxi.o(.text)
    __I$use$fp                               0x000003fe   Number         0  usenofp.o(x$fpl$usenofp)
    send_modem2                              0x00000411   Thumb Code    28  vts_ver2.o(.text)
    parse_gsm                                0x0000042d   Thumb Code   232  vts_ver2.o(.text)
    SW1_init                                 0x00000515   Thumb Code    62  vts_ver2.o(.text)
    LED_state                                0x00000553   Thumb Code   156  vts_ver2.o(.text)
    PORTD_IRQHandler                         0x000005ef   Thumb Code   108  vts_ver2.o(.text)
    PORTC_action                             0x0000065b   Thumb Code     2  vts_ver2.o(.text)
    LED_state2                               0x0000065d   Thumb Code   212  vts_ver2.o(.text)
    systick_init                             0x00000731   Thumb Code    16  vts_ver2.o(.text)
    systick_disable                          0x00000741   Thumb Code    14  vts_ver2.o(.text)
    cal_systick_read_overhead                0x0000074f   Thumb Code    42  vts_ver2.o(.text)
    mystrstr                                 0x00000779   Thumb Code    64  vts_ver2.o(.text)
    delay2                                   0x000007b9   Thumb Code    38  vts_ver2.o(.text)
    main                                     0x000007df   Thumb Code  1852  vts_ver2.o(.text)
    HardFault_Handler                        0x00000f1b   Thumb Code    78  vts_ver2.o(.text)
    LPTimer_IRQHandler                       0x00000f69   Thumb Code    76  vts_ver2.o(.text)
    isspace                                  0x0000101d   Thumb Code    18  stdlib.o(.text)
    isalnum                                  0x0000102f   Thumb Code    34  stdlib.o(.text)
    isdigit                                  0x00001051   Thumb Code    18  stdlib.o(.text)
    isupper                                  0x00001063   Thumb Code    18  stdlib.o(.text)
    strcasecmp                               0x00001075   Thumb Code    72  stdlib.o(.text)
    strncasecmp                              0x000010bd   Thumb Code    86  stdlib.o(.text)
    strtoul                                  0x00001113   Thumb Code   230  stdlib.o(.text)
    strlen                                   0x000011f9   Thumb Code    32  stdlib.o(.text)
    strcat                                   0x00001219   Thumb Code    46  stdlib.o(.text)
    strncat                                  0x00001247   Thumb Code    64  stdlib.o(.text)
    strcpy                                   0x00001287   Thumb Code    36  stdlib.o(.text)
    strncpy                                  0x000012ab   Thumb Code    50  stdlib.o(.text)
    strcmp                                   0x000012dd   Thumb Code    42  stdlib.o(.text)
    strncmp                                  0x00001307   Thumb Code    58  stdlib.o(.text)
    memcpy                                   0x00001341   Thumb Code    78  stdlib.o(.text)
    memset                                   0x0000138f   Thumb Code    30  stdlib.o(.text)
    start                                    0x000013ad   Thumb Code    14  start.o(.text)
    cpu_identify                             0x000013bb   Thumb Code   492  start.o(.text)
    flash_identify                           0x000015a7   Thumb Code  1122  start.o(.text)
    SystemInit                               0x00001a59   Thumb Code   154  system_mkl26z4.o(.text)
    SystemCoreClockUpdate                    0x00001af3   Thumb Code   322  system_mkl26z4.o(.text)
    llwu_configure                           0x00001c61   Thumb Code   522  llwu.o(.text)
    llwu_configure_filter                    0x00001e6b   Thumb Code    94  llwu.o(.text)
    LLW_IRQHandler                           0x00001ec9   Thumb Code   828  llwu.o(.text)
    time_delay_ms                            0x00002215   Thumb Code    66  lptmr.o(.text)
    lptmr_init                               0x00002257   Thumb Code    98  lptmr.o(.text)
    uart_init                                0x00002339   Thumb Code   128  uart.o(.text)
    UART0_IRQHandler                         0x000023b9   Thumb Code    36  uart.o(.text)
    UART1_IRQHandler                         0x000023dd   Thumb Code    36  uart.o(.text)
    UART2_IRQHandler                         0x00002401   Thumb Code     2  uart.o(.text)
    uart_getchar                             0x00002403   Thumb Code    18  uart.o(.text)
    uart_putchar                             0x00002415   Thumb Code    26  uart.o(.text)
    uart_getchar_present                     0x0000242f   Thumb Code    10  uart.o(.text)
    uart0_init                               0x00002439   Thumb Code   362  uart.o(.text)
    uart0_getchar                            0x000025a3   Thumb Code    18  uart.o(.text)
    uart0_putchar                            0x000025b5   Thumb Code    26  uart.o(.text)
    uart0_getchar_present                    0x000025cf   Thumb Code    10  uart.o(.text)
    __2sprintf                               0x00002685   Thumb Code    36  noretval__2sprintf.o(.text)
    _printf_pre_padding                      0x000026ad   Thumb Code    44  _printf_pad.o(.text)
    _printf_post_padding                     0x000026d9   Thumb Code    34  _printf_pad.o(.text)
    _printf_str                              0x000026fb   Thumb Code    82  _printf_str.o(.text)
    _printf_int_dec                          0x0000274d   Thumb Code    90  _printf_dec.o(.text)
    _printf_int_hex                          0x000027b9   Thumb Code    84  _printf_hex_int.o(.text)
    _printf_longlong_hex                     0x000027b9   Thumb Code     0  _printf_hex_int.o(.text)
    __printf                                 0x00002811   Thumb Code   306  __printf_flags_wp.o(.text)
    strstr                                   0x00002949   Thumb Code    40  strstr.o(.text)
    _memset_w                                0x00002971   Thumb Code    26  rt_memclr.o(.text)
    _memset                                  0x0000298b   Thumb Code    30  rt_memclr.o(.text)
    __aeabi_memclr                           0x000029a9   Thumb Code     4  rt_memclr.o(.text)
    __rt_memclr                              0x000029a9   Thumb Code     0  rt_memclr.o(.text)
    __aeabi_memclr4                          0x000029ad   Thumb Code     0  rt_memclr.o(.text)
    __aeabi_memclr8                          0x000029ad   Thumb Code     0  rt_memclr.o(.text)
    __rt_memclr_w                            0x000029ad   Thumb Code     4  rt_memclr.o(.text)
    __aeabi_uidiv                            0x000029b1   Thumb Code     0  aeabi_sdiv.o(.text)
    __aeabi_uidivmod                         0x000029b1   Thumb Code    20  aeabi_sdiv.o(.text)
    __aeabi_idiv                             0x000029c5   Thumb Code     0  aeabi_sdiv.o(.text)
    __aeabi_idivmod                          0x000029c5   Thumb Code   326  aeabi_sdiv.o(.text)
    __aeabi_dadd                             0x00002e05   Thumb Code     0  daddsub.o(.text)
    _dadd                                    0x00002e05   Thumb Code    26  daddsub.o(.text)
    __aeabi_dsub                             0x00002e1f   Thumb Code     0  daddsub.o(.text)
    _dsub                                    0x00002e1f   Thumb Code    22  daddsub.o(.text)
    __aeabi_drsub                            0x00002e35   Thumb Code     0  daddsub.o(.text)
    _drsb                                    0x00002e35   Thumb Code    28  daddsub.o(.text)
    __aeabi_d2iz                             0x00002e65   Thumb Code     0  dfixi.o(.text)
    _dfix                                    0x00002e65   Thumb Code    98  dfixi.o(.text)
    __aeabi_i2d_normalise                    0x00002ed1   Thumb Code    66  dflti.o(.text)
    __aeabi_i2d                              0x00002f13   Thumb Code    16  dflti.o(.text)
    _dflt                                    0x00002f13   Thumb Code     0  dflti.o(.text)
    __aeabi_ui2d                             0x00002f23   Thumb Code     6  dflti.o(.text)
    _dfltu                                   0x00002f23   Thumb Code     0  dflti.o(.text)
    __aeabi_dmul                             0x00002f29   Thumb Code     0  dmul.o(.text)
    _dmul                                    0x00002f29   Thumb Code   558  dmul.o(.text)
    __read_errno                             0x00003171   Thumb Code    10  _rserrno.o(.text)
    __set_errno                              0x0000317b   Thumb Code    12  _rserrno.o(.text)
    _printf_int_common                       0x00003187   Thumb Code   176  _printf_intcommon.o(.text)
    _printf_char_common                      0x00003243   Thumb Code    32  _printf_char_common.o(.text)
    _sputc                                   0x00003269   Thumb Code    10  _sputc.o(.text)
    _printf_cs_common                        0x00003273   Thumb Code    22  _printf_char.o(.text)
    _printf_char                             0x00003289   Thumb Code    16  _printf_char.o(.text)
    _printf_string                           0x00003299   Thumb Code     8  _printf_char.o(.text)
    _printf_char_file                        0x000032a1   Thumb Code    34  _printf_char_file.o(.text)
    __rt_udiv10                              0x000032c9   Thumb Code    40  rtudiv10.o(.text)
    __aeabi_ddiv                             0x000032f1   Thumb Code     0  ddiv.o(.text)
    _ddiv                                    0x000032f1   Thumb Code  1072  ddiv.o(.text)
    _drdiv                                   0x00003721   Thumb Code    20  ddiv.o(.text)
    __ARM_scalbn                             0x00003739   Thumb Code    84  dscalbn.o(.text)
    __aeabi_errno_addr                       0x00003799   Thumb Code     8  rt_errno_addr_intlibspace.o(.text)
    __errno$intlibspace                      0x00003799   Thumb Code     0  rt_errno_addr_intlibspace.o(.text)
    __rt_errno_addr$intlibspace              0x00003799   Thumb Code     0  rt_errno_addr_intlibspace.o(.text)
    __fpl_dcmp_InfNaN                        0x000037a1   Thumb Code   140  dcmpin.o(.text)
    _dsqrt                                   0x00003831   Thumb Code   248  dsqrt.o(.text)
    __user_libspace                          0x00003931   Thumb Code     8  libspace.o(.text)
    __user_perproc_libspace                  0x00003931   Thumb Code     0  libspace.o(.text)
    __user_perthread_libspace                0x00003931   Thumb Code     0  libspace.o(.text)
    __user_setup_stackheap                   0x00003939   Thumb Code    62  sys_stackheap_outer.o(.text)
    exit                                     0x00003977   Thumb Code    16  exit.o(.text)
    __fpl_cmpreturn                          0x00003987   Thumb Code    46  cmpret.o(.text)
    __fpl_dcheck_NaN2                        0x000039b5   Thumb Code    14  dnan2.o(.text)
    __fpl_return_NaN                         0x000039c9   Thumb Code    94  retnan.o(.text)
    __decompress                             0x00003a27   Thumb Code     0  __dczerorl.o(.text)
    __decompress0                            0x00003a27   Thumb Code    58  __dczerorl.o(.text)
    GPS_Collect                              0x00003a61   Thumb Code   558  vts_ver2.o(i.GPS_Collect)
    __ARM_common_switch8                     0x00003d29   Thumb Code    28  vts_ver2.o(i.__ARM_common_switch8)
    __ARM_fpclassify                         0x00003d45   Thumb Code    40  fpclassify.o(i.__ARM_fpclassify)
    __kernel_poly                            0x00003d71   Thumb Code   172  poly.o(i.__kernel_poly)
    __mathlib_dbl_divzero                    0x00003e1d   Thumb Code    16  dunder.o(i.__mathlib_dbl_divzero)
    __mathlib_dbl_infnan2                    0x00003e31   Thumb Code     8  dunder.o(i.__mathlib_dbl_infnan2)
    __mathlib_dbl_invalid                    0x00003e39   Thumb Code    16  dunder.o(i.__mathlib_dbl_invalid)
    __mathlib_dbl_overflow                   0x00003e49   Thumb Code    16  dunder.o(i.__mathlib_dbl_overflow)
    __mathlib_dbl_underflow                  0x00003e5d   Thumb Code    14  dunder.o(i.__mathlib_dbl_underflow)
    _is_digit                                0x00003e71   Thumb Code    14  __printf_wp.o(i._is_digit)
    clear                                    0x00003e81   Thumb Code    34  vts_ver2.o(i.clear)
    delay                                    0x00003ead   Thumb Code    40  vts_ver2.o(i.delay)
    hextobinary                              0x00003ed9   Thumb Code   344  vts_ver2.o(i.hextobinary)
    hextodecimal                             0x00004075   Thumb Code   338  vts_ver2.o(i.hextodecimal)
    parse_g                                  0x00004205   Thumb Code   260  vts_ver2.o(i.parse_g)
    pow                                      0x00004325   Thumb Code  2548  pow.o(i.pow)
    remove_all_chars                         0x00004d21   Thumb Code    66  vts_ver2.o(i.remove_all_chars)
    send_GSM                                 0x00004d63   Thumb Code     6  vts_ver2.o(i.send_GSM)
    send_OBD                                 0x00004d69   Thumb Code    90  vts_ver2.o(i.send_OBD)
    sqrt                                     0x00004ddd   Thumb Code    66  sqrt.o(i.sqrt)
    supportedpid                             0x00004e25   Thumb Code   248  vts_ver2.o(i.supportedpid)
    __aeabi_cdrcmple                         0x00004f45   Thumb Code     0  drlef.o(x$fpl$drleqf)
    _drcmple                                 0x00004f45   Thumb Code   100  drlef.o(x$fpl$drleqf)
    __mathlib_zero                           0x000050f0   Data           8  qnan.o(.constdata)
    Region$$Table$$Base                      0x000055c0   Number         0  anon$$obj.o(Region$$Table)
    Region$$Table$$Limit                     0x000055e0   Number         0  anon$$obj.o(Region$$Table)
    cond200                                  0x1fffe000   Data           4  vts_ver2.o(.data)
    k                                        0x1fffe004   Data           4  vts_ver2.o(.data)
    l                                        0x1fffe008   Data           4  vts_ver2.o(.data)
    k2                                       0x1fffe00c   Data           4  vts_ver2.o(.data)
    l2                                       0x1fffe010   Data           4  vts_ver2.o(.data)
    tout                                     0x1fffe014   Data           4  vts_ver2.o(.data)
    tout2                                    0x1fffe018   Data           4  vts_ver2.o(.data)
    time                                     0x1fffe01c   Data           4  vts_ver2.o(.data)
    temp                                     0x1fffe020   Data           4  vts_ver2.o(.data)
    flagch                                   0x1fffe024   Data           4  vts_ver2.o(.data)
    cond121                                  0x1fffe028   Data           1  vts_ver2.o(.data)
    cond122                                  0x1fffe02c   Data           4  vts_ver2.o(.data)
    cond123                                  0x1fffe030   Data           4  vts_ver2.o(.data)
    cond124                                  0x1fffe034   Data           4  vts_ver2.o(.data)
    len                                      0x1fffe038   Data           4  vts_ver2.o(.data)
    cond                                     0x1fffe03c   Data           1  vts_ver2.o(.data)
    con1d                                    0x1fffe040   Data           4  vts_ver2.o(.data)
    stcond1                                  0x1fffe044   Data           4  vts_ver2.o(.data)
    stcond2                                  0x1fffe048   Data           4  vts_ver2.o(.data)
    stcond3                                  0x1fffe04c   Data           4  vts_ver2.o(.data)
    stcond4                                  0x1fffe050   Data           4  vts_ver2.o(.data)
    time111                                  0x1fffe054   Data           4  vts_ver2.o(.data)
    timeout222                               0x1fffe058   Data           4  vts_ver2.o(.data)
    qweq                                     0x1fffe05c   Data           4  vts_ver2.o(.data)
    i11                                      0x1fffe060   Data           4  vts_ver2.o(.data)
    j11                                      0x1fffe064   Data           4  vts_ver2.o(.data)
    temp11                                   0x1fffe068   Data           4  vts_ver2.o(.data)
    sz1                                      0x1fffe06c   Data           4  vts_ver2.o(.data)
    sz2                                      0x1fffe070   Data           4  vts_ver2.o(.data)
    gu32PortStatus                           0x1fffe074   Data           4  vts_ver2.o(.data)
    stateCount                               0x1fffe078   Data           1  vts_ver2.o(.data)
    cnt_start_value                          0x1fffe07c   Data           4  vts_ver2.o(.data)
    cnt_end_value                            0x1fffe080   Data           4  vts_ver2.o(.data)
    overhead                                 0x1fffe084   Data           4  vts_ver2.o(.data)
    e                                        0x1fffe088   Data           4  vts_ver2.o(.data)
    adcsa                                    0x1fffe08c   Data           4  vts_ver2.o(.data)
    adcin                                    0x1fffe090   Data           4  vts_ver2.o(.data)
    adcsample                                0x1fffe094   Data           4  vts_ver2.o(.data)
    fuel                                     0x1fffe098   Data           4  vts_ver2.o(.data)
    fuelstr                                  0x1fffe09c   Data           5  vts_ver2.o(.data)
    rez                                      0x1fffe0a4   Data           4  vts_ver2.o(.data)
    fact                                     0x1fffe0a8   Data           4  vts_ver2.o(.data)
    d                                        0x1fffe0ac   Data           4  vts_ver2.o(.data)
    point_seen                               0x1fffe0b0   Data           4  vts_ver2.o(.data)
    sent                                     0x1fffe0b4   Data           4  vts_ver2.o(.data)
    cond201                                  0x1fffe0b8   Data           4  vts_ver2.o(.data)
    ass                                      0x1fffe0f4   Data           4  vts_ver2.o(.data)
    count                                    0x1fffe0f8   Data           4  vts_ver2.o(.data)
    fsz                                      0x1fffe0fc   Data           4  vts_ver2.o(.data)
    log0                                     0x1fffe100   Data           4  vts_ver2.o(.data)
    times                                    0x1fffe104   Data           4  vts_ver2.o(.data)
    qwe                                      0x1fffe108   Data           4  vts_ver2.o(.data)
    k5                                       0x1fffe10c   Data           4  vts_ver2.o(.data)
    enters                                   0x1fffe110   Data           4  vts_ver2.o(.data)
    cursorvaluepr                            0x1fffe114   Data           4  vts_ver2.o(.data)
    cursorvaluene                            0x1fffe118   Data           4  vts_ver2.o(.data)
    q1                                       0x1fffe11c   Data           4  vts_ver2.o(.data)
    q2                                       0x1fffe120   Data           4  vts_ver2.o(.data)
    q3                                       0x1fffe124   Data           4  vts_ver2.o(.data)
    q4                                       0x1fffe128   Data           4  vts_ver2.o(.data)
    cntendl                                  0x1fffe12c   Data           4  vts_ver2.o(.data)
    k23                                      0x1fffe130   Data           4  vts_ver2.o(.data)
    prev                                     0x1fffe134   Data           8  vts_ver2.o(.data)
    iz                                       0x1fffe13c   Data           4  vts_ver2.o(.data)
    a                                        0x1fffe140   Data           8  vts_ver2.o(.data)
    b                                        0x1fffe148   Data           8  vts_ver2.o(.data)
    c                                        0x1fffe150   Data           8  vts_ver2.o(.data)
    hh                                       0x1fffe158   Data           4  vts_ver2.o(.data)
    mm1                                      0x1fffe15c   Data           4  vts_ver2.o(.data)
    mm2                                      0x1fffe160   Data           4  vts_ver2.o(.data)
    a1                                       0x1fffe168   Data           8  vts_ver2.o(.data)
    b1                                       0x1fffe170   Data           8  vts_ver2.o(.data)
    c1                                       0x1fffe178   Data           8  vts_ver2.o(.data)
    hh11                                     0x1fffe180   Data           8  vts_ver2.o(.data)
    mm11                                     0x1fffe188   Data           8  vts_ver2.o(.data)
    mm22                                     0x1fffe190   Data           8  vts_ver2.o(.data)
    logged                                   0x1fffe198   Data           4  vts_ver2.o(.data)
    check                                    0x1fffe19c   Data           4  vts_ver2.o(.data)
    stcond5                                  0x1fffe1a0   Data           4  vts_ver2.o(.data)
    breach                                   0x1fffe1a4   Data           4  vts_ver2.o(.data)
    aliveping                                0x1fffe1a8   Data           4  vts_ver2.o(.data)
    sleep_flag                               0x1fffe1ac   Data           4  vts_ver2.o(.data)
    tmeout                                   0x1fffe1b0   Data           4  vts_ver2.o(.data)
    int_erval                                0x1fffe1b4   Data           4  vts_ver2.o(.data)
    drive                                    0x1fffe1b8   Data           5  vts_ver2.o(.data)
    apn                                      0x1fffe1bd   Data          25  vts_ver2.o(.data)
    speed                                    0x1fffe1d8   Data           4  vts_ver2.o(.data)
    lpticks                                  0x1fffe1dc   Data           4  vts_ver2.o(.data)
    voltagecbc                               0x1fffe1e0   Data           4  vts_ver2.o(.data)
    csq                                      0x1fffe1e4   Data           4  vts_ver2.o(.data)
    rtcticks                                 0x1fffe1e8   Data           4  vts_ver2.o(.data)
    rtcticks2                                0x1fffe1ec   Data           4  vts_ver2.o(.data)
    imeiinc                                  0x1fffe1f0   Data           4  vts_ver2.o(.data)
    ticks_ch                                 0x1fffe1f4   Data           1  vts_ver2.o(.data)
    save_rtcticks                            0x1fffe1f5   Data           1  vts_ver2.o(.data)
    ip                                       0x1fffe1f6   Data          16  vts_ver2.o(.data)
    port                                     0x1fffe206   Data          10  vts_ver2.o(.data)
    velocity                                 0x1fffe210   Data           5  vts_ver2.o(.data)
    interval                                 0x1fffe215   Data           5  vts_ver2.o(.data)
    timeout                                  0x1fffe21c   Data           4  vts_ver2.o(.data)
    pr                                       0x1fffe220   Data           4  vts_ver2.o(.data)
    la                                       0x1fffe224   Data           4  vts_ver2.o(.data)
    ggaptr                                   0x1fffe228   Data           4  vts_ver2.o(.data)
    rmcptr                                   0x1fffe22c   Data           4  vts_ver2.o(.data)
    i                                        0x1fffe230   Data           4  vts_ver2.o(.data)
    motion_samples                           0x1fffe234   Data           4  vts_ver2.o(.data)
    notsleep                                 0x1fffe238   Data           4  vts_ver2.o(.data)
    ch                                       0x1fffe23c   Data           1  vts_ver2.o(.data)
    ringflag                                 0x1fffe23d   Data           1  vts_ver2.o(.data)
    lptmr_interrupt                          0x1fffe23e   Data           1  vts_ver2.o(.data)
    time52                                   0x1fffe240   Data           4  vts_ver2.o(.data)
    cond277                                  0x1fffe244   Data           4  vts_ver2.o(.data)
    cond20077                                0x1fffe248   Data           4  vts_ver2.o(.data)
    sz                                       0x1fffe24c   Data           4  vts_ver2.o(.data)
    cn                                       0x1fffe250   Data           4  vts_ver2.o(.data)
    res                                      0x1fffe254   Data           4  vts_ver2.o(.data)
    test2                                    0x1fffe258   Data           4  vts_ver2.o(.data)
    pidcounter                               0x1fffe25c   Data           4  vts_ver2.o(.data)
    mcg_clk_hz                               0x1fffe260   Data           4  sysinit.o(.data)
    mcg_clk_khz                              0x1fffe264   Data           4  sysinit.o(.data)
    core_clk_khz                             0x1fffe268   Data           4  sysinit.o(.data)
    periph_clk_khz                           0x1fffe26c   Data           4  sysinit.o(.data)
    pll_clk_khz                              0x1fffe270   Data           4  sysinit.o(.data)
    uart0_clk_khz                            0x1fffe274   Data           4  sysinit.o(.data)
    uart0_clk_hz                             0x1fffe278   Data           4  sysinit.o(.data)
    SystemCoreClock                          0x1fffe27c   Data           4  system_mkl26z4.o(.data)
    __stdout                                 0x1fffe280   Data           4  retarget.o(.data)
    __stdin                                  0x1fffe284   Data           4  retarget.o(.data)
    uart_string_gsm                          0x1fffe288   Data        5000  vts_ver2.o(.bss)
    data                                     0x1ffff610   Data        1500  vts_ver2.o(.bss)
    num2                                     0x1ffffbec   Data          30  vts_ver2.o(.bss)
    latest                                   0x1ffffc0a   Data          10  vts_ver2.o(.bss)
    string_gps                               0x1ffffc14   Data         100  vts_ver2.o(.bss)
    gga                                      0x1ffffc78   Data         100  vts_ver2.o(.bss)
    rmc                                      0x1ffffcdc   Data         100  vts_ver2.o(.bss)
    uart_string_obd                          0x1ffffd40   Data        3000  vts_ver2.o(.bss)
    data2                                    0x200008f8   Data         300  vts_ver2.o(.bss)
    exception                                0x20000a24   Data         200  vts_ver2.o(.bss)
    filehandler                              0x20000aec   Data          20  vts_ver2.o(.bss)
    at_                                      0x20000b00   Data         100  vts_ver2.o(.bss)
    lati                                     0x20000b64   Data          20  vts_ver2.o(.bss)
    longi                                    0x20000b78   Data          20  vts_ver2.o(.bss)
    fsize                                    0x20000b8c   Data          15  vts_ver2.o(.bss)
    num_o                                    0x20000b9b   Data          15  vts_ver2.o(.bss)
    _rtcticks                                0x20000baa   Data          10  vts_ver2.o(.bss)
    sd_data                                  0x20000bc8   Data        1400  vts_ver2.o(.bss)
    data_balance                             0x20001140   Data         200  vts_ver2.o(.bss)
    obdresp                                  0x20001208   Data          20  vts_ver2.o(.bss)
    tempobdresp                              0x2000121c   Data          20  vts_ver2.o(.bss)
    obdrespbinary                            0x20001230   Data          33  vts_ver2.o(.bss)
    suppportedpid                            0x20001251   Data         700  vts_ver2.o(.bss)
    __libspace_start                         0x20001510   Data          96  libspace.o(.bss)
    HEAP$$Base                               0x20001570   Number         0  startup_mkl26z4.o(HEAP)
    HEAP$$Limit                              0x20001570   Number         0  startup_mkl26z4.o(HEAP)
    __temporary_stack_top$libspace           0x20001570   Data           0  libspace.o(.bss)



==============================================================================

Memory Map of the image

  Image Entry point : 0x000000c1

  Load Region LR_IROM1 (Base: 0x00000000, Size: 0x00005868, Max: 0x00040000, ABSOLUTE, COMPRESSED[0x00005614])

    Execution Region ER_IROM1 (Base: 0x00000000, Size: 0x000055e0, Max: 0x00040000, ABSOLUTE)

    Base Addr    Size         Type   Attr      Idx    E Section Name        Object

    0x00000000   0x000000c0   Data   RO          468    RESET               startup_mkl26z4.o
    0x000000c0   0x00000008   Code   RO          831  * !!!main             c_p.l(__main.o)
    0x000000c8   0x0000003c   Code   RO         1092    !!!scatter          c_p.l(__scatter.o)
    0x00000104   0x0000001c   Code   RO         1094    !!handler_zi        c_p.l(__scatter_zi.o)
    0x00000120   0x00000002   Code   RO          820    .ARM.Collect$$_printf_percent$$00000000  c_p.l(_printf_percent.o)
    0x00000122   0x0000000a   Code   RO          819    .ARM.Collect$$_printf_percent$$00000009  c_p.l(_printf_d.o)
    0x0000012c   0x0000000a   Code   RO          817    .ARM.Collect$$_printf_percent$$0000000C  c_p.l(_printf_x.o)
    0x00000136   0x0000000a   Code   RO          815    .ARM.Collect$$_printf_percent$$00000013  c_p.l(_printf_c.o)
    0x00000140   0x00000004   Code   RO          877    .ARM.Collect$$_printf_percent$$00000017  c_p.l(_printf_percent_end.o)
    0x00000144   0x00000002   Code   RO          962    .ARM.Collect$$libinit$$00000000  c_p.l(libinit.o)
    0x00000146   0x00000000   Code   RO          977    .ARM.Collect$$libinit$$00000002  c_p.l(libinit2.o)
    0x00000146   0x00000000   Code   RO          979    .ARM.Collect$$libinit$$00000004  c_p.l(libinit2.o)
    0x00000146   0x00000000   Code   RO          982    .ARM.Collect$$libinit$$0000000A  c_p.l(libinit2.o)
    0x00000146   0x00000000   Code   RO          984    .ARM.Collect$$libinit$$0000000C  c_p.l(libinit2.o)
    0x00000146   0x00000000   Code   RO          986    .ARM.Collect$$libinit$$0000000E  c_p.l(libinit2.o)
    0x00000146   0x00000000   Code   RO          989    .ARM.Collect$$libinit$$00000011  c_p.l(libinit2.o)
    0x00000146   0x00000000   Code   RO          991    .ARM.Collect$$libinit$$00000013  c_p.l(libinit2.o)
    0x00000146   0x00000000   Code   RO          993    .ARM.Collect$$libinit$$00000015  c_p.l(libinit2.o)
    0x00000146   0x00000000   Code   RO          995    .ARM.Collect$$libinit$$00000017  c_p.l(libinit2.o)
    0x00000146   0x00000000   Code   RO          997    .ARM.Collect$$libinit$$00000019  c_p.l(libinit2.o)
    0x00000146   0x00000000   Code   RO          999    .ARM.Collect$$libinit$$0000001B  c_p.l(libinit2.o)
    0x00000146   0x00000000   Code   RO         1001    .ARM.Collect$$libinit$$0000001D  c_p.l(libinit2.o)
    0x00000146   0x00000000   Code   RO         1003    .ARM.Collect$$libinit$$0000001F  c_p.l(libinit2.o)
    0x00000146   0x00000000   Code   RO         1005    .ARM.Collect$$libinit$$00000021  c_p.l(libinit2.o)
    0x00000146   0x00000000   Code   RO         1007    .ARM.Collect$$libinit$$00000023  c_p.l(libinit2.o)
    0x00000146   0x00000000   Code   RO         1009    .ARM.Collect$$libinit$$00000025  c_p.l(libinit2.o)
    0x00000146   0x00000000   Code   RO         1013    .ARM.Collect$$libinit$$0000002C  c_p.l(libinit2.o)
    0x00000146   0x00000000   Code   RO         1015    .ARM.Collect$$libinit$$0000002E  c_p.l(libinit2.o)
    0x00000146   0x00000000   Code   RO         1017    .ARM.Collect$$libinit$$00000030  c_p.l(libinit2.o)
    0x00000146   0x00000000   Code   RO         1019    .ARM.Collect$$libinit$$00000032  c_p.l(libinit2.o)
    0x00000146   0x00000002   Code   RO         1020    .ARM.Collect$$libinit$$00000033  c_p.l(libinit2.o)
    0x00000148   0x00000002   Code   RO         1046    .ARM.Collect$$libshutdown$$00000000  c_p.l(libshutdown.o)
    0x0000014a   0x00000000   Code   RO         1072    .ARM.Collect$$libshutdown$$00000002  c_p.l(libshutdown2.o)
    0x0000014a   0x00000000   Code   RO         1074    .ARM.Collect$$libshutdown$$00000004  c_p.l(libshutdown2.o)
    0x0000014a   0x00000000   Code   RO         1077    .ARM.Collect$$libshutdown$$00000007  c_p.l(libshutdown2.o)
    0x0000014a   0x00000000   Code   RO         1080    .ARM.Collect$$libshutdown$$0000000A  c_p.l(libshutdown2.o)
    0x0000014a   0x00000000   Code   RO         1082    .ARM.Collect$$libshutdown$$0000000C  c_p.l(libshutdown2.o)
    0x0000014a   0x00000000   Code   RO         1085    .ARM.Collect$$libshutdown$$0000000F  c_p.l(libshutdown2.o)
    0x0000014a   0x00000002   Code   RO         1086    .ARM.Collect$$libshutdown$$00000010  c_p.l(libshutdown2.o)
    0x0000014c   0x00000000   Code   RO          860    .ARM.Collect$$rtentry$$00000000  c_p.l(__rtentry.o)
    0x0000014c   0x00000000   Code   RO          916    .ARM.Collect$$rtentry$$00000002  c_p.l(__rtentry2.o)
    0x0000014c   0x00000006   Code   RO          928    .ARM.Collect$$rtentry$$00000004  c_p.l(__rtentry4.o)
    0x00000152   0x00000000   Code   RO          918    .ARM.Collect$$rtentry$$00000009  c_p.l(__rtentry2.o)
    0x00000152   0x00000004   Code   RO          919    .ARM.Collect$$rtentry$$0000000A  c_p.l(__rtentry2.o)
    0x00000156   0x00000000   Code   RO          921    .ARM.Collect$$rtentry$$0000000C  c_p.l(__rtentry2.o)
    0x00000156   0x00000008   Code   RO          922    .ARM.Collect$$rtentry$$0000000D  c_p.l(__rtentry2.o)
    0x0000015e   0x00000002   Code   RO          968    .ARM.Collect$$rtexit$$00000000  c_p.l(rtexit.o)
    0x00000160   0x00000000   Code   RO         1024    .ARM.Collect$$rtexit$$00000002  c_p.l(rtexit2.o)
    0x00000160   0x00000004   Code   RO         1025    .ARM.Collect$$rtexit$$00000003  c_p.l(rtexit2.o)
    0x00000164   0x00000006   Code   RO         1026    .ARM.Collect$$rtexit$$00000004  c_p.l(rtexit2.o)
    0x0000016a   0x00000002   PAD
    0x0000016c   0x00000064   Code   RO          370    .text               nmi_isr_handler.o
    0x000001d0   0x00000174   Code   RO          416    .text               sysinit.o
    0x00000344   0x00000044   Code   RO          470    .text               startup_mkl26z4.o
    0x00000388   0x00000020   Code   RO          705    .text               serial.o
    0x000003a8   0x00000030   Code   RO          726    .text               retarget.o
    0x000003d8   0x00000002   Code   RO          756    .text               c_p.l(use_no_semi.o)
    0x000003da   0x00000002   PAD
    0x000003dc   0x0000001c   Code   RO          762    .text               c_p.l(noretval__2printf.o)
    0x000003f8   0x00000006   Code   RO          829    .text               c_p.l(heapauxi.o)
    0x000003fe   0x00000000   Code   RO          887    x$fpl$usenofp       fz_ps.l(usenofp.o)
    0x000003fe   0x00000002   PAD
    0x00000400   0x00000010   Code   RO          469    .ARM.__at_0x400     startup_mkl26z4.o
    0x00000410   0x00000c0c   Code   RO            3    .text               vts_ver2.o
    0x0000101c   0x00000390   Code   RO          350    .text               stdlib.o
    0x000013ac   0x000006ac   Code   RO          393    .text               start.o
    0x00001a58   0x00000208   Code   RO          442    .text               system_mkl26z4.o
    0x00001c60   0x000005b4   Code   RO          501    .text               llwu.o
    0x00002214   0x00000124   Code   RO          530    .text               lptmr.o
    0x00002338   0x0000034c   Code   RO          674    .text               uart.o
    0x00002684   0x00000028   Code   RO          764    .text               c_p.l(noretval__2sprintf.o)
    0x000026ac   0x0000004e   Code   RO          768    .text               c_p.l(_printf_pad.o)
    0x000026fa   0x00000052   Code   RO          770    .text               c_p.l(_printf_str.o)
    0x0000274c   0x0000006c   Code   RO          772    .text               c_p.l(_printf_dec.o)
    0x000027b8   0x00000058   Code   RO          777    .text               c_p.l(_printf_hex_int.o)
    0x00002810   0x00000138   Code   RO          807    .text               c_p.l(__printf_flags_wp.o)
    0x00002948   0x00000028   Code   RO          821    .text               c_p.l(strstr.o)
    0x00002970   0x00000040   Code   RO          823    .text               c_p.l(rt_memclr.o)
    0x000029b0   0x0000015a   Code   RO          825    .text               c_p.l(aeabi_sdiv.o)
    0x00002b0a   0x00000002   PAD
    0x00002b0c   0x00000358   Code   RO          833    .text               fz_ps.l(daddsub.o)
    0x00002e64   0x0000006c   Code   RO          835    .text               fz_ps.l(dfixi.o)
    0x00002ed0   0x00000058   Code   RO          837    .text               fz_ps.l(dflti.o)
    0x00002f28   0x00000248   Code   RO          839    .text               fz_ps.l(dmul.o)
    0x00003170   0x00000016   Code   RO          865    .text               c_p.l(_rserrno.o)
    0x00003186   0x000000b0   Code   RO          867    .text               c_p.l(_printf_intcommon.o)
    0x00003236   0x00000002   PAD
    0x00003238   0x00000030   Code   RO          869    .text               c_p.l(_printf_char_common.o)
    0x00003268   0x0000000a   Code   RO          871    .text               c_p.l(_sputc.o)
    0x00003272   0x0000002e   Code   RO          873    .text               c_p.l(_printf_char.o)
    0x000032a0   0x00000028   Code   RO          875    .text               c_p.l(_printf_char_file.o)
    0x000032c8   0x00000028   Code   RO          878    .text               c_p.l(rtudiv10.o)
    0x000032f0   0x00000448   Code   RO          880    .text               fz_ps.l(ddiv.o)
    0x00003738   0x00000060   Code   RO          885    .text               fz_ps.l(dscalbn.o)
    0x00003798   0x00000008   Code   RO          935    .text               c_p.l(rt_errno_addr_intlibspace.o)
    0x000037a0   0x00000090   Code   RO          939    .text               fz_ps.l(dcmpin.o)
    0x00003830   0x00000100   Code   RO          943    .text               fz_ps.l(dsqrt.o)
    0x00003930   0x00000008   Code   RO          945    .text               c_p.l(libspace.o)
    0x00003938   0x0000003e   Code   RO          948    .text               c_p.l(sys_stackheap_outer.o)
    0x00003976   0x00000010   Code   RO          951    .text               c_p.l(exit.o)
    0x00003986   0x0000002e   Code   RO          963    .text               fz_ps.l(cmpret.o)
    0x000039b4   0x00000014   Code   RO          965    .text               fz_ps.l(dnan2.o)
    0x000039c8   0x0000005e   Code   RO         1021    .text               fz_ps.l(retnan.o)
    0x00003a26   0x0000003a   Code   RO         1090    .text               c_p.l(__dczerorl.o)
    0x00003a60   0x000002c8   Code   RO           72    i.GPS_Collect       vts_ver2.o
    0x00003d28   0x0000001c   Code   RO           83    i.__ARM_common_switch8  vts_ver2.o
    0x00003d44   0x0000002c   Code   RO          902    i.__ARM_fpclassify  m_ps.l(fpclassify.o)
    0x00003d70   0x000000ac   Code   RO          904    i.__kernel_poly     m_ps.l(poly.o)
    0x00003e1c   0x00000014   Code   RO          888    i.__mathlib_dbl_divzero  m_ps.l(dunder.o)
    0x00003e30   0x00000008   Code   RO          890    i.__mathlib_dbl_infnan2  m_ps.l(dunder.o)
    0x00003e38   0x00000010   Code   RO          891    i.__mathlib_dbl_invalid  m_ps.l(dunder.o)
    0x00003e48   0x00000014   Code   RO          892    i.__mathlib_dbl_overflow  m_ps.l(dunder.o)
    0x00003e5c   0x00000014   Code   RO          894    i.__mathlib_dbl_underflow  m_ps.l(dunder.o)
    0x00003e70   0x0000000e   Code   RO          805    i._is_digit         c_p.l(__printf_wp.o)
    0x00003e7e   0x00000002   PAD
    0x00003e80   0x0000002c   Code   RO           24    i.clear             vts_ver2.o
    0x00003eac   0x0000002c   Code   RO           42    i.delay             vts_ver2.o
    0x00003ed8   0x0000019c   Code   RO           36    i.hextobinary       vts_ver2.o
    0x00004074   0x00000190   Code   RO           30    i.hextodecimal      vts_ver2.o
    0x00004204   0x00000120   Code   RO           54    i.parse_g           vts_ver2.o
    0x00004324   0x000009fc   Code   RO          851    i.pow               m_ps.l(pow.o)
    0x00004d20   0x00000042   Code   RO           60    i.remove_all_chars  vts_ver2.o
    0x00004d62   0x00000006   Code   RO           78    i.send_GSM          vts_ver2.o
    0x00004d68   0x00000074   Code   RO           48    i.send_OBD          vts_ver2.o
    0x00004ddc   0x00000048   Code   RO          908    i.sqrt              m_ps.l(sqrt.o)
    0x00004e24   0x00000120   Code   RO           66    i.supportedpid      vts_ver2.o
    0x00004f44   0x00000068   Code   RO          883    x$fpl$drleqf        fz_ps.l(drlef.o)
    0x00004fac   0x00000028   Data   RO          778    .constdata          c_p.l(_printf_hex_int.o)
    0x00004fd4   0x00000011   Data   RO          808    .constdata          c_p.l(__printf_flags_wp.o)
    0x00004fe5   0x00000003   PAD
    0x00004fe8   0x00000088   Data   RO          852    .constdata          m_ps.l(pow.o)
    0x00005070   0x00000080   Data   RO          881    .constdata          fz_ps.l(ddiv.o)
    0x000050f0   0x00000008   Data   RO          906    .constdata          m_ps.l(qnan.o)
    0x000050f8   0x000001a3   Data   RO            5    .conststring        vts_ver2.o
    0x0000529b   0x00000001   PAD
    0x0000529c   0x00000324   Data   RO          502    .conststring        llwu.o
    0x000055c0   0x00000020   Data   RO         1088    Region$$Table       anon$$obj.o


    Execution Region RW_IRAM1 (Base: 0x1fffe000, Size: 0x00003f08, Max: 0x00008000, ABSOLUTE, COMPRESSED[0x00000034])

    Base Addr    Size         Type   Attr      Idx    E Section Name        Object

    0x1fffe000   0x00000260   Data   RW            6    .data               vts_ver2.o
    0x1fffe260   0x0000001c   Data   RW          417    .data               sysinit.o
    0x1fffe27c   0x00000004   Data   RW          443    .data               system_mkl26z4.o
    0x1fffe280   0x00000008   Data   RW          727    .data               retarget.o
    0x1fffe288   0x00003285   Zero   RW            4    .bss                vts_ver2.o
    0x2000150d   0x00000003   PAD
    0x20001510   0x00000060   Zero   RW          946    .bss                c_p.l(libspace.o)
    0x20001570   0x00000000   Zero   RW          467    HEAP                startup_mkl26z4.o
    0x20001570   0x00000998   Zero   RW          466    STACK               startup_mkl26z4.o


==============================================================================

Image component sizes


      Code (inc. data)   RO Data    RW Data    ZI Data      Debug   Object Name

      1460        500        804          0          0       1718   llwu.o
       292         18          0          0          0       7883   lptmr.o
       100         22          0          0          0        672   nmi_isr_handler.o
        48          0          0          8          0       3102   retarget.o
        32          6          0          0          0        690   serial.o
      1708       1072          0          0          0       1104   start.o
        84         46        192          0       2456        976   startup_mkl26z4.o
       912          0          0          0          0       6019   stdlib.o
       372         66          0         28          0       1487   sysinit.o
       520         54          0          4          0       1281   system_mkl26z4.o
       844         44          0          0          0       3587   uart.o
         0          0          0          0          0     156648   uif.o
      5488       1186        419        608      12933     126018   vts_ver2.o

    ----------------------------------------------------------------------
     11860       3014       1448        648      15392     311185   Object Totals
         0          0         32          0          0          0   (incl. Generated)
         0          0          1          0          3          0   (incl. Padding)

    ----------------------------------------------------------------------

      Code (inc. data)   RO Data    RW Data    ZI Data      Debug   Library Member Name

        58          0          0          0          0          0   __dczerorl.o
         8          0          0          0          0         68   __main.o
       312          6         17          0          0         76   __printf_flags_wp.o
        14          0          0          0          0         60   __printf_wp.o
         0          0          0          0          0          0   __rtentry.o
        12          0          0          0          0          0   __rtentry2.o
         6          0          0          0          0          0   __rtentry4.o
        60          8          0          0          0          0   __scatter.o
        28          0          0          0          0          0   __scatter_zi.o
        10          0          0          0          0          0   _printf_c.o
        46          0          0          0          0        100   _printf_char.o
        48          6          0          0          0         88   _printf_char_common.o
        40          6          0          0          0         72   _printf_char_file.o
        10          0          0          0          0          0   _printf_d.o
       108         18          0          0          0         76   _printf_dec.o
        88          4         40          0          0         72   _printf_hex_int.o
       176          0          0          0          0         84   _printf_intcommon.o
        78          0          0          0          0        100   _printf_pad.o
         2          0          0          0          0          0   _printf_percent.o
         4          0          0          0          0          0   _printf_percent_end.o
        82          0          0          0          0         72   _printf_str.o
        10          0          0          0          0          0   _printf_x.o
        22          0          0          0          0         92   _rserrno.o
        10          0          0          0          0         60   _sputc.o
       346          0          0          0          0         92   aeabi_sdiv.o
        16          0          0          0          0         68   exit.o
         6          0          0          0          0        136   heapauxi.o
         2          0          0          0          0          0   libinit.o
         2          0          0          0          0          0   libinit2.o
         2          0          0          0          0          0   libshutdown.o
         2          0          0          0          0          0   libshutdown2.o
         8          4          0          0         96         68   libspace.o
        28          6          0          0          0         84   noretval__2printf.o
        40          4          0          0          0         84   noretval__2sprintf.o
         8          4          0          0          0         68   rt_errno_addr_intlibspace.o
        64          0          0          0          0        108   rt_memclr.o
         2          0          0          0          0          0   rtexit.o
        10          0          0          0          0          0   rtexit2.o
        40          0          0          0          0         60   rtudiv10.o
        40          0          0          0          0         72   strstr.o
        62          0          0          0          0         80   sys_stackheap_outer.o
         2          0          0          0          0         68   use_no_semi.o
        46          0          0          0          0         60   cmpret.o
       856         20          0          0          0        208   daddsub.o
       144          4          0          0          0         76   dcmpin.o
      1096         26        128          0          0        112   ddiv.o
       108         10          0          0          0         72   dfixi.o
        88          0          0          0          0         92   dflti.o
       584         26          0          0          0         84   dmul.o
        20          6          0          0          0         68   dnan2.o
       104          4          0          0          0        104   drlef.o
        96         12          0          0          0         72   dscalbn.o
       256          8          0          0          0         76   dsqrt.o
        94          0          0          0          0         68   retnan.o
         0          0          0          0          0          0   usenofp.o
        84         14          0          0          0        340   dunder.o
        44          4          0          0          0         60   fpclassify.o
       172          0          0          0          0         76   poly.o
      2556        196        136          0          0        240   pow.o
         0          0          8          0          0          0   qnan.o
        72          6          0          0          0         76   sqrt.o

    ----------------------------------------------------------------------
      8344        402        332          0         96       3892   Library Totals
        12          0          3          0          0          0   (incl. Padding)

    ----------------------------------------------------------------------

      Code (inc. data)   RO Data    RW Data    ZI Data      Debug   Library Name

      1912         66         57          0         96       2008   c_p.l
      3492        116        128          0          0       1092   fz_ps.l
      2928        220        144          0          0        792   m_ps.l

    ----------------------------------------------------------------------
      8344        402        332          0         96       3892   Library Totals

    ----------------------------------------------------------------------

==============================================================================


      Code (inc. data)   RO Data    RW Data    ZI Data      Debug   

     20204       3416       1780        648      15488     311841   Grand Totals
     20204       3416       1780         52      15488     311841   ELF Image Totals (compressed)
     20204       3416       1780         52          0          0   ROM Totals

==============================================================================

    Total RO  Size (Code + RO Data)                21984 (  21.47kB)
    Total RW  Size (RW Data + ZI Data)             16136 (  15.76kB)
    Total ROM Size (Code + RO Data + RW Data)      22036 (  21.52kB)

==============================================================================

