<html>
<body>
<pre>
<h1>µVision Build Log</h1>
<h2>Tool Versions:</h2>
IDE-Version: µVision V5.24.2.0
Copyright (C) 2017 ARM Ltd and ARM Germany GmbH. All rights reserved.
License Information: mridul pandey, jft, LIC=W96WF-63AUC-EXNUX-H8FAP-A3NT4-94MS0
 
Tool Versions:
Toolchain:       MDK-ARM Professional  Version: 5.24.1
Toolchain Path:  C:\Keil_v5\ARM\ARMCC\Bin
C Compiler:      Armcc.exe V5.06 update 5 (build 528)
Assembler:       Armasm.exe V5.06 update 5 (build 528)
Linker/Locator:  ArmLink.exe V5.06 update 5 (build 528)
Library Manager: ArmAr.exe V5.06 update 5 (build 528)
Hex Converter:   FromElf.exe V5.06 update 5 (build 528)
CPU DLL:         SARMCM3.DLL V5.24.1
Dialog DLL:      DARMCM1.DLL V1.18.0.0
Target DLL:      Segger\JL2CM3.dll V2.99.26.0
Dialog DLL:      TARMCM1.DLL V1.13.0.0
 
<h2>Project:</h2>
E:\BITBUCK_JFT\gpstrackr\vtsOBD-ver1\build\keil\vts_ver3_rev1\KEIL_MAG.uvprojx
Project File Date:  12/06/2017

<h2>Output:</h2>
*** Using Compiler 'V5.06 update 5 (build 528)', folder: 'C:\Keil_v5\ARM\ARMCC\Bin'
Rebuild target 'KL26Z128 - Flash'
compiling asin.c...
compiling median.c...
compiling sqrt16.c...
compiling vts_ver2.c...
..\..\..\src\projects\KEIL_MAG\modem.c(345): warning:  #550-D: variable "place"  was set but never used
  	 double decimal, place;
..\..\..\src\projects\KEIL_MAG\modem.c(692): warning:  #177-D: variable "j99"  was declared but never referenced
  	int dec99 = 0, i99, j99, len99;
..\..\..\src\projects\KEIL_MAG\modem.c(707): warning:  #177-D: variable "lenghtchecker"  was declared but never referenced
  	char* lenghtchecker;
..\..\..\src\projects\KEIL_MAG\modem.c(709): warning:  #177-D: variable "cmd"  was declared but never referenced
  	int supportedfori;int cmd;
..\..\..\src\projects\KEIL_MAG\modem.c(710): warning:  #177-D: variable "i99"  was declared but never referenced
  	int  i99, j99, len99,dec99;
..\..\..\src\projects\KEIL_MAG\modem.c(710): warning:  #177-D: variable "j99"  was declared but never referenced
  	int  i99, j99, len99,dec99;
..\..\..\src\projects\KEIL_MAG\modem.c(710): warning:  #177-D: variable "len99"  was declared but never referenced
  	int  i99, j99, len99,dec99;
..\..\..\src\projects\KEIL_MAG\modem.c(710): warning:  #177-D: variable "dec99"  was declared but never referenced
  	int  i99, j99, len99,dec99;
..\..\..\src\projects\KEIL_MAG\vts_ver2.c(102): warning:  #1295-D: Deprecated declaration bat_cind - give arg types
  void  bat_cind();
..\..\..\src\projects\KEIL_MAG\vts_ver2.c(30): warning:  #177-D: variable "cond1"  was declared but never referenced
    static char* cond1=0;
..\..\..\src\projects\KEIL_MAG\vts_ver2.c(31): warning:  #177-D: variable "cond2"  was declared but never referenced
  	static char* cond2=0;
..\..\..\src\projects\KEIL_MAG\vts_ver2.c(32): warning:  #177-D: variable "cond3"  was declared but never referenced
  	static char* cond3=0;
..\..\..\src\projects\KEIL_MAG\vts_ver2.c(33): warning:  #177-D: variable "cond4"  was declared but never referenced
  	static char* cond4=0;
..\..\..\src\projects\KEIL_MAG\vts_ver2.c(34): warning:  #177-D: variable "cond5"  was declared but never referenced
  	static char* cond5=0;
..\..\..\src\projects\KEIL_MAG\vts_ver2.c(35): warning:  #177-D: variable "cond6"  was declared but never referenced
  	static char* cond6=0;
..\..\..\src\projects\KEIL_MAG\vts_ver2.c(36): warning:  #177-D: variable "cond7"  was declared but never referenced
  	static char* cond7=0;
..\..\..\src\projects\KEIL_MAG\vts_ver2.c(37): warning:  #177-D: variable "cond8"  was declared but never referenced
  	static char* cond8=0;
..\..\..\src\projects\KEIL_MAG\vts_ver2.c(38): warning:  #177-D: variable "cond9"  was declared but never referenced
  	static char* cond9=0;
..\..\..\src\projects\KEIL_MAG\vts_ver2.c(39): warning:  #177-D: variable "cond10"  was declared but never referenced
  	static char* cond10=0;
..\..\..\src\projects\KEIL_MAG\vts_ver2.c(40): warning:  #177-D: variable "cond11"  was declared but never referenced
  	static char* cond11=0;
..\..\..\src\projects\KEIL_MAG\vts_ver2.c(41): warning:  #177-D: variable "cond12"  was declared but never referenced
  	static char* cond12=0;
..\..\..\src\projects\KEIL_MAG\vts_ver2.c(42): warning:  #177-D: variable "cond13"  was declared but never referenced
  	static char* cond13=0;
..\..\..\src\projects\KEIL_MAG\vts_ver2.c(43): warning:  #177-D: variable "cond14"  was declared but never referenced
  	static char* cond14=0;	
..\..\..\src\projects\KEIL_MAG\vts_ver2.c: 23 warnings, 0 errors
compiling uif.c...
compiling alloc.c...
compiling memtest.c...
compiling assert.c...
compiling io.c...
compiling queue.c...
compiling nmi_isr_handler.c...
compiling stdlib.c...
compiling start.c...
assembling startup_MKL26Z4.s...
compiling system_MKL26Z4.c...
compiling sysinit.c...
compiling cmp.c...
compiling lptmr.c...
compiling llwu.c...
compiling mcg.c...
compiling pmc.c...
compiling rcm.c...
compiling rtc.c...
compiling smc.c...
compiling uart.c...
compiling Retarget.c...
compiling Serial.c...
linking...
Program Size: Code=20204 RO-data=1780 RW-data=648 ZI-data=15488  
FromELF: creating hex file...
After Build - User command #1: C:\Keil_v5\\ARM\ARMCC\bin\fromelf.exe --m32combined --output=.\UV4Build\KEIL_MAG_Flash.srec .\UV4Build\KEIL_MAG_Flash.axf
After Build - User command #2: C:\Keil_v5\\ARM\ARMCC\bin\fromelf.exe --m32combined --output=.\UV4Build\KEIL_MAG_Flash.bin .\UV4Build\KEIL_MAG_Flash.axf
".\UV4Build\KEIL_MAG_Flash.axf" - 0 Error(s), 23 Warning(s).

<h2>Software Packages used:</h2>

Package Vendor: ARM
                http://www.keil.com/pack/ARM.CMSIS.5.2.0.pack
                ARM.CMSIS.5.2.0
                CMSIS (Cortex Microcontroller Software Interface Standard)
   * Component: CORE Version: 5.0.2

Package Vendor: Keil
                http://www.keil.com/pack/Keil.Kinetis_KLxx_DFP.1.13.0.pack
                Keil.Kinetis_KLxx_DFP.1.13.0
                NXP Kinetis KLxx Series Device Support and Examples

<h2>Collection of Component include folders:</h2>
  .\RTE\_KL26Z128_-_Flash
  C:\Keil_v5\ARM\PACK\ARM\CMSIS\5.2.0\CMSIS\Include
  C:\Keil_v5\ARM\PACK\Keil\Kinetis_KLxx_DFP\1.13.0\Device\Include

<h2>Collection of Component Files used:</h2>

   * Component: ARM::CMSIS:CORE:5.0.2
Build Time Elapsed:  00:00:23
</pre>
</body>
</html>
