<html>
<body>
<pre>
<h1>µVision Build Log</h1>
<h2>Tool Versions:</h2>
IDE-Version: µVision V5.18a
Copyright (C) 2016 ARM Ltd and ARM Germany GmbH. All rights reserved.
License Information: mridul pandey, jft, LIC=W96WF-63AUC-EXNUX-H8FAP-A3NT4-94MS0
 
Tool Versions:
Toolchain:       MDK-ARM Professional  Version: 5.18a
Toolchain Path:  C:\Keil_v5\ARM\ARMCC\Bin
C Compiler:      Armcc.exe V5.06 update 1 (build 61)
Assembler:       Armasm.exe V5.06 update 1 (build 61)
Linker/Locator:  ArmLink.exe V5.06 update 1 (build 61)
Library Manager: ArmAr.exe V5.06 update 1 (build 61)
Hex Converter:   FromElf.exe V5.06 update 1 (build 61)
CPU DLL:         SARMCM3.DLL V5.18a
Dialog DLL:      DARMCM1.DLL V1.12.0.0 
<h2>Project:</h2>
E:\BITBUCK_JFT\gpstrackr\Nano100B_Series_BSP_CMSIS_v3.02.002\SampleCode\Nu-LB-NANO130\I2C_EEPROM\KEIL\I2C_EEPROM.uvproj
Project File Date:  09/27/2017

<h2>Output:</h2>
*** Using Compiler 'V5.06 update 1 (build 61)', folder: 'C:\Keil_v5\ARM\ARMCC\Bin'
Build target 'I2C_EEPROM'
creating preprocessor file for system_Nano100Series.c...
assembling startup_Nano100Series.s...
creating preprocessor file for main.c...
creating preprocessor file for i2c.c...
compiling system_Nano100Series.c...
creating preprocessor file for sys.c...
compiling main.c...
creating preprocessor file for clk.c...
compiling i2c.c...
compiling sys.c...
creating preprocessor file for retarget.c...
creating preprocessor file for uart.c...
compiling clk.c...
compiling retarget.c...
compiling uart.c...
linking...
Program Size: Code=4412 RO-data=288 RW-data=24 ZI-data=1280  
After Build - User command #1: fromelf --bin ".\obj\I2C.axf" --output ".\obj\I2C.bin"
After Build - User command #2: fromelf --text -c ".\obj\I2C.axf" --output ".\obj\I2C.txt"
".\obj\I2C.axf" - 0 Error(s), 0 Warning(s).
Build Time Elapsed:  00:00:02
</pre>
</body>
</html>
