<html>
<body>
<pre>
<h1>µVision Build Log</h1>
<h2>Tool Versions:</h2>
IDE-Version: µVision V5.18a
Copyright (C) 2016 ARM Ltd and ARM Germany GmbH. All rights reserved.
License Information: mridul pandey, jft, LIC=W96WF-63AUC-EXNUX-H8FAP-A3NT4-94MS0
 
Tool Versions:
Toolchain:       MDK-ARM Professional  Version: 5.18a
Toolchain Path:  C:\Keil_v5\ARM\ARMCC\Bin
C Compiler:      Armcc.exe V5.06 update 1 (build 61)
Assembler:       Armasm.exe V5.06 update 1 (build 61)
Linker/Locator:  ArmLink.exe V5.06 update 1 (build 61)
Library Manager: ArmAr.exe V5.06 update 1 (build 61)
Hex Converter:   FromElf.exe V5.06 update 1 (build 61)
CPU DLL:         SARMCM3.DLL V5.18a
Dialog DLL:      DARMCM1.DLL V1.12.0.0
Target DLL:      Segger\JL2CM3.dll V2.99.19.0
Dialog DLL:      TARMCM1.DLL V1.9.0.0
 
<h2>Project:</h2>
E:\BITBUCK_EECS\gps-trackr\Software\NUC200_220BSPv3.00.002\SampleCode\RegBased\UART_TxRx_Function\KEIL\UART_TxRx_Function.uvprojx
Project File Date:  07/29/2017

<h2>Output:</h2>
*** Using Compiler 'V5.06 update 1 (build 61)', folder: 'C:\Keil_v5\ARM\ARMCC\Bin'
Build target 'UART_TxRx_Function'
creating preprocessor file for system_NUC200Series.c...
creating preprocessor file for main.c...
creating preprocessor file for retarget.c...
linking...
Program Size: Code=3680 RO-data=420 RW-data=104 ZI-data=3984  
After Build - User command #1: fromelf --bin ".\obj\UART_TxRx_Function.axf" --output ".\obj\UART_TxRx_Function.bin"
After Build - User command #2: fromelf --text -c ".\obj\UART_TxRx_Function.axf" --output ".\obj\UART_TxRx_Function.txt"
".\obj\UART_TxRx_Function.axf" - 0 Error(s), 0 Warning(s).

<h2>Software Packages used:</h2>

Package Vendor: ARM
                http://www.keil.com/pack/ARM.CMSIS.5.0.1.pack
                ARM::CMSIS:CORE:5.0.1
                CMSIS (Cortex Microcontroller Software Interface Standard)
   * Component: CORE Version: 5.0.1

<h2>Collection of Component include folders:</h2>
  E:\BITBUCK_EECS\gps-trackr\Software\NUC200_220BSPv3.00.002\SampleCode\RegBased\UART_TxRx_Function\KEIL\RTE
  C:\Keil_v5\ARM\PACK\ARM\CMSIS\5.0.1\CMSIS\Include
  C:\Keil_v5\ARM\PACK\Nuvoton\NuMicro_DFP\1.0.9\Device\NUC200\Include

<h2>Collection of Component Files used:</h2>

   * Component: ARM::CMSIS:CORE:5.0.1
Build Time Elapsed:  00:00:01
</pre>
</body>
</html>
