<html>
<body>
<pre>
<h1>µVision Build Log</h1>
<h2>Tool Versions:</h2>
IDE-Version: µVision V5.18a
Copyright (C) 2016 ARM Ltd and ARM Germany GmbH. All rights reserved.
License Information: mridul pandey, jft, LIC=W96WF-63AUC-EXNUX-H8FAP-A3NT4-94MS0
 
Tool Versions:
Toolchain:       MDK-ARM Professional  Version: 5.18a
Toolchain Path:  C:\Keil_v5\ARM\ARMCC\Bin
C Compiler:      Armcc.exe V5.06 update 1 (build 61)
Assembler:       Armasm.exe V5.06 update 1 (build 61)
Linker/Locator:  ArmLink.exe V5.06 update 1 (build 61)
Library Manager: ArmAr.exe V5.06 update 1 (build 61)
Hex Converter:   FromElf.exe V5.06 update 1 (build 61)
CPU DLL:         SARMCM3.DLL V5.18a
Dialog DLL:      DARMCM1.DLL V1.12.0.0 
<h2>Project:</h2>
E:\BITBUCK_EECS\gps-trackr\Software\Nano100B_Series_BSP_CMSIS_v3.02.002\SampleCode\NUTINY-EVB-NANO130\PWRDWN_DEMO\KEIL\PWRDWN_DEMO.uvproj
Project File Date:  04/13/2017

<h2>Output:</h2>
*** Using Compiler 'V5.06 update 1 (build 61)', folder: 'C:\Keil_v5\ARM\ARMCC\Bin'
Build target 'PWRDWN_DEMO'
Clean started - Project: 'PWRDWN_DEMO'
   deleting intermediate output files for target 'PWRDWN_DEMO'
creating preprocessor file for system_Nano100Series.c...
compiling system_Nano100Series.c...
assembling startup_Nano100Series.s...
creating preprocessor file for clk.c...
compiling clk.c...
creating preprocessor file for lcd.c...
compiling lcd.c...
creating preprocessor file for retarget.c...
compiling retarget.c...
creating preprocessor file for rtc.c...
compiling rtc.c...
creating preprocessor file for sys.c...
compiling sys.c...
creating preprocessor file for uart.c...
compiling uart.c...
creating preprocessor file for LCDLIB.c...
compiling LCDLIB.c...
creating preprocessor file for LCDLIB_Panel.c...
compiling LCDLIB_Panel.c...
creating preprocessor file for LCD_Commom.c...
compiling LCD_Commom.c...
creating preprocessor file for RTC_Common.c...
compiling RTC_Common.c...
creating preprocessor file for main.c...
compiling main.c...
linking...
Program Size: Code=5652 RO-data=916 RW-data=104 ZI-data=1352  
".\obj\PWRDWN_DEMO.axf" - 0 Error(s), 0 Warning(s).

*** Performing Cross-Module-Optimization:
compiling system_Nano100Series.c...
compiling clk.c...
compiling lcd.c...
compiling retarget.c...
compiling rtc.c...
compiling sys.c...
compiling uart.c...
compiling LCDLIB.c...
compiling LCD_Commom.c...
compiling RTC_Common.c...
compiling main.c...
linking...
Program Size: Code=5652 RO-data=916 RW-data=104 ZI-data=1352  
FromELF: creating hex file...
After Build - User command #1: fromelf --bin ".\obj\PWRDWN_DEMO.axf" --output ".\obj\PWRDWN_DEMO.bin"
After Build - User command #2: fromelf --text -c ".\obj\PWRDWN_DEMO.axf" --output ".\obj\PWRDWN_DEMO.txt"
".\obj\PWRDWN_DEMO.axf" - 0 Error(s), 0 Warning(s).
*** Completed Cross-Module-Optimization after 2 iteration(s).
Build Time Elapsed:  00:00:11
</pre>
</body>
</html>
