Component: ARM Compiler 5.06 update 5 (build 528) Tool: armlink [4d35e2]

==============================================================================

Small function inlining results

Inlined total of 0 calls.

==============================================================================

Memory Map of the image

  Image Entry point : 0x000000d5

  Load Region LR_1 (Base: 0x00000000, Size: 0x00000858, Max: 0xffffffff, ABSOLUTE)

    Execution Region ER_RO (Exec base: 0x00000000, Load base: 0x00000000, Size: 0x000007fc, Max: 0xffffffff, ABSOLUTE)

    Exec Addr    Load Addr    Size         Type   Attr      Idx    E Section Name        Object

    0x00000000   0x00000000   0x000000c0   Data   RO          114    RESET               startup_nuc100series.o
    0x000000c0   0x000000c0   0x00000000   Code   RO          360  * .ARM.Collect$$$$00000000  mc_p.l(entry.o)
    0x000000c0   0x000000c0   0x00000004   Code   RO          365    .ARM.Collect$$$$00000001  mc_p.l(entry2.o)
    0x000000c4   0x000000c4   0x00000004   Code   RO          368    .ARM.Collect$$$$00000004  mc_p.l(entry5.o)
    0x000000c8   0x000000c8   0x00000000   Code   RO          370    .ARM.Collect$$$$00000008  mc_p.l(entry7b.o)
    0x000000c8   0x000000c8   0x00000000   Code   RO          372    .ARM.Collect$$$$0000000A  mc_p.l(entry8b.o)
    0x000000c8   0x000000c8   0x00000008   Code   RO          373    .ARM.Collect$$$$0000000B  mc_p.l(entry9a.o)
    0x000000d0   0x000000d0   0x00000000   Code   RO          375    .ARM.Collect$$$$0000000D  mc_p.l(entry10a.o)
    0x000000d0   0x000000d0   0x00000000   Code   RO          377    .ARM.Collect$$$$0000000F  mc_p.l(entry11a.o)
    0x000000d0   0x000000d0   0x00000004   Code   RO          366    .ARM.Collect$$$$00002712  mc_p.l(entry2.o)
    0x000000d4   0x000000d4   0x0000004c   Code   RO          115  * .text               startup_nuc100series.o
    0x00000120   0x00000120   0x00000024   Code   RO          363    .text               mc_p.l(memseta.o)
    0x00000144   0x00000144   0x00000024   Code   RO          379    .text               mc_p.l(init.o)
    0x00000168   0x00000168   0x00000018   Code   RO          243    i.Checksum          isp_user.o
    0x00000180   0x00000180   0x0000001a   Code   RO          244    i.EraseAP           isp_user.o
    0x0000019a   0x0000019a   0x00000002   PAD
    0x0000019c   0x0000019c   0x00000028   Code   RO          196    i.FMC_Erase_User    fmc_user.o
    0x000001c4   0x000001c4   0x0000002c   Code   RO          197    i.FMC_Read_User     fmc_user.o
    0x000001f0   0x000001f0   0x00000028   Code   RO          198    i.FMC_Write_User    fmc_user.o
    0x00000218   0x00000218   0x0000001a   Code   RO          291    i.GetApromSize      targetdev.o
    0x00000232   0x00000232   0x00000002   PAD
    0x00000234   0x00000234   0x00000068   Code   RO          292    i.GetDataFlashInfo  targetdev.o
    0x0000029c   0x0000029c   0x00000268   Code   RO          245    i.ParseCmd          isp_user.o
    0x00000504   0x00000504   0x00000020   Code   RO          317    i.PutString         uart_transfer.o
    0x00000524   0x00000524   0x0000001c   Code   RO          199    i.ReadData          fmc_user.o
    0x00000540   0x00000540   0x0000007c   Code   RO          121    i.SYS_Init          main.o
    0x000005bc   0x000005bc   0x00000002   Code   RO            4    i.SystemInit        system_nuc100series.o
    0x000005be   0x000005be   0x00000002   PAD
    0x000005c0   0x000005c0   0x0000004c   Code   RO          318    i.UART1_IRQHandler  uart_transfer.o
    0x0000060c   0x0000060c   0x00000044   Code   RO          319    i.UART_Init         uart_transfer.o
    0x00000650   0x00000650   0x0000004c   Code   RO          246    i.UpdateConfig      isp_user.o
    0x0000069c   0x0000069c   0x0000001c   Code   RO          200    i.WriteData         fmc_user.o
    0x000006b8   0x000006b8   0x0000000e   Code   RO          383    i.__scatterload_copy  mc_p.l(handlers.o)
    0x000006c6   0x000006c6   0x00000002   Code   RO          384    i.__scatterload_null  mc_p.l(handlers.o)
    0x000006c8   0x000006c8   0x0000000e   Code   RO          385    i.__scatterload_zeroinit  mc_p.l(handlers.o)
    0x000006d6   0x000006d6   0x00000002   PAD
    0x000006d8   0x000006d8   0x00000104   Code   RO          122    i.main              main.o
    0x000007dc   0x000007dc   0x00000020   Data   RO          381    Region$$Table       anon$$obj.o


    Execution Region ER_RW (Exec base: 0x20000000, Load base: 0x000007fc, Size: 0x0000005c, Max: 0xffffffff, ABSOLUTE)

    Exec Addr    Load Addr    Size         Type   Attr      Idx    E Section Name        Object

    0x20000000   0x000007fc   0x0000002c   Data   RW            5    .data               system_nuc100series.o
    0x2000002c   0x00000828   0x0000002c   Data   RW          248    .data               isp_user.o
    0x20000058   0x00000854   0x00000002   Data   RW          321    .data               uart_transfer.o


    Execution Region ER_ZI (Exec base: 0x2000005c, Load base: 0x00000858, Size: 0x00000684, Max: 0xffffffff, ABSOLUTE)

    Exec Addr    Load Addr    Size         Type   Attr      Idx    E Section Name        Object

    0x2000005c        -       0x00000240   Zero   RW          247    .bss                isp_user.o
    0x2000029c        -       0x00000040   Zero   RW          320    .bss                uart_transfer.o
    0x200002dc   0x00000858   0x00000004   PAD
    0x200002e0        -       0x00000400   Zero   RW          112    STACK               startup_nuc100series.o


==============================================================================

Image component sizes


      Code (inc. data)   RO Data    RW Data    ZI Data      Debug   Object Name

       180         14          0          0          0       3461   fmc_user.o
       742         36          0         44        576       5276   isp_user.o
       384         78          0          0          0     127762   main.o
        76         32        192          0       1024        828   startup_nuc100series.o
         2          0          0         44          0       6247   system_nuc100series.o
       130          8          0          0          0       1782   targetdev.o
       176         40          0          2         64       8464   uart_transfer.o

    ----------------------------------------------------------------------
      1696        208        224         92       1668     153820   Object Totals
         0          0         32          0          0          0   (incl. Generated)
         6          0          0          2          4          0   (incl. Padding)

    ----------------------------------------------------------------------

      Code (inc. data)   RO Data    RW Data    ZI Data      Debug   Library Member Name

         0          0          0          0          0          0   entry.o
         0          0          0          0          0          0   entry10a.o
         0          0          0          0          0          0   entry11a.o
         8          4          0          0          0          0   entry2.o
         4          0          0          0          0          0   entry5.o
         0          0          0          0          0          0   entry7b.o
         0          0          0          0          0          0   entry8b.o
         8          4          0          0          0          0   entry9a.o
        30          0          0          0          0          0   handlers.o
        36          8          0          0          0         68   init.o
        36          0          0          0          0        100   memseta.o

    ----------------------------------------------------------------------
       124         16          0          0          0        168   Library Totals
         2          0          0          0          0          0   (incl. Padding)

    ----------------------------------------------------------------------

      Code (inc. data)   RO Data    RW Data    ZI Data      Debug   Library Name

       122         16          0          0          0        168   mc_p.l

    ----------------------------------------------------------------------
       124         16          0          0          0        168   Library Totals

    ----------------------------------------------------------------------

==============================================================================


      Code (inc. data)   RO Data    RW Data    ZI Data      Debug   

      1820        224        224         92       1668     153524   Grand Totals
      1820        224        224         92       1668     153524   ELF Image Totals
      1820        224        224         92          0          0   ROM Totals

==============================================================================

    Total RO  Size (Code + RO Data)                 2044 (   2.00kB)
    Total RW  Size (RW Data + ZI Data)              1760 (   1.72kB)
    Total ROM Size (Code + RO Data + RW Data)       2136 (   2.09kB)

==============================================================================

