<html>
<body>
<pre>
<h1>µVision Build Log</h1>
<h2>Tool Versions:</h2>
IDE-Version: µVision V5.18a
Copyright (C) 2016 ARM Ltd and ARM Germany GmbH. All rights reserved.
License Information: mridul pandey, jft, LIC=W96WF-63AUC-EXNUX-H8FAP-A3NT4-94MS0
 
Tool Versions:
Toolchain:       MDK-ARM Professional  Version: 5.18a
Toolchain Path:  C:\Keil_v5\ARM\ARMCC\Bin
C Compiler:      Armcc.exe V5.06 update 1 (build 61)
Assembler:       Armasm.exe V5.06 update 1 (build 61)
Linker/Locator:  ArmLink.exe V5.06 update 1 (build 61)
Library Manager: ArmAr.exe V5.06 update 1 (build 61)
Hex Converter:   FromElf.exe V5.06 update 1 (build 61)
CPU DLL:         SARMCM3.DLL V5.18a
Dialog DLL:      DARMCM1.DLL V1.12.0.0
Target DLL:      Segger\JL2CM3.dll V2.99.19.0
Dialog DLL:      TARMCM1.DLL V1.9.0.0
 
<h2>Project:</h2>
E:\BITBUCK_EECS\gps-trackr\Software\Nano100B_Series_BSP_CMSIS_v3.02.002\SampleCode\NuEdu\Smpl_Basic01_UART_printf\Keil\UART_printf.uvproj
Project File Date:  08/09/2017

<h2>Output:</h2>
*** Using Compiler 'V5.06 update 1 (build 61)', folder: 'C:\Keil_v5\ARM\ARMCC\Bin'
Build target 'UART_printf'
Clean started - Project: 'UART_printf'
   deleting intermediate output files for target 'UART_printf'
creating preprocessor file for system_Nano100Series.c...
compiling system_Nano100Series.c...
assembling startup_Nano100Series.s...
creating preprocessor file for retarget.c...
compiling retarget.c...
creating preprocessor file for clk.c...
compiling clk.c...
creating preprocessor file for sys.c...
compiling sys.c...
creating preprocessor file for uart.c...
compiling uart.c...
creating preprocessor file for gpio.c...
compiling gpio.c...
creating preprocessor file for main.c...
compiling main.c...
..\main.c(119): warning:  #174-D: expression has no effect
        for(ms;ms>0;ms--)
..\main.c(135): warning:  #177-D: variable "u32Key" was declared but never referenced
      uint32_t u32Key,i=0;
..\main.c(135): warning:  #177-D: variable "i" was declared but never referenced
      uint32_t u32Key,i=0;
..\main.c: 3 warnings, 0 errors
creating preprocessor file for NuEdu-Basic01_LED.c...
compiling NuEdu-Basic01_LED.c...
creating preprocessor file for NuEdu-Basic01_Button.c...
compiling NuEdu-Basic01_Button.c...
linking...
Program Size: Code=2960 RO-data=328 RW-data=12 ZI-data=2660  
".\obj\UART_printf.axf" - 0 Error(s), 3 Warning(s).

*** Performing Cross-Module-Optimization:
compiling system_Nano100Series.c...
compiling retarget.c...
compiling clk.c...
compiling sys.c...
compiling uart.c...
compiling gpio.c...
compiling main.c...
..\main.c(119): warning:  #174-D: expression has no effect
        for(ms;ms>0;ms--)
..\main.c(135): warning:  #177-D: variable "u32Key" was declared but never referenced
      uint32_t u32Key,i=0;
..\main.c(135): warning:  #177-D: variable "i" was declared but never referenced
      uint32_t u32Key,i=0;
..\main.c: 3 warnings, 0 errors
compiling NuEdu-Basic01_LED.c...
compiling NuEdu-Basic01_Button.c...
linking...
Program Size: Code=2960 RO-data=328 RW-data=12 ZI-data=2660  
After Build - User command #1: fromelf --bin ".\obj\UART_printf.axf" --output ".\obj\UART_printf.bin"
After Build - User command #2: fromelf --text -c ".\obj\UART_printf.axf" --output ".\obj\UART_printf.txt"
".\obj\UART_printf.axf" - 0 Error(s), 3 Warning(s).
*** Completed Cross-Module-Optimization after 2 iteration(s).
Build Time Elapsed:  00:00:08
</pre>
</body>
</html>
