<html>
<body>
<pre>
<h1>µVision Build Log</h1>
<h2>Tool Versions:</h2>
IDE-Version: µVision V5.24.2.0
Copyright (C) 2017 ARM Ltd and ARM Germany GmbH. All rights reserved.
License Information: mridul pandey, jft, LIC=W96WF-63AUC-EXNUX-H8FAP-A3NT4-94MS0
 
Tool Versions:
Toolchain:       MDK-ARM Professional  Version: 5.24.1
Toolchain Path:  C:\Keil_v5\ARM\ARMCC\Bin
C Compiler:      Armcc.exe V5.06 update 5 (build 528)
Assembler:       Armasm.exe V5.06 update 5 (build 528)
Linker/Locator:  ArmLink.exe V5.06 update 5 (build 528)
Library Manager: ArmAr.exe V5.06 update 5 (build 528)
Hex Converter:   FromElf.exe V5.06 update 5 (build 528)
CPU DLL:         SARMCM3.DLL V5.24.1
Dialog DLL:      DARMCM1.DLL V1.18.0.0
Target DLL:      Segger\JL2CM3.dll V2.99.26.0
Dialog DLL:      TARMCM1.DLL V1.13.0.0
 
<h2>Project:</h2>
E:\GIT_JFT_2\telecom-gps\PersonalTracker-1.0.1\Project\KEIL\PersonalTracker_MC60_Nano110LE3BN.uvprojx
Project File Date:  12/07/2017

<h2>Output:</h2>
*** Using Compiler 'V5.06 update 5 (build 528)', folder: 'C:\Keil_v5\ARM\ARMCC\Bin'
Build target 'PersonalTracker_MC60_Nano110LE3BN'
creating preprocessor file for system_Nano100Series.c...
creating preprocessor file for Thread.c...
creating preprocessor file for Timer.c...
creating preprocessor file for main.c...
creating preprocessor file for sys.c...
creating preprocessor file for clk.c...
creating preprocessor file for gpio.c...
creating preprocessor file for uart.c...
creating preprocessor file for retarget.c...
creating preprocessor file for adc.c...
creating preprocessor file for wdt.c...
creating preprocessor file for wwdt.c...
creating preprocessor file for i2c.c...
creating preprocessor file for RTX_Conf_CM.c...
linking...
Program Size: Code=27524 RO-data=1152 RW-data=372 ZI-data=15188  
After Build - User command #1: fromelf --bin ".\obj\UART.axf" --output ".\obj\UART.bin"
After Build - User command #2: fromelf --text -c ".\obj\UART.axf" --output ".\obj\UART.txt"
".\obj\UART.axf" - 0 Error(s), 0 Warning(s).

<h2>Software Packages used:</h2>

Package Vendor: ARM
                http://www.keil.com/pack/ARM.CMSIS.5.2.0.pack
                ARM.CMSIS.5.2.0
                CMSIS (Cortex Microcontroller Software Interface Standard)
   * Component: Keil RTX Version: 4.81.1
   * Component: CORE Version: 5.0.2
   * Component: RTOS Version: 1.0.0

Package Vendor: Nuvoton
                http://www.nuvoton.com/hq/enu/Documents/KEILSoftwarePack/Nuvoton.NuMicro_DFP.1.1.0.pack
                Nuvoton.NuMicro_DFP.1.1.0
                Nuvoton ARM Cortex-M NuMicro Family Device Support

<h2>Collection of Component include folders:</h2>
  .\RTE\_PersonalTracker_MC60_Nano110LE3BN
  C:\Keil_v5\ARM\PACK\ARM\CMSIS\5.2.0\CMSIS\Include
  C:\Keil_v5\ARM\PACK\ARM\CMSIS\5.2.0\CMSIS\RTOS\RTX\INC
  C:\Keil_v5\ARM\PACK\Nuvoton\NuMicro_DFP\1.1.0\Device\NANO100BN\Include

<h2>Collection of Component Files used:</h2>

   * Component: ARM::CMSIS:RTOS:Keil RTX:4.81.1
      Source file:   CMSIS\RTOS\RTX\UserCodeTemplates\Timer.c
      Source file:   CMSIS\RTOS\RTX\Templates\RTX_Conf_CM.c
      Source file:   CMSIS\RTOS\RTX\UserCodeTemplates\Semaphore.c
      Source file:   CMSIS\RTOS\RTX\UserCodeTemplates\Thread.c
      Include file:  CMSIS\RTOS\RTX\UserCodeTemplates\osObjects.h
      Source file:   CMSIS\RTOS\RTX\UserCodeTemplates\Mutex.c
      Source file:   CMSIS\RTOS\RTX\UserCodeTemplates\MailQueue.c
      Include file:  CMSIS\RTOS\RTX\INC\cmsis_os.h
      Source file:   CMSIS\RTOS\RTX\UserCodeTemplates\main.c
      Library file:  CMSIS\RTOS\RTX\LIB\ARM\RTX_CM0.lib
      Source file:   CMSIS\RTOS\RTX\UserCodeTemplates\MemPool.c
      Source file:   CMSIS\RTOS\RTX\UserCodeTemplates\MsgQueue.c
      Source file:   CMSIS\RTOS\RTX\SRC\ARM\SVC_Table.s

   * Component: ARM::CMSIS:CORE:5.0.2

   * Component: ::CMSIS:RTOS:1.0.0 (API)
Build Time Elapsed:  00:00:06
</pre>
</body>
</html>
