<html>
<body>
<pre>
<h1>µVision Build Log</h1>
<h2>Tool Versions:</h2>
IDE-Version: µVision V5.24.2.0
Copyright (C) 2017 ARM Ltd and ARM Germany GmbH. All rights reserved.
License Information: mridul pandey, jft, LIC=W96WF-63AUC-EXNUX-H8FAP-A3NT4-94MS0
 
Tool Versions:
Toolchain:       MDK-ARM Professional  Version: 5.24.1
Toolchain Path:  C:\Keil_v5\ARM\ARMCC\Bin
C Compiler:      Armcc.exe V5.06 update 5 (build 528)
Assembler:       Armasm.exe V5.06 update 5 (build 528)
Linker/Locator:  ArmLink.exe V5.06 update 5 (build 528)
Library Manager: ArmAr.exe V5.06 update 5 (build 528)
Hex Converter:   FromElf.exe V5.06 update 5 (build 528)
CPU DLL:         SARMCM3.DLL V5.24.1
Dialog DLL:      DARMCM1.DLL V1.18.0.0
Target DLL:      Segger\JL2CM3.dll V2.99.26.0
Dialog DLL:      TARMCM1.DLL V1.13.0.0
 
<h2>Project:</h2>
E:\GIT_JFT_2\telecom-gps\PersonalTracker-1.0.1\Project\KEIL\PersonalTracker_MC60_Nano110LE3BN.uvprojx
Project File Date:  02/02/2018

<h2>Output:</h2>
*** Using Compiler 'V5.06 update 5 (build 528)', folder: 'C:\Keil_v5\ARM\ARMCC\Bin'
Rebuild target 'PersonalTracker_MC60_Nano110LE3BN'
creating preprocessor file for system_Nano100Series.c...
assembling startup_Nano100Series.s...
creating preprocessor file for Thread.c...
creating preprocessor file for Timer.c...
compiling system_Nano100Series.c...
creating preprocessor file for main.c...
compiling Thread.c...
Thread.c(14): warning:  #1295-D: Deprecated declaration clear - give arg types
  extern void clear();
Thread.c(37): warning:  #1295-D: Deprecated declaration loop - give arg types
  extern int loop();
Thread.c(74): warning:  #177-D: variable "sn"  was declared but never referenced
    char *sn = sender_num+3;
Thread.c(435): warning:  #223-D: function "SendAT_FS" declared implicitly
    SendAT_FS(g_u8SendData, "QWRITE", "OK" , "ERROR",5);	
Thread.c(662): warning:  #1-D: last line of file ends without a newline
   
Thread.c: 5 warnings, 0 errors
compiling Timer.c...
creating preprocessor file for sys.c...
creating preprocessor file for clk.c...
compiling main.c...
main.c(99): warning:  #1295-D: Deprecated declaration loop - give arg types
  __inline void loop();
main.c(310): warning:  #550-D: variable "OUT_X_L_A"  was set but never used
    int8_t OUT_Y_H_A,  OUT_X_H_A,  OUT_Z_H_A, OUT_X_L_A, OUT_Y_L_A, OUT_Z_L_A;
main.c(310): warning:  #550-D: variable "OUT_Y_L_A"  was set but never used
    int8_t OUT_Y_H_A,  OUT_X_H_A,  OUT_Z_H_A, OUT_X_L_A, OUT_Y_L_A, OUT_Z_L_A;
main.c(310): warning:  #550-D: variable "OUT_Z_L_A"  was set but never used
    int8_t OUT_Y_H_A,  OUT_X_H_A,  OUT_Z_H_A, OUT_X_L_A, OUT_Y_L_A, OUT_Z_L_A;
main.c(311): warning:  #177-D: variable "CTRL_REG4_A"  was declared but never referenced
    uint16_t STATUS_REG_A, CTRL_REG4_A;
main.c(641): warning:  #550-D: variable "dump"  was set but never used
    char dump;
main.c(1136): warning:  #520-D: initialization with "{...}" expected for aggregate object
    char latitude[12] = 0;
main.c(1137): warning:  #520-D: initialization with "{...}" expected for aggregate object
    char longitude[12] = 0;
main.c(1138): warning:  #520-D: initialization with "{...}" expected for aggregate object
    char gpsdate[7] = 0;
main.c(1139): warning:  #520-D: initialization with "{...}" expected for aggregate object
    char gpstime[7] = 0;
main.c(1140): warning:  #520-D: initialization with "{...}" expected for aggregate object
    char kmph[6] = 0;
main.c(1141): warning:  #520-D: initialization with "{...}" expected for aggregate object
    char heading[8] = 0;
main.c(1142): warning:  #520-D: initialization with "{...}" expected for aggregate object
    char alt[8] = 0;
main.c(1143): warning:  #520-D: initialization with "{...}" expected for aggregate object
    char sat[2] = 0;
main.c(1144): warning:  #520-D: initialization with "{...}" expected for aggregate object
    char latdir[2] = 0;
main.c(1145): warning:  #520-D: initialization with "{...}" expected for aggregate object
    char longdir[2] = 0;
main.c(1146): warning:  #520-D: initialization with "{...}" expected for aggregate object
    char hdop[6] = 0;
main.c(1147): warning:  #520-D: initialization with "{...}" expected for aggregate object
    char pdop[5] = 0;
main.c(1148): warning:  #520-D: initialization with "{...}" expected for aggregate object
    char networkoperator[30] = 0;
main.c(1149): warning:  #520-D: initialization with "{...}" expected for aggregate object
    char mcc[5] = 0;
main.c(1150): warning:  #520-D: initialization with "{...}" expected for aggregate object
    char mnc[5] = 0;
main.c(1151): warning:  #520-D: initialization with "{...}" expected for aggregate object
    char lac[5] = 0;
main.c(1152): warning:  #520-D: initialization with "{...}" expected for aggregate object
    char cellid[10] = 0;
main.c(1134): warning:  #177-D: variable "ext_bat"  was declared but never referenced
    float ext_bat, int_bat, lati, longi, speed;
main.c(1134): warning:  #177-D: variable "int_bat"  was declared but never referenced
    float ext_bat, int_bat, lati, longi, speed;
main.c(1134): warning:  #177-D: variable "lati"  was declared but never referenced
    float ext_bat, int_bat, lati, longi, speed;
main.c(1134): warning:  #177-D: variable "longi"  was declared but never referenced
    float ext_bat, int_bat, lati, longi, speed;
main.c(1134): warning:  #177-D: variable "speed"  was declared but never referenced
    float ext_bat, int_bat, lati, longi, speed;
main.c: 28 warnings, 0 errors
compiling sys.c...
creating preprocessor file for gpio.c...
creating preprocessor file for uart.c...
compiling clk.c...
compiling gpio.c...
creating preprocessor file for retarget.c...
creating preprocessor file for adc.c...
compiling uart.c...
compiling retarget.c...
..\..\Library\StdDriver\src\retarget.c(500): warning:  #177-D: variable "ptr"  was declared but never referenced
    int ptr=0;
..\..\Library\StdDriver\src\retarget.c: 1 warning, 0 errors
creating preprocessor file for wdt.c...
compiling adc.c...
creating preprocessor file for wwdt.c...
creating preprocessor file for i2c.c...
compiling wdt.c...
creating preprocessor file for RTX_Conf_CM.c...
compiling wwdt.c...
compiling i2c.c...
compiling RTX_Conf_CM.c...
linking...
Program Size: Code=27432 RO-data=1160 RW-data=372 ZI-data=15636  
After Build - User command #1: fromelf --bin ".\obj\UART.axf" --output ".\obj\UART.bin"
After Build - User command #2: fromelf --text -c ".\obj\UART.axf" --output ".\obj\UART.txt"
".\obj\UART.axf" - 0 Error(s), 34 Warning(s).

<h2>Software Packages used:</h2>

Package Vendor: ARM
                http://www.keil.com/pack/ARM.CMSIS.5.2.0.pack
                ARM.CMSIS.5.2.0
                CMSIS (Cortex Microcontroller Software Interface Standard)
   * Component: Keil RTX Version: 4.81.1
   * Component: CORE Version: 5.0.2
   * Component: RTOS Version: 1.0.0

Package Vendor: Nuvoton
                http://www.nuvoton.com/hq/enu/Documents/KEILSoftwarePack/Nuvoton.NuMicro_DFP.1.1.0.pack
                Nuvoton.NuMicro_DFP.1.1.0
                Nuvoton ARM Cortex-M NuMicro Family Device Support

<h2>Collection of Component include folders:</h2>
  .\RTE\_PersonalTracker_MC60_Nano110LE3BN
  C:\Keil_v5\ARM\PACK\ARM\CMSIS\5.2.0\CMSIS\Include
  C:\Keil_v5\ARM\PACK\ARM\CMSIS\5.2.0\CMSIS\RTOS\RTX\INC
  C:\Keil_v5\ARM\PACK\Nuvoton\NuMicro_DFP\1.1.0\Device\NANO100BN\Include

<h2>Collection of Component Files used:</h2>

   * Component: ARM::CMSIS:RTOS:Keil RTX:4.81.1
      Source file:   CMSIS\RTOS\RTX\UserCodeTemplates\Thread.c
      Include file:  CMSIS\RTOS\RTX\INC\cmsis_os.h
      Source file:   CMSIS\RTOS\RTX\UserCodeTemplates\MailQueue.c
      Source file:   CMSIS\RTOS\RTX\UserCodeTemplates\Mutex.c
      Source file:   CMSIS\RTOS\RTX\UserCodeTemplates\Semaphore.c
      Source file:   CMSIS\RTOS\RTX\UserCodeTemplates\MsgQueue.c
      Source file:   CMSIS\RTOS\RTX\UserCodeTemplates\main.c
      Source file:   CMSIS\RTOS\RTX\UserCodeTemplates\Timer.c
      Source file:   CMSIS\RTOS\RTX\SRC\ARM\SVC_Table.s
      Source file:   CMSIS\RTOS\RTX\UserCodeTemplates\MemPool.c
      Library file:  CMSIS\RTOS\RTX\LIB\ARM\RTX_CM0.lib
      Source file:   CMSIS\RTOS\RTX\Templates\RTX_Conf_CM.c
      Include file:  CMSIS\RTOS\RTX\UserCodeTemplates\osObjects.h

   * Component: ARM::CMSIS:CORE:5.0.2

   * Component: ::CMSIS:RTOS:1.0.0 (API)
Build Time Elapsed:  00:00:10
</pre>
</body>
</html>
