Component: ARM Compiler 5.06 update 1 (build 61) Tool: armlink [4d35a8]

==============================================================================

Small function inlining results

Inlined function __aeabi_idiv0 from aeabi_idiv0.o at offset 0x154 in aeabi_sdiv.o(.text).
Inlined Instruction: BX       lr
Inlined function __aeabi_idiv0 from aeabi_idiv0.o at offset 0x154 in aeabi_sdiv_div0.o(.text).
Inlined Instruction: BX       lr
Inlined function _platform_pre_stackheap_init from boardinit1.o at offset 0x0 in __rtentry2.o(.ARM.Collect$$rtentry$$00000001).
Inlined Instruction: BX       lr
Inlined function _fp_init from fpinit.o at offset 0x0 in libinit2.o(.ARM.Collect$$libinit$$00000001).
Inlined Instruction: BX       lr
Inlined function _platform_pre_lib_shutdown from boardshut.o at offset 0x0 in rtexit2.o(.ARM.Collect$$rtexit$$00000001).
Inlined Instruction: BX       lr
Inlined function __ARM_get_argv from no_argv.o at offset 0x2 in argv_veneer.o(.text).
Inlined Instruction: BX       lr
Inlined total of 6 calls.

==============================================================================

Image Symbol Table

    Local Symbols

    Symbol Name                              Value     Ov Type        Size  Object(Section)

    RESET                                    0x00000000   Section      192  startup_nano100series.o(RESET)
    ../clib/angel/boardlib.s                 0x00000000   Number         0  boardshut.o ABSOLUTE
    ../clib/angel/boardlib.s                 0x00000000   Number         0  boardinit1.o ABSOLUTE
    ../clib/angel/boardlib.s                 0x00000000   Number         0  boardinit3.o ABSOLUTE
    ../clib/angel/boardlib.s                 0x00000000   Number         0  boardinit2.o ABSOLUTE
    ../clib/angel/handlers.s                 0x00000000   Number         0  __scatter_zi.o ABSOLUTE
    ../clib/angel/handlers.s                 0x00000000   Number         0  __scatter_copy.o ABSOLUTE
    ../clib/angel/kernel.s                   0x00000000   Number         0  __rtentry.o ABSOLUTE
    ../clib/angel/kernel.s                   0x00000000   Number         0  __rtentry2.o ABSOLUTE
    ../clib/angel/kernel.s                   0x00000000   Number         0  __rtentry4.o ABSOLUTE
    ../clib/angel/kernel.s                   0x00000000   Number         0  rtexit2.o ABSOLUTE
    ../clib/angel/kernel.s                   0x00000000   Number         0  rtexit.o ABSOLUTE
    ../clib/angel/rt.s                       0x00000000   Number         0  aeabi_idiv0.o ABSOLUTE
    ../clib/angel/rt.s                       0x00000000   Number         0  aeabi_idiv0_sigfpe.o ABSOLUTE
    ../clib/angel/rt.s                       0x00000000   Number         0  rt_div0.o ABSOLUTE
    ../clib/angel/rt.s                       0x00000000   Number         0  rt_raise.o ABSOLUTE
    ../clib/angel/scatterp.s                 0x00000000   Number         0  __scatter.o ABSOLUTE
    ../clib/angel/startup.s                  0x00000000   Number         0  __main.o ABSOLUTE
    ../clib/angel/sys.s                      0x00000000   Number         0  sys_stackheap_outer.o ABSOLUTE
    ../clib/angel/sys.s                      0x00000000   Number         0  indicate_semi.o ABSOLUTE
    ../clib/angel/sys.s                      0x00000000   Number         0  use_no_semi.o ABSOLUTE
    ../clib/angel/sys.s                      0x00000000   Number         0  libspace.o ABSOLUTE
    ../clib/angel/sys.s                      0x00000000   Number         0  tempstk.o ABSOLUTE
    ../clib/angel/sysapp.c                   0x00000000   Number         0  sys_command.o ABSOLUTE
    ../clib/angel/sysapp.c                   0x00000000   Number         0  sys_exit.o ABSOLUTE
    ../clib/armsys.c                         0x00000000   Number         0  argv_veneer.o ABSOLUTE
    ../clib/armsys.c                         0x00000000   Number         0  no_argv.o ABSOLUTE
    ../clib/armsys.c                         0x00000000   Number         0  _get_argv_nomalloc.o ABSOLUTE
    ../clib/division.s                       0x00000000   Number         0  aeabi_sdiv.o ABSOLUTE
    ../clib/division.s                       0x00000000   Number         0  aeabi_sdiv_div0.o ABSOLUTE
    ../clib/heapalloc.c                      0x00000000   Number         0  hrguard.o ABSOLUTE
    ../clib/heapaux.c                        0x00000000   Number         0  heapauxi.o ABSOLUTE
    ../clib/libinit.s                        0x00000000   Number         0  libinit2.o ABSOLUTE
    ../clib/libinit.s                        0x00000000   Number         0  libshutdown.o ABSOLUTE
    ../clib/libinit.s                        0x00000000   Number         0  libshutdown2.o ABSOLUTE
    ../clib/libinit.s                        0x00000000   Number         0  libinit.o ABSOLUTE
    ../clib/misc.s                           0x00000000   Number         0  printf_stubs.o ABSOLUTE
    ../clib/printf.c                         0x00000000   Number         0  _printf_char_file.o ABSOLUTE
    ../clib/printf.c                         0x00000000   Number         0  __printf_flags_ss_wp.o ABSOLUTE
    ../clib/printf.c                         0x00000000   Number         0  __printf_nopercent.o ABSOLUTE
    ../clib/printf.c                         0x00000000   Number         0  __printf_ss_wp.o ABSOLUTE
    ../clib/printf.c                         0x00000000   Number         0  _printf_intcommon.o ABSOLUTE
    ../clib/printf.c                         0x00000000   Number         0  _printf_char_common.o ABSOLUTE
    ../clib/printf.c                         0x00000000   Number         0  __printf_flags_wp.o ABSOLUTE
    ../clib/printf.c                         0x00000000   Number         0  _printf_hex_ptr.o ABSOLUTE
    ../clib/printf.c                         0x00000000   Number         0  __2printf.o ABSOLUTE
    ../clib/printf.c                         0x00000000   Number         0  noretval__2printf.o ABSOLUTE
    ../clib/printf.c                         0x00000000   Number         0  __printf.o ABSOLUTE
    ../clib/printf.c                         0x00000000   Number         0  _printf_hex_ll.o ABSOLUTE
    ../clib/printf.c                         0x00000000   Number         0  _printf_hex_int.o ABSOLUTE
    ../clib/printf.c                         0x00000000   Number         0  _printf_hex_int_ll.o ABSOLUTE
    ../clib/printf.c                         0x00000000   Number         0  _printf_hex_int_ptr.o ABSOLUTE
    ../clib/printf.c                         0x00000000   Number         0  _printf_hex_ll_ptr.o ABSOLUTE
    ../clib/printf.c                         0x00000000   Number         0  _printf_hex_int_ll_ptr.o ABSOLUTE
    ../clib/printf.c                         0x00000000   Number         0  __printf_flags.o ABSOLUTE
    ../clib/printf.c                         0x00000000   Number         0  __printf_ss.o ABSOLUTE
    ../clib/printf.c                         0x00000000   Number         0  __printf_flags_ss.o ABSOLUTE
    ../clib/printf.c                         0x00000000   Number         0  __printf_wp.o ABSOLUTE
    ../clib/printf_percent.s                 0x00000000   Number         0  _printf_x.o ABSOLUTE
    ../clib/printf_percent.s                 0x00000000   Number         0  _printf_percent.o ABSOLUTE
    ../clib/printf_percent.s                 0x00000000   Number         0  _printf_percent_end.o ABSOLUTE
    ../clib/signal.c                         0x00000000   Number         0  defsig_abrt_inner.o ABSOLUTE
    ../clib/signal.c                         0x00000000   Number         0  defsig_rtred_inner.o ABSOLUTE
    ../clib/signal.c                         0x00000000   Number         0  defsig_rtmem_inner.o ABSOLUTE
    ../clib/signal.c                         0x00000000   Number         0  defsig_rtmem_outer.o ABSOLUTE
    ../clib/signal.c                         0x00000000   Number         0  defsig_rtmem_formal.o ABSOLUTE
    ../clib/signal.c                         0x00000000   Number         0  defsig_fpe_inner.o ABSOLUTE
    ../clib/signal.c                         0x00000000   Number         0  defsig_exit.o ABSOLUTE
    ../clib/signal.c                         0x00000000   Number         0  defsig_general.o ABSOLUTE
    ../clib/signal.c                         0x00000000   Number         0  __raise.o ABSOLUTE
    ../clib/signal.c                         0x00000000   Number         0  defsig_stak_inner.o ABSOLUTE
    ../clib/signal.c                         0x00000000   Number         0  defsig_pvfn_inner.o ABSOLUTE
    ../clib/signal.c                         0x00000000   Number         0  defsig_cppl_inner.o ABSOLUTE
    ../clib/signal.c                         0x00000000   Number         0  defsig_segv_inner.o ABSOLUTE
    ../clib/signal.c                         0x00000000   Number         0  defsig_fpe_formal.o ABSOLUTE
    ../clib/signal.c                         0x00000000   Number         0  defsig_other.o ABSOLUTE
    ../clib/signal.c                         0x00000000   Number         0  defsig_fpe_outer.o ABSOLUTE
    ../clib/signal.s                         0x00000000   Number         0  defsig.o ABSOLUTE
    ../clib/stdlib.c                         0x00000000   Number         0  exit.o ABSOLUTE
    ../fplib/cfplib/fpinit.c                 0x00000000   Number         0  fpinit.o ABSOLUTE
    ..\..\..\..\Library\Device\Nuvoton\Nano100Series\Source\ARM\startup_Nano100Series.s 0x00000000   Number         0  startup_nano100series.o ABSOLUTE
    ..\..\..\..\Library\Device\Nuvoton\Nano100Series\Source\system_Nano100Series.c 0x00000000   Number         0  system_nano100series.o ABSOLUTE
    ..\..\..\..\Library\NuEdu\src\NuEdu-Basic01_Button.c 0x00000000   Number         0  nuedu-basic01_button.o ABSOLUTE
    ..\..\..\..\Library\NuEdu\src\NuEdu-Basic01_LED.c 0x00000000   Number         0  nuedu-basic01_led.o ABSOLUTE
    ..\..\..\..\Library\StdDriver\src\clk.c  0x00000000   Number         0  clk.o ABSOLUTE
    ..\..\..\..\Library\StdDriver\src\gpio.c 0x00000000   Number         0  gpio.o ABSOLUTE
    ..\..\..\..\Library\StdDriver\src\retarget.c 0x00000000   Number         0  retarget.o ABSOLUTE
    ..\..\..\..\Library\StdDriver\src\sys.c  0x00000000   Number         0  sys.o ABSOLUTE
    ..\..\..\..\Library\StdDriver\src\uart.c 0x00000000   Number         0  uart.o ABSOLUTE
    ..\\..\\..\\..\\Library\\Device\\Nuvoton\\Nano100Series\\Source\\system_Nano100Series.c 0x00000000   Number         0  system_nano100series.o ABSOLUTE
    ..\\..\\..\\..\\Library\\NuEdu\\src\\NuEdu-Basic01_Button.c 0x00000000   Number         0  nuedu-basic01_button.o ABSOLUTE
    ..\\..\\..\\..\\Library\\NuEdu\\src\\NuEdu-Basic01_LED.c 0x00000000   Number         0  nuedu-basic01_led.o ABSOLUTE
    ..\\..\\..\\..\\Library\\StdDriver\\src\\clk.c 0x00000000   Number         0  clk.o ABSOLUTE
    ..\\..\\..\\..\\Library\\StdDriver\\src\\gpio.c 0x00000000   Number         0  gpio.o ABSOLUTE
    ..\\..\\..\\..\\Library\\StdDriver\\src\\retarget.c 0x00000000   Number         0  retarget.o ABSOLUTE
    ..\\..\\..\\..\\Library\\StdDriver\\src\\sys.c 0x00000000   Number         0  sys.o ABSOLUTE
    ..\\..\\..\\..\\Library\\StdDriver\\src\\uart.c 0x00000000   Number         0  uart.o ABSOLUTE
    ..\\main.c                               0x00000000   Number         0  main.o ABSOLUTE
    ..\main.c                                0x00000000   Number         0  main.o ABSOLUTE
    !!!main                                  0x000000c0   Section        8  __main.o(!!!main)
    !!!scatter                               0x000000c8   Section       60  __scatter.o(!!!scatter)
    !!handler_copy                           0x00000104   Section       26  __scatter_copy.o(!!handler_copy)
    !!handler_zi                             0x00000120   Section       28  __scatter_zi.o(!!handler_zi)
    .ARM.Collect$$_printf_percent$$00000000  0x0000013c   Section        2  _printf_percent.o(.ARM.Collect$$_printf_percent$$00000000)
    .ARM.Collect$$_printf_percent$$0000000C  0x0000013e   Section       10  _printf_x.o(.ARM.Collect$$_printf_percent$$0000000C)
    .ARM.Collect$$_printf_percent$$00000017  0x00000148   Section        4  _printf_percent_end.o(.ARM.Collect$$_printf_percent$$00000017)
    .ARM.Collect$$libinit$$00000000          0x0000014c   Section        2  libinit.o(.ARM.Collect$$libinit$$00000000)
    .ARM.Collect$$libinit$$00000002          0x0000014e   Section        0  libinit2.o(.ARM.Collect$$libinit$$00000002)
    .ARM.Collect$$libinit$$00000004          0x0000014e   Section        0  libinit2.o(.ARM.Collect$$libinit$$00000004)
    .ARM.Collect$$libinit$$0000000A          0x0000014e   Section        0  libinit2.o(.ARM.Collect$$libinit$$0000000A)
    .ARM.Collect$$libinit$$0000000C          0x0000014e   Section        0  libinit2.o(.ARM.Collect$$libinit$$0000000C)
    .ARM.Collect$$libinit$$0000000E          0x0000014e   Section        0  libinit2.o(.ARM.Collect$$libinit$$0000000E)
    .ARM.Collect$$libinit$$00000011          0x0000014e   Section        0  libinit2.o(.ARM.Collect$$libinit$$00000011)
    .ARM.Collect$$libinit$$00000013          0x0000014e   Section        0  libinit2.o(.ARM.Collect$$libinit$$00000013)
    .ARM.Collect$$libinit$$00000015          0x0000014e   Section        0  libinit2.o(.ARM.Collect$$libinit$$00000015)
    .ARM.Collect$$libinit$$00000017          0x0000014e   Section        0  libinit2.o(.ARM.Collect$$libinit$$00000017)
    .ARM.Collect$$libinit$$00000019          0x0000014e   Section        0  libinit2.o(.ARM.Collect$$libinit$$00000019)
    .ARM.Collect$$libinit$$0000001B          0x0000014e   Section        0  libinit2.o(.ARM.Collect$$libinit$$0000001B)
    .ARM.Collect$$libinit$$0000001D          0x0000014e   Section        0  libinit2.o(.ARM.Collect$$libinit$$0000001D)
    .ARM.Collect$$libinit$$0000001F          0x0000014e   Section        0  libinit2.o(.ARM.Collect$$libinit$$0000001F)
    .ARM.Collect$$libinit$$00000021          0x0000014e   Section        0  libinit2.o(.ARM.Collect$$libinit$$00000021)
    .ARM.Collect$$libinit$$00000023          0x0000014e   Section        0  libinit2.o(.ARM.Collect$$libinit$$00000023)
    .ARM.Collect$$libinit$$00000025          0x0000014e   Section        0  libinit2.o(.ARM.Collect$$libinit$$00000025)
    .ARM.Collect$$libinit$$0000002C          0x0000014e   Section        0  libinit2.o(.ARM.Collect$$libinit$$0000002C)
    .ARM.Collect$$libinit$$0000002E          0x0000014e   Section        0  libinit2.o(.ARM.Collect$$libinit$$0000002E)
    .ARM.Collect$$libinit$$00000030          0x0000014e   Section        0  libinit2.o(.ARM.Collect$$libinit$$00000030)
    .ARM.Collect$$libinit$$00000032          0x0000014e   Section        0  libinit2.o(.ARM.Collect$$libinit$$00000032)
    .ARM.Collect$$libinit$$00000033          0x0000014e   Section        2  libinit2.o(.ARM.Collect$$libinit$$00000033)
    .ARM.Collect$$libshutdown$$00000000      0x00000150   Section        2  libshutdown.o(.ARM.Collect$$libshutdown$$00000000)
    .ARM.Collect$$libshutdown$$00000002      0x00000152   Section        0  libshutdown2.o(.ARM.Collect$$libshutdown$$00000002)
    .ARM.Collect$$libshutdown$$00000004      0x00000152   Section        0  libshutdown2.o(.ARM.Collect$$libshutdown$$00000004)
    .ARM.Collect$$libshutdown$$00000007      0x00000152   Section        0  libshutdown2.o(.ARM.Collect$$libshutdown$$00000007)
    .ARM.Collect$$libshutdown$$0000000A      0x00000152   Section        0  libshutdown2.o(.ARM.Collect$$libshutdown$$0000000A)
    .ARM.Collect$$libshutdown$$0000000C      0x00000152   Section        0  libshutdown2.o(.ARM.Collect$$libshutdown$$0000000C)
    .ARM.Collect$$libshutdown$$0000000F      0x00000152   Section        0  libshutdown2.o(.ARM.Collect$$libshutdown$$0000000F)
    .ARM.Collect$$libshutdown$$00000010      0x00000152   Section        2  libshutdown2.o(.ARM.Collect$$libshutdown$$00000010)
    .ARM.Collect$$rtentry$$00000000          0x00000154   Section        0  __rtentry.o(.ARM.Collect$$rtentry$$00000000)
    .ARM.Collect$$rtentry$$00000002          0x00000154   Section        0  __rtentry2.o(.ARM.Collect$$rtentry$$00000002)
    .ARM.Collect$$rtentry$$00000004          0x00000154   Section        6  __rtentry4.o(.ARM.Collect$$rtentry$$00000004)
    .ARM.Collect$$rtentry$$00000009          0x0000015a   Section        0  __rtentry2.o(.ARM.Collect$$rtentry$$00000009)
    .ARM.Collect$$rtentry$$0000000A          0x0000015a   Section        4  __rtentry2.o(.ARM.Collect$$rtentry$$0000000A)
    .ARM.Collect$$rtentry$$0000000C          0x0000015e   Section        0  __rtentry2.o(.ARM.Collect$$rtentry$$0000000C)
    .ARM.Collect$$rtentry$$0000000D          0x0000015e   Section        8  __rtentry2.o(.ARM.Collect$$rtentry$$0000000D)
    .ARM.Collect$$rtexit$$00000000           0x00000166   Section        2  rtexit.o(.ARM.Collect$$rtexit$$00000000)
    .ARM.Collect$$rtexit$$00000002           0x00000168   Section        0  rtexit2.o(.ARM.Collect$$rtexit$$00000002)
    .ARM.Collect$$rtexit$$00000003           0x00000168   Section        4  rtexit2.o(.ARM.Collect$$rtexit$$00000003)
    .ARM.Collect$$rtexit$$00000004           0x0000016c   Section        6  rtexit2.o(.ARM.Collect$$rtexit$$00000004)
    .emb_text                                0x00000174   Section       28  retarget.o(.emb_text)
    .text                                    0x00000190   Section       96  startup_nano100series.o(.text)
    .text                                    0x000001f0   Section        0  noretval__2printf.o(.text)
    .text                                    0x0000020c   Section        0  _printf_hex_int.o(.text)
    .text                                    0x00000264   Section        0  __printf_wp.o(.text)
    .text                                    0x00000372   Section      346  aeabi_sdiv.o(.text)
    .text                                    0x000004cc   Section        0  heapauxi.o(.text)
    .text                                    0x000004d2   Section        0  _printf_intcommon.o(.text)
    .text                                    0x00000584   Section        0  _printf_char_file.o(.text)
    .text                                    0x000005ac   Section        0  _printf_char_common.o(.text)
    _printf_input_char                       0x000005ad   Thumb Code    10  _printf_char_common.o(.text)
    .text                                    0x000005dc   Section       62  sys_stackheap_outer.o(.text)
    .text                                    0x0000061a   Section        0  exit.o(.text)
    .text                                    0x0000062c   Section        8  libspace.o(.text)
    .text                                    0x00000634   Section        0  sys_exit.o(.text)
    .text                                    0x00000640   Section        2  use_no_semi.o(.text)
    .text                                    0x00000642   Section        0  indicate_semi.o(.text)
    i.CLK_EnableModuleClock                  0x00000644   Section        0  clk.o(i.CLK_EnableModuleClock)
    i.CLK_EnablePLL                          0x00000660   Section        0  clk.o(i.CLK_EnablePLL)
    i.CLK_EnableXtalRC                       0x000006ec   Section        0  clk.o(i.CLK_EnableXtalRC)
    i.CLK_GetPLLClockFreq                    0x00000728   Section        0  clk.o(i.CLK_GetPLLClockFreq)
    i.CLK_SetCoreClock                       0x0000077c   Section        0  clk.o(i.CLK_SetCoreClock)
    i.CLK_SetHCLK                            0x000007f8   Section        0  clk.o(i.CLK_SetHCLK)
    i.CLK_SetModuleClock                     0x00000844   Section        0  clk.o(i.CLK_SetModuleClock)
    i.CLK_WaitClockReady                     0x00000894   Section        0  clk.o(i.CLK_WaitClockReady)
    i.Hard_Fault_Handler                     0x000008c0   Section        0  retarget.o(i.Hard_Fault_Handler)
    __tagsym$$used                           0x000008c1   Number         0  retarget.o(i.Hard_Fault_Handler)
    i.SYS_Init                               0x000008e8   Section        0  main.o(i.SYS_Init)
    i.SendChar_ToUART                        0x00000940   Section        0  retarget.o(i.SendChar_ToUART)
    i.SysGet_HCLKFreq                        0x00000960   Section        0  system_nano100series.o(i.SysGet_HCLKFreq)
    i.SysGet_PLLClockFreq                    0x000009a4   Section        0  system_nano100series.o(i.SysGet_PLLClockFreq)
    i.SystemCoreClockUpdate                  0x000009f8   Section        0  system_nano100series.o(i.SystemCoreClockUpdate)
    i.UART_Open                              0x00000a18   Section        0  uart.o(i.UART_Open)
    i._is_digit                              0x00000a8c   Section        0  __printf_wp.o(i._is_digit)
    i.delay                                  0x00000a9c   Section        0  main.o(i.delay)
    i.ferror                                 0x00000ab4   Section        0  retarget.o(i.ferror)
    i.fputc                                  0x00000aba   Section        0  retarget.o(i.fputc)
    i.main                                   0x00000ac8   Section        0  main.o(i.main)
    i.printHex                               0x00000af8   Section        0  main.o(i.printHex)
    i.printInteger                           0x00000b20   Section        0  main.o(i.printInteger)
    i.printf_UART                            0x00000b54   Section        0  main.o(i.printf_UART)
    i.stackDump                              0x00000ba8   Section        0  retarget.o(i.stackDump)
    .constdata                               0x00000c50   Section       16  clk.o(.constdata)
    .constdata                               0x00000c60   Section       48  uart.o(.constdata)
    .constdata                               0x00000c90   Section       40  _printf_hex_int.o(.constdata)
    uc_hextab                                0x00000c90   Data          20  _printf_hex_int.o(.constdata)
    lc_hextab                                0x00000ca4   Data          20  _printf_hex_int.o(.constdata)
    .data                                    0x20000000   Section        8  system_nano100series.o(.data)
    .data                                    0x20000008   Section        4  retarget.o(.data)
    .bss                                     0x2000000c   Section       96  libspace.o(.bss)
    HEAP                                     0x20000070   Section     1280  startup_nano100series.o(HEAP)
    Heap_Mem                                 0x20000070   Data        1280  startup_nano100series.o(HEAP)
    STACK                                    0x20000570   Section     1280  startup_nano100series.o(STACK)
    Stack_Mem                                0x20000570   Data        1280  startup_nano100series.o(STACK)
    __initial_sp                             0x20000a70   Data           0  startup_nano100series.o(STACK)

    Global Symbols

    Symbol Name                              Value     Ov Type        Size  Object(Section)

    BuildAttributes$$THM_ISAv3M$S$PE$A:L22$X:L11$S22$IEEE1$IW$USESV6$~STKCKD$USESV7$~SHL$OSPACE$ROPI$EBA8$UX$STANDARDLIB$REQ8$PRES8$EABIv2 0x00000000   Number         0  anon$$obj.o ABSOLUTE
    __ARM_use_no_argv                        0x00000000   Number         0  main.o ABSOLUTE
    __Vectors                                0x00000000   Data           4  startup_nano100series.o(RESET)
    _printf_flags                            0x00000000   Number         0  printf_stubs.o ABSOLUTE
    _printf_return_value                     0x00000000   Number         0  printf_stubs.o ABSOLUTE
    _printf_sizespec                         0x00000000   Number         0  printf_stubs.o ABSOLUTE
    _printf_widthprec                        0x00000000   Number         0  printf_stubs.o ABSOLUTE
    __ARM_exceptions_init                     - Undefined Weak Reference
    __alloca_initialize                       - Undefined Weak Reference
    __arm_preinit_                            - Undefined Weak Reference
    __cpp_initialize__aeabi_                  - Undefined Weak Reference
    __cxa_finalize                            - Undefined Weak Reference
    __rt_locale                               - Undefined Weak Reference
    __sigvec_lookup                           - Undefined Weak Reference
    _atexit_init                              - Undefined Weak Reference
    _call_atexit_fns                          - Undefined Weak Reference
    _clock_init                               - Undefined Weak Reference
    _fp_trap_init                             - Undefined Weak Reference
    _fp_trap_shutdown                         - Undefined Weak Reference
    _get_lc_collate                           - Undefined Weak Reference
    _get_lc_ctype                             - Undefined Weak Reference
    _get_lc_monetary                          - Undefined Weak Reference
    _get_lc_numeric                           - Undefined Weak Reference
    _get_lc_time                              - Undefined Weak Reference
    _getenv_init                              - Undefined Weak Reference
    _handle_redirection                       - Undefined Weak Reference
    _init_alloc                               - Undefined Weak Reference
    _init_user_alloc                          - Undefined Weak Reference
    _initio                                   - Undefined Weak Reference
    _printf_post_padding                      - Undefined Weak Reference
    _printf_pre_padding                       - Undefined Weak Reference
    _printf_truncate_unsigned                 - Undefined Weak Reference
    _rand_init                                - Undefined Weak Reference
    _signal_finish                            - Undefined Weak Reference
    _signal_init                              - Undefined Weak Reference
    _terminate_alloc                          - Undefined Weak Reference
    _terminate_user_alloc                     - Undefined Weak Reference
    _terminateio                              - Undefined Weak Reference
    __main                                   0x000000c1   Thumb Code     8  __main.o(!!!main)
    __scatterload                            0x000000c9   Thumb Code     0  __scatter.o(!!!scatter)
    __scatterload_rt2                        0x000000c9   Thumb Code    52  __scatter.o(!!!scatter)
    __scatterload_rt2_thumb_only             0x000000c9   Thumb Code     0  __scatter.o(!!!scatter)
    __scatterload_null                       0x000000d9   Thumb Code     0  __scatter.o(!!!scatter)
    __scatterload_copy                       0x00000105   Thumb Code    26  __scatter_copy.o(!!handler_copy)
    __scatterload_zeroinit                   0x00000121   Thumb Code    28  __scatter_zi.o(!!handler_zi)
    _printf_percent                          0x0000013d   Thumb Code     0  _printf_percent.o(.ARM.Collect$$_printf_percent$$00000000)
    _printf_x                                0x0000013f   Thumb Code     0  _printf_x.o(.ARM.Collect$$_printf_percent$$0000000C)
    _printf_percent_end                      0x00000149   Thumb Code     0  _printf_percent_end.o(.ARM.Collect$$_printf_percent$$00000017)
    __rt_lib_init                            0x0000014d   Thumb Code     0  libinit.o(.ARM.Collect$$libinit$$00000000)
    __rt_lib_init_alloca_1                   0x0000014f   Thumb Code     0  libinit2.o(.ARM.Collect$$libinit$$0000002E)
    __rt_lib_init_argv_1                     0x0000014f   Thumb Code     0  libinit2.o(.ARM.Collect$$libinit$$0000002C)
    __rt_lib_init_atexit_1                   0x0000014f   Thumb Code     0  libinit2.o(.ARM.Collect$$libinit$$0000001B)
    __rt_lib_init_clock_1                    0x0000014f   Thumb Code     0  libinit2.o(.ARM.Collect$$libinit$$00000021)
    __rt_lib_init_cpp_1                      0x0000014f   Thumb Code     0  libinit2.o(.ARM.Collect$$libinit$$00000032)
    __rt_lib_init_exceptions_1               0x0000014f   Thumb Code     0  libinit2.o(.ARM.Collect$$libinit$$00000030)
    __rt_lib_init_fp_1                       0x0000014f   Thumb Code     0  libinit2.o(.ARM.Collect$$libinit$$00000002)
    __rt_lib_init_fp_trap_1                  0x0000014f   Thumb Code     0  libinit2.o(.ARM.Collect$$libinit$$0000001F)
    __rt_lib_init_getenv_1                   0x0000014f   Thumb Code     0  libinit2.o(.ARM.Collect$$libinit$$00000023)
    __rt_lib_init_heap_1                     0x0000014f   Thumb Code     0  libinit2.o(.ARM.Collect$$libinit$$0000000A)
    __rt_lib_init_lc_collate_1               0x0000014f   Thumb Code     0  libinit2.o(.ARM.Collect$$libinit$$00000011)
    __rt_lib_init_lc_ctype_1                 0x0000014f   Thumb Code     0  libinit2.o(.ARM.Collect$$libinit$$00000013)
    __rt_lib_init_lc_monetary_1              0x0000014f   Thumb Code     0  libinit2.o(.ARM.Collect$$libinit$$00000015)
    __rt_lib_init_lc_numeric_1               0x0000014f   Thumb Code     0  libinit2.o(.ARM.Collect$$libinit$$00000017)
    __rt_lib_init_lc_time_1                  0x0000014f   Thumb Code     0  libinit2.o(.ARM.Collect$$libinit$$00000019)
    __rt_lib_init_preinit_1                  0x0000014f   Thumb Code     0  libinit2.o(.ARM.Collect$$libinit$$00000004)
    __rt_lib_init_rand_1                     0x0000014f   Thumb Code     0  libinit2.o(.ARM.Collect$$libinit$$0000000E)
    __rt_lib_init_return                     0x0000014f   Thumb Code     0  libinit2.o(.ARM.Collect$$libinit$$00000033)
    __rt_lib_init_signal_1                   0x0000014f   Thumb Code     0  libinit2.o(.ARM.Collect$$libinit$$0000001D)
    __rt_lib_init_stdio_1                    0x0000014f   Thumb Code     0  libinit2.o(.ARM.Collect$$libinit$$00000025)
    __rt_lib_init_user_alloc_1               0x0000014f   Thumb Code     0  libinit2.o(.ARM.Collect$$libinit$$0000000C)
    __rt_lib_shutdown                        0x00000151   Thumb Code     0  libshutdown.o(.ARM.Collect$$libshutdown$$00000000)
    __rt_lib_shutdown_cpp_1                  0x00000153   Thumb Code     0  libshutdown2.o(.ARM.Collect$$libshutdown$$00000002)
    __rt_lib_shutdown_fp_trap_1              0x00000153   Thumb Code     0  libshutdown2.o(.ARM.Collect$$libshutdown$$00000007)
    __rt_lib_shutdown_heap_1                 0x00000153   Thumb Code     0  libshutdown2.o(.ARM.Collect$$libshutdown$$0000000F)
    __rt_lib_shutdown_return                 0x00000153   Thumb Code     0  libshutdown2.o(.ARM.Collect$$libshutdown$$00000010)
    __rt_lib_shutdown_signal_1               0x00000153   Thumb Code     0  libshutdown2.o(.ARM.Collect$$libshutdown$$0000000A)
    __rt_lib_shutdown_stdio_1                0x00000153   Thumb Code     0  libshutdown2.o(.ARM.Collect$$libshutdown$$00000004)
    __rt_lib_shutdown_user_alloc_1           0x00000153   Thumb Code     0  libshutdown2.o(.ARM.Collect$$libshutdown$$0000000C)
    __rt_entry                               0x00000155   Thumb Code     0  __rtentry.o(.ARM.Collect$$rtentry$$00000000)
    __rt_entry_presh_1                       0x00000155   Thumb Code     0  __rtentry2.o(.ARM.Collect$$rtentry$$00000002)
    __rt_entry_sh                            0x00000155   Thumb Code     0  __rtentry4.o(.ARM.Collect$$rtentry$$00000004)
    __rt_entry_li                            0x0000015b   Thumb Code     0  __rtentry2.o(.ARM.Collect$$rtentry$$0000000A)
    __rt_entry_postsh_1                      0x0000015b   Thumb Code     0  __rtentry2.o(.ARM.Collect$$rtentry$$00000009)
    __rt_entry_main                          0x0000015f   Thumb Code     0  __rtentry2.o(.ARM.Collect$$rtentry$$0000000D)
    __rt_entry_postli_1                      0x0000015f   Thumb Code     0  __rtentry2.o(.ARM.Collect$$rtentry$$0000000C)
    __rt_exit                                0x00000167   Thumb Code     0  rtexit.o(.ARM.Collect$$rtexit$$00000000)
    __rt_exit_ls                             0x00000169   Thumb Code     0  rtexit2.o(.ARM.Collect$$rtexit$$00000003)
    __rt_exit_prels_1                        0x00000169   Thumb Code     0  rtexit2.o(.ARM.Collect$$rtexit$$00000002)
    __rt_exit_exit                           0x0000016d   Thumb Code     0  rtexit2.o(.ARM.Collect$$rtexit$$00000004)
    HardFault_Handler                        0x00000175   Thumb Code    24  retarget.o(.emb_text)
    Reset_Handler                            0x00000191   Thumb Code    28  startup_nano100series.o(.text)
    NMI_Handler                              0x000001ad   Thumb Code     2  startup_nano100series.o(.text)
    SVC_Handler                              0x000001b1   Thumb Code     2  startup_nano100series.o(.text)
    PendSV_Handler                           0x000001b3   Thumb Code     2  startup_nano100series.o(.text)
    SysTick_Handler                          0x000001b5   Thumb Code     2  startup_nano100series.o(.text)
    ADC_IRQHandler                           0x000001b7   Thumb Code     0  startup_nano100series.o(.text)
    BOD_IRQHandler                           0x000001b7   Thumb Code     0  startup_nano100series.o(.text)
    DAC_IRQHandler                           0x000001b7   Thumb Code     0  startup_nano100series.o(.text)
    EINT0_IRQHandler                         0x000001b7   Thumb Code     0  startup_nano100series.o(.text)
    EINT1_IRQHandler                         0x000001b7   Thumb Code     0  startup_nano100series.o(.text)
    GPABC_IRQHandler                         0x000001b7   Thumb Code     0  startup_nano100series.o(.text)
    GPDEF_IRQHandler                         0x000001b7   Thumb Code     0  startup_nano100series.o(.text)
    HIRC_IRQHandler                          0x000001b7   Thumb Code     0  startup_nano100series.o(.text)
    I2C0_IRQHandler                          0x000001b7   Thumb Code     0  startup_nano100series.o(.text)
    I2C1_IRQHandler                          0x000001b7   Thumb Code     0  startup_nano100series.o(.text)
    I2S_IRQHandler                           0x000001b7   Thumb Code     0  startup_nano100series.o(.text)
    LCD_IRQHandler                           0x000001b7   Thumb Code     0  startup_nano100series.o(.text)
    PDMA_IRQHandler                          0x000001b7   Thumb Code     0  startup_nano100series.o(.text)
    PDWU_IRQHandler                          0x000001b7   Thumb Code     0  startup_nano100series.o(.text)
    PWM0_IRQHandler                          0x000001b7   Thumb Code     0  startup_nano100series.o(.text)
    PWM1_IRQHandler                          0x000001b7   Thumb Code     0  startup_nano100series.o(.text)
    RTC_IRQHandler                           0x000001b7   Thumb Code     0  startup_nano100series.o(.text)
    SC0_IRQHandler                           0x000001b7   Thumb Code     0  startup_nano100series.o(.text)
    SC1_IRQHandler                           0x000001b7   Thumb Code     0  startup_nano100series.o(.text)
    SC2_IRQHandler                           0x000001b7   Thumb Code     0  startup_nano100series.o(.text)
    SPI0_IRQHandler                          0x000001b7   Thumb Code     0  startup_nano100series.o(.text)
    SPI1_IRQHandler                          0x000001b7   Thumb Code     0  startup_nano100series.o(.text)
    SPI2_IRQHandler                          0x000001b7   Thumb Code     0  startup_nano100series.o(.text)
    TMR0_IRQHandler                          0x000001b7   Thumb Code     0  startup_nano100series.o(.text)
    TMR1_IRQHandler                          0x000001b7   Thumb Code     0  startup_nano100series.o(.text)
    TMR2_IRQHandler                          0x000001b7   Thumb Code     0  startup_nano100series.o(.text)
    TMR3_IRQHandler                          0x000001b7   Thumb Code     0  startup_nano100series.o(.text)
    UART0_IRQHandler                         0x000001b7   Thumb Code     0  startup_nano100series.o(.text)
    UART1_IRQHandler                         0x000001b7   Thumb Code     0  startup_nano100series.o(.text)
    USBD_IRQHandler                          0x000001b7   Thumb Code     0  startup_nano100series.o(.text)
    WDT_IRQHandler                           0x000001b7   Thumb Code     0  startup_nano100series.o(.text)
    __user_initial_stackheap                 0x000001b9   Thumb Code     0  startup_nano100series.o(.text)
    __2printf                                0x000001f1   Thumb Code    22  noretval__2printf.o(.text)
    _printf_int_hex                          0x0000020d   Thumb Code    84  _printf_hex_int.o(.text)
    _printf_longlong_hex                     0x0000020d   Thumb Code     0  _printf_hex_int.o(.text)
    __printf                                 0x00000265   Thumb Code   270  __printf_wp.o(.text)
    __aeabi_uidiv                            0x00000373   Thumb Code     0  aeabi_sdiv.o(.text)
    __aeabi_uidivmod                         0x00000373   Thumb Code    20  aeabi_sdiv.o(.text)
    __aeabi_idiv                             0x00000387   Thumb Code     0  aeabi_sdiv.o(.text)
    __aeabi_idivmod                          0x00000387   Thumb Code   326  aeabi_sdiv.o(.text)
    __use_two_region_memory                  0x000004cd   Thumb Code     2  heapauxi.o(.text)
    __rt_heap_escrow$2region                 0x000004cf   Thumb Code     2  heapauxi.o(.text)
    __rt_heap_expand$2region                 0x000004d1   Thumb Code     2  heapauxi.o(.text)
    _printf_int_common                       0x000004d3   Thumb Code   176  _printf_intcommon.o(.text)
    _printf_char_file                        0x00000585   Thumb Code    34  _printf_char_file.o(.text)
    _printf_char_common                      0x000005b7   Thumb Code    32  _printf_char_common.o(.text)
    __user_setup_stackheap                   0x000005dd   Thumb Code    62  sys_stackheap_outer.o(.text)
    exit                                     0x0000061b   Thumb Code    16  exit.o(.text)
    __user_libspace                          0x0000062d   Thumb Code     8  libspace.o(.text)
    __user_perproc_libspace                  0x0000062d   Thumb Code     0  libspace.o(.text)
    __user_perthread_libspace                0x0000062d   Thumb Code     0  libspace.o(.text)
    _sys_exit                                0x00000635   Thumb Code     8  sys_exit.o(.text)
    __I$use$semihosting                      0x00000641   Thumb Code     0  use_no_semi.o(.text)
    __use_no_semihosting_swi                 0x00000641   Thumb Code     2  use_no_semi.o(.text)
    __semihosting_library_function           0x00000643   Thumb Code     0  indicate_semi.o(.text)
    CLK_EnableModuleClock                    0x00000645   Thumb Code    24  clk.o(i.CLK_EnableModuleClock)
    CLK_EnablePLL                            0x00000661   Thumb Code   118  clk.o(i.CLK_EnablePLL)
    CLK_EnableXtalRC                         0x000006ed   Thumb Code    54  clk.o(i.CLK_EnableXtalRC)
    CLK_GetPLLClockFreq                      0x00000729   Thumb Code    74  clk.o(i.CLK_GetPLLClockFreq)
    CLK_SetCoreClock                         0x0000077d   Thumb Code   102  clk.o(i.CLK_SetCoreClock)
    CLK_SetHCLK                              0x000007f9   Thumb Code    72  clk.o(i.CLK_SetHCLK)
    CLK_SetModuleClock                       0x00000845   Thumb Code    74  clk.o(i.CLK_SetModuleClock)
    CLK_WaitClockReady                       0x00000895   Thumb Code    34  clk.o(i.CLK_WaitClockReady)
    Hard_Fault_Handler                       0x000008c1   Thumb Code    16  retarget.o(i.Hard_Fault_Handler)
    SYS_Init                                 0x000008e9   Thumb Code    76  main.o(i.SYS_Init)
    SendChar_ToUART                          0x00000941   Thumb Code    26  retarget.o(i.SendChar_ToUART)
    SysGet_HCLKFreq                          0x00000961   Thumb Code    56  system_nano100series.o(i.SysGet_HCLKFreq)
    SysGet_PLLClockFreq                      0x000009a5   Thumb Code    74  system_nano100series.o(i.SysGet_PLLClockFreq)
    SystemCoreClockUpdate                    0x000009f9   Thumb Code    24  system_nano100series.o(i.SystemCoreClockUpdate)
    UART_Open                                0x00000a19   Thumb Code   104  uart.o(i.UART_Open)
    _is_digit                                0x00000a8d   Thumb Code    14  __printf_wp.o(i._is_digit)
    delay                                    0x00000a9d   Thumb Code    20  main.o(i.delay)
    ferror                                   0x00000ab5   Thumb Code     6  retarget.o(i.ferror)
    fputc                                    0x00000abb   Thumb Code    12  retarget.o(i.fputc)
    main                                     0x00000ac9   Thumb Code    34  main.o(i.main)
    printHex                                 0x00000af9   Thumb Code    40  main.o(i.printHex)
    printInteger                             0x00000b21   Thumb Code    52  main.o(i.printInteger)
    printf_UART                              0x00000b55   Thumb Code    82  main.o(i.printf_UART)
    stackDump                                0x00000ba9   Thumb Code    70  retarget.o(i.stackDump)
    Region$$Table$$Base                      0x00000cb8   Number         0  anon$$obj.o(Region$$Table)
    Region$$Table$$Limit                     0x00000cd8   Number         0  anon$$obj.o(Region$$Table)
    SystemCoreClock                          0x20000000   Data           4  system_nano100series.o(.data)
    CyclesPerUs                              0x20000004   Data           4  system_nano100series.o(.data)
    __stdout                                 0x20000008   Data           4  retarget.o(.data)
    __libspace_start                         0x2000000c   Data          96  libspace.o(.bss)
    __temporary_stack_top$libspace           0x2000006c   Data           0  libspace.o(.bss)



==============================================================================

Memory Map of the image

  Image Entry point : 0x00000191

  Load Region LR_1 (Base: 0x00000000, Size: 0x00000ce4, Max: 0xffffffff, ABSOLUTE)

    Execution Region ER_RO (Base: 0x00000000, Size: 0x00000cd8, Max: 0xffffffff, ABSOLUTE)

    Base Addr    Size         Type   Attr      Idx    E Section Name        Object

    0x00000000   0x000000c0   Data   RO          130    RESET               startup_nano100series.o
    0x000000c0   0x00000008   Code   RO          848  * !!!main             c_p.l(__main.o)
    0x000000c8   0x0000003c   Code   RO         1024    !!!scatter          c_p.l(__scatter.o)
    0x00000104   0x0000001a   Code   RO         1026    !!handler_copy      c_p.l(__scatter_copy.o)
    0x0000011e   0x00000002   PAD
    0x00000120   0x0000001c   Code   RO         1028    !!handler_zi        c_p.l(__scatter_zi.o)
    0x0000013c   0x00000002   Code   RO          841    .ARM.Collect$$_printf_percent$$00000000  c_p.l(_printf_percent.o)
    0x0000013e   0x0000000a   Code   RO          840    .ARM.Collect$$_printf_percent$$0000000C  c_p.l(_printf_x.o)
    0x00000148   0x00000004   Code   RO          859    .ARM.Collect$$_printf_percent$$00000017  c_p.l(_printf_percent_end.o)
    0x0000014c   0x00000002   Code   RO          895    .ARM.Collect$$libinit$$00000000  c_p.l(libinit.o)
    0x0000014e   0x00000000   Code   RO          909    .ARM.Collect$$libinit$$00000002  c_p.l(libinit2.o)
    0x0000014e   0x00000000   Code   RO          911    .ARM.Collect$$libinit$$00000004  c_p.l(libinit2.o)
    0x0000014e   0x00000000   Code   RO          914    .ARM.Collect$$libinit$$0000000A  c_p.l(libinit2.o)
    0x0000014e   0x00000000   Code   RO          916    .ARM.Collect$$libinit$$0000000C  c_p.l(libinit2.o)
    0x0000014e   0x00000000   Code   RO          918    .ARM.Collect$$libinit$$0000000E  c_p.l(libinit2.o)
    0x0000014e   0x00000000   Code   RO          921    .ARM.Collect$$libinit$$00000011  c_p.l(libinit2.o)
    0x0000014e   0x00000000   Code   RO          923    .ARM.Collect$$libinit$$00000013  c_p.l(libinit2.o)
    0x0000014e   0x00000000   Code   RO          925    .ARM.Collect$$libinit$$00000015  c_p.l(libinit2.o)
    0x0000014e   0x00000000   Code   RO          927    .ARM.Collect$$libinit$$00000017  c_p.l(libinit2.o)
    0x0000014e   0x00000000   Code   RO          929    .ARM.Collect$$libinit$$00000019  c_p.l(libinit2.o)
    0x0000014e   0x00000000   Code   RO          931    .ARM.Collect$$libinit$$0000001B  c_p.l(libinit2.o)
    0x0000014e   0x00000000   Code   RO          933    .ARM.Collect$$libinit$$0000001D  c_p.l(libinit2.o)
    0x0000014e   0x00000000   Code   RO          935    .ARM.Collect$$libinit$$0000001F  c_p.l(libinit2.o)
    0x0000014e   0x00000000   Code   RO          937    .ARM.Collect$$libinit$$00000021  c_p.l(libinit2.o)
    0x0000014e   0x00000000   Code   RO          939    .ARM.Collect$$libinit$$00000023  c_p.l(libinit2.o)
    0x0000014e   0x00000000   Code   RO          941    .ARM.Collect$$libinit$$00000025  c_p.l(libinit2.o)
    0x0000014e   0x00000000   Code   RO          945    .ARM.Collect$$libinit$$0000002C  c_p.l(libinit2.o)
    0x0000014e   0x00000000   Code   RO          947    .ARM.Collect$$libinit$$0000002E  c_p.l(libinit2.o)
    0x0000014e   0x00000000   Code   RO          949    .ARM.Collect$$libinit$$00000030  c_p.l(libinit2.o)
    0x0000014e   0x00000000   Code   RO          951    .ARM.Collect$$libinit$$00000032  c_p.l(libinit2.o)
    0x0000014e   0x00000002   Code   RO          952    .ARM.Collect$$libinit$$00000033  c_p.l(libinit2.o)
    0x00000150   0x00000002   Code   RO          981    .ARM.Collect$$libshutdown$$00000000  c_p.l(libshutdown.o)
    0x00000152   0x00000000   Code   RO         1007    .ARM.Collect$$libshutdown$$00000002  c_p.l(libshutdown2.o)
    0x00000152   0x00000000   Code   RO         1009    .ARM.Collect$$libshutdown$$00000004  c_p.l(libshutdown2.o)
    0x00000152   0x00000000   Code   RO         1012    .ARM.Collect$$libshutdown$$00000007  c_p.l(libshutdown2.o)
    0x00000152   0x00000000   Code   RO         1015    .ARM.Collect$$libshutdown$$0000000A  c_p.l(libshutdown2.o)
    0x00000152   0x00000000   Code   RO         1017    .ARM.Collect$$libshutdown$$0000000C  c_p.l(libshutdown2.o)
    0x00000152   0x00000000   Code   RO         1020    .ARM.Collect$$libshutdown$$0000000F  c_p.l(libshutdown2.o)
    0x00000152   0x00000002   Code   RO         1021    .ARM.Collect$$libshutdown$$00000010  c_p.l(libshutdown2.o)
    0x00000154   0x00000000   Code   RO          850    .ARM.Collect$$rtentry$$00000000  c_p.l(__rtentry.o)
    0x00000154   0x00000000   Code   RO          861    .ARM.Collect$$rtentry$$00000002  c_p.l(__rtentry2.o)
    0x00000154   0x00000006   Code   RO          873    .ARM.Collect$$rtentry$$00000004  c_p.l(__rtentry4.o)
    0x0000015a   0x00000000   Code   RO          863    .ARM.Collect$$rtentry$$00000009  c_p.l(__rtentry2.o)
    0x0000015a   0x00000004   Code   RO          864    .ARM.Collect$$rtentry$$0000000A  c_p.l(__rtentry2.o)
    0x0000015e   0x00000000   Code   RO          866    .ARM.Collect$$rtentry$$0000000C  c_p.l(__rtentry2.o)
    0x0000015e   0x00000008   Code   RO          867    .ARM.Collect$$rtentry$$0000000D  c_p.l(__rtentry2.o)
    0x00000166   0x00000002   Code   RO          900    .ARM.Collect$$rtexit$$00000000  c_p.l(rtexit.o)
    0x00000168   0x00000000   Code   RO          956    .ARM.Collect$$rtexit$$00000002  c_p.l(rtexit2.o)
    0x00000168   0x00000004   Code   RO          957    .ARM.Collect$$rtexit$$00000003  c_p.l(rtexit2.o)
    0x0000016c   0x00000006   Code   RO          958    .ARM.Collect$$rtexit$$00000004  c_p.l(rtexit2.o)
    0x00000172   0x00000002   PAD
    0x00000174   0x0000001c   Code   RO          137    .emb_text           retarget.o
    0x00000190   0x00000060   Code   RO          131  * .text               startup_nano100series.o
    0x000001f0   0x0000001c   Code   RO          795    .text               c_p.l(noretval__2printf.o)
    0x0000020c   0x00000058   Code   RO          802    .text               c_p.l(_printf_hex_int.o)
    0x00000264   0x0000010e   Code   RO          828    .text               c_p.l(__printf_wp.o)
    0x00000372   0x0000015a   Code   RO          842    .text               c_p.l(aeabi_sdiv.o)
    0x000004cc   0x00000006   Code   RO          846    .text               c_p.l(heapauxi.o)
    0x000004d2   0x000000b0   Code   RO          855    .text               c_p.l(_printf_intcommon.o)
    0x00000582   0x00000002   PAD
    0x00000584   0x00000028   Code   RO          857    .text               c_p.l(_printf_char_file.o)
    0x000005ac   0x00000030   Code   RO          877    .text               c_p.l(_printf_char_common.o)
    0x000005dc   0x0000003e   Code   RO          879    .text               c_p.l(sys_stackheap_outer.o)
    0x0000061a   0x00000010   Code   RO          884    .text               c_p.l(exit.o)
    0x0000062a   0x00000002   PAD
    0x0000062c   0x00000008   Code   RO          896    .text               c_p.l(libspace.o)
    0x00000634   0x0000000c   Code   RO          953    .text               c_p.l(sys_exit.o)
    0x00000640   0x00000002   Code   RO          970    .text               c_p.l(use_no_semi.o)
    0x00000642   0x00000000   Code   RO          972    .text               c_p.l(indicate_semi.o)
    0x00000642   0x00000002   PAD
    0x00000644   0x0000001c   Code   RO          262    i.CLK_EnableModuleClock  clk.o
    0x00000660   0x0000008c   Code   RO          263    i.CLK_EnablePLL     clk.o
    0x000006ec   0x0000003c   Code   RO          265    i.CLK_EnableXtalRC  clk.o
    0x00000728   0x00000054   Code   RO          270    i.CLK_GetPLLClockFreq  clk.o
    0x0000077c   0x0000007c   Code   RO          273    i.CLK_SetCoreClock  clk.o
    0x000007f8   0x0000004c   Code   RO          274    i.CLK_SetHCLK       clk.o
    0x00000844   0x00000050   Code   RO          275    i.CLK_SetModuleClock  clk.o
    0x00000894   0x0000002c   Code   RO          277    i.CLK_WaitClockReady  clk.o
    0x000008c0   0x00000028   Code   RO          139    i.Hard_Fault_Handler  retarget.o
    0x000008e8   0x00000058   Code   RO          624    i.SYS_Init          main.o
    0x00000940   0x00000020   Code   RO          142    i.SendChar_ToUART   retarget.o
    0x00000960   0x00000044   Code   RO            3    i.SysGet_HCLKFreq   system_nano100series.o
    0x000009a4   0x00000054   Code   RO            4    i.SysGet_PLLClockFreq  system_nano100series.o
    0x000009f8   0x00000020   Code   RO            5    i.SystemCoreClockUpdate  system_nano100series.o
    0x00000a18   0x00000074   Code   RO          495    i.UART_Open         uart.o
    0x00000a8c   0x0000000e   Code   RO          830    i._is_digit         c_p.l(__printf_wp.o)
    0x00000a9a   0x00000002   PAD
    0x00000a9c   0x00000018   Code   RO          625    i.delay             main.o
    0x00000ab4   0x00000006   Code   RO          144    i.ferror            retarget.o
    0x00000aba   0x0000000c   Code   RO          146    i.fputc             retarget.o
    0x00000ac6   0x00000002   PAD
    0x00000ac8   0x00000030   Code   RO          626    i.main              main.o
    0x00000af8   0x00000028   Code   RO          627    i.printHex          main.o
    0x00000b20   0x00000034   Code   RO          628    i.printInteger      main.o
    0x00000b54   0x00000052   Code   RO          629    i.printf_UART       main.o
    0x00000ba6   0x00000002   PAD
    0x00000ba8   0x000000a8   Code   RO          148    i.stackDump         retarget.o
    0x00000c50   0x00000010   Data   RO          278    .constdata          clk.o
    0x00000c60   0x00000030   Data   RO          503    .constdata          uart.o
    0x00000c90   0x00000028   Data   RO          803    .constdata          c_p.l(_printf_hex_int.o)
    0x00000cb8   0x00000020   Data   RO         1022    Region$$Table       anon$$obj.o


    Execution Region ER_RW (Base: 0x20000000, Size: 0x0000000c, Max: 0xffffffff, ABSOLUTE)

    Base Addr    Size         Type   Attr      Idx    E Section Name        Object

    0x20000000   0x00000008   Data   RW            6    .data               system_nano100series.o
    0x20000008   0x00000004   Data   RW          149    .data               retarget.o


    Execution Region ER_ZI (Base: 0x2000000c, Size: 0x00000a64, Max: 0xffffffff, ABSOLUTE)

    Base Addr    Size         Type   Attr      Idx    E Section Name        Object

    0x2000000c   0x00000060   Zero   RW          897    .bss                c_p.l(libspace.o)
    0x2000006c   0x00000004   PAD
    0x20000070   0x00000500   Zero   RW          129    HEAP                startup_nano100series.o
    0x20000570   0x00000500   Zero   RW          128    STACK               startup_nano100series.o


==============================================================================

Image component sizes


      Code (inc. data)   RO Data    RW Data    ZI Data      Debug   Object Name

       636         84         16          0          0       6512   clk.o
       334         30          0          0          0      33126   main.o
       286        132          0          4          0     117047   retarget.o
        96         46        192          0       2560        796   startup_nano100series.o
       184         30          0          8          0       7270   system_nano100series.o
       116         12         48          0          0       1384   uart.o

    ----------------------------------------------------------------------
      1656        334        288         12       2560     166135   Object Totals
         0          0         32          0          0          0   (incl. Generated)
         4          0          0          0          0          0   (incl. Padding)

    ----------------------------------------------------------------------

      Code (inc. data)   RO Data    RW Data    ZI Data      Debug   Library Member Name

         8          0          0          0          0         68   __main.o
       284          0          0          0          0        136   __printf_wp.o
         0          0          0          0          0          0   __rtentry.o
        12          0          0          0          0          0   __rtentry2.o
         6          0          0          0          0          0   __rtentry4.o
        60          8          0          0          0          0   __scatter.o
        26          0          0          0          0          0   __scatter_copy.o
        28          0          0          0          0          0   __scatter_zi.o
        48          6          0          0          0         88   _printf_char_common.o
        40          6          0          0          0         72   _printf_char_file.o
        88          4         40          0          0         72   _printf_hex_int.o
       176          0          0          0          0         84   _printf_intcommon.o
         2          0          0          0          0          0   _printf_percent.o
         4          0          0          0          0          0   _printf_percent_end.o
        10          0          0          0          0          0   _printf_x.o
       346          0          0          0          0         92   aeabi_sdiv.o
        16          0          0          0          0         68   exit.o
         6          0          0          0          0        136   heapauxi.o
         0          0          0          0          0          0   indicate_semi.o
         2          0          0          0          0          0   libinit.o
         2          0          0          0          0          0   libinit2.o
         2          0          0          0          0          0   libshutdown.o
         2          0          0          0          0          0   libshutdown2.o
         8          4          0          0         96         68   libspace.o
        28          6          0          0          0         84   noretval__2printf.o
         2          0          0          0          0          0   rtexit.o
        10          0          0          0          0          0   rtexit2.o
        12          4          0          0          0         60   sys_exit.o
        62          0          0          0          0         80   sys_stackheap_outer.o
         2          0          0          0          0         68   use_no_semi.o

    ----------------------------------------------------------------------
      1304         38         40          0        100       1176   Library Totals
        12          0          0          0          4          0   (incl. Padding)

    ----------------------------------------------------------------------

      Code (inc. data)   RO Data    RW Data    ZI Data      Debug   Library Name

      1292         38         40          0         96       1176   c_p.l

    ----------------------------------------------------------------------
      1304         38         40          0        100       1176   Library Totals

    ----------------------------------------------------------------------

==============================================================================


      Code (inc. data)   RO Data    RW Data    ZI Data      Debug   

      2960        372        328         12       2660     165927   Grand Totals
      2960        372        328         12       2660     165927   ELF Image Totals
      2960        372        328         12          0          0   ROM Totals

==============================================================================

    Total RO  Size (Code + RO Data)                 3288 (   3.21kB)
    Total RW  Size (RW Data + ZI Data)              2672 (   2.61kB)
    Total ROM Size (Code + RO Data + RW Data)       3300 (   3.22kB)

==============================================================================

