<html>
<body>
<pre>
<h1>µVision Build Log</h1>
<h2>Tool Versions:</h2>
IDE-Version: µVision V5.18a
Copyright (C) 2016 ARM Ltd and ARM Germany GmbH. All rights reserved.
License Information: hONEY CH, JFT, LIC=Z3CWF-6GXAM-KS4YM-X1WTG-N80HB-Y0FE9
 
Tool Versions:
Toolchain:       MDK-ARM Professional  Version: 5.18a
Toolchain Path:  C:\Keil_v5\ARM\ARMCC\Bin
C Compiler:      Armcc.exe V5.06 update 1 (build 61)
Assembler:       Armasm.exe V5.06 update 1 (build 61)
Linker/Locator:  ArmLink.exe V5.06 update 1 (build 61)
Library Manager: ArmAr.exe V5.06 update 1 (build 61)
Hex Converter:   FromElf.exe V5.06 update 1 (build 61)
CPU DLL:         SARMCM3.DLL V5.18a
Dialog DLL:      DARMCM1.DLL V1.12.0.0
Target DLL:      Segger\JL2CM3.dll V2.99.19.0
Dialog DLL:      TARMCM1.DLL V1.9.0.0
 
<h2>Project:</h2>
F:\vts-ver18\build\keil\vts_ver3_rev1\KEIL_MAG.uvprojx
Project File Date:  07/14/2017

<h2>Output:</h2>
*** Using Compiler 'V5.06 update 1 (build 61)', folder: 'C:\Keil_v5\ARM\ARMCC\Bin'
Build target 'KL26Z128 - Flash'
compiling vts_ver2.c...
..\..\..\src\projects\KEIL_MAG\vts_ver2.c(117): warning:  #1295-D: Deprecated declaration reset_func - give arg types
  __inline void reset_func();
..\..\..\src\projects\KEIL_MAG\vts_ver2.c: 1 warning, 0 errors
linking...
Program Size: Code=60444 RO-data=3588 RW-data=620 ZI-data=14460  
FromELF: creating hex file...
After Build - User command #1: C:\Keil_v5\\ARM\ARMCC\bin\fromelf.exe --m32combined --output=.\UV4Build\KEIL_MAG_Flash.srec .\UV4Build\KEIL_MAG_Flash.axf
After Build - User command #2: C:\Keil_v5\\ARM\ARMCC\bin\fromelf.exe --m32combined --output=.\UV4Build\KEIL_MAG_Flash.bin .\UV4Build\KEIL_MAG_Flash.axf
".\UV4Build\KEIL_MAG_Flash.axf" - 0 Error(s), 1 Warning(s).

<h2>Software Packages used:</h2>

Package Vendor: ARM
                http://www.keil.com/pack/ARM.CMSIS.4.5.0.pack
                ARM::CMSIS:CORE:4.3.0
                CMSIS (Cortex Microcontroller Software Interface Standard)
   * Component: CORE Version: 4.3.0

<h2>Collection of Component include folders:</h2>
  F:\vts-ver18\build\keil\vts_ver3_rev1\RTE
  C:\Keil_v5\ARM\PACK\ARM\CMSIS\4.5.0\CMSIS\Include
  C:\Keil_v5\ARM\PACK\Keil\Kinetis_KLxx_DFP\1.12.0\Device\Include

<h2>Collection of Component Files used:</h2>

   * Component: ARM::CMSIS:CORE:4.3.0
Build Time Elapsed:  00:00:04
</pre>
</body>
</html>
