<html>
<body>
<pre>
<h1>µVision Build Log</h1>
<h2>Tool Versions:</h2>
IDE-Version: µVision V5.24.2.0
Copyright (C) 2017 ARM Ltd and ARM Germany GmbH. All rights reserved.
License Information: mridul pandey, jft, LIC=W96WF-63AUC-EXNUX-H8FAP-A3NT4-94MS0
 
Tool Versions:
Toolchain:       MDK-ARM Professional  Version: 5.24.1
Toolchain Path:  C:\Keil_v5\ARM\ARMCC\Bin
C Compiler:      Armcc.exe V5.06 update 5 (build 528)
Assembler:       Armasm.exe V5.06 update 5 (build 528)
Linker/Locator:  ArmLink.exe V5.06 update 5 (build 528)
Library Manager: ArmAr.exe V5.06 update 5 (build 528)
Hex Converter:   FromElf.exe V5.06 update 5 (build 528)
CPU DLL:         SARMCM3.DLL V5.24.1
Dialog DLL:      DARMCM1.DLL V1.18.0.0
Target DLL:      Segger\JL2CM3.dll V2.99.26.0
Dialog DLL:      TARMCM1.DLL V1.13.0.0
 
<h2>Project:</h2>
E:\BITBUCK_JFT\gpstrackr\vts2-ver1_flash\KEIL\vts2.uvprojx
Project File Date:  12/26/2017

<h2>Output:</h2>
*** Using Compiler 'V5.06 update 5 (build 528)', folder: 'C:\Keil_v5\ARM\ARMCC\Bin'
Rebuild target 'Target 1'
compiling Timer.c...
compiling Thread.c...
Thread.c(90): warning:  #223-D: function "clear" declared implicitly
        clear();
Thread.c(78): warning:  #177-D: variable "sn"  was declared but never referenced
    char *sn = sender_num+3;
Thread.c(320): warning:  #223-D: function "SendAT_FS" declared implicitly
    SendAT_FS(g_u8SendData, "QWRITE", "OK" , "ERROR",20);	
Thread.c(350): warning:  #223-D: function "clear" declared implicitly
    clear();
Thread.c(395): warning:  #223-D: function "clear" declared implicitly
  	clear();
Thread.c(477): warning:  #223-D: function "SpiFlash_ChipErase" declared implicitly
      SpiFlash_ChipErase();
Thread.c(487): warning:  #223-D: function "SpiFlash_WaitReady" declared implicitly
    SpiFlash_WaitReady();
Thread.c(491): warning:  #223-D: function "SpiFlash_PageProgram" declared implicitly
    SpiFlash_PageProgram(SrcArray, pt, 256);  
Thread.c(495): warning:  #223-D: function "SpiFlash_ReadData" declared implicitly
    SpiFlash_ReadData(DestArray, pt, 256);
Thread.c(474): warning:  #550-D: variable "len"  was set but never used
    int len=0;
Thread.c(718): warning:  #1-D: last line of file ends without a newline
   
Thread.c: 11 warnings, 0 errors
compiling main.c...
main.c(393): warning:  #174-D: expression has no effect
      
_NOP;
main.c(342): warning:  #550-D: variable "OUT_X_L_A"  was set but never used
    int8_t OUT_Y_H_A,  OUT_X_H_A,  OUT_Z_H_A, OUT_X_L_A, OUT_Y_L_A, OUT_Z_L_A;
main.c(342): warning:  #550-D: variable "OUT_Y_L_A"  was set but never used
    int8_t OUT_Y_H_A,  OUT_X_H_A,  OUT_Z_H_A, OUT_X_L_A, OUT_Y_L_A, OUT_Z_L_A;
main.c(342): warning:  #550-D: variable "OUT_Z_L_A"  was set but never used
    int8_t OUT_Y_H_A,  OUT_X_H_A,  OUT_Z_H_A, OUT_X_L_A, OUT_Y_L_A, OUT_Z_L_A;
main.c(343): warning:  #177-D: variable "CTRL_REG4_A"  was declared but never referenced
    uint16_t STATUS_REG_A, CTRL_REG4_A;
main.c(437): warning:  #223-D: function "SpiFlash_ReadStatusReg1" declared implicitly
      MidDid = SpiFlash_ReadStatusReg1();
main.c(438): warning:  #223-D: function "SpiFlash_ReadStatusReg2" declared implicitly
      MidDid = SpiFlash_ReadStatusReg2();
main.c(529): warning:  #550-D: variable "dump"  was set but never used
    char dump;
main.c(768): warning:  #223-D: function "SpiFlash_WaitReady" declared implicitly
    SpiFlash_WaitReady();
main.c(769): warning:  #223-D: function "SpiFlash_ReadData" declared implicitly
    SpiFlash_ReadData(tcpdata, readpt, 256);
main.c(747): warning:  #177-D: variable "tcpdatalength"  was declared but never referenced
    int tcpdatalength=0;
main.c(750): warning:  #177-D: variable "timesptr"  was declared but never referenced
  	int timesptr=0;
main.c(753): warning:  #177-D: variable "chdatalength"  was declared but never referenced
    char chdatalength[5];
main.c(755): warning:  #177-D: variable "cc"  was declared but never referenced
    int  cc =0;
main.c(859): warning:  #177-D: variable "tdpend"  was declared but never referenced
  	int tdpend=600;
main.c: 15 warnings, 0 errors
compiling RTX_Conf_CM.c...
compiling adc.c...
compiling WinboundFlash.c...
compiling gpio.c...
compiling clk.c...
compiling i2c.c...
compiling timer.c...
compiling sys.c...
compiling spi.c...
compiling uart.c...
compiling retarget.c...
compiling wwdt.c...
assembling startup_NUC200Series.s...
compiling system_NUC200Series.c...
linking...
.\Objects\vts2.axf: Warning: L6305W: Image does not have an entry point. (Not specified or not set due to multiple choices.)
Program Size: Code=28624 RO-data=1300 RW-data=352 ZI-data=14184  
Finished: 0 information, 1 warning and 0 error messages.
FromELF: creating hex file...
".\Objects\vts2.axf" - 0 Error(s), 27 Warning(s).

<h2>Software Packages used:</h2>

Package Vendor: ARM
                http://www.keil.com/pack/ARM.CMSIS.5.2.0.pack
                ARM.CMSIS.5.2.0
                CMSIS (Cortex Microcontroller Software Interface Standard)
   * Component: Keil RTX Version: 4.81.1
   * Component: CORE Version: 5.0.2
   * Component: RTOS Version: 1.0.0

Package Vendor: Nuvoton
                http://www.nuvoton.com/hq/enu/Documents/KEILSoftwarePack/Nuvoton.NuMicro_DFP.1.1.0.pack
                Nuvoton.NuMicro_DFP.1.1.0
                Nuvoton ARM Cortex-M NuMicro Family Device Support
   * Component: Startup Version: 3.00.002
   * Component: WWDT Version: 3.00.002
   * Component: UART Version: 3.00.002
   * Component: Timer Version: 3.00.002
   * Component: SYS Version: 3.00.002
   * Component: SPI Version: 3.00.002
   * Component: I2C Version: 3.00.002
   * Component: GPIO Version: 3.00.002
   * Component: CLK Version: 3.00.002
   * Component: ADC Version: 3.00.002

<h2>Collection of Component include folders:</h2>
  .\RTE\_Target_1
  C:\Keil_v5\ARM\PACK\ARM\CMSIS\5.2.0\CMSIS\Include
  C:\Keil_v5\ARM\PACK\ARM\CMSIS\5.2.0\CMSIS\RTOS\RTX\INC
  C:\Keil_v5\ARM\PACK\Nuvoton\NuMicro_DFP\1.1.0\Device\NUC200\Driver
  C:\Keil_v5\ARM\PACK\Nuvoton\NuMicro_DFP\1.1.0\Device\NUC200\Include

<h2>Collection of Component Files used:</h2>

   * Component: Nuvoton::Device:Startup:3.00.002
      Include file:  Device\NUC200\Include\NUC200Series.h
      Source file:   Device\NUC200\Driver\retarget.c
      Source file:   Device\NUC200\Source\system_NUC200Series.c
      Source file:   Device\NUC200\Source\ARM\startup_NUC200Series.s

   * Component: Nuvoton::Device:Driver:WWDT:3.00.002
      Source file:   Device\NUC200\Driver\wwdt.c
      Include file:  Device\NUC200\Driver\wwdt.h

   * Component: Nuvoton::Device:Driver:UART:3.00.002
      Include file:  Device\NUC200\Driver\uart.h
      Source file:   Device\NUC200\Driver\uart.c

   * Component: Nuvoton::Device:Driver:Timer:3.00.002
      Source file:   Device\NUC200\Driver\timer.c
      Include file:  Device\NUC200\Driver\timer.h

   * Component: Nuvoton::Device:Driver:SYS:3.00.002
      Source file:   Device\NUC200\Driver\sys.c
      Include file:  Device\NUC200\Driver\sys.h

   * Component: Nuvoton::Device:Driver:SPI:3.00.002
      Source file:   Device\NUC200\Driver\spi.c
      Include file:  Device\NUC200\Driver\spi.h

   * Component: Nuvoton::Device:Driver:I2C:3.00.002
      Source file:   Device\NUC200\Driver\i2c.c
      Include file:  Device\NUC200\Driver\i2c.h

   * Component: Nuvoton::Device:Driver:GPIO:3.00.002
      Include file:  Device\NUC200\Driver\gpio.h
      Source file:   Device\NUC200\Driver\gpio.c

   * Component: Nuvoton::Device:Driver:CLK:3.00.002
      Source file:   Device\NUC200\Driver\clk.c
      Include file:  Device\NUC200\Driver\clk.h

   * Component: Nuvoton::Device:Driver:ADC:3.00.002
      Include file:  Device\NUC200\Driver\adc.h
      Source file:   Device\NUC200\Driver\adc.c

   * Component: ARM::CMSIS:RTOS:Keil RTX:4.81.1
      Source file:   CMSIS\RTOS\RTX\UserCodeTemplates\MemPool.c
      Source file:   CMSIS\RTOS\RTX\UserCodeTemplates\Thread.c
      Library file:  CMSIS\RTOS\RTX\LIB\ARM\RTX_CM0.lib
      Include file:  CMSIS\RTOS\RTX\INC\cmsis_os.h
      Source file:   CMSIS\RTOS\RTX\UserCodeTemplates\main.c
      Source file:   CMSIS\RTOS\RTX\UserCodeTemplates\MsgQueue.c
      Source file:   CMSIS\RTOS\RTX\UserCodeTemplates\MailQueue.c
      Source file:   CMSIS\RTOS\RTX\SRC\ARM\SVC_Table.s
      Source file:   CMSIS\RTOS\RTX\UserCodeTemplates\Mutex.c
      Source file:   CMSIS\RTOS\RTX\Templates\RTX_Conf_CM.c
      Source file:   CMSIS\RTOS\RTX\UserCodeTemplates\Timer.c
      Source file:   CMSIS\RTOS\RTX\UserCodeTemplates\Semaphore.c
      Include file:  CMSIS\RTOS\RTX\UserCodeTemplates\osObjects.h

   * Component: ARM::CMSIS:CORE:5.0.2

   * Component: ::CMSIS:RTOS:1.0.0 (API)
Build Time Elapsed:  00:00:08
</pre>
</body>
</html>
