<html>
<body>
<pre>
<h1>µVision Build Log</h1>
<h2>Tool Versions:</h2>
IDE-Version: µVision V5.18a
Copyright (C) 2016 ARM Ltd and ARM Germany GmbH. All rights reserved.
License Information: Mridul Pandey, JellyFish Telecommunication, LIC=CRMUH-WKHIQ-JNPA8-3M9E4-L02QT-83N3W
 
Tool Versions:
Toolchain:       MDK-ARM Professional  Version: 5.18a
Toolchain Path:  C:\Keil_v5\ARM\ARMCC\Bin
C Compiler:      Armcc.exe V5.06 update 1 (build 61)
Assembler:       Armasm.exe V5.06 update 1 (build 61)
Linker/Locator:  ArmLink.exe V5.06 update 1 (build 61)
Library Manager: ArmAr.exe V5.06 update 1 (build 61)
Hex Converter:   FromElf.exe V5.06 update 1 (build 61)
CPU DLL:         SARMCM3.DLL V5.18a
Dialog DLL:      DARMCM1.DLL V1.12.0.0
Target DLL:      Segger\JL2CM3.dll V2.99.19.0
Dialog DLL:      TARMCM1.DLL V1.9.0.0
 
<h2>Project:</h2>
D:\RecoveredHP\mridul.eecs@gmail.com\vts-ver14 - testing code\build\keil\vts_ver3_rev1\KEIL_MAG.uvprojx
Project File Date:  08/09/2016

<h2>Output:</h2>
*** Using Compiler 'V5.06 update 1 (build 61)', folder: 'C:\Keil_v5\ARM\ARMCC\Bin'
Build target 'KL26Z128 - Flash'
compiling vts_ver2.c...
..\..\..\src\projects\KEIL_MAG\modem.c(5): warning:  #1295-D: Deprecated declaration clear2 - give arg types
  void clear2(), clear(), read(char * A,char * B,char * C), read2(char * respA,char * respB,char * respC, int timeout), send_modem(char ch[]),  send_modem2(char ch[]), log_it(), parse_g(char* str, int first, int sec,	char f,		char s , char *string); 
..\..\..\src\projects\KEIL_MAG\modem.c(17): warning:  #1295-D: Deprecated declaration GPS_COLLECT - give arg types
  extern int	GPS_COLLECT();
..\..\..\src\projects\KEIL_MAG\modem.c(22): warning:  #1295-D: Deprecated declaration HardFault_Handler - give arg types
  extern void HardFault_Handler();
..\..\..\src\projects\KEIL_MAG\modem.c(25): warning:  #1295-D: Deprecated declaration get_imei - give arg types
  extern void get_imei();
..\..\..\src\projects\KEIL_MAG\modem.c(28): warning:  #1295-D: Deprecated declaration tcp_initialization - give arg types
  int tcp_initialization();
..\..\..\src\projects\KEIL_MAG\modem.c(35): warning:  #177-D: variable "qwe" was declared but never referenced
  {	int qwe;int exitflag=1;int cntr=0; long time111,timeout222;
..\..\..\src\projects\KEIL_MAG\modem.c(35): warning:  #177-D: variable "exitflag" was declared but never referenced
  {	int qwe;int exitflag=1;int cntr=0; long time111,timeout222;
..\..\..\src\projects\KEIL_MAG\modem.c(35): warning:  #177-D: variable "cntr" was declared but never referenced
  {	int qwe;int exitflag=1;int cntr=0; long time111,timeout222;
..\..\..\src\projects\KEIL_MAG\modem.c(35): warning:  #550-D: variable "time111" was set but never used
  {	int qwe;int exitflag=1;int cntr=0; long time111,timeout222;
..\..\..\src\projects\KEIL_MAG\modem.c(35): warning:  #550-D: variable "timeout222" was set but never used
  {	int qwe;int exitflag=1;int cntr=0; long time111,timeout222;
..\..\..\src\projects\KEIL_MAG\modem.c(84): warning:  #177-D: variable "qwe" was declared but never referenced
  {	int qwe,len;long timeout;
..\..\..\src\projects\KEIL_MAG\modem.c(84): warning:  #177-D: variable "timeout" was declared but never referenced
  {	int qwe,len;long timeout;
..\..\..\src\projects\KEIL_MAG\modem.c(87): warning:  #177-D: variable "stcond5" was declared but never referenced
  	char* stcond1;char * stcond2;char * stcond3;char * stcond4;char * stcond5;
..\..\..\src\projects\KEIL_MAG\modem.c(252): warning:  #177-D: variable "qwe" was declared but never referenced
  {	int qwe,len;long timeout;
..\..\..\src\projects\KEIL_MAG\modem.c(252): warning:  #177-D: variable "timeout" was declared but never referenced
  {	int qwe,len;long timeout;
..\..\..\src\projects\KEIL_MAG\modem.c(255): warning:  #177-D: variable "stcond5" was declared but never referenced
  	char* stcond1;char * stcond2;char * stcond3;char * stcond4;char * stcond5;
..\..\..\src\projects\KEIL_MAG\modem.c(423): warning:  #550-D: variable "qwe" was set but never used
  {	int qwe,len;long timeout;int logged;
..\..\..\src\projects\KEIL_MAG\modem.c(423): warning:  #177-D: variable "timeout" was declared but never referenced
  {	int qwe,len;long timeout;int logged;
..\..\..\src\projects\KEIL_MAG\modem.c(423): warning:  #550-D: variable "logged" was set but never used
  {	int qwe,len;long timeout;int logged;
..\..\..\src\projects\KEIL_MAG\modem.c(426): warning:  #177-D: variable "stcond5" was declared but never referenced
  	char* stcond1;char * stcond2;char * stcond3;char * stcond4;char * stcond5;
..\..\..\src\projects\KEIL_MAG\modem.c(577): warning:  #177-D: variable "check" was declared but never referenced
  {char *check;
..\..\..\src\projects\KEIL_MAG\modem.c(882): warning:  #223-D: function "myAtoi" declared implicitly
  		int_erval=myAtoi(interval);		
..\..\..\src\projects\KEIL_MAG\modem.c(923): warning:  #174-D: expression has no effect
  								else{log_it;}
..\..\..\src\projects\KEIL_MAG\modem.c(889): warning:  #177-D: variable "qwe" was declared but never referenced
  	int qwe,len;long timeout;
..\..\..\src\projects\KEIL_MAG\modem.c(889): warning:  #177-D: variable "timeout" was declared but never referenced
  	int qwe,len;long timeout;
..\..\..\src\projects\KEIL_MAG\modem.c(892): warning:  #177-D: variable "stcond5" was declared but never referenced
  	char* stcond1;char * stcond2;char * stcond3;char * stcond4;char * stcond5;
..\..\..\src\projects\KEIL_MAG\modem.c(951): warning:  #177-D: variable "cntr" was declared but never referenced
  {int cntr;k=0;l=time;
..\..\..\src\projects\KEIL_MAG\modem.c(991): warning:  #550-D: variable "temp" was set but never used
  	char temp;
..\..\..\src\projects\KEIL_MAG\modem.c(1001): warning:  #177-D: variable "temp" was declared but never referenced
  {char temp;
..\..\..\src\projects\KEIL_MAG\modem.c(1013): warning:  #177-D: variable "qwe" was declared but never referenced
  {	int qwe;int exitflag=1;int cntr=0; long time111,timeout222;
..\..\..\src\projects\KEIL_MAG\modem.c(1013): warning:  #177-D: variable "exitflag" was declared but never referenced
  {	int qwe;int exitflag=1;int cntr=0; long time111,timeout222;
..\..\..\src\projects\KEIL_MAG\modem.c(1013): warning:  #177-D: variable "cntr" was declared but never referenced
  {	int qwe;int exitflag=1;int cntr=0; long time111,timeout222;
..\..\..\src\projects\KEIL_MAG\modem.c(1013): warning:  #550-D: variable "time111" was set but never used
  {	int qwe;int exitflag=1;int cntr=0; long time111,timeout222;
..\..\..\src\projects\KEIL_MAG\modem.c(1013): warning:  #550-D: variable "timeout222" was set but never used
  {	int qwe;int exitflag=1;int cntr=0; long time111,timeout222;
..\..\..\src\projects\KEIL_MAG\modem.c(1064): warning:  #177-D: variable "exitflag" was declared but never referenced
  {	int qwe;int exitflag=1;int cntr=0; long time111,timeout222;
..\..\..\src\projects\KEIL_MAG\modem.c(1064): warning:  #177-D: variable "cntr" was declared but never referenced
  {	int qwe;int exitflag=1;int cntr=0; long time111,timeout222;
..\..\..\src\projects\KEIL_MAG\modem.c(1237): warning:  #1-D: last line of file ends without a newline
  }
..\..\..\src\common\asin.h(9): warning:  #1-D: last line of file ends without a newline
  extern const int asin[];
..\..\..\src\common\global.c(18): warning:  #1-D: last line of file ends without a newline
  uint16 adc_sample;
..\..\..\src\projects\KEIL_MAG\accelerometer.c(26): warning:  #1295-D: Deprecated declaration gsm_gps_sleep - give arg types
  extern void gsm_gps_sleep();
..\..\..\src\projects\KEIL_MAG\gpios.c(281): warning:  #940-D: missing return statement at end of non-void function "process0"
  	}
..\..\..\src\projects\KEIL_MAG\gpios.c(287): warning:  #940-D: missing return statement at end of non-void function "process1"
  	}
..\..\..\src\projects\KEIL_MAG\gpios.c(293): warning:  #940-D: missing return statement at end of non-void function "process2"
  	}
..\..\..\src\projects\KEIL_MAG\gpios.c(299): warning:  #940-D: missing return statement at end of non-void function "process3"
  	}
..\..\..\src\projects\KEIL_MAG\gpios.c(305): warning:  #940-D: missing return statement at end of non-void function "process4"
  	}
..\..\..\src\projects\KEIL_MAG\gpios.c(311): warning:  #940-D: missing return statement at end of non-void function "process5"
  	}
..\..\..\src\projects\KEIL_MAG\gpios.c(317): warning:  #68-D: integer conversion resulted in a change of sign
  										stateCount = -1;
..\..\..\src\projects\KEIL_MAG\gpios.c(318): warning:  #940-D: missing return statement at end of non-void function "processdef"
  	}  
..\..\..\src\projects\KEIL_MAG\gpios.c(321): warning:  #550-D: variable "status" was set but never used
  	{int status;
..\..\..\src\projects\KEIL_MAG\vts_ver2.c(25): warning:  #1295-D: Deprecated declaration send_balance - give arg types
  void send_balance();extern void outSRS(void);
..\..\..\src\projects\KEIL_MAG\vts_ver2.c(26): warning:  #1295-D: Deprecated declaration LED_state - give arg types
  extern void LED_state(),LED_state2();
..\..\..\src\projects\KEIL_MAG\vts_ver2.c(29): warning:  #1295-D: Deprecated declaration in_char1 - give arg types
  extern char in_char1(),in_char2();
..\..\..\src\projects\KEIL_MAG\vts_ver2.c(33): warning:  #1295-D: Deprecated declaration HardFault_Handler - give arg types
  void HardFault_Handler();
..\..\..\src\projects\KEIL_MAG\vts_ver2.c(35): warning:  #1295-D: Deprecated declaration dtr_sleep - give arg types
  void dtr_sleep();
..\..\..\src\projects\KEIL_MAG\vts_ver2.c(63): warning:  #1295-D: Deprecated declaration send_chunk - give arg types
  void  send_chunk(),bat_cind();
..\..\..\src\projects\KEIL_MAG\vts_ver2.c(64): warning:  #1295-D: Deprecated declaration get_imei - give arg types
  extern void send_modem(char ch[]);void get_imei();
..\..\..\src\projects\KEIL_MAG\vts_ver2.c(67): warning:  #1295-D: Deprecated declaration GPS_COLLECT - give arg types
  int GPS_COLLECT(),tcp_initialization();
..\..\..\src\projects\KEIL_MAG\vts_ver2.c(69): warning:  #1295-D: Deprecated declaration HardFault_Handler - give arg types
  void HardFault_Handler();
..\..\..\src\projects\KEIL_MAG\vts_ver2.c(226): warning:  #223-D: function "myAtoi" declared implicitly
  								int_erval=myAtoi(interval);		
..\..\..\src\projects\KEIL_MAG\vts_ver2.c(387): warning:  #111-D: statement is unreachable
  clear();delay(100);
..\..\..\src\projects\KEIL_MAG\vts_ver2.c(630): warning:  #177-D: variable "length_string" was declared but never referenced
  {int length_string;
..\..\..\src\projects\KEIL_MAG\vts_ver2.c(167): warning:  #177-D: variable "uyi" was declared but never referenced
  {int uyi;unsigned int adcin=0;long adcsample; long adcsa;
..\..\..\src\projects\KEIL_MAG\vts_ver2.c(167): warning:  #177-D: variable "adcin" was declared but never referenced
  {int uyi;unsigned int adcin=0;long adcsample; long adcsa;
..\..\..\src\projects\KEIL_MAG\vts_ver2.c(167): warning:  #177-D: variable "adcsample" was declared but never referenced
  {int uyi;unsigned int adcin=0;long adcsample; long adcsa;
..\..\..\src\projects\KEIL_MAG\vts_ver2.c(167): warning:  #177-D: variable "adcsa" was declared but never referenced
  {int uyi;unsigned int adcin=0;long adcsample; long adcsa;
..\..\..\src\projects\KEIL_MAG\vts_ver2.c(168): warning:  #177-D: variable "sent" was declared but never referenced
  char sent=1;
..\..\..\src\projects\KEIL_MAG\vts_ver2.c(1010): warning:  #940-D: missing return statement at end of non-void function "GPS_COLLECT"
  }
..\..\..\src\projects\KEIL_MAG\vts_ver2.c(941): warning:  #177-D: variable "prev" was declared but never referenced
  char prev[8],latest[10];
..\..\..\src\projects\KEIL_MAG\vts_ver2.c(941): warning:  #177-D: variable "latest" was declared but never referenced
  char prev[8],latest[10];
..\..\..\src\projects\KEIL_MAG\vts_ver2.c(942): warning:  #177-D: variable "iz" was declared but never referenced
  		int iz;
..\..\..\src\projects\KEIL_MAG\vts_ver2.c(943): warning:  #177-D: variable "a" was declared but never referenced
  		double a,b,c;int hh,mm1,mm2;
..\..\..\src\projects\KEIL_MAG\vts_ver2.c(943): warning:  #177-D: variable "b" was declared but never referenced
  		double a,b,c;int hh,mm1,mm2;
..\..\..\src\projects\KEIL_MAG\vts_ver2.c(943): warning:  #177-D: variable "mm1" was declared but never referenced
  		double a,b,c;int hh,mm1,mm2;
..\..\..\src\projects\KEIL_MAG\vts_ver2.c(943): warning:  #177-D: variable "mm2" was declared but never referenced
  		double a,b,c;int hh,mm1,mm2;
..\..\..\src\projects\KEIL_MAG\vts_ver2.c(944): warning:  #177-D: variable "a1" was declared but never referenced
  		double a1,b1,c1;
..\..\..\src\projects\KEIL_MAG\vts_ver2.c(944): warning:  #177-D: variable "b1" was declared but never referenced
  		double a1,b1,c1;
..\..\..\src\projects\KEIL_MAG\vts_ver2.c(944): warning:  #177-D: variable "c1" was declared but never referenced
  		double a1,b1,c1;
..\..\..\src\projects\KEIL_MAG\vts_ver2.c(1088): warning:  #940-D: missing return statement at end of non-void function "GPS_COLLECT2"
  }
..\..\..\src\projects\KEIL_MAG\vts_ver2.c(1019): warning:  #177-D: variable "prev" was declared but never referenced
  char prev[8],latest[10];
..\..\..\src\projects\KEIL_MAG\vts_ver2.c(1019): warning:  #177-D: variable "latest" was declared but never referenced
  char prev[8],latest[10];
..\..\..\src\projects\KEIL_MAG\vts_ver2.c(1020): warning:  #177-D: variable "iz" was declared but never referenced
  		int iz;
..\..\..\src\projects\KEIL_MAG\vts_ver2.c(1021): warning:  #177-D: variable "a" was declared but never referenced
  		double a,b,c;int hh,mm1,mm2;
..\..\..\src\projects\KEIL_MAG\vts_ver2.c(1021): warning:  #177-D: variable "b" was declared but never referenced
  		double a,b,c;int hh,mm1,mm2;
..\..\..\src\projects\KEIL_MAG\vts_ver2.c(1021): warning:  #177-D: variable "mm1" was declared but never referenced
  		double a,b,c;int hh,mm1,mm2;
..\..\..\src\projects\KEIL_MAG\vts_ver2.c(1021): warning:  #177-D: variable "mm2" was declared but never referenced
  		double a,b,c;int hh,mm1,mm2;
..\..\..\src\projects\KEIL_MAG\vts_ver2.c(1022): warning:  #177-D: variable "a1" was declared but never referenced
  		double a1,b1,c1;
..\..\..\src\projects\KEIL_MAG\vts_ver2.c(1022): warning:  #177-D: variable "b1" was declared but never referenced
  		double a1,b1,c1;
..\..\..\src\projects\KEIL_MAG\vts_ver2.c(1022): warning:  #177-D: variable "c1" was declared but never referenced
  		double a1,b1,c1;
..\..\..\src\projects\KEIL_MAG\vts_ver2.c(1104): warning:  #177-D: variable "cond" was declared but never referenced
  {char *cond; char * cond2;char * cond200;
..\..\..\src\projects\KEIL_MAG\vts_ver2.c(1104): warning:  #550-D: variable "cond2" was set but never used
  {char *cond; char * cond2;char * cond200;
..\..\..\src\projects\KEIL_MAG\vts_ver2.c(1104): warning:  #550-D: variable "cond200" was set but never used
  {char *cond; char * cond2;char * cond200;
..\..\..\src\projects\KEIL_MAG\vts_ver2.c(1244): warning:  #177-D: variable "timeoutgps" was declared but never referenced
  {int32_t timeoutgps,resetval=99999,t22;
..\..\..\src\projects\KEIL_MAG\vts_ver2.c(1244): warning:  #177-D: variable "resetval" was declared but never referenced
  {int32_t timeoutgps,resetval=99999,t22;
..\..\..\src\projects\KEIL_MAG\vts_ver2.c(1244): warning:  #177-D: variable "t22" was declared but never referenced
  {int32_t timeoutgps,resetval=99999,t22;
..\..\..\src\projects\KEIL_MAG\vts_ver2.c(1245): warning:  #177-D: variable "m" was declared but never referenced
  						int m;	clear2();
..\..\..\src\projects\KEIL_MAG\vts_ver2.c(1343): warning:  #550-D: variable "cond11" was set but never used
  	char* cond11;
..\..\..\src\projects\KEIL_MAG\vts_ver2.c(1344): warning:  #550-D: variable "cond12" was set but never used
  	char* cond12;
..\..\..\src\projects\KEIL_MAG\vts_ver2.c(1638): warning:  #174-D: expression has no effect
  for(k5;k5<=(times);){
..\..\..\src\projects\KEIL_MAG\vts_ver2.c(1622): warning:  #177-D: variable "timeout" was declared but never referenced
  int times,qwe,timeout,k5,enters,cursorvaluepr=0,cursorvaluene=0;
..\..\..\src\projects\KEIL_MAG\vts_ver2.c(1624): warning:  #177-D: variable "notsentflag" was declared but never referenced
  int notsentflag=0,cntendl=0;
..\..\..\src\projects\KEIL_MAG\vts_ver2.c(1832): warning:  #177-D: variable "timeout" was declared but never referenced
   int times,qwe,timeout,k5,enters;
..\..\..\src\projects\KEIL_MAG\vts_ver2.c: 101 warnings, 0 errors
linking...
.\UV4Build\KEIL_MAG_Flash.axf: Warning: L6171W: Code symbol asin defined in non executable section asin.o(.constdata).
Program Size: Code=35736 RO-data=2344 RW-data=416 ZI-data=13160  
Finished: 0 information, 1 warning and 0 error messages.
FromELF: creating hex file...
After Build - User command #1: C:\Keil_v5\\ARM\ARMCC\bin\fromelf.exe --m32combined --output=.\UV4Build\KEIL_MAG_Flash.srec .\UV4Build\KEIL_MAG_Flash.axf
After Build - User command #2: C:\Keil_v5\\ARM\ARMCC\bin\fromelf.exe --m32combined --output=.\UV4Build\KEIL_MAG_Flash.bin .\UV4Build\KEIL_MAG_Flash.axf
".\UV4Build\KEIL_MAG_Flash.axf" - 0 Error(s), 102 Warning(s).

<h2>Software Packages used:</h2>

Package Vendor: ARM
                http://www.keil.com/pack/ARM.CMSIS.5.0.0-Beta4.pack
                ARM::CMSIS:CORE:5.0.0
                CMSIS (Cortex Microcontroller Software Interface Standard)
   * Component: CORE Version: 5.0.0

<h2>Collection of Component include folders:</h2>
  D:\RecoveredHP\mridul.eecs@gmail.com\vts-ver14 - testing code\build\keil\vts_ver3_rev1\RTE
  C:\Keil_v5\ARM\PACK\ARM\CMSIS\5.0.0-Beta4\CMSIS\Include
  C:\Keil_v5\ARM\PACK\Keil\Kinetis_KLxx_DFP\1.11.0\Device\Include

<h2>Collection of Component Files used:</h2>

   * Component: ARM::CMSIS:CORE:5.0.0
Build Time Elapsed:  00:00:02
</pre>
</body>
</html>
