Component: ARM Compiler 5.06 update 5 (build 528) Tool: armlink [4d35e2]

==============================================================================

Small function inlining results

Inlined total of 0 calls.

==============================================================================

Section Cross References

    system_nano100series.o(.text) refers to uidiv.o(.text) for __aeabi_uidivmod
    system_nano100series.o(.text) refers to system_nano100series.o(.data) for SystemCoreClock
    startup_nano100series.o(RESET) refers to startup_nano100series.o(STACK) for __initial_sp
    startup_nano100series.o(RESET) refers to startup_nano100series.o(.text) for Reset_Handler
    startup_nano100series.o(RESET) refers to retarget.o(.emb_text) for HardFault_Handler
    startup_nano100series.o(RESET) refers to hal_cm0.o(.emb_text) for SVC_Handler
    startup_nano100series.o(RESET) refers to main.o(.text) for WDT_IRQHandler
    startup_nano100series.o(.text) refers to entry.o(.ARM.Collect$$$$00000000) for __main
    thread.o(.text) refers to rt_cmsis.o(i.osMutexWait) for osMutexWait
    thread.o(.text) refers to memseta.o(.text) for __aeabi_memclr
    thread.o(.text) refers to main.o(.text) for clear
    thread.o(.text) refers to printfa.o(i.__0printf) for __2printf
    thread.o(.text) refers to strstr.o(.text) for strstr
    thread.o(.text) refers to rt_cmsis.o(i.osMutexRelease) for osMutexRelease
    thread.o(.text) refers to printfa.o(i.__0sprintf) for __2sprintf
    thread.o(.text) refers to strcat.o(.text) for strcat
    thread.o(.text) refers to thread.o(.bss) for sender_num
    thread.o(.text) refers to main.o(.data) for uart_mutex_id
    thread.o(.text) refers to main.o(.bss) for g_u8RecData
    thread.o(.text) refers to main.o(i.parse_g) for parse_g
    thread.o(.text) refers to thread.o(.data) for IP
    thread.o(.text) refers to rt_cmsis.o(i.osDelay) for osDelay
    thread.o(.text) refers to thread.o(i.fileopen) for fileopen
    thread.o(.text) refers to strlen.o(.text) for strlen
    thread.o(.text) refers to thread.o(i.strreplace) for strreplace
    thread.o(.text) refers to rt_cmsis.o(i.osThreadCreate) for osThreadCreate
    thread.o(.text) refers to rt_cmsis.o(i.osSignalWait) for osSignalWait
    thread.o(.text) refers to rt_cmsis.o(i.osSignalClear) for osSignalClear
    thread.o(.text) refers to thread.o(.constdata) for os_thread_def_Thread
    thread.o(.text) refers to thread.o(i.manualdelay) for manualdelay
    thread.o(.constdata) refers to thread.o(.text) for Thread
    timer.o(.text) refers to rt_cmsis.o(i.osTimerCreate) for osTimerCreate
    timer.o(.text) refers to rt_cmsis.o(i.osTimerStart) for osTimerStart
    timer.o(.text) refers to main.o(.data) for tmr0sec
    timer.o(.text) refers to timer.o(.data) for i2ctimeout
    timer.o(.text) refers to timer.o(.constdata) for os_timer_def_Timer1
    timer.o(.constdata) refers to timer.o(.text) for Timer1_Callback
    timer.o(.constdata) refers to timer.o(.bss) for os_timer_cb_Timer1
    main.o(.text) refers to strlen.o(.text) for strlen
    main.o(.text) refers to rt_cmsis.o(i.osDelay) for osDelay
    main.o(.text) refers to rt_cmsis.o(i.osMutexWait) for osMutexWait
    main.o(.text) refers to memseta.o(.text) for __aeabi_memclr4
    main.o(.text) refers to printfa.o(i.__0printf) for __2printf
    main.o(.text) refers to strstr.o(.text) for strstr
    main.o(.text) refers to thread.o(i.manualdelay) for manualdelay
    main.o(.text) refers to rt_cmsis.o(i.osMutexRelease) for osMutexRelease
    main.o(.text) refers to main.o(i.SYS_Init) for SYS_Init
    main.o(.text) refers to rt_cmsis.o(i.osKernelInitialize) for osKernelInitialize
    main.o(.text) refers to gpio.o(.text) for GPIO_SetMode
    main.o(.text) refers to uart.o(.text) for UART_Open
    main.o(.text) refers to i2c.o(.text) for I2C_Open
    main.o(.text) refers to timer.o(.text) for Init_Timers
    main.o(.text) refers to adc.o(.text) for ADC_Open
    main.o(.text) refers to rt_cmsis.o(i.osMutexCreate) for osMutexCreate
    main.o(.text) refers to thread.o(.text) for Init_Thread
    main.o(.text) refers to rt_cmsis.o(i.osKernelStart) for osKernelStart
    main.o(.text) refers to thread.o(i.fileopen) for fileopen
    main.o(.text) refers to main.o(i.loop) for loop
    main.o(.text) refers to main.o(.data) for uart_mutex_id
    main.o(.text) refers to main.o(.bss) for g_u8RecData
    main.o(.text) refers to main.o(.constdata) for os_mutex_def_uart_mutex
    main.o(.text) refers to clk.o(.text) for CLK_PowerDown
    main.o(.text) refers to main.o(i.parse_g) for parse_g
    main.o(.text) refers to atoi.o(.text) for atoi
    main.o(.text) refers to idiv.o(.text) for __aeabi_idivmod
    main.o(.text) refers to printfa.o(i.__0sprintf) for __2sprintf
    main.o(.text) refers to retarget.o(.text) for SendChar
    main.o(.text) refers to thread.o(.bss) for fileinstance
    main.o(.text) refers to main.o(i.checkallnumsinstring) for checkallnumsinstring
[...]
    i.__0sprintf                             0x00004a30   Section        0  printfa.o(i.__0sprintf)
    i.__ARM_clz                              0x00004a58   Section        0  depilogue.o(i.__ARM_clz)
    i.__ARM_common_ll_muluu                  0x00004a86   Section        0  rt_cmsis.o(i.__ARM_common_ll_muluu)
    i.__aeabi_errno_addr                     0x00004ab8   Section        0  errno.o(i.__aeabi_errno_addr)
    i.__scatterload_copy                     0x00004ac0   Section       14  handlers.o(i.__scatterload_copy)
    i.__scatterload_null                     0x00004ace   Section        2  handlers.o(i.__scatterload_null)
    i.__scatterload_zeroinit                 0x00004ad0   Section       14  handlers.o(i.__scatterload_zeroinit)
    i._fp_digits                             0x00004ae0   Section        0  printfa.o(i._fp_digits)
    _fp_digits                               0x00004ae1   Thumb Code   344  printfa.o(i._fp_digits)
    i._init_box                              0x00004c54   Section        0  rt_membox.o(i._init_box)
    i._printf_core                           0x00004c9c   Section        0  printfa.o(i._printf_core)
    _printf_core                             0x00004c9d   Thumb Code  1754  printfa.o(i._printf_core)
    i._printf_post_padding                   0x00005388   Section        0  printfa.o(i._printf_post_padding)
    _printf_post_padding                     0x00005389   Thumb Code    32  printfa.o(i._printf_post_padding)
    i._printf_pre_padding                    0x000053a8   Section        0  printfa.o(i._printf_pre_padding)
    _printf_pre_padding                      0x000053a9   Thumb Code    44  printfa.o(i._printf_pre_padding)
    i._sputc                                 0x000053d4   Section        0  printfa.o(i._sputc)
    _sputc                                   0x000053d5   Thumb Code    10  printfa.o(i._sputc)
    i.checkallnumsinstring                   0x000053de   Section        0  main.o(i.checkallnumsinstring)
    i.fileopen                               0x00005410   Section        0  thread.o(i.fileopen)
    i.isrMessageGet                          0x000054c4   Section        0  rt_cmsis.o(i.isrMessageGet)
    i.isrMessagePut                          0x000054f2   Section        0  rt_cmsis.o(i.isrMessagePut)
    i.isrSignalSet                           0x00005522   Section        0  rt_cmsis.o(i.isrSignalSet)
    i.isr_evt_set                            0x00005548   Section        0  rt_event.o(i.isr_evt_set)
    i.isr_mbx_receive                        0x0000556c   Section        0  rt_mailbox.o(i.isr_mbx_receive)
    i.isr_mbx_send                           0x000055b8   Section        0  rt_mailbox.o(i.isr_mbx_send)
    i.loop                                   0x000055c4   Section        0  main.o(i.loop)
    i.manualdelay                            0x00005640   Section        0  thread.o(i.manualdelay)
    i.osDelay                                0x0000565c   Section        0  rt_cmsis.o(i.osDelay)
    i.osKernelInitialize                     0x00005678   Section        0  rt_cmsis.o(i.osKernelInitialize)
    i.osKernelStart                          0x000056a0   Section        0  rt_cmsis.o(i.osKernelStart)
    i.osMessageGet                           0x0000570c   Section        0  rt_cmsis.o(i.osMessageGet)
    i.osMutexCreate                          0x00005728   Section        0  rt_cmsis.o(i.osMutexCreate)
    i.osMutexRelease                         0x0000575c   Section        0  rt_cmsis.o(i.osMutexRelease)
    i.osMutexWait                            0x00005778   Section        0  rt_cmsis.o(i.osMutexWait)
    i.osSignalClear                          0x00005794   Section        0  rt_cmsis.o(i.osSignalClear)
    i.osSignalSet                            0x000057b0   Section        0  rt_cmsis.o(i.osSignalSet)
    i.osSignalWait                           0x000057cc   Section        0  rt_cmsis.o(i.osSignalWait)
    i.osThreadCreate                         0x000057e8   Section        0  rt_cmsis.o(i.osThreadCreate)
    i.osThreadExit                           0x0000581c   Section        0  rt_cmsis.o(i.osThreadExit)
    i.osTimerCall                            0x00005834   Section        0  rt_cmsis.o(i.osTimerCall)
    i.osTimerCreate                          0x00005844   Section        0  rt_cmsis.o(i.osTimerCreate)
    i.osTimerStart                           0x00005878   Section        0  rt_cmsis.o(i.osTimerStart)
    i.osTimerThread                          0x00005894   Section        0  rt_cmsis.o(i.osTimerThread)
    i.os_tick_init                           0x000058c0   Section        0  rt_system.o(i.os_tick_init)
    i.os_tick_irqack                         0x000058ec   Section        0  rt_system.o(i.os_tick_irqack)
    i.parse_g                                0x000058f0   Section        0  main.o(i.parse_g)
    i.rt_alloc_box                           0x00005990   Section        0  rt_membox.o(i.rt_alloc_box)
    i.rt_alloc_mem                           0x000059ae   Section        0  rt_memory.o(i.rt_alloc_mem)
    i.rt_block                               0x000059f0   Section        0  rt_task.o(i.rt_block)
    i.rt_chk_robin                           0x00005a28   Section        0  rt_robin.o(i.rt_chk_robin)
    i.rt_dec_dly                             0x00005a6c   Section        0  rt_list.o(i.rt_dec_dly)
    i.rt_dispatch                            0x00005ae0   Section        0  rt_task.o(i.rt_dispatch)
    i.rt_dly_wait                            0x00005b20   Section        0  rt_time.o(i.rt_dly_wait)
    i.rt_evt_clr                             0x00005b2c   Section        0  rt_event.o(i.rt_evt_clr)
    i.rt_evt_psh                             0x00005b48   Section        0  rt_event.o(i.rt_evt_psh)
    i.rt_evt_set                             0x00005b98   Section        0  rt_event.o(i.rt_evt_set)
    i.rt_evt_wait                            0x00005bf4   Section        0  rt_event.o(i.rt_evt_wait)
    i.rt_free_box                            0x00005c34   Section        0  rt_membox.o(i.rt_free_box)
    i.rt_free_mem                            0x00005c5a   Section        0  rt_memory.o(i.rt_free_mem)
    i.rt_get_first                           0x00005c8a   Section        0  rt_list.o(i.rt_get_first)
    i.rt_id2obj                              0x00005cb4   Section        0  rt_cmsis.o(i.rt_id2obj)
    rt_id2obj                                0x00005cb5   Thumb Code     8  rt_cmsis.o(i.rt_id2obj)
    i.rt_init_context                        0x00005cbc   Section        0  rt_task.o(i.rt_init_context)
    rt_init_context                          0x00005cbd   Thumb Code    66  rt_task.o(i.rt_init_context)
    i.rt_init_mem                            0x00005d04   Section        0  rt_memory.o(i.rt_init_mem)
    i.rt_init_robin                          0x00005d20   Section        0  rt_robin.o(i.rt_init_robin)
    i.rt_init_stack                          0x00005d38   Section        0  hal_cm.o(i.rt_init_stack)
    i.rt_mbx_check                           0x00005db0   Section        0  rt_mailbox.o(i.rt_mbx_check)
    i.rt_mbx_init                            0x00005db8   Section        0  rt_mailbox.o(i.rt_mbx_init)
    i.rt_mbx_psh                             0x00005ddc   Section        0  rt_mailbox.o(i.rt_mbx_psh)
    i.rt_mbx_wait                            0x00005eac   Section        0  rt_mailbox.o(i.rt_mbx_wait)
    i.rt_ms2tick                             0x00005f5c   Section        0  rt_cmsis.o(i.rt_ms2tick)
    rt_ms2tick                               0x00005f5d   Thumb Code    56  rt_cmsis.o(i.rt_ms2tick)
    i.rt_mut_init                            0x00005fa0   Section        0  rt_mutex.o(i.rt_mut_init)
    i.rt_mut_release                         0x00005fb0   Section        0  rt_mutex.o(i.rt_mut_release)
    i.rt_mut_wait                            0x00006088   Section        0  rt_mutex.o(i.rt_mut_wait)
    i.rt_pop_req                             0x00006108   Section        0  rt_system.o(i.rt_pop_req)
    i.rt_psh_req                             0x00006178   Section        0  rt_system.o(i.rt_psh_req)
    i.rt_psq_enq                             0x00006198   Section        0  rt_list.o(i.rt_psq_enq)
    i.rt_put_dly                             0x000061d8   Section        0  rt_list.o(i.rt_put_dly)
    i.rt_put_prio                            0x00006228   Section        0  rt_list.o(i.rt_put_prio)
    i.rt_put_rdy_first                       0x00006264   Section        0  rt_list.o(i.rt_put_rdy_first)
    i.rt_resort_prio                         0x00006278   Section        0  rt_list.o(i.rt_resort_prio)
    i.rt_ret_val                             0x000062a8   Section        0  hal_cm.o(i.rt_ret_val)
    i.rt_ret_val2                            0x000062ae   Section        0  hal_cm.o(i.rt_ret_val2)
    i.rt_rmv_dly                             0x000062b6   Section        0  rt_list.o(i.rt_rmv_dly)
    i.rt_rmv_list                            0x000062e0   Section        0  rt_list.o(i.rt_rmv_list)
    i.rt_sem_psh                             0x00006314   Section        0  rt_semaphore.o(i.rt_sem_psh)
    i.rt_stk_check                           0x00006348   Section        0  rt_system.o(i.rt_stk_check)
    i.rt_switch_req                          0x00006370   Section        0  rt_task.o(i.rt_switch_req)
    i.rt_sys_init                            0x00006380   Section        0  rt_task.o(i.rt_sys_init)
    i.rt_sys_start                           0x00006448   Section        0  rt_task.o(i.rt_sys_start)
    i.rt_systick                             0x000064ac   Section        0  rt_system.o(i.rt_systick)
    i.rt_tid2ptcb                            0x000064e8   Section        0  rt_cmsis.o(i.rt_tid2ptcb)
    rt_tid2ptcb                              0x000064e9   Thumb Code    18  rt_cmsis.o(i.rt_tid2ptcb)
    i.rt_timer_insert                        0x000064fc   Section        0  rt_cmsis.o(i.rt_timer_insert)
    rt_timer_insert                          0x000064fd   Thumb Code    52  rt_cmsis.o(i.rt_timer_insert)
    i.rt_timer_remove                        0x00006534   Section        0  rt_cmsis.o(i.rt_timer_remove)
    rt_timer_remove                          0x00006535   Thumb Code    62  rt_cmsis.o(i.rt_timer_remove)
    i.rt_tsk_create                          0x00006578   Section        0  rt_task.o(i.rt_tsk_create)
    i.rt_tsk_delete                          0x000065f0   Section        0  rt_task.o(i.rt_tsk_delete)
    i.rt_tsk_prio                            0x00006748   Section        0  rt_task.o(i.rt_tsk_prio)
    i.rt_tsk_self                            0x000067c8   Section        0  rt_task.o(i.rt_tsk_self)
    i.strreplace                             0x000067d8   Section        0  thread.o(i.strreplace)
    i.svcDelay                               0x000067f2   Section        0  rt_cmsis.o(i.svcDelay)
    i.svcKernelInitialize                    0x00006804   Section        0  rt_cmsis.o(i.svcKernelInitialize)
    i.svcKernelStart                         0x0000687c   Section        0  rt_cmsis.o(i.svcKernelStart)
    i.svcMessageCreate                       0x000068c8   Section        0  rt_cmsis.o(i.svcMessageCreate)
    i.svcMessageGet                          0x000068f2   Section        0  rt_cmsis.o(i.svcMessageGet)
    i.svcMutexCreate                         0x0000692e   Section        0  rt_cmsis.o(i.svcMutexCreate)
    i.svcMutexRelease                        0x0000694e   Section        0  rt_cmsis.o(i.svcMutexRelease)
    i.svcMutexWait                           0x00006972   Section        0  rt_cmsis.o(i.svcMutexWait)
    i.svcSignalClear                         0x000069ae   Section        0  rt_cmsis.o(i.svcSignalClear)
    i.svcSignalSet                           0x000069d4   Section        0  rt_cmsis.o(i.svcSignalSet)
    i.svcSignalWait                          0x000069fc   Section        0  rt_cmsis.o(i.svcSignalWait)
    i.svcThreadCreate                        0x00006a58   Section        0  rt_cmsis.o(i.svcThreadCreate)
    i.svcThreadGetId                         0x00006acc   Section        0  rt_cmsis.o(i.svcThreadGetId)
    i.svcThreadTerminate                     0x00006ae8   Section        0  rt_cmsis.o(i.svcThreadTerminate)
    i.svcTimerCall                           0x00006b24   Section        0  rt_cmsis.o(i.svcTimerCall)
    i.svcTimerCreate                         0x00006b40   Section        0  rt_cmsis.o(i.svcTimerCreate)
    i.svcTimerStart                          0x00006b80   Section        0  rt_cmsis.o(i.svcTimerStart)
    i.sysTimerTick                           0x00006bec   Section        0  rt_cmsis.o(i.sysTimerTick)
    .constdata                               0x00006c44   Section       16  thread.o(.constdata)
    .constdata                               0x00006c54   Section       16  timer.o(.constdata)
    .constdata                               0x00006c64   Section       12  main.o(.constdata)
    .constdata                               0x00006c70   Section       16  clk.o(.constdata)
    .constdata                               0x00006c80   Section       48  uart.o(.constdata)
    .constdata                               0x00006cb0   Section      104  rtx_conf_cm.o(.constdata)
    __tagsym$$used                           0x00006ccc   Number         0  rtx_conf_cm.o(.constdata)
    __tagsym$$used                           0x00006cd0   Number         0  rtx_conf_cm.o(.constdata)
    __tagsym$$used                           0x00006cd4   Number         0  rtx_conf_cm.o(.constdata)
    __tagsym$$used                           0x00006cd8   Number         0  rtx_conf_cm.o(.constdata)
    .constdata                               0x00006d18   Section      129  ctype_o.o(.constdata)
    .constdata                               0x00006d9c   Section        4  ctype_o.o(.constdata)
    table                                    0x00006d9c   Data           4  ctype_o.o(.constdata)
    .conststring                             0x00006da0   Section       98  thread.o(.conststring)
    .conststring                             0x00006e04   Section      479  main.o(.conststring)
    .data                                    0x20000000   Section        8  system_nano100series.o(.data)
    .data                                    0x20000008   Section       88  thread.o(.data)
    attry                                    0x2000005c   Data           4  thread.o(.data)
    .data                                    0x20000060   Section       28  timer.o(.data)
    id1                                      0x2000006c   Data           4  timer.o(.data)
    exec1                                    0x20000070   Data           4  timer.o(.data)
    id2                                      0x20000074   Data           4  timer.o(.data)
    exec2                                    0x20000078   Data           4  timer.o(.data)
    .data                                    0x20000080   Section      180  main.o(.data)
    attry                                    0x20000130   Data           4  main.o(.data)
    .data                                    0x20000134   Section        8  retarget.o(.data)
    .data                                    0x2000013c   Section       16  rtx_conf_cm.o(.data)
    .data                                    0x2000014c   Section        8  rt_cmsis.o(.data)
    .data                                    0x20000154   Section        8  rt_task.o(.data)
    .data                                    0x2000015c   Section        8  rt_system.o(.data)
    os_lock                                  0x2000015c   Data           1  rt_system.o(.data)
    os_psh_flag                              0x2000015d   Data           1  rt_system.o(.data)
    pend_flags                               0x2000015e   Data           1  rt_system.o(.data)
    .data                                    0x20000164   Section        4  rt_time.o(.data)
    .data                                    0x20000168   Section        8  rt_robin.o(.data)
    .data                                    0x20000170   Section        4  errno.o(.data)
    _errno                                   0x20000170   Data           4  errno.o(.data)
    .bss                                     0x20000174   Section      350  thread.o(.bss)
    .bss                                     0x200002d4   Section       48  timer.o(.bss)
    os_timer_cb_Timer1                       0x200002d4   Data          24  timer.o(.bss)
    os_timer_cb_Timer2                       0x200002ec   Data          24  timer.o(.bss)
    .bss                                     0x20000304   Section     4393  main.o(.bss)
    .bss                                     0x20001430   Section     9008  rtx_conf_cm.o(.bss)
    .bss                                     0x20003760   Section       52  rt_task.o(.bss)
    .bss                                     0x20003794   Section       48  rt_list.o(.bss)
    STACK                                    0x200037c8   Section     1280  startup_nano100series.o(STACK)

    Global Symbols

    Symbol Name                              Value     Ov Type        Size  Object(Section)

    BuildAttributes$$THM_ISAv3M$S$PE$A:L22$X:L11$S22$IEEE1$IW$USESV6$~STKCKD$USESV7$~SHL$OTIME$ROPI$EBA8$MICROLIB$REQ8$PRES8$EABIv2 0x00000000   Number         0  anon$$obj.o ABSOLUTE
    __ARM_use_no_argv                        0x00000000   Number         0  main.o ABSOLUTE
    __Vectors                                0x00000000   Data           4  startup_nano100series.o(RESET)
    _printf_a                                0x00000000   Number         0  stubs.o ABSOLUTE
    _printf_c                                0x00000000   Number         0  stubs.o ABSOLUTE
    _printf_charcount                        0x00000000   Number         0  stubs.o ABSOLUTE
    _printf_d                                0x00000000   Number         0  stubs.o ABSOLUTE
    _printf_e                                0x00000000   Number         0  stubs.o ABSOLUTE
    _printf_f                                0x00000000   Number         0  stubs.o ABSOLUTE
    _printf_flags                            0x00000000   Number         0  stubs.o ABSOLUTE
    _printf_fp_dec                           0x00000000   Number         0  stubs.o ABSOLUTE
    _printf_fp_hex                           0x00000000   Number         0  stubs.o ABSOLUTE
    _printf_g                                0x00000000   Number         0  stubs.o ABSOLUTE
    _printf_i                                0x00000000   Number         0  stubs.o ABSOLUTE
    _printf_int_dec                          0x00000000   Number         0  stubs.o ABSOLUTE
    _printf_l                                0x00000000   Number         0  stubs.o ABSOLUTE
    _printf_lc                               0x00000000   Number         0  stubs.o ABSOLUTE
    _printf_ll                               0x00000000   Number         0  stubs.o ABSOLUTE
    _printf_lld                              0x00000000   Number         0  stubs.o ABSOLUTE
    _printf_lli                              0x00000000   Number         0  stubs.o ABSOLUTE
    _printf_llo                              0x00000000   Number         0  stubs.o ABSOLUTE
    _printf_llu                              0x00000000   Number         0  stubs.o ABSOLUTE
    _printf_llx                              0x00000000   Number         0  stubs.o ABSOLUTE
    _printf_longlong_dec                     0x00000000   Number         0  stubs.o ABSOLUTE
    _printf_longlong_hex                     0x00000000   Number         0  stubs.o ABSOLUTE
    _printf_longlong_oct                     0x00000000   Number         0  stubs.o ABSOLUTE
    _printf_ls                               0x00000000   Number         0  stubs.o ABSOLUTE
    _printf_mbtowc                           0x00000000   Number         0  stubs.o ABSOLUTE
    _printf_n                                0x00000000   Number         0  stubs.o ABSOLUTE
    _printf_o                                0x00000000   Number         0  stubs.o ABSOLUTE
    _printf_p                                0x00000000   Number         0  stubs.o ABSOLUTE
    _printf_percent                          0x00000000   Number         0  stubs.o ABSOLUTE
    _printf_pre_padding                      0x00000000   Number         0  stubs.o ABSOLUTE
    _printf_return_value                     0x00000000   Number         0  stubs.o ABSOLUTE
    _printf_s                                0x00000000   Number         0  stubs.o ABSOLUTE
    _printf_sizespec                         0x00000000   Number         0  stubs.o ABSOLUTE
    _printf_str                              0x00000000   Number         0  stubs.o ABSOLUTE
    _printf_truncate_signed                  0x00000000   Number         0  stubs.o ABSOLUTE
    _printf_truncate_unsigned                0x00000000   Number         0  stubs.o ABSOLUTE
    _printf_u                                0x00000000   Number         0  stubs.o ABSOLUTE
    _printf_wc                               0x00000000   Number         0  stubs.o ABSOLUTE
    _printf_wctomb                           0x00000000   Number         0  stubs.o ABSOLUTE
    _printf_widthprec                        0x00000000   Number         0  stubs.o ABSOLUTE
    _printf_x                                0x00000000   Number         0  stubs.o ABSOLUTE
    __cpp_initialize__aeabi_                  - Undefined Weak Reference
    __cxa_finalize                            - Undefined Weak Reference
    __decompress                              - Undefined Weak Reference
    _clock_init                               - Undefined Weak Reference
    _microlib_exit                            - Undefined Weak Reference
    __main                                   0x000000c1   Thumb Code     0  entry.o(.ARM.Collect$$$$00000000)
    _main_stk                                0x000000c1   Thumb Code     0  entry2.o(.ARM.Collect$$$$00000001)
    _main_scatterload                        0x000000c5   Thumb Code     0  entry5.o(.ARM.Collect$$$$00000004)
    __main_after_scatterload                 0x000000c9   Thumb Code     0  entry5.o(.ARM.Collect$$$$00000004)
    __rt_final_cpp                           0x000000c9   Thumb Code     0  entry10a.o(.ARM.Collect$$$$0000000D)
    __rt_final_exit                          0x000000c9   Thumb Code     0  entry11a.o(.ARM.Collect$$$$0000000F)
    _main_clock                              0x000000c9   Thumb Code     0  entry7b.o(.ARM.Collect$$$$00000008)
    _main_cpp_init                           0x000000c9   Thumb Code     0  entry8b.o(.ARM.Collect$$$$0000000A)
    _main_init                               0x000000c9   Thumb Code    18  rtx_conf_cm.o(.ARM.Collect$$$$000000FF)
    HardFault_Handler                        0x000000e5   Thumb Code    24  retarget.o(.emb_text)
    rt_set_PSP                               0x00000101   Thumb Code     6  hal_cm0.o(.emb_text)
    rt_get_PSP                               0x00000107   Thumb Code     6  hal_cm0.o(.emb_text)
    os_set_env                               0x0000010d   Thumb Code    32  hal_cm0.o(.emb_text)
    _alloc_box                               0x00000131   Thumb Code    28  hal_cm0.o(.emb_text)
    _free_box                                0x00000151   Thumb Code    28  hal_cm0.o(.emb_text)
    SVC_Handler                              0x00000171   Thumb Code   136  hal_cm0.o(.emb_text)
    PendSV_Handler                           0x00000205   Thumb Code    72  hal_cm0.o(.emb_text)
    SysTick_Handler                          0x00000251   Thumb Code     8  hal_cm0.o(.emb_text)
    OS_Tick_Handler                          0x00000259   Thumb Code    12  hal_cm0.o(.emb_text)
    SysGet_PLLClockFreq                      0x00000265   Thumb Code   120  system_nano100series.o(.text)
    SysGet_HCLKFreq                          0x000002dd   Thumb Code    68  system_nano100series.o(.text)
    SystemCoreClockUpdate                    0x00000321   Thumb Code    30  system_nano100series.o(.text)
    Reset_Handler                            0x00000359   Thumb Code    28  startup_nano100series.o(.text)
    NMI_Handler                              0x00000375   Thumb Code     2  startup_nano100series.o(.text)
    ADC_IRQHandler                           0x0000037f   Thumb Code     0  startup_nano100series.o(.text)
    BOD_IRQHandler                           0x0000037f   Thumb Code     0  startup_nano100series.o(.text)
    DAC_IRQHandler                           0x0000037f   Thumb Code     0  startup_nano100series.o(.text)
    EINT0_IRQHandler                         0x0000037f   Thumb Code     0  startup_nano100series.o(.text)
    EINT1_IRQHandler                         0x0000037f   Thumb Code     0  startup_nano100series.o(.text)
    GPDEF_IRQHandler                         0x0000037f   Thumb Code     0  startup_nano100series.o(.text)
    HIRC_IRQHandler                          0x0000037f   Thumb Code     0  startup_nano100series.o(.text)
    I2C0_IRQHandler                          0x0000037f   Thumb Code     0  startup_nano100series.o(.text)
    I2S_IRQHandler                           0x0000037f   Thumb Code     0  startup_nano100series.o(.text)
    LCD_IRQHandler                           0x0000037f   Thumb Code     0  startup_nano100series.o(.text)
    PDMA_IRQHandler                          0x0000037f   Thumb Code     0  startup_nano100series.o(.text)
    PDWU_IRQHandler                          0x0000037f   Thumb Code     0  startup_nano100series.o(.text)
    PWM0_IRQHandler                          0x0000037f   Thumb Code     0  startup_nano100series.o(.text)
    PWM1_IRQHandler                          0x0000037f   Thumb Code     0  startup_nano100series.o(.text)
    RTC_IRQHandler                           0x0000037f   Thumb Code     0  startup_nano100series.o(.text)
    SC0_IRQHandler                           0x0000037f   Thumb Code     0  startup_nano100series.o(.text)
    SC1_IRQHandler                           0x0000037f   Thumb Code     0  startup_nano100series.o(.text)
    SC2_IRQHandler                           0x0000037f   Thumb Code     0  startup_nano100series.o(.text)
    SPI0_IRQHandler                          0x0000037f   Thumb Code     0  startup_nano100series.o(.text)
    SPI1_IRQHandler                          0x0000037f   Thumb Code     0  startup_nano100series.o(.text)
    SPI2_IRQHandler                          0x0000037f   Thumb Code     0  startup_nano100series.o(.text)
    TMR0_IRQHandler                          0x0000037f   Thumb Code     0  startup_nano100series.o(.text)
    TMR1_IRQHandler                          0x0000037f   Thumb Code     0  startup_nano100series.o(.text)
    TMR2_IRQHandler                          0x0000037f   Thumb Code     0  startup_nano100series.o(.text)
    TMR3_IRQHandler                          0x0000037f   Thumb Code     0  startup_nano100series.o(.text)
    USBD_IRQHandler                          0x0000037f   Thumb Code     0  startup_nano100series.o(.text)
    remove_all_chars                         0x0000039d   Thumb Code    66  thread.o(.text)
    smsrequest                               0x000003df   Thumb Code  1860  thread.o(.text)
    __RL_RTX_VER                             0x00000482   Number         0  rt_system.o ABSOLUTE
    sms_mc60                                 0x00000b23   Thumb Code   980  thread.o(.text)
    fileclose                                0x00000ef7   Thumb Code    46  thread.o(.text)
    Save_FS                                  0x00000f25   Thumb Code   226  thread.o(.text)
    Init_Thread                              0x00001007   Thumb Code    30  thread.o(.text)
    Thread                                   0x00001025   Thumb Code   310  thread.o(.text)
    csq                                      0x0000115b   Thumb Code   878  thread.o(.text)
    actgprs                                  0x000014c9   Thumb Code   116  thread.o(.text)
    Init_Timers                              0x000015c5   Thumb Code    90  timer.o(.text)
    WDT_IRQHandler                           0x0000165f   Thumb Code    12  main.o(.text)
    clear                                    0x0000166b   Thumb Code    22  main.o(.text)
    mystrstr                                 0x00001681   Thumb Code    38  main.o(.text)
    SendAT                                   0x000016a7   Thumb Code   280  main.o(.text)
    main                                     0x000017bf   Thumb Code   474  main.o(.text)
    UART1_IRQHandler                         0x00001999   Thumb Code     2  main.o(.text)
    UART0_IRQHandler                         0x0000199b   Thumb Code    38  main.o(.text)
    SavePinSetting                           0x000019c1   Thumb Code   348  main.o(.text)
    RestorePinSetting                        0x00001b1d   Thumb Code   130  main.o(.text)
    Enter_PowerDown                          0x00001b9f   Thumb Code   108  main.o(.text)
    Leave_PowerDown                          0x00001c0b   Thumb Code    44  main.o(.text)
    GPABC_IRQHandler                         0x00001c37   Thumb Code    52  main.o(.text)
    cpinquerry                               0x00001c6b   Thumb Code   188  main.o(.text)
    cregquerry                               0x00001d27   Thumb Code   266  main.o(.text)
    SendAT_FS                                0x00001e31   Thumb Code   382  main.o(.text)
    TCP_Send_ch                              0x00001faf   Thumb Code   922  main.o(.text)
    TCP_Send                                 0x00002349   Thumb Code   754  main.o(.text)
    SendAT_GPS_WO_MUTEX                      0x0000263b   Thumb Code   818  main.o(.text)
    I2C1_IRQHandler                          0x0000296d   Thumb Code    16  main.o(.text)
    CLK_DisableCKO                           0x000029cd   Thumb Code    14  clk.o(.text)
    CLK_EnableCKO                            0x000029db   Thumb Code    36  clk.o(.text)
    CLK_PowerDown                            0x000029ff   Thumb Code    22  clk.o(.text)
    CLK_Idle                                 0x00002a15   Thumb Code    16  clk.o(.text)
    CLK_GetHXTFreq                           0x00002a25   Thumb Code    20  clk.o(.text)
    CLK_GetLXTFreq                           0x00002a39   Thumb Code    20  clk.o(.text)
    CLK_GetHCLKFreq                          0x00002a4d   Thumb Code    12  clk.o(.text)
    CLK_GetCPUFreq                           0x00002a59   Thumb Code    12  clk.o(.text)
    CLK_GetPLLClockFreq                      0x00002a65   Thumb Code   120  clk.o(.text)
    CLK_WaitClockReady                       0x00002add   Thumb Code    32  clk.o(.text)
    CLK_SetHCLK                              0x00002afd   Thumb Code    94  clk.o(.text)
    CLK_EnablePLL                            0x00002b5b   Thumb Code   200  clk.o(.text)
    CLK_EnableXtalRC                         0x00002c23   Thumb Code    72  clk.o(.text)
    CLK_SetCoreClock                         0x00002c6b   Thumb Code   128  clk.o(.text)
    CLK_SetModuleClock                       0x00002ceb   Thumb Code    96  clk.o(.text)
    CLK_DisableXtalRC                        0x00002d4b   Thumb Code    12  clk.o(.text)
    CLK_EnableModuleClock                    0x00002d57   Thumb Code    32  clk.o(.text)
    CLK_DisableModuleClock                   0x00002d77   Thumb Code    32  clk.o(.text)
    CLK_DisablePLL                           0x00002d97   Thumb Code    16  clk.o(.text)
    CLK_SysTickDelay                         0x00002da7   Thumb Code    96  clk.o(.text)
    CLK_EnableSysTick                        0x00002e07   Thumb Code    60  clk.o(.text)
    CLK_DisableSysTick                       0x00002e43   Thumb Code     8  clk.o(.text)
    GPIO_SetMode                             0x00002e51   Thumb Code    46  gpio.o(.text)
    GPIO_EnableInt                           0x00002e7f   Thumb Code    26  gpio.o(.text)
    GPIO_DisableInt                          0x00002e99   Thumb Code    22  gpio.o(.text)
    UART_ClearIntFlag                        0x00002eb5   Thumb Code   112  uart.o(.text)
    UART_Close                               0x00002f25   Thumb Code     6  uart.o(.text)
    UART_DisableFlowCtrl                     0x00002f2b   Thumb Code    10  uart.o(.text)
    UART_DisableInt                          0x00002f35   Thumb Code     8  uart.o(.text)
    UART_EnableFlowCtrl                      0x00002f3d   Thumb Code    18  uart.o(.text)
    UART_EnableInt                           0x00002f4f   Thumb Code     8  uart.o(.text)
    UART_Open                                0x00002f57   Thumb Code   148  uart.o(.text)
    UART_Read                                0x00002feb   Thumb Code    52  uart.o(.text)
    UART_SetLine_Config                      0x0000301f   Thumb Code   156  uart.o(.text)
    UART_SetTimeoutCnt                       0x000030bb   Thumb Code    20  uart.o(.text)
    UART_SelectIrDAMode                      0x000030cf   Thumb Code   156  uart.o(.text)
    UART_SelectRS485Mode                     0x0000316b   Thumb Code    22  uart.o(.text)
    UART_SelectLINMode                       0x00003181   Thumb Code    34  uart.o(.text)
    UART_Write                               0x000031a3   Thumb Code    54  uart.o(.text)
    stackDump                                0x000031e5   Thumb Code    70  retarget.o(.text)
    Hard_Fault_Handler                       0x0000322b   Thumb Code    54  retarget.o(.text)
    SendChar_ToUART                          0x00003261   Thumb Code    22  retarget.o(.text)
    SendChar                                 0x00003277   Thumb Code    12  retarget.o(.text)
    GetChar                                  0x00003283   Thumb Code    24  retarget.o(.text)
    kbhit                                    0x0000329b   Thumb Code    12  retarget.o(.text)
    IsDebugFifoEmpty                         0x000032a7   Thumb Code    14  retarget.o(.text)
    _ttywrch                                 0x000032b5   Thumb Code    12  retarget.o(.text)
    fputc                                    0x000032c1   Thumb Code    16  retarget.o(.text)
    fgetc                                    0x000032d1   Thumb Code    10  retarget.o(.text)
    ferror                                   0x000032db   Thumb Code     8  retarget.o(.text)
    send_string_to_uart1                     0x000032e3   Thumb Code    42  retarget.o(.text)
    ADC_Open                                 0x00003391   Thumb Code    58  adc.o(.text)
    ADC_Close                                0x000033cb   Thumb Code    36  adc.o(.text)
    ADC_EnableHWTrigger                      0x000033ef   Thumb Code    40  adc.o(.text)
    ADC_DisableHWTrigger                     0x00003417   Thumb Code    16  adc.o(.text)
    ADC_EnableTimerTrigger                   0x00003427   Thumb Code    40  adc.o(.text)
    ADC_DisableTimerTrigger                  0x0000344f   Thumb Code    16  adc.o(.text)
    ADC_SetExtraSampleTime                   0x0000345f   Thumb Code    92  adc.o(.text)
    ADC_EnableInt                            0x000034bb   Thumb Code    62  adc.o(.text)
    ADC_DisableInt                           0x000034f9   Thumb Code    62  adc.o(.text)
    I2C_Open                                 0x00003541   Thumb Code    58  i2c.o(.text)
    I2C_Close                                0x0000357b   Thumb Code    82  i2c.o(.text)
    I2C_ClearTimeoutFlag                     0x000035cd   Thumb Code    10  i2c.o(.text)
    I2C_Trigger                              0x000035d7   Thumb Code    56  i2c.o(.text)
    I2C_DisableInt                           0x0000360f   Thumb Code    10  i2c.o(.text)
    I2C_EnableInt                            0x00003619   Thumb Code    10  i2c.o(.text)
    I2C_GetBusClockFreq                      0x00003623   Thumb Code    20  i2c.o(.text)
    I2C_SetBusClockFreq                      0x00003637   Thumb Code    50  i2c.o(.text)
    I2C_GetIntFlag                           0x00003669   Thumb Code    16  i2c.o(.text)
    I2C_ClearIntFlag                         0x00003679   Thumb Code    10  i2c.o(.text)
    I2C_GetStatus                            0x00003683   Thumb Code     6  i2c.o(.text)
    I2C_GetData                              0x00003689   Thumb Code     6  i2c.o(.text)
    I2C_SetData                              0x0000368f   Thumb Code     4  i2c.o(.text)
    I2C_SetSlaveAddr                         0x00003693   Thumb Code    32  i2c.o(.text)
    I2C_SetSlaveAddrMask                     0x000036b3   Thumb Code    26  i2c.o(.text)
    I2C_EnableTimeout                        0x000036cd   Thumb Code    32  i2c.o(.text)
    I2C_DisableTimeout                       0x000036ed   Thumb Code    10  i2c.o(.text)
    I2C_EnableWakeup                         0x000036f7   Thumb Code    10  i2c.o(.text)
    I2C_DisableWakeup                        0x00003701   Thumb Code    10  i2c.o(.text)
    os_idle_demon                            0x00003715   Thumb Code     4  rtx_conf_cm.o(.text)
    os_error                                 0x00003719   Thumb Code    40  rtx_conf_cm.o(.text)
    __aeabi_uidiv                            0x00003741   Thumb Code     0  uidiv.o(.text)
    __aeabi_uidivmod                         0x00003741   Thumb Code    44  uidiv.o(.text)
    __aeabi_idiv                             0x0000376d   Thumb Code     0  idiv.o(.text)
    __aeabi_idivmod                          0x0000376d   Thumb Code    40  idiv.o(.text)
    __aeabi_uldivmod                         0x00003795   Thumb Code    96  uldiv.o(.text)
    __aeabi_memset                           0x000037f5   Thumb Code    14  memseta.o(.text)
    __aeabi_memset4                          0x000037f5   Thumb Code     0  memseta.o(.text)
    __aeabi_memset8                          0x000037f5   Thumb Code     0  memseta.o(.text)
    __aeabi_memclr                           0x00003803   Thumb Code     4  memseta.o(.text)
    __aeabi_memclr4                          0x00003803   Thumb Code     0  memseta.o(.text)
    __aeabi_memclr8                          0x00003803   Thumb Code     0  memseta.o(.text)
    _memset$wrapper                          0x00003807   Thumb Code    18  memseta.o(.text)
    strcat                                   0x00003819   Thumb Code    24  strcat.o(.text)
    strstr                                   0x00003831   Thumb Code    40  strstr.o(.text)
    strlen                                   0x00003859   Thumb Code    14  strlen.o(.text)
    atoi                                     0x00003867   Thumb Code    26  atoi.o(.text)
    __aeabi_dmul                             0x00003881   Thumb Code   202  dmul.o(.text)
    __aeabi_ddiv                             0x00003951   Thumb Code   234  ddiv.o(.text)
    __aeabi_ui2f                             0x00003a41   Thumb Code    14  ffltui.o(.text)
    __aeabi_f2d                              0x00003a4f   Thumb Code    40  f2d.o(.text)
    __aeabi_d2f                              0x00003a77   Thumb Code    56  d2f.o(.text)
    __aeabi_llsl                             0x00003aaf   Thumb Code    32  llshl.o(.text)
    _ll_shift_l                              0x00003aaf   Thumb Code     0  llshl.o(.text)
    __aeabi_llsr                             0x00003acf   Thumb Code    34  llushr.o(.text)
    _ll_ushift_r                             0x00003acf   Thumb Code     0  llushr.o(.text)
    strtol                                   0x00003af1   Thumb Code   108  strtol.o(.text)
    __I$use$fp                               0x00003b61   Thumb Code     0  iusefp.o(.text)
    _float_round                             0x00003b61   Thumb Code    16  fepilogue.o(.text)
    _float_epilogue                          0x00003b71   Thumb Code   114  fepilogue.o(.text)
    _double_round                            0x00003be3   Thumb Code    26  depilogue.o(.text)
    _double_epilogue                         0x00003bfd   Thumb Code   164  depilogue.o(.text)
    __aeabi_dadd                             0x00003ca1   Thumb Code   328  dadd.o(.text)
    __aeabi_dsub                             0x00003de9   Thumb Code    12  dadd.o(.text)
    __aeabi_drsub                            0x00003df5   Thumb Code    12  dadd.o(.text)
    __aeabi_d2ulz                            0x00003e05   Thumb Code    54  dfixul.o(.text)
    __aeabi_cdrcmple                         0x00003e45   Thumb Code    38  cdrcmple.o(.text)
    __scatterload                            0x00003e6d   Thumb Code    28  init.o(.text)
    __scatterload_rt2                        0x00003e6d   Thumb Code     0  init.o(.text)
    __aeabi_lasr                             0x00003e91   Thumb Code    38  llsshr.o(.text)
    _ll_sshift_r                             0x00003e91   Thumb Code     0  llsshr.o(.text)
    __rt_ctype_table                         0x00003eb9   Thumb Code     4  ctype_o.o(.text)
    _strtoul                                 0x00003ec1   Thumb Code   166  _strtoul.o(.text)
    _chval                                   0x00003f67   Thumb Code    30  _chval.o(.text)
    SVC_Count                                0x00003f84   Data           4  svc_table.o(SVC_TABLE)
    SVC_Table                                0x00003f88   Data           0  svc_table.o(SVC_TABLE)
    SYS_Init                                 0x00003f89   Thumb Code   290  main.o(i.SYS_Init)
    SendAT_GPS                               0x000040bd   Thumb Code  2380  main.o(i.SendAT_GPS)
    __0printf                                0x00004a11   Thumb Code    24  printfa.o(i.__0printf)
    __1printf                                0x00004a11   Thumb Code     0  printfa.o(i.__0printf)
    __2printf                                0x00004a11   Thumb Code     0  printfa.o(i.__0printf)
    __c89printf                              0x00004a11   Thumb Code     0  printfa.o(i.__0printf)
    printf                                   0x00004a11   Thumb Code     0  printfa.o(i.__0printf)
    __0sprintf                               0x00004a31   Thumb Code    36  printfa.o(i.__0sprintf)
    __1sprintf                               0x00004a31   Thumb Code     0  printfa.o(i.__0sprintf)
    __2sprintf                               0x00004a31   Thumb Code     0  printfa.o(i.__0sprintf)
    __c89sprintf                             0x00004a31   Thumb Code     0  printfa.o(i.__0sprintf)
    sprintf                                  0x00004a31   Thumb Code     0  printfa.o(i.__0sprintf)
    __ARM_clz                                0x00004a59   Thumb Code    46  depilogue.o(i.__ARM_clz)
    __ARM_common_ll_muluu                    0x00004a87   Thumb Code    48  rt_cmsis.o(i.__ARM_common_ll_muluu)
    __aeabi_errno_addr                       0x00004ab9   Thumb Code     4  errno.o(i.__aeabi_errno_addr)
    __rt_errno_addr                          0x00004ab9   Thumb Code     0  errno.o(i.__aeabi_errno_addr)
    __scatterload_copy                       0x00004ac1   Thumb Code    14  handlers.o(i.__scatterload_copy)
    __scatterload_null                       0x00004acf   Thumb Code     2  handlers.o(i.__scatterload_null)
    __scatterload_zeroinit                   0x00004ad1   Thumb Code    14  handlers.o(i.__scatterload_zeroinit)
    _init_box                                0x00004c55   Thumb Code    72  rt_membox.o(i._init_box)
    checkallnumsinstring                     0x000053df   Thumb Code    50  main.o(i.checkallnumsinstring)
    fileopen                                 0x00005411   Thumb Code   136  thread.o(i.fileopen)
    isrMessageGet                            0x000054c5   Thumb Code    46  rt_cmsis.o(i.isrMessageGet)
    isrMessagePut                            0x000054f3   Thumb Code    48  rt_cmsis.o(i.isrMessagePut)
    isrSignalSet                             0x00005523   Thumb Code    38  rt_cmsis.o(i.isrSignalSet)
    isr_evt_set                              0x00005549   Thumb Code    30  rt_event.o(i.isr_evt_set)
    isr_mbx_receive                          0x0000556d   Thumb Code    76  rt_mailbox.o(i.isr_mbx_receive)
    isr_mbx_send                             0x000055b9   Thumb Code    12  rt_mailbox.o(i.isr_mbx_send)
    loop                                     0x000055c5   Thumb Code    80  main.o(i.loop)
    manualdelay                              0x00005641   Thumb Code    24  thread.o(i.manualdelay)
    osDelay                                  0x0000565d   Thumb Code    22  rt_cmsis.o(i.osDelay)
    osKernelInitialize                       0x00005679   Thumb Code    36  rt_cmsis.o(i.osKernelInitialize)
    osKernelStart                            0x000056a1   Thumb Code   100  rt_cmsis.o(i.osKernelStart)
    osMessageGet                             0x0000570d   Thumb Code    24  rt_cmsis.o(i.osMessageGet)
    osMutexCreate                            0x00005729   Thumb Code    44  rt_cmsis.o(i.osMutexCreate)
    osMutexRelease                           0x0000575d   Thumb Code    22  rt_cmsis.o(i.osMutexRelease)
    osMutexWait                              0x00005779   Thumb Code    22  rt_cmsis.o(i.osMutexWait)
    osSignalClear                            0x00005795   Thumb Code    24  rt_cmsis.o(i.osSignalClear)
    osSignalSet                              0x000057b1   Thumb Code    24  rt_cmsis.o(i.osSignalSet)
    osSignalWait                             0x000057cd   Thumb Code    22  rt_cmsis.o(i.osSignalWait)
    osThreadCreate                           0x000057e9   Thumb Code    44  rt_cmsis.o(i.osThreadCreate)
    osThreadExit                             0x0000581d   Thumb Code    14  rt_cmsis.o(i.osThreadExit)
    osTimerCall                              0x00005835   Thumb Code    10  rt_cmsis.o(i.osTimerCall)
    osTimerCreate                            0x00005845   Thumb Code    44  rt_cmsis.o(i.osTimerCreate)
    osTimerStart                             0x00005879   Thumb Code    22  rt_cmsis.o(i.osTimerStart)
    osTimerThread                            0x00005895   Thumb Code    38  rt_cmsis.o(i.osTimerThread)
    os_tick_init                             0x000058c1   Thumb Code    32  rt_system.o(i.os_tick_init)
    os_tick_irqack                           0x000058ed   Thumb Code     2  rt_system.o(i.os_tick_irqack)
    parse_g                                  0x000058f1   Thumb Code   156  main.o(i.parse_g)
    rt_alloc_box                             0x00005991   Thumb Code    30  rt_membox.o(i.rt_alloc_box)
    rt_alloc_mem                             0x000059af   Thumb Code    66  rt_memory.o(i.rt_alloc_mem)
    rt_block                                 0x000059f1   Thumb Code    42  rt_task.o(i.rt_block)
    rt_chk_robin                             0x00005a29   Thumb Code    56  rt_robin.o(i.rt_chk_robin)
    rt_dec_dly                               0x00005a6d   Thumb Code   108  rt_list.o(i.rt_dec_dly)
    rt_dispatch                              0x00005ae1   Thumb Code    56  rt_task.o(i.rt_dispatch)
    rt_dly_wait                              0x00005b21   Thumb Code    10  rt_time.o(i.rt_dly_wait)
    rt_evt_clr                               0x00005b2d   Thumb Code    22  rt_event.o(i.rt_evt_clr)
    rt_evt_psh                               0x00005b49   Thumb Code    74  rt_event.o(i.rt_evt_psh)
    rt_evt_set                               0x00005b99   Thumb Code    86  rt_event.o(i.rt_evt_set)
    rt_evt_wait                              0x00005bf5   Thumb Code    58  rt_event.o(i.rt_evt_wait)
    rt_free_box                              0x00005c35   Thumb Code    38  rt_membox.o(i.rt_free_box)
    rt_free_mem                              0x00005c5b   Thumb Code    48  rt_memory.o(i.rt_free_mem)
    rt_get_first                             0x00005c8b   Thumb Code    42  rt_list.o(i.rt_get_first)
    rt_init_mem                              0x00005d05   Thumb Code    28  rt_memory.o(i.rt_init_mem)
    rt_init_robin                            0x00005d21   Thumb Code    14  rt_robin.o(i.rt_init_robin)
    rt_init_stack                            0x00005d39   Thumb Code   106  hal_cm.o(i.rt_init_stack)
    rt_mbx_check                             0x00005db1   Thumb Code     8  rt_mailbox.o(i.rt_mbx_check)
    rt_mbx_init                              0x00005db9   Thumb Code    30  rt_mailbox.o(i.rt_mbx_init)
    rt_mbx_psh                               0x00005ddd   Thumb Code   204  rt_mailbox.o(i.rt_mbx_psh)
    rt_mbx_wait                              0x00005ead   Thumb Code   170  rt_mailbox.o(i.rt_mbx_wait)
    rt_mut_init                              0x00005fa1   Thumb Code    16  rt_mutex.o(i.rt_mut_init)
    rt_mut_release                           0x00005fb1   Thumb Code   206  rt_mutex.o(i.rt_mut_release)
    rt_mut_wait                              0x00006089   Thumb Code   118  rt_mutex.o(i.rt_mut_wait)
    rt_pop_req                               0x00006109   Thumb Code   100  rt_system.o(i.rt_pop_req)
    rt_psh_req                               0x00006179   Thumb Code    24  rt_system.o(i.rt_psh_req)
    rt_psq_enq                               0x00006199   Thumb Code    60  rt_list.o(i.rt_psq_enq)
    rt_put_dly                               0x000061d9   Thumb Code    74  rt_list.o(i.rt_put_dly)
    rt_put_prio                              0x00006229   Thumb Code    60  rt_list.o(i.rt_put_prio)
    rt_put_rdy_first                         0x00006265   Thumb Code    14  rt_list.o(i.rt_put_rdy_first)
    rt_resort_prio                           0x00006279   Thumb Code    44  rt_list.o(i.rt_resort_prio)
    rt_ret_val                               0x000062a9   Thumb Code     6  hal_cm.o(i.rt_ret_val)
    rt_ret_val2                              0x000062af   Thumb Code     8  hal_cm.o(i.rt_ret_val2)
    rt_rmv_dly                               0x000062b7   Thumb Code    42  rt_list.o(i.rt_rmv_dly)
    rt_rmv_list                              0x000062e1   Thumb Code    46  rt_list.o(i.rt_rmv_list)
    rt_sem_psh                               0x00006315   Thumb Code    48  rt_semaphore.o(i.rt_sem_psh)
    rt_stk_check                             0x00006349   Thumb Code    30  rt_system.o(i.rt_stk_check)
    rt_switch_req                            0x00006371   Thumb Code    10  rt_task.o(i.rt_switch_req)
    rt_sys_init                              0x00006381   Thumb Code   134  rt_task.o(i.rt_sys_init)
    rt_sys_start                             0x00006449   Thumb Code    82  rt_task.o(i.rt_sys_start)
    rt_systick                               0x000064ad   Thumb Code    48  rt_system.o(i.rt_systick)
    rt_tsk_create                            0x00006579   Thumb Code   106  rt_task.o(i.rt_tsk_create)
    rt_tsk_delete                            0x000065f1   Thumb Code   318  rt_task.o(i.rt_tsk_delete)
    rt_tsk_prio                              0x00006749   Thumb Code   112  rt_task.o(i.rt_tsk_prio)
    rt_tsk_self                              0x000067c9   Thumb Code    12  rt_task.o(i.rt_tsk_self)
    strreplace                               0x000067d9   Thumb Code    26  thread.o(i.strreplace)
    svcDelay                                 0x000067f3   Thumb Code    18  rt_cmsis.o(i.svcDelay)
    svcKernelInitialize                      0x00006805   Thumb Code    86  rt_cmsis.o(i.svcKernelInitialize)
    svcKernelStart                           0x0000687d   Thumb Code    66  rt_cmsis.o(i.svcKernelStart)
    svcMessageCreate                         0x000068c9   Thumb Code    42  rt_cmsis.o(i.svcMessageCreate)
    svcMessageGet                            0x000068f3   Thumb Code    60  rt_cmsis.o(i.svcMessageGet)
    svcMutexCreate                           0x0000692f   Thumb Code    32  rt_cmsis.o(i.svcMutexCreate)
    svcMutexRelease                          0x0000694f   Thumb Code    36  rt_cmsis.o(i.svcMutexRelease)
    svcMutexWait                             0x00006973   Thumb Code    60  rt_cmsis.o(i.svcMutexWait)
    svcSignalClear                           0x000069af   Thumb Code    38  rt_cmsis.o(i.svcSignalClear)
    svcSignalSet                             0x000069d5   Thumb Code    38  rt_cmsis.o(i.svcSignalSet)
    svcSignalWait                            0x000069fd   Thumb Code    82  rt_cmsis.o(i.svcSignalWait)
    svcThreadCreate                          0x00006a59   Thumb Code   102  rt_cmsis.o(i.svcThreadCreate)
    svcThreadGetId                           0x00006acd   Thumb Code    22  rt_cmsis.o(i.svcThreadGetId)
    svcThreadTerminate                       0x00006ae9   Thumb Code    56  rt_cmsis.o(i.svcThreadTerminate)
    svcTimerCall                             0x00006b25   Thumb Code    28  rt_cmsis.o(i.svcTimerCall)
    svcTimerCreate                           0x00006b41   Thumb Code    60  rt_cmsis.o(i.svcTimerCreate)
    svcTimerStart                            0x00006b81   Thumb Code   104  rt_cmsis.o(i.svcTimerStart)
    sysTimerTick                             0x00006bed   Thumb Code    78  rt_cmsis.o(i.sysTimerTick)
    os_thread_def_Thread                     0x00006c44   Data          16  thread.o(.constdata)
    os_timer_def_Timer1                      0x00006c54   Data           8  timer.o(.constdata)
    os_timer_def_Timer2                      0x00006c5c   Data           8  timer.o(.constdata)
    os_mutex_def_uart_mutex                  0x00006c64   Data           4  main.o(.constdata)
    os_mutex_def_tcp_mutex                   0x00006c68   Data           4  main.o(.constdata)
    os_mutex_def_fs_mutex                    0x00006c6c   Data           4  main.o(.constdata)
    os_maxtaskrun                            0x00006cb0   Data           2  rtx_conf_cm.o(.constdata)
    os_stackinfo                             0x00006cb4   Data           4  rtx_conf_cm.o(.constdata)
    os_rrobin                                0x00006cb8   Data           4  rtx_conf_cm.o(.constdata)
    os_tickfreq                              0x00006cbc   Data           4  rtx_conf_cm.o(.constdata)
    os_tickus_i                              0x00006cc0   Data           2  rtx_conf_cm.o(.constdata)
    os_tickus_f                              0x00006cc2   Data           2  rtx_conf_cm.o(.constdata)
    os_trv                                   0x00006cc4   Data           4  rtx_conf_cm.o(.constdata)
    os_flags                                 0x00006cc8   Data           1  rtx_conf_cm.o(.constdata)
    CMSIS_RTOS_API_Version                   0x00006ccc   Data           4  rtx_conf_cm.o(.constdata)
    CMSIS_RTOS_RTX_Version                   0x00006cd0   Data           4  rtx_conf_cm.o(.constdata)
    os_clockrate                             0x00006cd4   Data           4  rtx_conf_cm.o(.constdata)
    os_timernum                              0x00006cd8   Data           4  rtx_conf_cm.o(.constdata)
    mp_tcb_size                              0x00006cdc   Data           2  rtx_conf_cm.o(.constdata)
    mp_stk_size                              0x00006ce0   Data           4  rtx_conf_cm.o(.constdata)
    os_stack_sz                              0x00006ce4   Data           4  rtx_conf_cm.o(.constdata)
    os_fifo_size                             0x00006ce8   Data           1  rtx_conf_cm.o(.constdata)
    os_thread_def_osTimerThread              0x00006cec   Data          16  rtx_conf_cm.o(.constdata)
    os_messageQ_def_osTimerMessageQ          0x00006cfc   Data           8  rtx_conf_cm.o(.constdata)
    mp_tmr_size                              0x00006d04   Data           2  rtx_conf_cm.o(.constdata)
    os_thread_def_main                       0x00006d08   Data          16  rtx_conf_cm.o(.constdata)
    __ctype_table                            0x00006d18   Data         129  ctype_o.o(.constdata)
    Region$$Table$$Base                      0x00006fe4   Number         0  anon$$obj.o(Region$$Table)
    Region$$Table$$Limit                     0x00007004   Number         0  anon$$obj.o(Region$$Table)
    SystemCoreClock                          0x20000000   Data           4  system_nano100series.o(.data)
    CyclesPerUs                              0x20000004   Data           4  system_nano100series.o(.data)
    send_on                                  0x20000008   Data           4  thread.o(.data)
    signalquality                            0x2000000c   Data           5  thread.o(.data)
    IP                                       0x20000011   Data          50  thread.o(.data)
    PORT                                     0x20000043   Data           6  thread.o(.data)
    start_thead                              0x2000004c   Data           4  thread.o(.data)
    signal                                   0x20000050   Data           4  thread.o(.data)
    signal2                                  0x20000054   Data           4  thread.o(.data)
    tid_Thread                               0x20000058   Data           4  thread.o(.data)
    time                                     0x20000060   Data           1  timer.o(.data)
    life                                     0x20000064   Data           4  timer.o(.data)
    i2ctimeout                               0x20000068   Data           1  timer.o(.data)
    uart_mutex_id                            0x20000080   Data           4  main.o(.data)
    tcp_mutex_id                             0x20000084   Data           4  main.o(.data)
    fs_mutex_id                              0x20000088   Data           4  main.o(.data)
    g_u8DeviceAddr                           0x2000008c   Data           1  main.o(.data)
    u32Status                                0x20000090   Data           4  main.o(.data)
    g_au8TxData                              0x20000094   Data           1  main.o(.data)
    g_u8RxData                               0x20000095   Data           1  main.o(.data)
    g_u8DataLen                              0x20000096   Data           1  main.o(.data)
    sendfs                                   0x20000097   Data           1  main.o(.data)
    g_u8EndFlag                              0x20000098   Data           1  main.o(.data)
    packethistory                            0x20000099   Data           1  main.o(.data)
    inc                                      0x2000009c   Data           4  main.o(.data)
    u8InChar                                 0x200000a0   Data           1  main.o(.data)
    g_u8RecDataptr                           0x200000a4   Data           4  main.o(.data)
    timer0ticks                              0x200000a8   Data           4  main.o(.data)
    tmr0sec                                  0x200000ac   Data           4  main.o(.data)
    u32ADC0Result                            0x200000b0   Data           4  main.o(.data)
    u32ADC0Result1                           0x200000b4   Data           4  main.o(.data)
    charging                                 0x200000b8   Data           1  main.o(.data)
    cpinready                                0x200000b9   Data           1  main.o(.data)
    cregready                                0x200000ba   Data           1  main.o(.data)
    motion_counts                            0x200000bc   Data           4  main.o(.data)
    immotion_counts                          0x200000c0   Data           4  main.o(.data)
    seeker                                   0x200000c4   Data           4  main.o(.data)
    breaker                                  0x200000c8   Data           4  main.o(.data)
    _Wakeup_Flag                             0x200000cc   Data           4  main.o(.data)
    RI                                       0x200000d0   Data           1  main.o(.data)
    r1                                       0x200000d4   Data           4  main.o(.data)
    r2                                       0x200000d8   Data           4  main.o(.data)
    r3                                       0x200000dc   Data           4  main.o(.data)
    g_u32comRbytes                           0x200000e0   Data           4  main.o(.data)
    g_u32comRhead                            0x200000e4   Data           4  main.o(.data)
    g_u32comRtail                            0x200000e8   Data           4  main.o(.data)
    g_bWait                                  0x200000ec   Data           4  main.o(.data)
    u8ADF                                    0x200000f0   Data           1  main.o(.data)
    mainla                                   0x200000f1   Data           1  main.o(.data)
    th1la                                    0x200000f2   Data           1  main.o(.data)
    th2la                                    0x200000f3   Data           1  main.o(.data)
    freq                                     0x200000f4   Data           1  main.o(.data)
    g_i32pointer                             0x200000f8   Data           4  main.o(.data)
    network                                  0x200000fc   Data           4  main.o(.data)
    imeiptr0                                 0x20000100   Data           4  main.o(.data)
    OUT_P                                    0x20000108   Data           8  main.o(.data)
    OUT_N                                    0x20000110   Data           8  main.o(.data)
    motion                                   0x20000118   Data           4  main.o(.data)
    imeiptr                                  0x2000011c   Data           4  main.o(.data)
    vehicleregnum                            0x20000120   Data          15  main.o(.data)
    __stdout                                 0x20000134   Data           4  retarget.o(.data)
    __stdin                                  0x20000138   Data           4  retarget.o(.data)
    osThreadId_osTimerThread                 0x2000013c   Data           4  rtx_conf_cm.o(.data)
    osMessageQId_osTimerMessageQ             0x20000140   Data           4  rtx_conf_cm.o(.data)
    os_tmr                                   0x20000144   Data           4  rtx_conf_cm.o(.data)
    m_tmr                                    0x20000148   Data           4  rtx_conf_cm.o(.data)
    os_initialized                           0x2000014c   Data           1  rt_cmsis.o(.data)
    os_running                               0x2000014d   Data           1  rt_cmsis.o(.data)
    os_timer_head                            0x20000150   Data           4  rt_cmsis.o(.data)
    os_tsk                                   0x20000154   Data           8  rt_task.o(.data)
    os_tick_irqn                             0x20000160   Data           4  rt_system.o(.data)
    os_time                                  0x20000164   Data           4  rt_time.o(.data)
    os_robin                                 0x20000168   Data           8  rt_robin.o(.data)
    ph_num                                   0x20000174   Data          15  thread.o(.bss)
    sender_num                               0x20000183   Data          15  thread.o(.bss)
    temp_fs                                  0x20000192   Data         100  thread.o(.bss)
    fileinstance                             0x200001f6   Data          20  thread.o(.bss)
    debug_at                                 0x2000020a   Data         200  thread.o(.bss)
    os_mutex_cb_uart_mutex                   0x20000304   Data          16  main.o(.bss)
    os_mutex_cb_tcp_mutex                    0x20000314   Data          16  main.o(.bss)
    os_mutex_cb_fs_mutex                     0x20000324   Data          16  main.o(.bss)
    g_u8SendData                             0x20000334   Data        3500  main.o(.bss)
    g_u8RecData                              0x200010e0   Data         550  main.o(.bss)
    _Pin_Setting                             0x20001308   Data          44  main.o(.bss)
    _PullUp_Setting                          0x20001334   Data          24  main.o(.bss)
    temp                                     0x2000134c   Data         100  main.o(.bss)
    imei                                     0x200013b0   Data          25  main.o(.bss)
    dmsg                                     0x200013c9   Data         100  main.o(.bss)
    mp_tcb                                   0x20001430   Data         168  rtx_conf_cm.o(.bss)
    mp_stk                                   0x200014d8   Data        2272  rtx_conf_cm.o(.bss)
    os_stack_mem                             0x20001db8   Data        6392  rtx_conf_cm.o(.bss)
    os_fifo                                  0x200036b0   Data         132  rtx_conf_cm.o(.bss)
    os_active_TCB                            0x20003734   Data          12  rtx_conf_cm.o(.bss)
    os_messageQ_q_osTimerMessageQ            0x20003740   Data          32  rtx_conf_cm.o(.bss)
    os_idle_TCB                              0x20003760   Data          52  rt_task.o(.bss)
    os_rdy                                   0x20003794   Data          24  rt_list.o(.bss)
    os_dly                                   0x200037ac   Data          24  rt_list.o(.bss)
    __initial_sp                             0x20003cc8   Data           0  startup_nano100series.o(STACK)



==============================================================================

Memory Map of the image

  Image Entry point : 0x00000359

  Load Region LR_1 (Base: 0x00000000, Size: 0x00007178, Max: 0xffffffff, ABSOLUTE)

    Execution Region ER_RO (Exec base: 0x00000000, Load base: 0x00000000, Size: 0x00007004, Max: 0xffffffff, ABSOLUTE)

    Exec Addr    Load Addr    Size         Type   Attr      Idx    E Section Name        Object

    0x00000000   0x00000000   0x000000c0   Data   RO          118    RESET               startup_nano100series.o
    0x000000c0   0x000000c0   0x00000000   Code   RO         1781  * .ARM.Collect$$$$00000000  mc_p.l(entry.o)
    0x000000c0   0x000000c0   0x00000004   Code   RO         2069    .ARM.Collect$$$$00000001  mc_p.l(entry2.o)
    0x000000c4   0x000000c4   0x00000004   Code   RO         2072    .ARM.Collect$$$$00000004  mc_p.l(entry5.o)
    0x000000c8   0x000000c8   0x00000000   Code   RO         2074    .ARM.Collect$$$$00000008  mc_p.l(entry7b.o)
    0x000000c8   0x000000c8   0x00000000   Code   RO         2076    .ARM.Collect$$$$0000000A  mc_p.l(entry8b.o)
    0x000000c8   0x000000c8   0x00000000   Code   RO         2077    .ARM.Collect$$$$0000000D  mc_p.l(entry10a.o)
    0x000000c8   0x000000c8   0x00000000   Code   RO         2079    .ARM.Collect$$$$0000000F  mc_p.l(entry11a.o)
    0x000000c8   0x000000c8   0x00000018   Code   RO          564    .ARM.Collect$$$$000000FF  rtx_conf_cm.o
    0x000000e0   0x000000e0   0x00000004   Code   RO         2070    .ARM.Collect$$$$00002712  mc_p.l(entry2.o)
    0x000000e4   0x000000e4   0x0000001c   Code   RO          422    .emb_text           retarget.o
    0x00000100   0x00000100   0x00000164   Code   RO         1768    .emb_text           RTX_CM0.lib(hal_cm0.o)
    0x00000264   0x00000264   0x000000f4   Code   RO            3    .text               system_nano100series.o
    0x00000358   0x00000358   0x00000044   Code   RO          119  * .text               startup_nano100series.o
    0x0000039c   0x0000039c   0x00001204   Code   RO          125    .text               thread.o
    0x000015a0   0x000015a0   0x000000a4   Code   RO          188    .text               timer.o
    0x00001644   0x00001644   0x00001388   Code   RO          239    .text               main.o
    0x000029cc   0x000029cc   0x00000484   Code   RO          356    .text               clk.o
    0x00002e50   0x00002e50   0x00000064   Code   RO          377    .text               gpio.o
    0x00002eb4   0x00002eb4   0x00000330   Code   RO          397    .text               uart.o
    0x000031e4   0x000031e4   0x000001ac   Code   RO          423    .text               retarget.o
    0x00003390   0x00003390   0x000001b0   Code   RO          459    .text               adc.o
    0x00003540   0x00003540   0x000001d4   Code   RO          519    .text               i2c.o
    0x00003714   0x00003714   0x0000002c   Code   RO          565    .text               rtx_conf_cm.o
    0x00003740   0x00003740   0x0000002c   Code   RO         1782    .text               mc_p.l(uidiv.o)
    0x0000376c   0x0000376c   0x00000028   Code   RO         1784    .text               mc_p.l(idiv.o)
    0x00003794   0x00003794   0x00000060   Code   RO         1786    .text               mc_p.l(uldiv.o)
    0x000037f4   0x000037f4   0x00000024   Code   RO         1788    .text               mc_p.l(memseta.o)
    0x00003818   0x00003818   0x00000018   Code   RO         1790    .text               mc_p.l(strcat.o)
    0x00003830   0x00003830   0x00000028   Code   RO         1792    .text               mc_p.l(strstr.o)
    0x00003858   0x00003858   0x0000000e   Code   RO         1794    .text               mc_p.l(strlen.o)
    0x00003866   0x00003866   0x0000001a   Code   RO         2057    .text               mc_p.l(atoi.o)
    0x00003880   0x00003880   0x000000d0   Code   RO         2059    .text               mf_p.l(dmul.o)
    0x00003950   0x00003950   0x000000f0   Code   RO         2061    .text               mf_p.l(ddiv.o)
    0x00003a40   0x00003a40   0x0000000e   Code   RO         2063    .text               mf_p.l(ffltui.o)
    0x00003a4e   0x00003a4e   0x00000028   Code   RO         2065    .text               mf_p.l(f2d.o)
    0x00003a76   0x00003a76   0x00000038   Code   RO         2067    .text               mf_p.l(d2f.o)
    0x00003aae   0x00003aae   0x00000020   Code   RO         2081    .text               mc_p.l(llshl.o)
    0x00003ace   0x00003ace   0x00000022   Code   RO         2083    .text               mc_p.l(llushr.o)
    0x00003af0   0x00003af0   0x00000070   Code   RO         2092    .text               mc_p.l(strtol.o)
    0x00003b60   0x00003b60   0x00000000   Code   RO         2094    .text               mc_p.l(iusefp.o)
    0x00003b60   0x00003b60   0x00000082   Code   RO         2095    .text               mf_p.l(fepilogue.o)
    0x00003be2   0x00003be2   0x000000be   Code   RO         2097    .text               mf_p.l(depilogue.o)
    0x00003ca0   0x00003ca0   0x00000164   Code   RO         2101    .text               mf_p.l(dadd.o)
    0x00003e04   0x00003e04   0x00000040   Code   RO         2103    .text               mf_p.l(dfixul.o)
    0x00003e44   0x00003e44   0x00000028   Code   RO         2105    .text               mf_p.l(cdrcmple.o)
    0x00003e6c   0x00003e6c   0x00000024   Code   RO         2107    .text               mc_p.l(init.o)
    0x00003e90   0x00003e90   0x00000026   Code   RO         2109    .text               mc_p.l(llsshr.o)
    0x00003eb6   0x00003eb6   0x00000002   PAD
    0x00003eb8   0x00003eb8   0x00000008   Code   RO         2111    .text               mc_p.l(ctype_o.o)
    0x00003ec0   0x00003ec0   0x000000a6   Code   RO         2139    .text               mc_p.l(_strtoul.o)
    0x00003f66   0x00003f66   0x0000001e   Code   RO         2141    .text               mc_p.l(_chval.o)
    0x00003f84   0x00003f84   0x00000004   Code   RO         1778    SVC_TABLE           RTX_CM0.lib(svc_table.o)
    0x00003f88   0x00003f88   0x00000134   Code   RO          260    i.SYS_Init          main.o
    0x000040bc   0x000040bc   0x00000954   Code   RO          278    i.SendAT_GPS        main.o
    0x00004a10   0x00004a10   0x00000020   Code   RO         2029    i.__0printf         mc_p.l(printfa.o)
    0x00004a30   0x00004a30   0x00000028   Code   RO         2031    i.__0sprintf        mc_p.l(printfa.o)
    0x00004a58   0x00004a58   0x0000002e   Code   RO         2099    i.__ARM_clz         mf_p.l(depilogue.o)
    0x00004a86   0x00004a86   0x00000030   Code   RO         1164    i.__ARM_common_ll_muluu  RTX_CM0.lib(rt_cmsis.o)
    0x00004ab6   0x00004ab6   0x00000002   PAD
    0x00004ab8   0x00004ab8   0x00000008   Code   RO         2085    i.__aeabi_errno_addr  mc_p.l(errno.o)
    0x00004ac0   0x00004ac0   0x0000000e   Code   RO         2145    i.__scatterload_copy  mc_p.l(handlers.o)
    0x00004ace   0x00004ace   0x00000002   Code   RO         2146    i.__scatterload_null  mc_p.l(handlers.o)
    0x00004ad0   0x00004ad0   0x0000000e   Code   RO         2147    i.__scatterload_zeroinit  mc_p.l(handlers.o)
    0x00004ade   0x00004ade   0x00000002   PAD
    0x00004ae0   0x00004ae0   0x00000174   Code   RO         2036    i._fp_digits        mc_p.l(printfa.o)
    0x00004c54   0x00004c54   0x00000048   Code   RO         1670    i._init_box         RTX_CM0.lib(rt_membox.o)
    0x00004c9c   0x00004c9c   0x000006ec   Code   RO         2037    i._printf_core      mc_p.l(printfa.o)
    0x00005388   0x00005388   0x00000020   Code   RO         2038    i._printf_post_padding  mc_p.l(printfa.o)
    0x000053a8   0x000053a8   0x0000002c   Code   RO         2039    i._printf_pre_padding  mc_p.l(printfa.o)
    0x000053d4   0x000053d4   0x0000000a   Code   RO         2041    i._sputc            mc_p.l(printfa.o)
    0x000053de   0x000053de   0x00000032   Code   RO          272    i.checkallnumsinstring  main.o
    0x00005410   0x00005410   0x000000b4   Code   RO          158    i.fileopen          thread.o
    0x000054c4   0x000054c4   0x0000002e   Code   RO          601    i.isrMessageGet     RTX_CM0.lib(rt_cmsis.o)
    0x000054f2   0x000054f2   0x00000030   Code   RO          602    i.isrMessagePut     RTX_CM0.lib(rt_cmsis.o)
    0x00005522   0x00005522   0x00000026   Code   RO          604    i.isrSignalSet      RTX_CM0.lib(rt_cmsis.o)
    0x00005548   0x00005548   0x00000024   Code   RO         1394    i.isr_evt_set       RTX_CM0.lib(rt_event.o)
    0x0000556c   0x0000556c   0x0000004c   Code   RO         1516    i.isr_mbx_receive   RTX_CM0.lib(rt_mailbox.o)
    0x000055b8   0x000055b8   0x0000000c   Code   RO         1517    i.isr_mbx_send      RTX_CM0.lib(rt_mailbox.o)
    0x000055c4   0x000055c4   0x0000007c   Code   RO          284    i.loop              main.o
    0x00005640   0x00005640   0x0000001c   Code   RO          152    i.manualdelay       thread.o
    0x0000565c   0x0000565c   0x0000001c   Code   RO          605    i.osDelay           RTX_CM0.lib(rt_cmsis.o)
    0x00005678   0x00005678   0x00000028   Code   RO          606    i.osKernelInitialize  RTX_CM0.lib(rt_cmsis.o)
    0x000056a0   0x000056a0   0x0000006c   Code   RO          608    i.osKernelStart     RTX_CM0.lib(rt_cmsis.o)
    0x0000570c   0x0000570c   0x0000001c   Code   RO          617    i.osMessageGet      RTX_CM0.lib(rt_cmsis.o)
    0x00005728   0x00005728   0x00000034   Code   RO          619    i.osMutexCreate     RTX_CM0.lib(rt_cmsis.o)
    0x0000575c   0x0000575c   0x0000001c   Code   RO          621    i.osMutexRelease    RTX_CM0.lib(rt_cmsis.o)
    0x00005778   0x00005778   0x0000001c   Code   RO          622    i.osMutexWait       RTX_CM0.lib(rt_cmsis.o)
    0x00005794   0x00005794   0x0000001c   Code   RO          631    i.osSignalClear     RTX_CM0.lib(rt_cmsis.o)
    0x000057b0   0x000057b0   0x0000001c   Code   RO          632    i.osSignalSet       RTX_CM0.lib(rt_cmsis.o)
    0x000057cc   0x000057cc   0x0000001c   Code   RO          633    i.osSignalWait      RTX_CM0.lib(rt_cmsis.o)
    0x000057e8   0x000057e8   0x00000034   Code   RO          634    i.osThreadCreate    RTX_CM0.lib(rt_cmsis.o)
    0x0000581c   0x0000581c   0x00000018   Code   RO          635    i.osThreadExit      RTX_CM0.lib(rt_cmsis.o)
    0x00005834   0x00005834   0x00000010   Code   RO          641    i.osTimerCall       RTX_CM0.lib(rt_cmsis.o)
    0x00005844   0x00005844   0x00000034   Code   RO          642    i.osTimerCreate     RTX_CM0.lib(rt_cmsis.o)
    0x00005878   0x00005878   0x0000001c   Code   RO          644    i.osTimerStart      RTX_CM0.lib(rt_cmsis.o)
    0x00005894   0x00005894   0x0000002c   Code   RO          646    i.osTimerThread     RTX_CM0.lib(rt_cmsis.o)
    0x000058c0   0x000058c0   0x0000002c   Code   RO         1304    i.os_tick_init      RTX_CM0.lib(rt_system.o)
    0x000058ec   0x000058ec   0x00000002   Code   RO         1305    i.os_tick_irqack    RTX_CM0.lib(rt_system.o)
    0x000058ee   0x000058ee   0x00000002   PAD
    0x000058f0   0x000058f0   0x000000a0   Code   RO          266    i.parse_g           main.o
    0x00005990   0x00005990   0x0000001e   Code   RO         1671    i.rt_alloc_box      RTX_CM0.lib(rt_membox.o)
    0x000059ae   0x000059ae   0x00000042   Code   RO         1699    i.rt_alloc_mem      RTX_CM0.lib(rt_memory.o)
    0x000059f0   0x000059f0   0x00000038   Code   RO         1219    i.rt_block          RTX_CM0.lib(rt_task.o)
    0x00005a28   0x00005a28   0x00000044   Code   RO         1747    i.rt_chk_robin      RTX_CM0.lib(rt_robin.o)
    0x00005a6c   0x00005a6c   0x00000074   Code   RO         1440    i.rt_dec_dly        RTX_CM0.lib(rt_list.o)
    0x00005ae0   0x00005ae0   0x00000040   Code   RO         1220    i.rt_dispatch       RTX_CM0.lib(rt_task.o)
    0x00005b20   0x00005b20   0x0000000a   Code   RO         1606    i.rt_dly_wait       RTX_CM0.lib(rt_time.o)
    0x00005b2a   0x00005b2a   0x00000002   PAD
    0x00005b2c   0x00005b2c   0x0000001c   Code   RO         1395    i.rt_evt_clr        RTX_CM0.lib(rt_event.o)
    0x00005b48   0x00005b48   0x00000050   Code   RO         1397    i.rt_evt_psh        RTX_CM0.lib(rt_event.o)
    0x00005b98   0x00005b98   0x0000005c   Code   RO         1398    i.rt_evt_set        RTX_CM0.lib(rt_event.o)
    0x00005bf4   0x00005bf4   0x00000040   Code   RO         1399    i.rt_evt_wait       RTX_CM0.lib(rt_event.o)
    0x00005c34   0x00005c34   0x00000026   Code   RO         1672    i.rt_free_box       RTX_CM0.lib(rt_membox.o)
    0x00005c5a   0x00005c5a   0x00000030   Code   RO         1700    i.rt_free_mem       RTX_CM0.lib(rt_memory.o)
    0x00005c8a   0x00005c8a   0x0000002a   Code   RO         1441    i.rt_get_first      RTX_CM0.lib(rt_list.o)
    0x00005cb4   0x00005cb4   0x00000008   Code   RO          651    i.rt_id2obj         RTX_CM0.lib(rt_cmsis.o)
    0x00005cbc   0x00005cbc   0x00000048   Code   RO         1221    i.rt_init_context   RTX_CM0.lib(rt_task.o)
    0x00005d04   0x00005d04   0x0000001c   Code   RO         1701    i.rt_init_mem       RTX_CM0.lib(rt_memory.o)
    0x00005d20   0x00005d20   0x00000018   Code   RO         1748    i.rt_init_robin     RTX_CM0.lib(rt_robin.o)
    0x00005d38   0x00005d38   0x00000078   Code   RO         1723    i.rt_init_stack     RTX_CM0.lib(hal_cm.o)
    0x00005db0   0x00005db0   0x00000008   Code   RO         1518    i.rt_mbx_check      RTX_CM0.lib(rt_mailbox.o)
    0x00005db8   0x00005db8   0x00000024   Code   RO         1519    i.rt_mbx_init       RTX_CM0.lib(rt_mailbox.o)
    0x00005ddc   0x00005ddc   0x000000d0   Code   RO         1520    i.rt_mbx_psh        RTX_CM0.lib(rt_mailbox.o)
    0x00005eac   0x00005eac   0x000000b0   Code   RO         1522    i.rt_mbx_wait       RTX_CM0.lib(rt_mailbox.o)
    0x00005f5c   0x00005f5c   0x00000044   Code   RO          652    i.rt_ms2tick        RTX_CM0.lib(rt_cmsis.o)
    0x00005fa0   0x00005fa0   0x00000010   Code   RO         1640    i.rt_mut_init       RTX_CM0.lib(rt_mutex.o)
    0x00005fb0   0x00005fb0   0x000000d8   Code   RO         1641    i.rt_mut_release    RTX_CM0.lib(rt_mutex.o)
    0x00006088   0x00006088   0x00000080   Code   RO         1642    i.rt_mut_wait       RTX_CM0.lib(rt_mutex.o)
    0x00006108   0x00006108   0x00000070   Code   RO         1308    i.rt_pop_req        RTX_CM0.lib(rt_system.o)
    0x00006178   0x00006178   0x00000020   Code   RO         1309    i.rt_psh_req        RTX_CM0.lib(rt_system.o)
    0x00006198   0x00006198   0x00000040   Code   RO         1443    i.rt_psq_enq        RTX_CM0.lib(rt_list.o)
    0x000061d8   0x000061d8   0x00000050   Code   RO         1444    i.rt_put_dly        RTX_CM0.lib(rt_list.o)
    0x00006228   0x00006228   0x0000003c   Code   RO         1445    i.rt_put_prio       RTX_CM0.lib(rt_list.o)
    0x00006264   0x00006264   0x00000014   Code   RO         1446    i.rt_put_rdy_first  RTX_CM0.lib(rt_list.o)
    0x00006278   0x00006278   0x00000030   Code   RO         1447    i.rt_resort_prio    RTX_CM0.lib(rt_list.o)
    0x000062a8   0x000062a8   0x00000006   Code   RO         1724    i.rt_ret_val        RTX_CM0.lib(hal_cm.o)
    0x000062ae   0x000062ae   0x00000008   Code   RO         1725    i.rt_ret_val2       RTX_CM0.lib(hal_cm.o)
    0x000062b6   0x000062b6   0x0000002a   Code   RO         1448    i.rt_rmv_dly        RTX_CM0.lib(rt_list.o)
    0x000062e0   0x000062e0   0x00000034   Code   RO         1449    i.rt_rmv_list       RTX_CM0.lib(rt_list.o)
    0x00006314   0x00006314   0x00000034   Code   RO         1567    i.rt_sem_psh        RTX_CM0.lib(rt_semaphore.o)
    0x00006348   0x00006348   0x00000028   Code   RO         1311    i.rt_stk_check      RTX_CM0.lib(rt_system.o)
    0x00006370   0x00006370   0x00000010   Code   RO         1222    i.rt_switch_req     RTX_CM0.lib(rt_task.o)
    0x00006380   0x00006380   0x000000c8   Code   RO         1223    i.rt_sys_init       RTX_CM0.lib(rt_task.o)
    0x00006448   0x00006448   0x00000064   Code   RO         1224    i.rt_sys_start      RTX_CM0.lib(rt_task.o)
    0x000064ac   0x000064ac   0x0000003c   Code   RO         1313    i.rt_systick        RTX_CM0.lib(rt_system.o)
    0x000064e8   0x000064e8   0x00000012   Code   RO          653    i.rt_tid2ptcb       RTX_CM0.lib(rt_cmsis.o)
    0x000064fa   0x000064fa   0x00000002   PAD
    0x000064fc   0x000064fc   0x00000038   Code   RO          654    i.rt_timer_insert   RTX_CM0.lib(rt_cmsis.o)
    0x00006534   0x00006534   0x00000044   Code   RO          655    i.rt_timer_remove   RTX_CM0.lib(rt_cmsis.o)
    0x00006578   0x00006578   0x00000078   Code   RO         1225    i.rt_tsk_create     RTX_CM0.lib(rt_task.o)
    0x000065f0   0x000065f0   0x00000158   Code   RO         1226    i.rt_tsk_delete     RTX_CM0.lib(rt_task.o)
    0x00006748   0x00006748   0x00000080   Code   RO         1228    i.rt_tsk_prio       RTX_CM0.lib(rt_task.o)
    0x000067c8   0x000067c8   0x00000010   Code   RO         1229    i.rt_tsk_self       RTX_CM0.lib(rt_task.o)
    0x000067d8   0x000067d8   0x0000001a   Code   RO          146    i.strreplace        thread.o
    0x000067f2   0x000067f2   0x00000012   Code   RO          656    i.svcDelay          RTX_CM0.lib(rt_cmsis.o)
    0x00006804   0x00006804   0x00000078   Code   RO          657    i.svcKernelInitialize  RTX_CM0.lib(rt_cmsis.o)
    0x0000687c   0x0000687c   0x0000004c   Code   RO          659    i.svcKernelStart    RTX_CM0.lib(rt_cmsis.o)
    0x000068c8   0x000068c8   0x0000002a   Code   RO          662    i.svcMessageCreate  RTX_CM0.lib(rt_cmsis.o)
    0x000068f2   0x000068f2   0x0000003c   Code   RO          663    i.svcMessageGet     RTX_CM0.lib(rt_cmsis.o)
    0x0000692e   0x0000692e   0x00000020   Code   RO          665    i.svcMutexCreate    RTX_CM0.lib(rt_cmsis.o)
    0x0000694e   0x0000694e   0x00000024   Code   RO          667    i.svcMutexRelease   RTX_CM0.lib(rt_cmsis.o)
    0x00006972   0x00006972   0x0000003c   Code   RO          668    i.svcMutexWait      RTX_CM0.lib(rt_cmsis.o)
    0x000069ae   0x000069ae   0x00000026   Code   RO          674    i.svcSignalClear    RTX_CM0.lib(rt_cmsis.o)
    0x000069d4   0x000069d4   0x00000026   Code   RO          675    i.svcSignalSet      RTX_CM0.lib(rt_cmsis.o)
    0x000069fa   0x000069fa   0x00000002   PAD
    0x000069fc   0x000069fc   0x0000005c   Code   RO          676    i.svcSignalWait     RTX_CM0.lib(rt_cmsis.o)
    0x00006a58   0x00006a58   0x00000074   Code   RO          677    i.svcThreadCreate   RTX_CM0.lib(rt_cmsis.o)
    0x00006acc   0x00006acc   0x0000001c   Code   RO          678    i.svcThreadGetId    RTX_CM0.lib(rt_cmsis.o)
    0x00006ae8   0x00006ae8   0x0000003c   Code   RO          681    i.svcThreadTerminate  RTX_CM0.lib(rt_cmsis.o)
    0x00006b24   0x00006b24   0x0000001c   Code   RO          683    i.svcTimerCall      RTX_CM0.lib(rt_cmsis.o)
    0x00006b40   0x00006b40   0x00000040   Code   RO          684    i.svcTimerCreate    RTX_CM0.lib(rt_cmsis.o)
    0x00006b80   0x00006b80   0x0000006c   Code   RO          686    i.svcTimerStart     RTX_CM0.lib(rt_cmsis.o)
    0x00006bec   0x00006bec   0x00000058   Code   RO          692    i.sysTimerTick      RTX_CM0.lib(rt_cmsis.o)
    0x00006c44   0x00006c44   0x00000010   Data   RO          127    .constdata          thread.o
    0x00006c54   0x00006c54   0x00000010   Data   RO          190    .constdata          timer.o
    0x00006c64   0x00006c64   0x0000000c   Data   RO          241    .constdata          main.o
    0x00006c70   0x00006c70   0x00000010   Data   RO          357    .constdata          clk.o
    0x00006c80   0x00006c80   0x00000030   Data   RO          398    .constdata          uart.o
    0x00006cb0   0x00006cb0   0x00000068   Data   RO          567    .constdata          rtx_conf_cm.o
    0x00006d18   0x00006d18   0x00000081   Data   RO         2112    .constdata          mc_p.l(ctype_o.o)
    0x00006d99   0x00006d99   0x00000003   PAD
    0x00006d9c   0x00006d9c   0x00000004   Data   RO         2113    .constdata          mc_p.l(ctype_o.o)
    0x00006da0   0x00006da0   0x00000062   Data   RO          128    .conststring        thread.o
    0x00006e02   0x00006e02   0x00000002   PAD
    0x00006e04   0x00006e04   0x000001df   Data   RO          242    .conststring        main.o
    0x00006fe3   0x00006fe3   0x00000001   PAD
    0x00006fe4   0x00006fe4   0x00000020   Data   RO         2143    Region$$Table       anon$$obj.o


    Execution Region ER_RW (Exec base: 0x20000000, Load base: 0x00007004, Size: 0x00000174, Max: 0xffffffff, ABSOLUTE)

    Exec Addr    Load Addr    Size         Type   Attr      Idx    E Section Name        Object

    0x20000000   0x00007004   0x00000008   Data   RW            4    .data               system_nano100series.o
    0x20000008   0x0000700c   0x00000058   Data   RW          129    .data               thread.o
    0x20000060   0x00007064   0x0000001c   Data   RW          191    .data               timer.o
    0x2000007c   0x00007080   0x00000004   PAD
    0x20000080   0x00007084   0x000000b4   Data   RW          243    .data               main.o
    0x20000134   0x00007138   0x00000008   Data   RW          424    .data               retarget.o
    0x2000013c   0x00007140   0x00000010   Data   RW          568    .data               rtx_conf_cm.o
    0x2000014c   0x00007150   0x00000008   Data   RW          695    .data               RTX_CM0.lib(rt_cmsis.o)
    0x20000154   0x00007158   0x00000008   Data   RW         1231    .data               RTX_CM0.lib(rt_task.o)
    0x2000015c   0x00007160   0x00000008   Data   RW         1316    .data               RTX_CM0.lib(rt_system.o)
    0x20000164   0x00007168   0x00000004   Data   RW         1610    .data               RTX_CM0.lib(rt_time.o)
    0x20000168   0x0000716c   0x00000008   Data   RW         1749    .data               RTX_CM0.lib(rt_robin.o)
    0x20000170   0x00007174   0x00000004   Data   RW         2088    .data               mc_p.l(errno.o)


    Execution Region ER_ZI (Exec base: 0x20000174, Load base: 0x00007178, Size: 0x00003b54, Max: 0xffffffff, ABSOLUTE)

    Exec Addr    Load Addr    Size         Type   Attr      Idx    E Section Name        Object

    0x20000174        -       0x0000015e   Zero   RW          126    .bss                thread.o
    0x200002d2   0x00007178   0x00000002   PAD
    0x200002d4        -       0x00000030   Zero   RW          189    .bss                timer.o
    0x20000304        -       0x00001129   Zero   RW          240    .bss                main.o
    0x2000142d   0x00007178   0x00000003   PAD
    0x20001430        -       0x00002330   Zero   RW          566    .bss                rtx_conf_cm.o
    0x20003760        -       0x00000034   Zero   RW         1230    .bss                RTX_CM0.lib(rt_task.o)
    0x20003794        -       0x00000030   Zero   RW         1450    .bss                RTX_CM0.lib(rt_list.o)
    0x200037c4   0x00007178   0x00000004   PAD
    0x200037c8        -       0x00000500   Zero   RW          116    STACK               startup_nano100series.o


==============================================================================

Image component sizes


      Code (inc. data)   RO Data    RW Data    ZI Data      Debug   Object Name

       432         10          0          0          0       2677   adc.o
      1156         58         16          0          0       5297   clk.o
       100          6          0          0          0       1390   gpio.o
       468         10          0          0          0     115803   i2c.o
      8030       1078        491        180       4393      52599   main.o
       456        136          0          8          0      33618   retarget.o
        68          6        104         16       9008       7350   rtx_conf_cm.o
        68         28        192          0       1280        720   startup_nano100series.o
       244         26          0          8          0     117534   system_nano100series.o
      4846       1292        114         88        350      10932   thread.o
       164         38         16         28         48     113194   timer.o
       816         12         48          0          0       5029   uart.o

    ----------------------------------------------------------------------
     16848       2700       1016        332      15084     466143   Object Totals
         0          0         32          0          0          0   (incl. Generated)
         0          0          3          4          5          0   (incl. Padding)

    ----------------------------------------------------------------------

      Code (inc. data)   RO Data    RW Data    ZI Data      Debug   Library Member Name

       134         14          0          0          0       1687   hal_cm.o
       356         40          0          0          0        840   hal_cm0.o
      2114        218          0          8          0      44071   rt_cmsis.o
       300         30          0          0          0       3083   rt_event.o
       524         34          0          0         48       8081   rt_list.o
       516         16          0          0          0       3837   rt_mailbox.o
       140          0          0          0          0       1957   rt_membox.o
       142          0          0          0          0       2315   rt_memory.o
       360         20          0          0          0       2073   rt_mutex.o
        92         22          0          8          0       1126   rt_robin.o
        52          4          0          0          0        553   rt_semaphore.o
       290         54          0          8          0       6039   rt_system.o
      1116        178          0          8         52       9253   rt_task.o
        10          0          0          4          0        672   rt_time.o
         4          4          0          0          0        208   svc_table.o
        30          0          0          0          0         60   _chval.o
       166          0          0          0          0         84   _strtoul.o
        26          0          0          0          0         72   atoi.o
         8          4        133          0          0         60   ctype_o.o
         0          0          0          0          0          0   entry.o
         0          0          0          0          0          0   entry10a.o
         0          0          0          0          0          0   entry11a.o
         8          4          0          0          0          0   entry2.o
         4          0          0          0          0          0   entry5.o
         0          0          0          0          0          0   entry7b.o
         0          0          0          0          0          0   entry8b.o
         8          4          0          4          0         60   errno.o
        30          0          0          0          0          0   handlers.o
        40          0          0          0          0         72   idiv.o
        36          8          0          0          0         68   init.o
         0          0          0          0          0          0   iusefp.o
        32          0          0          0          0         68   llshl.o
        38          0          0          0          0         68   llsshr.o
        34          0          0          0          0         68   llushr.o
        36          0          0          0          0        100   memseta.o
      2302        102          0          0          0        556   printfa.o
        24          0          0          0          0         60   strcat.o
        14          0          0          0          0         60   strlen.o
        40          0          0          0          0         72   strstr.o
       112          4          0          0          0         76   strtol.o
        44          0          0          0          0         72   uidiv.o
        96          0          0          0          0         84   uldiv.o
        40          2          0          0          0         68   cdrcmple.o
        56          0          0          0          0         68   d2f.o
       356          4          0          0          0        140   dadd.o
       240          6          0          0          0         84   ddiv.o
       236          0          0          0          0        216   depilogue.o
        64         10          0          0          0         68   dfixul.o
       208          6          0          0          0         88   dmul.o
        40          0          0          0          0         60   f2d.o
       130          0          0          0          0        144   fepilogue.o
        14          0          0          0          0         68   ffltui.o

    ----------------------------------------------------------------------
     10676        788        136         40        104      88559   Library Totals
        14          0          3          0          4          0   (incl. Padding)

    ----------------------------------------------------------------------

      Code (inc. data)   RO Data    RW Data    ZI Data      Debug   Library Name

      6150        634          0         36        100      85795   RTX_CM0.lib
      3128        126        133          4          0       1760   mc_p.l
      1384         28          0          0          0       1004   mf_p.l

    ----------------------------------------------------------------------
     10676        788        136         40        104      88559   Library Totals

    ----------------------------------------------------------------------

==============================================================================


      Code (inc. data)   RO Data    RW Data    ZI Data      Debug   

     27524       3488       1152        372      15188     547878   Grand Totals
     27524       3488       1152        372      15188     547878   ELF Image Totals
     27524       3488       1152        372          0          0   ROM Totals

==============================================================================

    Total RO  Size (Code + RO Data)                28676 (  28.00kB)
    Total RW  Size (RW Data + ZI Data)             15560 (  15.20kB)
    Total ROM Size (Code + RO Data + RW Data)      29048 (  28.37kB)

==============================================================================

